[2026-06-08T00:22:24.771244+00:00] ACTION: WORKSPACE_CREATE | DETAILS: Created root workspace at /home/arcana-novai/Documents/Xoe-NovAi/omega-engine/data/entities/preexisting
[2026-06-08T00:22:24.771319+00:00] ACTION: DIR_CREATE | DETAILS: Created knowledge directory at /home/arcana-novai/Documents/Xoe-NovAi/omega-engine/data/entities/preexisting/knowledge
[2026-06-08T00:22:24.771341+00:00] ACTION: DIR_CREATE | DETAILS: Created workspace directory at /home/arcana-novai/Documents/Xoe-NovAi/omega-engine/data/entities/preexisting/workspace
[2026-06-08T00:22:24.771860+00:00] ACTION: SOUL_CREATE | DETAILS: Scaffolded initial soul file at /home/arcana-novai/Documents/Xoe-NovAi/omega-engine/data/entities/preexisting/soul.yaml
[2026-06-08T00:22:24.772123+00:00] ACTION: INDEX_CREATE | DETAILS: Scaffolded INDEX.yaml at /home/arcana-novai/Documents/Xoe-NovAi/omega-engine/data/entities/preexisting/knowledge/INDEX.yaml
[2026-06-08T00:24:22.944624+00:00] ACTION: WORKSPACE_CREATE | DETAILS: Created root workspace at /home/arcana-novai/Documents/Xoe-NovAi/omega-engine/data/entities/preexisting
[2026-06-08T00:24:22.944677+00:00] ACTION: DIR_CREATE | DETAILS: Created knowledge directory at /home/arcana-novai/Documents/Xoe-NovAi/omega-engine/data/entities/preexisting/knowledge
[2026-06-08T00:24:22.944697+00:00] ACTION: DIR_CREATE | DETAILS: Created workspace directory at /home/arcana-novai/Documents/Xoe-NovAi/omega-engine/data/entities/preexisting/workspace
[2026-06-08T00:28:36.498094+00:00] ACTION: WORKSPACE_CREATE | DETAILS: Created root workspace at /home/arcana-novai/Documents/Xoe-NovAi/omega-engine/data/entities/preexisting
[2026-06-08T00:28:36.498151+00:00] ACTION: DIR_CREATE | DETAILS: Created knowledge directory at /home/arcana-novai/Documents/Xoe-NovAi/omega-engine/data/entities/preexisting/knowledge
[2026-06-08T00:28:36.498170+00:00] ACTION: DIR_CREATE | DETAILS: Created workspace directory at /home/arcana-novai/Documents/Xoe-NovAi/omega-engine/data/entities/preexisting/workspace
[2026-06-08T16:21:34.187354+00:00] ACTION: WORKSPACE_CREATE | DETAILS: Created root workspace at /home/arcana-novai/Documents/Xoe-NovAi/omega-engine/data/entities/preexisting
[2026-06-08T16:21:34.187643+00:00] ACTION: DIR_CREATE | DETAILS: Created knowledge directory at /home/arcana-novai/Documents/Xoe-NovAi/omega-engine/data/entities/preexisting/knowledge
[2026-06-08T16:21:34.187710+00:00] ACTION: DIR_CREATE | DETAILS: Created workspace directory at /home/arcana-novai/Documents/Xoe-NovAi/omega-engine/data/entities/preexisting/workspace
[2026-06-08T20:10:24.529237+00:00] ACTION: WORKSPACE_CREATE | DETAILS: Created root workspace at /home/arcana-novai/Documents/Xoe-NovAi/omega-engine/data/entities/preexisting
[2026-06-08T20:10:24.529437+00:00] ACTION: DIR_CREATE | DETAILS: Created knowledge directory at /home/arcana-novai/Documents/Xoe-NovAi/omega-engine/data/entities/preexisting/knowledge
[2026-06-08T20:10:24.529473+00:00] ACTION: DIR_CREATE | DETAILS: Created workspace directory at /home/arcana-novai/Documents/Xoe-NovAi/omega-engine/data/entities/preexisting/workspace
[2026-06-08T21:15:09.476347+00:00] ACTION: WORKSPACE_CREATE | DETAILS: Created root workspace at /home/arcana-novai/Documents/Xoe-NovAi/omega-engine/data/entities/preexisting
[2026-06-08T21:15:09.476400+00:00] ACTION: DIR_CREATE | DETAILS: Created knowledge directory at /home/arcana-novai/Documents/Xoe-NovAi/omega-engine/data/entities/preexisting/knowledge
[2026-06-08T21:15:09.476420+00:00] ACTION: DIR_CREATE | DETAILS: Created workspace directory at /home/arcana-novai/Documents/Xoe-NovAi/omega-engine/data/entities/preexisting/workspace
[2026-06-08T21:54:45.465589+00:00] ACTION: WORKSPACE_CREATE | DETAILS: Created root workspace at /home/arcana-novai/Documents/Xoe-NovAi/omega-engine/data/entities/preexisting
[2026-06-08T21:54:45.465649+00:00] ACTION: DIR_CREATE | DETAILS: Created knowledge directory at /home/arcana-novai/Documents/Xoe-NovAi/omega-engine/data/entities/preexisting/knowledge
[2026-06-08T21:54:45.465702+00:00] ACTION: DIR_CREATE | DETAILS: Created workspace directory at /home/arcana-novai/Documents/Xoe-NovAi/omega-engine/data/entities/preexisting/workspace
[2026-06-08T22:03:55.671378+00:00] ACTION: WORKSPACE_CREATE | DETAILS: Created root workspace at /home/arcana-novai/Documents/Xoe-NovAi/omega-engine/data/entities/preexisting
[2026-06-08T22:03:55.671436+00:00] ACTION: DIR_CREATE | DETAILS: Created knowledge directory at /home/arcana-novai/Documents/Xoe-NovAi/omega-engine/data/entities/preexisting/knowledge
[2026-06-08T22:03:55.671455+00:00] ACTION: DIR_CREATE | DETAILS: Created workspace directory at /home/arcana-novai/Documents/Xoe-NovAi/omega-engine/data/entities/preexisting/workspace
[2026-06-08T22:12:24.656411+00:00] ACTION: WORKSPACE_CREATE | DETAILS: Created root workspace at /home/arcana-novai/Documents/Xoe-NovAi/omega-engine/data/entities/preexisting
[2026-06-08T22:12:24.656477+00:00] ACTION: DIR_CREATE | DETAILS: Created knowledge directory at /home/arcana-novai/Documents/Xoe-NovAi/omega-engine/data/entities/preexisting/knowledge
[2026-06-08T22:12:24.656497+00:00] ACTION: DIR_CREATE | DETAILS: Created workspace directory at /home/arcana-novai/Documents/Xoe-NovAi/omega-engine/data/entities/preexisting/workspace
[2026-06-09T03:37:47.478237+00:00] ACTION: WORKSPACE_CREATE | DETAILS: Created root workspace at /home/arcana-novai/Documents/Xoe-NovAi/omega-engine/data/entities/preexisting
[2026-06-09T03:37:47.478547+00:00] ACTION: DIR_CREATE | DETAILS: Created knowledge directory at /home/arcana-novai/Documents/Xoe-NovAi/omega-engine/data/entities/preexisting/knowledge
[2026-06-09T03:37:47.478633+00:00] ACTION: DIR_CREATE | DETAILS: Created workspace directory at /home/arcana-novai/Documents/Xoe-NovAi/omega-engine/data/entities/preexisting/workspace
[2026-06-09T03:56:09.728415+00:00] ACTION: WORKSPACE_CREATE | DETAILS: Created root workspace at /home/arcana-novai/Documents/Xoe-NovAi/omega-engine/data/entities/preexisting
[2026-06-09T03:56:09.728512+00:00] ACTION: DIR_CREATE | DETAILS: Created knowledge directory at /home/arcana-novai/Documents/Xoe-NovAi/omega-engine/data/entities/preexisting/knowledge
[2026-06-09T03:56:09.728536+00:00] ACTION: DIR_CREATE | DETAILS: Created workspace directory at /home/arcana-novai/Documents/Xoe-NovAi/omega-engine/data/entities/preexisting/workspace
[2026-06-09T03:57:52.248214+00:00] ACTION: WORKSPACE_CREATE | DETAILS: Created root workspace at /home/arcana-novai/Documents/Xoe-NovAi/omega-engine/data/entities/preexisting
[2026-06-09T03:57:52.248267+00:00] ACTION: DIR_CREATE | DETAILS: Created knowledge directory at /home/arcana-novai/Documents/Xoe-NovAi/omega-engine/data/entities/preexisting/knowledge
[2026-06-09T03:57:52.248287+00:00] ACTION: DIR_CREATE | DETAILS: Created workspace directory at /home/arcana-novai/Documents/Xoe-NovAi/omega-engine/data/entities/preexisting/workspace
[2026-06-09T04:08:04.013753+00:00] ACTION: WORKSPACE_CREATE | DETAILS: Created root workspace at /home/arcana-novai/Documents/Xoe-NovAi/omega-engine/data/entities/preexisting
[2026-06-09T04:08:04.013815+00:00] ACTION: DIR_CREATE | DETAILS: Created knowledge directory at /home/arcana-novai/Documents/Xoe-NovAi/omega-engine/data/entities/preexisting/knowledge
[2026-06-09T04:08:04.013836+00:00] ACTION: DIR_CREATE | DETAILS: Created workspace directory at /home/arcana-novai/Documents/Xoe-NovAi/omega-engine/data/entities/preexisting/workspace
[2026-06-09T04:23:19.578320+00:00] ACTION: WORKSPACE_CREATE | DETAILS: Created root workspace at /home/arcana-novai/Documents/Xoe-NovAi/omega-engine/data/entities/preexisting
[2026-06-09T04:23:19.578394+00:00] ACTION: DIR_CREATE | DETAILS: Created knowledge directory at /home/arcana-novai/Documents/Xoe-NovAi/omega-engine/data/entities/preexisting/knowledge
[2026-06-09T04:23:19.578418+00:00] ACTION: DIR_CREATE | DETAILS: Created workspace directory at /home/arcana-novai/Documents/Xoe-NovAi/omega-engine/data/entities/preexisting/workspace
[2026-06-09T04:26:00.919007+00:00] ACTION: WORKSPACE_CREATE | DETAILS: Created root workspace at /home/arcana-novai/Documents/Xoe-NovAi/omega-engine/data/entities/preexisting
[2026-06-09T04:26:00.919135+00:00] ACTION: DIR_CREATE | DETAILS: Created knowledge directory at /home/arcana-novai/Documents/Xoe-NovAi/omega-engine/data/entities/preexisting/knowledge
[2026-06-09T04:26:00.919216+00:00] ACTION: DIR_CREATE | DETAILS: Created workspace directory at /home/arcana-novai/Documents/Xoe-NovAi/omega-engine/data/entities/preexisting/workspace
[2026-06-09T04:32:37.924849+00:00] ACTION: WORKSPACE_CREATE | DETAILS: Created root workspace at /home/arcana-novai/Documents/Xoe-NovAi/omega-engine/data/entities/preexisting
[2026-06-09T04:32:37.924981+00:00] ACTION: DIR_CREATE | DETAILS: Created knowledge directory at /home/arcana-novai/Documents/Xoe-NovAi/omega-engine/data/entities/preexisting/knowledge
[2026-06-09T04:32:37.925030+00:00] ACTION: DIR_CREATE | DETAILS: Created workspace directory at /home/arcana-novai/Documents/Xoe-NovAi/omega-engine/data/entities/preexisting/workspace
[2026-06-09T05:30:18.416745+00:00] ACTION: WORKSPACE_CREATE | DETAILS: Created root workspace at /home/arcana-novai/Documents/Xoe-NovAi/omega-engine/data/entities/preexisting
[2026-06-09T05:30:18.416801+00:00] ACTION: DIR_CREATE | DETAILS: Created knowledge directory at /home/arcana-novai/Documents/Xoe-NovAi/omega-engine/data/entities/preexisting/knowledge
[2026-06-09T05:30:18.416820+00:00] ACTION: DIR_CREATE | DETAILS: Created workspace directory at /home/arcana-novai/Documents/Xoe-NovAi/omega-engine/data/entities/preexisting/workspace
[2026-06-09T05:31:21.052456+00:00] ACTION: WORKSPACE_CREATE | DETAILS: Created root workspace at /home/arcana-novai/Documents/Xoe-NovAi/omega-engine/data/entities/preexisting
[2026-06-09T05:31:21.052535+00:00] ACTION: DIR_CREATE | DETAILS: Created knowledge directory at /home/arcana-novai/Documents/Xoe-NovAi/omega-engine/data/entities/preexisting/knowledge
[2026-06-09T05:31:21.052555+00:00] ACTION: DIR_CREATE | DETAILS: Created workspace directory at /home/arcana-novai/Documents/Xoe-NovAi/omega-engine/data/entities/preexisting/workspace
[2026-06-09T05:40:53.161033+00:00] ACTION: WORKSPACE_CREATE | DETAILS: Created root workspace at /home/arcana-novai/Documents/Xoe-NovAi/omega-engine/data/entities/preexisting
[2026-06-09T05:40:53.161095+00:00] ACTION: DIR_CREATE | DETAILS: Created knowledge directory at /home/arcana-novai/Documents/Xoe-NovAi/omega-engine/data/entities/preexisting/knowledge
[2026-06-09T05:40:53.161115+00:00] ACTION: DIR_CREATE | DETAILS: Created workspace directory at /home/arcana-novai/Documents/Xoe-NovAi/omega-engine/data/entities/preexisting/workspace
[2026-06-09T05:42:46.583249+00:00] ACTION: WORKSPACE_CREATE | DETAILS: Created root workspace at /home/arcana-novai/Documents/Xoe-NovAi/omega-engine/data/entities/preexisting
[2026-06-09T05:42:46.583309+00:00] ACTION: DIR_CREATE | DETAILS: Created knowledge directory at /home/arcana-novai/Documents/Xoe-NovAi/omega-engine/data/entities/preexisting/knowledge
[2026-06-09T05:42:46.583328+00:00] ACTION: DIR_CREATE | DETAILS: Created workspace directory at /home/arcana-novai/Documents/Xoe-NovAi/omega-engine/data/entities/preexisting/workspace
[2026-06-09T05:44:43.146813+00:00] ACTION: WORKSPACE_CREATE | DETAILS: Created root workspace at /home/arcana-novai/Documents/Xoe-NovAi/omega-engine/data/entities/preexisting
[2026-06-09T05:44:43.146878+00:00] ACTION: DIR_CREATE | DETAILS: Created knowledge directory at /home/arcana-novai/Documents/Xoe-NovAi/omega-engine/data/entities/preexisting/knowledge
[2026-06-09T05:44:43.146897+00:00] ACTION: DIR_CREATE | DETAILS: Created workspace directory at /home/arcana-novai/Documents/Xoe-NovAi/omega-engine/data/entities/preexisting/workspace
[2026-06-09T05:50:02.506656+00:00] ACTION: WORKSPACE_CREATE | DETAILS: Created root workspace at /home/arcana-novai/Documents/Xoe-NovAi/omega-engine/data/entities/preexisting
[2026-06-09T05:50:02.506774+00:00] ACTION: DIR_CREATE | DETAILS: Created knowledge directory at /home/arcana-novai/Documents/Xoe-NovAi/omega-engine/data/entities/preexisting/knowledge
[2026-06-09T05:50:02.506820+00:00] ACTION: DIR_CREATE | DETAILS: Created workspace directory at /home/arcana-novai/Documents/Xoe-NovAi/omega-engine/data/entities/preexisting/workspace
[2026-06-09T05:54:18.319573+00:00] ACTION: WORKSPACE_CREATE | DETAILS: Created root workspace at /home/arcana-novai/Documents/Xoe-NovAi/omega-engine/data/entities/preexisting
[2026-06-09T05:54:18.319629+00:00] ACTION: DIR_CREATE | DETAILS: Created knowledge directory at /home/arcana-novai/Documents/Xoe-NovAi/omega-engine/data/entities/preexisting/knowledge
[2026-06-09T05:54:18.319650+00:00] ACTION: DIR_CREATE | DETAILS: Created workspace directory at /home/arcana-novai/Documents/Xoe-NovAi/omega-engine/data/entities/preexisting/workspace
[2026-06-09T08:19:33.303909+00:00] ACTION: WORKSPACE_CREATE | DETAILS: Created root workspace at /home/arcana-novai/Documents/Xoe-NovAi/omega-engine/data/entities/preexisting
[2026-06-09T08:19:33.304204+00:00] ACTION: DIR_CREATE | DETAILS: Created knowledge directory at /home/arcana-novai/Documents/Xoe-NovAi/omega-engine/data/entities/preexisting/knowledge
[2026-06-09T08:19:33.304239+00:00] ACTION: DIR_CREATE | DETAILS: Created workspace directory at /home/arcana-novai/Documents/Xoe-NovAi/omega-engine/data/entities/preexisting/workspace
[2026-06-09T15:42:26.906173+00:00] ACTION: WORKSPACE_CREATE | DETAILS: Created root workspace at /home/arcana-novai/Documents/Xoe-NovAi/omega-engine/data/entities/preexisting
[2026-06-09T15:42:26.906473+00:00] ACTION: DIR_CREATE | DETAILS: Created knowledge directory at /home/arcana-novai/Documents/Xoe-NovAi/omega-engine/data/entities/preexisting/knowledge
[2026-06-09T15:42:26.906513+00:00] ACTION: DIR_CREATE | DETAILS: Created workspace directory at /home/arcana-novai/Documents/Xoe-NovAi/omega-engine/data/entities/preexisting/workspace
