[2026-06-01T18:42:45.224117+00:00] ACTION: WORKSPACE_CREATE | DETAILS: Created root workspace at /home/arcana-novai/Documents/Xoe-NovAi/omega-engine/data/entities/direntity
[2026-06-01T18:42:45.224250+00:00] ACTION: DIR_CREATE | DETAILS: Created knowledge directory at /home/arcana-novai/Documents/Xoe-NovAi/omega-engine/data/entities/direntity/knowledge
[2026-06-01T18:42:45.224290+00:00] ACTION: DIR_CREATE | DETAILS: Created workspace directory at /home/arcana-novai/Documents/Xoe-NovAi/omega-engine/data/entities/direntity/workspace
[2026-06-01T18:42:45.225269+00:00] ACTION: SOUL_CREATE | DETAILS: Scaffolded initial soul file at /home/arcana-novai/Documents/Xoe-NovAi/omega-engine/data/entities/direntity/soul.yaml
[2026-06-01T21:25:06.107930+00:00] ACTION: WORKSPACE_CREATE | DETAILS: Created root workspace at /home/arcana-novai/Documents/Xoe-NovAi/omega-engine/data/entities/direntity
[2026-06-01T21:25:06.108116+00:00] ACTION: DIR_CREATE | DETAILS: Created knowledge directory at /home/arcana-novai/Documents/Xoe-NovAi/omega-engine/data/entities/direntity/knowledge
[2026-06-01T21:25:06.108137+00:00] ACTION: DIR_CREATE | DETAILS: Created workspace directory at /home/arcana-novai/Documents/Xoe-NovAi/omega-engine/data/entities/direntity/workspace
[2026-06-01T21:36:50.088104+00:00] ACTION: WORKSPACE_CREATE | DETAILS: Created root workspace at /home/arcana-novai/Documents/Xoe-NovAi/omega-engine/data/entities/direntity
[2026-06-01T21:36:50.088200+00:00] ACTION: DIR_CREATE | DETAILS: Created knowledge directory at /home/arcana-novai/Documents/Xoe-NovAi/omega-engine/data/entities/direntity/knowledge
[2026-06-01T21:36:50.088228+00:00] ACTION: DIR_CREATE | DETAILS: Created workspace directory at /home/arcana-novai/Documents/Xoe-NovAi/omega-engine/data/entities/direntity/workspace
[2026-06-01T21:59:02.428239+00:00] ACTION: WORKSPACE_CREATE | DETAILS: Created root workspace at /home/arcana-novai/Documents/Xoe-NovAi/omega-engine/data/entities/direntity
[2026-06-01T21:59:02.428311+00:00] ACTION: DIR_CREATE | DETAILS: Created knowledge directory at /home/arcana-novai/Documents/Xoe-NovAi/omega-engine/data/entities/direntity/knowledge
[2026-06-01T21:59:02.428339+00:00] ACTION: DIR_CREATE | DETAILS: Created workspace directory at /home/arcana-novai/Documents/Xoe-NovAi/omega-engine/data/entities/direntity/workspace
[2026-06-01T22:37:04.565258+00:00] ACTION: WORKSPACE_CREATE | DETAILS: Created root workspace at /home/arcana-novai/Documents/Xoe-NovAi/omega-engine/data/entities/direntity
[2026-06-01T22:37:04.565347+00:00] ACTION: DIR_CREATE | DETAILS: Created knowledge directory at /home/arcana-novai/Documents/Xoe-NovAi/omega-engine/data/entities/direntity/knowledge
[2026-06-01T22:37:04.565379+00:00] ACTION: DIR_CREATE | DETAILS: Created workspace directory at /home/arcana-novai/Documents/Xoe-NovAi/omega-engine/data/entities/direntity/workspace
[2026-06-01T23:05:05.669968+00:00] ACTION: WORKSPACE_CREATE | DETAILS: Created root workspace at /home/arcana-novai/Documents/Xoe-NovAi/omega-engine/data/entities/direntity
[2026-06-01T23:05:05.670196+00:00] ACTION: DIR_CREATE | DETAILS: Created knowledge directory at /home/arcana-novai/Documents/Xoe-NovAi/omega-engine/data/entities/direntity/knowledge
[2026-06-01T23:05:05.670235+00:00] ACTION: DIR_CREATE | DETAILS: Created workspace directory at /home/arcana-novai/Documents/Xoe-NovAi/omega-engine/data/entities/direntity/workspace
[2026-06-01T23:32:42.233810+00:00] ACTION: WORKSPACE_CREATE | DETAILS: Created root workspace at /home/arcana-novai/Documents/Xoe-NovAi/omega-engine/data/entities/direntity
[2026-06-01T23:32:42.233914+00:00] ACTION: DIR_CREATE | DETAILS: Created knowledge directory at /home/arcana-novai/Documents/Xoe-NovAi/omega-engine/data/entities/direntity/knowledge
[2026-06-01T23:32:42.233941+00:00] ACTION: DIR_CREATE | DETAILS: Created workspace directory at /home/arcana-novai/Documents/Xoe-NovAi/omega-engine/data/entities/direntity/workspace
[2026-06-01T23:39:08.072665+00:00] ACTION: WORKSPACE_CREATE | DETAILS: Created root workspace at /home/arcana-novai/Documents/Xoe-NovAi/omega-engine/data/entities/direntity
[2026-06-01T23:39:08.072795+00:00] ACTION: DIR_CREATE | DETAILS: Created knowledge directory at /home/arcana-novai/Documents/Xoe-NovAi/omega-engine/data/entities/direntity/knowledge
[2026-06-01T23:39:08.072841+00:00] ACTION: DIR_CREATE | DETAILS: Created workspace directory at /home/arcana-novai/Documents/Xoe-NovAi/omega-engine/data/entities/direntity/workspace
[2026-06-01T23:43:06.467472+00:00] ACTION: WORKSPACE_CREATE | DETAILS: Created root workspace at /home/arcana-novai/Documents/Xoe-NovAi/omega-engine/data/entities/direntity
[2026-06-01T23:43:06.467533+00:00] ACTION: DIR_CREATE | DETAILS: Created knowledge directory at /home/arcana-novai/Documents/Xoe-NovAi/omega-engine/data/entities/direntity/knowledge
[2026-06-01T23:43:06.467556+00:00] ACTION: DIR_CREATE | DETAILS: Created workspace directory at /home/arcana-novai/Documents/Xoe-NovAi/omega-engine/data/entities/direntity/workspace
[2026-06-01T23:45:05.569678+00:00] ACTION: WORKSPACE_CREATE | DETAILS: Created root workspace at /home/arcana-novai/Documents/Xoe-NovAi/omega-engine/data/entities/direntity
[2026-06-01T23:45:05.569755+00:00] ACTION: DIR_CREATE | DETAILS: Created knowledge directory at /home/arcana-novai/Documents/Xoe-NovAi/omega-engine/data/entities/direntity/knowledge
[2026-06-01T23:45:05.569782+00:00] ACTION: DIR_CREATE | DETAILS: Created workspace directory at /home/arcana-novai/Documents/Xoe-NovAi/omega-engine/data/entities/direntity/workspace
[2026-06-01T23:46:46.335889+00:00] ACTION: WORKSPACE_CREATE | DETAILS: Created root workspace at /home/arcana-novai/Documents/Xoe-NovAi/omega-engine/data/entities/direntity
[2026-06-01T23:46:46.335945+00:00] ACTION: DIR_CREATE | DETAILS: Created knowledge directory at /home/arcana-novai/Documents/Xoe-NovAi/omega-engine/data/entities/direntity/knowledge
[2026-06-01T23:46:46.335967+00:00] ACTION: DIR_CREATE | DETAILS: Created workspace directory at /home/arcana-novai/Documents/Xoe-NovAi/omega-engine/data/entities/direntity/workspace
[2026-06-01T23:48:21.152739+00:00] ACTION: WORKSPACE_CREATE | DETAILS: Created root workspace at /home/arcana-novai/Documents/Xoe-NovAi/omega-engine/data/entities/direntity
[2026-06-01T23:48:21.152807+00:00] ACTION: DIR_CREATE | DETAILS: Created knowledge directory at /home/arcana-novai/Documents/Xoe-NovAi/omega-engine/data/entities/direntity/knowledge
[2026-06-01T23:48:21.152828+00:00] ACTION: DIR_CREATE | DETAILS: Created workspace directory at /home/arcana-novai/Documents/Xoe-NovAi/omega-engine/data/entities/direntity/workspace
[2026-06-01T23:49:54.846496+00:00] ACTION: WORKSPACE_CREATE | DETAILS: Created root workspace at /home/arcana-novai/Documents/Xoe-NovAi/omega-engine/data/entities/direntity
[2026-06-01T23:49:54.846547+00:00] ACTION: DIR_CREATE | DETAILS: Created knowledge directory at /home/arcana-novai/Documents/Xoe-NovAi/omega-engine/data/entities/direntity/knowledge
[2026-06-01T23:49:54.846567+00:00] ACTION: DIR_CREATE | DETAILS: Created workspace directory at /home/arcana-novai/Documents/Xoe-NovAi/omega-engine/data/entities/direntity/workspace
[2026-06-01T23:51:40.107450+00:00] ACTION: WORKSPACE_CREATE | DETAILS: Created root workspace at /home/arcana-novai/Documents/Xoe-NovAi/omega-engine/data/entities/direntity
[2026-06-01T23:51:40.107509+00:00] ACTION: DIR_CREATE | DETAILS: Created knowledge directory at /home/arcana-novai/Documents/Xoe-NovAi/omega-engine/data/entities/direntity/knowledge
[2026-06-01T23:51:40.107530+00:00] ACTION: DIR_CREATE | DETAILS: Created workspace directory at /home/arcana-novai/Documents/Xoe-NovAi/omega-engine/data/entities/direntity/workspace
[2026-06-01T23:53:14.944049+00:00] ACTION: WORKSPACE_CREATE | DETAILS: Created root workspace at /home/arcana-novai/Documents/Xoe-NovAi/omega-engine/data/entities/direntity
[2026-06-01T23:53:14.944099+00:00] ACTION: DIR_CREATE | DETAILS: Created knowledge directory at /home/arcana-novai/Documents/Xoe-NovAi/omega-engine/data/entities/direntity/knowledge
[2026-06-01T23:53:14.944121+00:00] ACTION: DIR_CREATE | DETAILS: Created workspace directory at /home/arcana-novai/Documents/Xoe-NovAi/omega-engine/data/entities/direntity/workspace
[2026-06-01T23:55:39.953620+00:00] ACTION: WORKSPACE_CREATE | DETAILS: Created root workspace at /home/arcana-novai/Documents/Xoe-NovAi/omega-engine/data/entities/direntity
[2026-06-01T23:55:39.953671+00:00] ACTION: DIR_CREATE | DETAILS: Created knowledge directory at /home/arcana-novai/Documents/Xoe-NovAi/omega-engine/data/entities/direntity/knowledge
[2026-06-01T23:55:39.953692+00:00] ACTION: DIR_CREATE | DETAILS: Created workspace directory at /home/arcana-novai/Documents/Xoe-NovAi/omega-engine/data/entities/direntity/workspace
[2026-06-02T00:07:07.566657+00:00] ACTION: WORKSPACE_CREATE | DETAILS: Created root workspace at /home/arcana-novai/Documents/Xoe-NovAi/omega-engine/data/entities/direntity
[2026-06-02T00:07:07.566709+00:00] ACTION: DIR_CREATE | DETAILS: Created knowledge directory at /home/arcana-novai/Documents/Xoe-NovAi/omega-engine/data/entities/direntity/knowledge
[2026-06-02T00:07:07.566730+00:00] ACTION: DIR_CREATE | DETAILS: Created workspace directory at /home/arcana-novai/Documents/Xoe-NovAi/omega-engine/data/entities/direntity/workspace
[2026-06-02T00:09:34.203047+00:00] ACTION: WORKSPACE_CREATE | DETAILS: Created root workspace at /home/arcana-novai/Documents/Xoe-NovAi/omega-engine/data/entities/direntity
[2026-06-02T00:09:34.203095+00:00] ACTION: DIR_CREATE | DETAILS: Created knowledge directory at /home/arcana-novai/Documents/Xoe-NovAi/omega-engine/data/entities/direntity/knowledge
[2026-06-02T00:09:34.203113+00:00] ACTION: DIR_CREATE | DETAILS: Created workspace directory at /home/arcana-novai/Documents/Xoe-NovAi/omega-engine/data/entities/direntity/workspace
[2026-06-02T00:30:41.785960+00:00] ACTION: WORKSPACE_CREATE | DETAILS: Created root workspace at /home/arcana-novai/Documents/Xoe-NovAi/omega-engine/data/entities/direntity
[2026-06-02T00:30:41.786008+00:00] ACTION: DIR_CREATE | DETAILS: Created knowledge directory at /home/arcana-novai/Documents/Xoe-NovAi/omega-engine/data/entities/direntity/knowledge
[2026-06-02T00:30:41.786027+00:00] ACTION: DIR_CREATE | DETAILS: Created workspace directory at /home/arcana-novai/Documents/Xoe-NovAi/omega-engine/data/entities/direntity/workspace
[2026-06-02T00:36:19.809880+00:00] ACTION: WORKSPACE_CREATE | DETAILS: Created root workspace at /home/arcana-novai/Documents/Xoe-NovAi/omega-engine/data/entities/direntity
[2026-06-02T00:36:19.809976+00:00] ACTION: DIR_CREATE | DETAILS: Created knowledge directory at /home/arcana-novai/Documents/Xoe-NovAi/omega-engine/data/entities/direntity/knowledge
[2026-06-02T00:36:19.810016+00:00] ACTION: DIR_CREATE | DETAILS: Created workspace directory at /home/arcana-novai/Documents/Xoe-NovAi/omega-engine/data/entities/direntity/workspace
[2026-06-02T19:55:52.655233+00:00] ACTION: WORKSPACE_CREATE | DETAILS: Created root workspace at /home/arcana-novai/Documents/Xoe-NovAi/omega-engine/data/entities/direntity
[2026-06-02T19:55:52.655533+00:00] ACTION: DIR_CREATE | DETAILS: Created knowledge directory at /home/arcana-novai/Documents/Xoe-NovAi/omega-engine/data/entities/direntity/knowledge
[2026-06-02T19:55:52.655603+00:00] ACTION: DIR_CREATE | DETAILS: Created workspace directory at /home/arcana-novai/Documents/Xoe-NovAi/omega-engine/data/entities/direntity/workspace
[2026-06-02T20:00:25.130129+00:00] ACTION: WORKSPACE_CREATE | DETAILS: Created root workspace at /home/arcana-novai/Documents/Xoe-NovAi/omega-engine/data/entities/direntity
[2026-06-02T20:00:25.130234+00:00] ACTION: DIR_CREATE | DETAILS: Created knowledge directory at /home/arcana-novai/Documents/Xoe-NovAi/omega-engine/data/entities/direntity/knowledge
[2026-06-02T20:00:25.130275+00:00] ACTION: DIR_CREATE | DETAILS: Created workspace directory at /home/arcana-novai/Documents/Xoe-NovAi/omega-engine/data/entities/direntity/workspace
[2026-06-02T22:09:34.503516+00:00] ACTION: WORKSPACE_CREATE | DETAILS: Created root workspace at /home/arcana-novai/Documents/Xoe-NovAi/omega-engine/data/entities/direntity
[2026-06-02T22:09:34.503726+00:00] ACTION: DIR_CREATE | DETAILS: Created knowledge directory at /home/arcana-novai/Documents/Xoe-NovAi/omega-engine/data/entities/direntity/knowledge
[2026-06-02T22:09:34.503799+00:00] ACTION: DIR_CREATE | DETAILS: Created workspace directory at /home/arcana-novai/Documents/Xoe-NovAi/omega-engine/data/entities/direntity/workspace
[2026-06-02T22:13:21.876808+00:00] ACTION: WORKSPACE_CREATE | DETAILS: Created root workspace at /home/arcana-novai/Documents/Xoe-NovAi/omega-engine/data/entities/direntity
[2026-06-02T22:13:21.876915+00:00] ACTION: DIR_CREATE | DETAILS: Created knowledge directory at /home/arcana-novai/Documents/Xoe-NovAi/omega-engine/data/entities/direntity/knowledge
[2026-06-02T22:13:21.876963+00:00] ACTION: DIR_CREATE | DETAILS: Created workspace directory at /home/arcana-novai/Documents/Xoe-NovAi/omega-engine/data/entities/direntity/workspace
[2026-06-02T22:18:22.761729+00:00] ACTION: WORKSPACE_CREATE | DETAILS: Created root workspace at /home/arcana-novai/Documents/Xoe-NovAi/omega-engine/data/entities/direntity
[2026-06-02T22:18:22.761819+00:00] ACTION: DIR_CREATE | DETAILS: Created knowledge directory at /home/arcana-novai/Documents/Xoe-NovAi/omega-engine/data/entities/direntity/knowledge
[2026-06-02T22:18:22.761857+00:00] ACTION: DIR_CREATE | DETAILS: Created workspace directory at /home/arcana-novai/Documents/Xoe-NovAi/omega-engine/data/entities/direntity/workspace
[2026-06-03T00:00:24.827535+00:00] ACTION: WORKSPACE_CREATE | DETAILS: Created root workspace at /home/arcana-novai/Documents/Xoe-NovAi/omega-engine/data/entities/direntity
[2026-06-03T00:00:24.827738+00:00] ACTION: DIR_CREATE | DETAILS: Created knowledge directory at /home/arcana-novai/Documents/Xoe-NovAi/omega-engine/data/entities/direntity/knowledge
[2026-06-03T00:00:24.827770+00:00] ACTION: DIR_CREATE | DETAILS: Created workspace directory at /home/arcana-novai/Documents/Xoe-NovAi/omega-engine/data/entities/direntity/workspace
[2026-06-03T00:13:24.712900+00:00] ACTION: WORKSPACE_CREATE | DETAILS: Created root workspace at /home/arcana-novai/Documents/Xoe-NovAi/omega-engine/data/entities/direntity
[2026-06-03T00:13:24.712948+00:00] ACTION: DIR_CREATE | DETAILS: Created knowledge directory at /home/arcana-novai/Documents/Xoe-NovAi/omega-engine/data/entities/direntity/knowledge
[2026-06-03T00:13:24.712967+00:00] ACTION: DIR_CREATE | DETAILS: Created workspace directory at /home/arcana-novai/Documents/Xoe-NovAi/omega-engine/data/entities/direntity/workspace
[2026-06-03T00:16:10.082643+00:00] ACTION: WORKSPACE_CREATE | DETAILS: Created root workspace at /home/arcana-novai/Documents/Xoe-NovAi/omega-engine/data/entities/direntity
[2026-06-03T00:16:10.082694+00:00] ACTION: DIR_CREATE | DETAILS: Created knowledge directory at /home/arcana-novai/Documents/Xoe-NovAi/omega-engine/data/entities/direntity/knowledge
[2026-06-03T00:16:10.082712+00:00] ACTION: DIR_CREATE | DETAILS: Created workspace directory at /home/arcana-novai/Documents/Xoe-NovAi/omega-engine/data/entities/direntity/workspace
[2026-06-03T00:20:37.473663+00:00] ACTION: WORKSPACE_CREATE | DETAILS: Created root workspace at /home/arcana-novai/Documents/Xoe-NovAi/omega-engine/data/entities/direntity
[2026-06-03T00:20:37.473727+00:00] ACTION: DIR_CREATE | DETAILS: Created knowledge directory at /home/arcana-novai/Documents/Xoe-NovAi/omega-engine/data/entities/direntity/knowledge
[2026-06-03T00:20:37.473746+00:00] ACTION: DIR_CREATE | DETAILS: Created workspace directory at /home/arcana-novai/Documents/Xoe-NovAi/omega-engine/data/entities/direntity/workspace
[2026-06-03T01:05:55.095610+00:00] ACTION: WORKSPACE_CREATE | DETAILS: Created root workspace at /home/arcana-novai/Documents/Xoe-NovAi/omega-engine/data/entities/direntity
[2026-06-03T01:05:55.095651+00:00] ACTION: DIR_CREATE | DETAILS: Created knowledge directory at /home/arcana-novai/Documents/Xoe-NovAi/omega-engine/data/entities/direntity/knowledge
[2026-06-03T01:05:55.095668+00:00] ACTION: DIR_CREATE | DETAILS: Created workspace directory at /home/arcana-novai/Documents/Xoe-NovAi/omega-engine/data/entities/direntity/workspace
[2026-06-03T01:30:56.890242+00:00] ACTION: WORKSPACE_CREATE | DETAILS: Created root workspace at /home/arcana-novai/Documents/Xoe-NovAi/omega-engine/data/entities/direntity
[2026-06-03T01:30:56.890297+00:00] ACTION: DIR_CREATE | DETAILS: Created knowledge directory at /home/arcana-novai/Documents/Xoe-NovAi/omega-engine/data/entities/direntity/knowledge
[2026-06-03T01:30:56.890315+00:00] ACTION: DIR_CREATE | DETAILS: Created workspace directory at /home/arcana-novai/Documents/Xoe-NovAi/omega-engine/data/entities/direntity/workspace
[2026-06-03T02:01:01.189328+00:00] ACTION: WORKSPACE_CREATE | DETAILS: Created root workspace at /home/arcana-novai/Documents/Xoe-NovAi/omega-engine/data/entities/direntity
[2026-06-03T02:01:01.189378+00:00] ACTION: DIR_CREATE | DETAILS: Created knowledge directory at /home/arcana-novai/Documents/Xoe-NovAi/omega-engine/data/entities/direntity/knowledge
[2026-06-03T02:01:01.189397+00:00] ACTION: DIR_CREATE | DETAILS: Created workspace directory at /home/arcana-novai/Documents/Xoe-NovAi/omega-engine/data/entities/direntity/workspace
[2026-06-03T02:18:49.853107+00:00] ACTION: WORKSPACE_CREATE | DETAILS: Created root workspace at /home/arcana-novai/Documents/Xoe-NovAi/omega-engine/data/entities/direntity
[2026-06-03T02:18:49.853177+00:00] ACTION: DIR_CREATE | DETAILS: Created knowledge directory at /home/arcana-novai/Documents/Xoe-NovAi/omega-engine/data/entities/direntity/knowledge
[2026-06-03T02:18:49.853202+00:00] ACTION: DIR_CREATE | DETAILS: Created workspace directory at /home/arcana-novai/Documents/Xoe-NovAi/omega-engine/data/entities/direntity/workspace
[2026-06-03T02:44:05.353915+00:00] ACTION: WORKSPACE_CREATE | DETAILS: Created root workspace at /home/arcana-novai/Documents/Xoe-NovAi/omega-engine/data/entities/direntity
[2026-06-03T02:44:05.353957+00:00] ACTION: DIR_CREATE | DETAILS: Created knowledge directory at /home/arcana-novai/Documents/Xoe-NovAi/omega-engine/data/entities/direntity/knowledge
[2026-06-03T02:44:05.353974+00:00] ACTION: DIR_CREATE | DETAILS: Created workspace directory at /home/arcana-novai/Documents/Xoe-NovAi/omega-engine/data/entities/direntity/workspace
[2026-06-03T03:16:32.644196+00:00] ACTION: WORKSPACE_CREATE | DETAILS: Created root workspace at /home/arcana-novai/Documents/Xoe-NovAi/omega-engine/data/entities/direntity
[2026-06-03T03:16:32.644361+00:00] ACTION: DIR_CREATE | DETAILS: Created knowledge directory at /home/arcana-novai/Documents/Xoe-NovAi/omega-engine/data/entities/direntity/knowledge
[2026-06-03T03:16:32.644393+00:00] ACTION: DIR_CREATE | DETAILS: Created workspace directory at /home/arcana-novai/Documents/Xoe-NovAi/omega-engine/data/entities/direntity/workspace
[2026-06-03T03:31:08.087392+00:00] ACTION: WORKSPACE_CREATE | DETAILS: Created root workspace at /home/arcana-novai/Documents/Xoe-NovAi/omega-engine/data/entities/direntity
[2026-06-03T03:31:08.087447+00:00] ACTION: DIR_CREATE | DETAILS: Created knowledge directory at /home/arcana-novai/Documents/Xoe-NovAi/omega-engine/data/entities/direntity/knowledge
[2026-06-03T03:31:08.087466+00:00] ACTION: DIR_CREATE | DETAILS: Created workspace directory at /home/arcana-novai/Documents/Xoe-NovAi/omega-engine/data/entities/direntity/workspace
[2026-06-03T03:40:59.545635+00:00] ACTION: WORKSPACE_CREATE | DETAILS: Created root workspace at /home/arcana-novai/Documents/Xoe-NovAi/omega-engine/data/entities/direntity
[2026-06-03T03:40:59.545696+00:00] ACTION: DIR_CREATE | DETAILS: Created knowledge directory at /home/arcana-novai/Documents/Xoe-NovAi/omega-engine/data/entities/direntity/knowledge
[2026-06-03T03:40:59.545715+00:00] ACTION: DIR_CREATE | DETAILS: Created workspace directory at /home/arcana-novai/Documents/Xoe-NovAi/omega-engine/data/entities/direntity/workspace
[2026-06-04T02:41:15.818195+00:00] ACTION: WORKSPACE_CREATE | DETAILS: Created root workspace at /home/arcana-novai/Documents/Xoe-NovAi/omega-engine/data/entities/direntity
[2026-06-04T02:41:15.818489+00:00] ACTION: DIR_CREATE | DETAILS: Created knowledge directory at /home/arcana-novai/Documents/Xoe-NovAi/omega-engine/data/entities/direntity/knowledge
[2026-06-04T02:41:15.818514+00:00] ACTION: DIR_CREATE | DETAILS: Created workspace directory at /home/arcana-novai/Documents/Xoe-NovAi/omega-engine/data/entities/direntity/workspace
[2026-06-04T02:41:15.818961+00:00] ACTION: INDEX_CREATE | DETAILS: Scaffolded INDEX.yaml at /home/arcana-novai/Documents/Xoe-NovAi/omega-engine/data/entities/direntity/knowledge/INDEX.yaml
[2026-06-04T19:19:55.867506+00:00] ACTION: WORKSPACE_CREATE | DETAILS: Created root workspace at /home/arcana-novai/Documents/Xoe-NovAi/omega-engine/data/entities/direntity
[2026-06-04T19:19:55.867827+00:00] ACTION: DIR_CREATE | DETAILS: Created knowledge directory at /home/arcana-novai/Documents/Xoe-NovAi/omega-engine/data/entities/direntity/knowledge
[2026-06-04T19:19:55.867860+00:00] ACTION: DIR_CREATE | DETAILS: Created workspace directory at /home/arcana-novai/Documents/Xoe-NovAi/omega-engine/data/entities/direntity/workspace
[2026-06-04T23:34:25.723977+00:00] ACTION: WORKSPACE_CREATE | DETAILS: Created root workspace at /home/arcana-novai/Documents/Xoe-NovAi/omega-engine/data/entities/direntity
[2026-06-04T23:34:25.724229+00:00] ACTION: DIR_CREATE | DETAILS: Created knowledge directory at /home/arcana-novai/Documents/Xoe-NovAi/omega-engine/data/entities/direntity/knowledge
[2026-06-04T23:34:25.724274+00:00] ACTION: DIR_CREATE | DETAILS: Created workspace directory at /home/arcana-novai/Documents/Xoe-NovAi/omega-engine/data/entities/direntity/workspace
[2026-06-05T02:42:36.685141+00:00] ACTION: WORKSPACE_CREATE | DETAILS: Created root workspace at /home/arcana-novai/Documents/Xoe-NovAi/omega-engine/data/entities/direntity
[2026-06-05T02:42:36.685438+00:00] ACTION: DIR_CREATE | DETAILS: Created knowledge directory at /home/arcana-novai/Documents/Xoe-NovAi/omega-engine/data/entities/direntity/knowledge
[2026-06-05T02:42:36.685504+00:00] ACTION: DIR_CREATE | DETAILS: Created workspace directory at /home/arcana-novai/Documents/Xoe-NovAi/omega-engine/data/entities/direntity/workspace
[2026-06-05T03:15:38.283157+00:00] ACTION: WORKSPACE_CREATE | DETAILS: Created root workspace at /home/arcana-novai/Documents/Xoe-NovAi/omega-engine/data/entities/direntity
[2026-06-05T03:15:38.283227+00:00] ACTION: DIR_CREATE | DETAILS: Created knowledge directory at /home/arcana-novai/Documents/Xoe-NovAi/omega-engine/data/entities/direntity/knowledge
[2026-06-05T03:15:38.283246+00:00] ACTION: DIR_CREATE | DETAILS: Created workspace directory at /home/arcana-novai/Documents/Xoe-NovAi/omega-engine/data/entities/direntity/workspace
[2026-06-05T03:32:40.170538+00:00] ACTION: WORKSPACE_CREATE | DETAILS: Created root workspace at /home/arcana-novai/Documents/Xoe-NovAi/omega-engine/data/entities/direntity
[2026-06-05T03:32:40.170588+00:00] ACTION: DIR_CREATE | DETAILS: Created knowledge directory at /home/arcana-novai/Documents/Xoe-NovAi/omega-engine/data/entities/direntity/knowledge
[2026-06-05T03:32:40.170607+00:00] ACTION: DIR_CREATE | DETAILS: Created workspace directory at /home/arcana-novai/Documents/Xoe-NovAi/omega-engine/data/entities/direntity/workspace
[2026-06-05T04:15:39.615402+00:00] ACTION: WORKSPACE_CREATE | DETAILS: Created root workspace at /home/arcana-novai/Documents/Xoe-NovAi/omega-engine/data/entities/direntity
[2026-06-05T04:15:39.615565+00:00] ACTION: DIR_CREATE | DETAILS: Created knowledge directory at /home/arcana-novai/Documents/Xoe-NovAi/omega-engine/data/entities/direntity/knowledge
[2026-06-05T04:15:39.615598+00:00] ACTION: DIR_CREATE | DETAILS: Created workspace directory at /home/arcana-novai/Documents/Xoe-NovAi/omega-engine/data/entities/direntity/workspace
[2026-06-05T04:19:42.395224+00:00] ACTION: WORKSPACE_CREATE | DETAILS: Created root workspace at /home/arcana-novai/Documents/Xoe-NovAi/omega-engine/data/entities/direntity
[2026-06-05T04:19:42.395530+00:00] ACTION: DIR_CREATE | DETAILS: Created knowledge directory at /home/arcana-novai/Documents/Xoe-NovAi/omega-engine/data/entities/direntity/knowledge
[2026-06-05T04:19:42.395563+00:00] ACTION: DIR_CREATE | DETAILS: Created workspace directory at /home/arcana-novai/Documents/Xoe-NovAi/omega-engine/data/entities/direntity/workspace
[2026-06-05T04:53:31.789240+00:00] ACTION: WORKSPACE_CREATE | DETAILS: Created root workspace at /home/arcana-novai/Documents/Xoe-NovAi/omega-engine/data/entities/direntity
[2026-06-05T04:53:31.789314+00:00] ACTION: DIR_CREATE | DETAILS: Created knowledge directory at /home/arcana-novai/Documents/Xoe-NovAi/omega-engine/data/entities/direntity/knowledge
[2026-06-05T04:53:31.789333+00:00] ACTION: DIR_CREATE | DETAILS: Created workspace directory at /home/arcana-novai/Documents/Xoe-NovAi/omega-engine/data/entities/direntity/workspace
[2026-06-05T04:59:22.906244+00:00] ACTION: WORKSPACE_CREATE | DETAILS: Created root workspace at /home/arcana-novai/Documents/Xoe-NovAi/omega-engine/data/entities/direntity
[2026-06-05T04:59:22.906297+00:00] ACTION: DIR_CREATE | DETAILS: Created knowledge directory at /home/arcana-novai/Documents/Xoe-NovAi/omega-engine/data/entities/direntity/knowledge
[2026-06-05T04:59:22.906316+00:00] ACTION: DIR_CREATE | DETAILS: Created workspace directory at /home/arcana-novai/Documents/Xoe-NovAi/omega-engine/data/entities/direntity/workspace
[2026-06-05T14:17:57.733923+00:00] ACTION: WORKSPACE_CREATE | DETAILS: Created root workspace at /home/arcana-novai/Documents/Xoe-NovAi/omega-engine/data/entities/direntity
[2026-06-05T14:17:57.734197+00:00] ACTION: DIR_CREATE | DETAILS: Created knowledge directory at /home/arcana-novai/Documents/Xoe-NovAi/omega-engine/data/entities/direntity/knowledge
[2026-06-05T14:17:57.734236+00:00] ACTION: DIR_CREATE | DETAILS: Created workspace directory at /home/arcana-novai/Documents/Xoe-NovAi/omega-engine/data/entities/direntity/workspace
[2026-06-05T14:24:00.645141+00:00] ACTION: WORKSPACE_CREATE | DETAILS: Created root workspace at /home/arcana-novai/Documents/Xoe-NovAi/omega-engine/data/entities/direntity
[2026-06-05T14:24:00.645211+00:00] ACTION: DIR_CREATE | DETAILS: Created knowledge directory at /home/arcana-novai/Documents/Xoe-NovAi/omega-engine/data/entities/direntity/knowledge
[2026-06-05T14:24:00.645234+00:00] ACTION: DIR_CREATE | DETAILS: Created workspace directory at /home/arcana-novai/Documents/Xoe-NovAi/omega-engine/data/entities/direntity/workspace
[2026-06-05T15:07:15.143890+00:00] ACTION: WORKSPACE_CREATE | DETAILS: Created root workspace at /home/arcana-novai/Documents/Xoe-NovAi/omega-engine/data/entities/direntity
[2026-06-05T15:07:15.143958+00:00] ACTION: DIR_CREATE | DETAILS: Created knowledge directory at /home/arcana-novai/Documents/Xoe-NovAi/omega-engine/data/entities/direntity/knowledge
[2026-06-05T15:07:15.143980+00:00] ACTION: DIR_CREATE | DETAILS: Created workspace directory at /home/arcana-novai/Documents/Xoe-NovAi/omega-engine/data/entities/direntity/workspace
[2026-06-05T17:00:25.837562+00:00] ACTION: WORKSPACE_CREATE | DETAILS: Created root workspace at /home/arcana-novai/Documents/Xoe-NovAi/omega-engine/data/entities/direntity
[2026-06-05T17:00:25.837856+00:00] ACTION: DIR_CREATE | DETAILS: Created knowledge directory at /home/arcana-novai/Documents/Xoe-NovAi/omega-engine/data/entities/direntity/knowledge
[2026-06-05T17:00:25.837901+00:00] ACTION: DIR_CREATE | DETAILS: Created workspace directory at /home/arcana-novai/Documents/Xoe-NovAi/omega-engine/data/entities/direntity/workspace
