[2026-07-12 23:16:07.602673] Starting refresh...
[2026-07-12 23:16:07.698857] Health fetched
[2026-07-12 23:16:07.700643] Traces fetched
[2026-07-12 23:16:07.702370] ERROR: Velocity calculation failed: no such column: timestamp
[2026-07-12 23:16:09.603734] Starting refresh...
[2026-07-12 23:16:09.606059] Health fetched
[2026-07-12 23:16:09.607488] Traces fetched
[2026-07-12 23:16:09.608838] ERROR: Velocity calculation failed: no such column: timestamp
[2026-07-12 23:16:11.602855] Starting refresh...
[2026-07-12 23:16:11.604058] Health fetched
[2026-07-12 23:16:11.604801] Traces fetched
[2026-07-12 23:16:11.605454] ERROR: Velocity calculation failed: no such column: timestamp
[2026-07-12 23:16:13.604342] Starting refresh...
[2026-07-12 23:16:13.606594] Health fetched
[2026-07-12 23:16:13.607847] Traces fetched
[2026-07-12 23:16:13.608946] ERROR: Velocity calculation failed: no such column: timestamp
[2026-07-12 23:16:15.603567] Starting refresh...
[2026-07-12 23:16:15.605826] Health fetched
[2026-07-12 23:16:15.606644] Traces fetched
[2026-07-12 23:16:15.607292] ERROR: Velocity calculation failed: no such column: timestamp
[2026-07-12 23:17:36.113841] Starting refresh...
[2026-07-12 23:17:36.212183] Health fetched
[2026-07-12 23:17:36.213775] Traces fetched
[2026-07-12 23:17:36.215397] ERROR: Velocity calculation failed: no such column: entity_id
[2026-07-12 23:17:38.115568] Starting refresh...
[2026-07-12 23:17:38.117713] Health fetched
[2026-07-12 23:17:38.119095] Traces fetched
[2026-07-12 23:17:38.120807] ERROR: Velocity calculation failed: no such column: entity_id
[2026-07-12 23:17:40.115590] Starting refresh...
[2026-07-12 23:17:40.117800] Health fetched
[2026-07-12 23:17:40.119312] Traces fetched
[2026-07-12 23:17:40.120766] ERROR: Velocity calculation failed: no such column: entity_id
[2026-07-12 23:17:42.114414] Starting refresh...
[2026-07-12 23:17:42.116094] Health fetched
[2026-07-12 23:17:42.117274] Traces fetched
[2026-07-12 23:17:42.118459] ERROR: Velocity calculation failed: no such column: entity_id
[2026-07-12 23:17:44.115009] Starting refresh...
[2026-07-12 23:17:44.116707] Health fetched
[2026-07-12 23:17:44.117803] Traces fetched
[2026-07-12 23:17:44.118726] ERROR: Velocity calculation failed: no such column: entity_id
[2026-07-12 23:20:00.197202] Starting refresh...
[2026-07-12 23:20:00.301117] Health fetched
[2026-07-12 23:20:00.302666] Traces fetched
[2026-07-12 23:20:00.304260] Velocity fetched
[2026-07-12 23:20:00.305520] ERROR: Performance query failed: no such column: provider_name
[2026-07-12 23:20:02.199938] Starting refresh...
[2026-07-12 23:20:02.201942] Health fetched
[2026-07-12 23:20:02.203500] Traces fetched
[2026-07-12 23:20:02.205013] Velocity fetched
[2026-07-12 23:20:02.206064] ERROR: Performance query failed: no such column: provider_name
[2026-07-12 23:20:04.198513] Starting refresh...
[2026-07-12 23:20:04.200137] Health fetched
[2026-07-12 23:20:04.202094] Traces fetched
[2026-07-12 23:20:04.203603] Velocity fetched
[2026-07-12 23:20:04.204964] ERROR: Performance query failed: no such column: provider_name
[2026-07-12 23:20:06.198512] Starting refresh...
[2026-07-12 23:20:06.200334] Health fetched
[2026-07-12 23:20:06.201671] Traces fetched
[2026-07-12 23:20:06.202827] Velocity fetched
[2026-07-12 23:20:06.203692] ERROR: Performance query failed: no such column: provider_name
[2026-07-12 23:20:08.198502] Starting refresh...
[2026-07-12 23:20:08.200456] Health fetched
[2026-07-12 23:20:08.201412] Traces fetched
[2026-07-12 23:20:08.202400] Velocity fetched
[2026-07-12 23:20:08.203259] ERROR: Performance query failed: no such column: provider_name
[2026-07-12 23:20:52.327438] Starting refresh...
[2026-07-12 23:20:52.435434] Health fetched
[2026-07-12 23:20:52.437570] Traces fetched
[2026-07-12 23:20:52.439363] Velocity fetched
[2026-07-12 23:20:52.441154] ERROR: Performance query failed: no such column: provider_name
[2026-07-12 23:20:54.329444] Starting refresh...
[2026-07-12 23:20:54.331284] Health fetched
[2026-07-12 23:20:54.332294] Traces fetched
[2026-07-12 23:20:54.333497] Velocity fetched
[2026-07-12 23:20:54.334581] ERROR: Performance query failed: no such column: provider_name
[2026-07-12 23:20:56.328891] Starting refresh...
[2026-07-12 23:20:56.330728] Health fetched
[2026-07-12 23:20:56.332119] Traces fetched
[2026-07-12 23:20:56.333435] Velocity fetched
[2026-07-12 23:20:56.334415] ERROR: Performance query failed: no such column: provider_name
[2026-07-12 23:20:58.328514] Starting refresh...
[2026-07-12 23:20:58.330526] Health fetched
[2026-07-12 23:20:58.331923] Traces fetched
[2026-07-12 23:20:58.334556] Velocity fetched
[2026-07-12 23:20:58.335899] ERROR: Performance query failed: no such column: provider_name
[2026-07-12 23:21:00.328384] Starting refresh...
[2026-07-12 23:21:00.330279] Health fetched
[2026-07-12 23:21:00.331415] Traces fetched
[2026-07-12 23:21:00.332557] Velocity fetched
[2026-07-12 23:21:00.333395] ERROR: Performance query failed: no such column: provider_name
[2026-07-12 23:23:57.057193] Starting refresh...
[2026-07-12 23:23:57.157232] Health fetched
[2026-07-12 23:23:57.158908] Traces fetched
[2026-07-12 23:23:57.160587] Velocity fetched
[2026-07-12 23:23:57.162259] Cost fetched
[2026-07-12 23:23:57.163804] Sovereignty fetched
[2026-07-12 23:23:57.165362] Somatic fetched
[2026-07-12 23:23:59.058574] Starting refresh...
[2026-07-12 23:23:59.061106] Health fetched
[2026-07-12 23:23:59.062262] Traces fetched
[2026-07-12 23:23:59.063498] Velocity fetched
[2026-07-12 23:23:59.064891] Cost fetched
[2026-07-12 23:23:59.066200] Sovereignty fetched
[2026-07-12 23:23:59.067539] Somatic fetched
[2026-07-12 23:24:01.059778] Starting refresh...
[2026-07-12 23:24:01.062018] Health fetched
[2026-07-12 23:24:01.062993] Traces fetched
[2026-07-12 23:24:01.063925] Velocity fetched
[2026-07-12 23:24:01.064902] Cost fetched
[2026-07-12 23:24:01.065829] Sovereignty fetched
[2026-07-12 23:24:01.066860] Somatic fetched
[2026-07-12 23:24:03.059038] Starting refresh...
[2026-07-12 23:24:03.060402] Health fetched
[2026-07-12 23:24:03.061488] Traces fetched
[2026-07-12 23:24:03.062360] Velocity fetched
[2026-07-12 23:24:03.063131] Cost fetched
[2026-07-12 23:24:03.063873] Sovereignty fetched
[2026-07-12 23:24:03.064574] Somatic fetched
[2026-07-12 23:24:05.057386] Starting refresh...
[2026-07-12 23:24:05.059049] Health fetched
[2026-07-12 23:24:05.060815] Traces fetched
[2026-07-12 23:24:05.061884] Velocity fetched
[2026-07-12 23:24:05.063267] Cost fetched
[2026-07-12 23:24:05.064499] Sovereignty fetched
[2026-07-12 23:24:05.065896] Somatic fetched
