Core	CPU	Avg_MHz	Busy%	Bzy_MHz	TSC_MHz	IPC	IRQ	NMI	SMI	LLCMRPS	LLC%hit	L2MRPS	L2%hit	POLL%	C1ACPI%	C2ACPI%	C3ACPI%	CPU%c1	CPU%c6	CPU%c7	CoreTmp	CoreThr	PkgTmp	GFX%rc6	GFXMHz	GFXAMHz	Totl%C0	Any%C0	GFX%C0	CPUGFX%	Pkg%pc2	Pkg%pc3	Pkg%pc6	Pkg%pc8	Pk%pc10	CPU%LPI	SYS%LPI	PkgWatt	CorWatt	GFXWatt	RAMWatt	PKG_%	RAM_%	UncMHz	SysWatt
-	-	1291	48.53	2660	2917	0.99	24823	0	0	335	21.31	719	37.63	0.05	3.30	5.30	42.84	16.66	1.30	12.72	62	0	63	91.34	300	300	729.72	100.55	7.71	7.71	0.00	0.00	0.00	0.00	0.00	0.00	0.00	23.86	17.93	0.03	0.00	0.00	0.00	1500	7.09
0	0	867	30.46	2847	2918	1.80	1709	0	0	22	40.21	46	44.08	0.05	5.14	26.64	37.93	68.07	0.37	0.47	57	0	63	91.46	300	300	730.36	100.64	7.72	7.72	0.00	0.00	0.00	0.00	0.00	0.00	0.00	23.89	17.96	0.03	0.00	0.00	0.00	1500
0	1	220	8.67	2540	2918	0.74	1041	0	0	2	57.15	4	49.09	0.01	5.16	11.35	74.92	68.06
4	2	243	9.33	2605	2918	0.67	1118	0	0	3	52.55	5	41.90	0.03	5.50	12.02	73.23	21.60	1.61	23.74	52	0
4	3	1407	51.30	2744	2918	2.21	1874	0	0	53	16.62	116	37.43	0.12	5.00	0.50	43.27	21.60
8	4	1382	50.99	2710	2918	2.08	2070	0	0	53	18.03	109	35.48	0.12	3.85	8.41	36.86	16.10	4.67	25.74	59	0
8	5	300	10.80	2781	2918	0.87	618	0	0	4	41.90	9	55.70	0.01	4.51	4.76	79.97	16.10
12	6	2676	87.23	3068	2918	2.00	2617	0	0	86	19.46	186	36.11	0.16	2.86	1.13	8.72	5.48	0.28	6.35	57	0
12	7	221	7.98	2769	2918	0.68	516	0	0	2	53.03	4	45.03	0.01	4.47	5.01	82.57	5.48
16	8	1140	41.75	2731	2918	1.83	1666	0	0	43	18.32	87	33.41	0.13	3.59	5.10	49.65	10.36	2.48	32.40	62	0
16	9	716	25.98	2758	2918	1.92	1032	0	0	18	24.95	44	44.89	0.05	3.32	2.88	67.86	10.36
20	10	1216	44.21	2750	2918	2.04	1856	0	0	46	19.41	98	37.45	0.09	4.64	3.85	47.38	11.24	3.43	38.47	57	0
20	11	262	9.61	2728	2918	0.94	470	0	0	3	36.56	7	44.92	0.00	3.99	3.10	83.33	11.24
24	12	2503	99.60	2513	2918	0.08	2058	0	0	1	17.94	1	40.76	0.00	0.03	0.03	0.12	0.02	0.12	0.00	60	0
25	13	2499	99.43	2513	2918	0.07	2029	0	0	1	16.13	1	33.60	0.00	0.23	0.11	0.00	0.34	0.00	0.00	61	0
26	14	2498	99.41	2513	2918	0.07	2047	0	0	1	22.24	1	36.23	0.00	0.24	0.01	0.12	0.36	0.00	0.00	60	0
27	15	2501	99.53	2513	2918	0.07	2102	0	0	0	21.04	1	32.95	0.00	0.25	0.00	0.00	0.24	0.00	0.00	61	0
Core	CPU	Avg_MHz	Busy%	Bzy_MHz	TSC_MHz	IPC	IRQ	NMI	SMI	LLCMRPS	LLC%hit	L2MRPS	L2%hit	POLL%	C1ACPI%	C2ACPI%	C3ACPI%	CPU%c1	CPU%c6	CPU%c7	CoreTmp	CoreThr	PkgTmp	GFX%rc6	GFXMHz	GFXAMHz	Totl%C0	Any%C0	GFX%C0	CPUGFX%	Pkg%pc2	Pkg%pc3	Pkg%pc6	Pkg%pc8	Pk%pc10	CPU%LPI	SYS%LPI	PkgWatt	CorWatt	GFXWatt	RAMWatt	PKG_%	RAM_%	UncMHz	SysWatt
-	-	1282	51.65	2482	2920	1.13	27603	1	0	536	15.12	1049	31.77	0.09	3.28	5.43	39.69	16.54	1.26	5.27	65	0	65	92.22	300	300	809.06	100.70	6.98	6.98	0.00	0.00	0.00	0.00	0.00	0.00	0.00	25.23	18.35	0.03	0.00	0.00	0.00	2100	7.46
0	0	245	11.83	2070	2918	1.53	1919	0	0	7	20.69	15	42.76	0.04	5.73	40.97	41.73	85.95	0.10	0.24	59	0	65	92.12	300	300	808.55	100.63	6.97	6.97	0.00	0.00	0.00	0.00	0.00	0.00	0.00	25.21	18.33	0.03	0.00	0.00	0.00	2100
0	1	87	4.10	2119	2918	1.21	858	0	0	2	29.70	4	48.06	0.01	5.29	9.35	81.36	85.95
4	2	2103	77.45	2716	2918	2.04	2944	0	0	103	13.57	200	31.17	0.25	5.98	3.69	13.07	12.60	1.62	7.77	57	0
4	3	97	3.66	2641	2918	0.99	300	0	0	2	47.71	4	45.80	0.00	3.11	2.26	91.01	12.60
8	4	2604	95.13	2738	2918	2.05	3902	0	0	128	14.09	250	31.13	0.31	4.98	0.02	0.01	4.23	0.00	0.00	62	0
8	5	163	6.18	2642	2918	0.65	541	0	0	3	44.78	7	58.66	0.02	4.11	5.52	84.22	4.23
12	6	220	7.82	2811	2918	1.10	506	0	0	5	25.02	12	35.72	0.06	4.55	3.26	84.40	3.23	0.00	0.00	59	0
12	7	2636	96.17	2740	2918	2.04	3197	1	0	129	15.46	250	30.95	0.35	3.37	0.08	0.40	3.23
16	8	1702	62.48	2725	2918	2.03	2177	0	0	83	13.70	161	30.94	0.20	5.25	1.65	30.75	6.55	0.52	7.99	65	0
16	9	678	25.08	2702	2918	1.94	1132	0	0	31	15.32	60	31.83	0.08	3.69	2.18	69.12	6.55
20	10	709	26.41	2683	2918	1.94	1367	0	0	33	16.11	66	31.46	0.08	3.92	8.91	60.93	19.72	10.32	36.74	56	0
20	11	283	11.16	2536	2918	1.22	693	0	0	7	24.50	14	41.23	0.00	2.40	8.89	77.64	19.72
24	12	2247	99.77	2252	2918	0.07	2016	0	0	0	10.56	1	26.02	0.00	0.00	0.00	0.00	0.00	0.00	0.00	61	0
25	13	2247	99.77	2252	2918	0.07	2016	0	0	0	8.17	1	25.95	0.00	0.00	0.00	0.00	0.00	0.00	0.00	62	0
26	14	2247	99.77	2252	2918	0.07	2016	0	0	0	15.07	1	28.38	0.00	0.00	0.00	0.00	0.00	0.00	0.00	62	0
27	15	2247	99.77	2252	2918	0.07	2019	0	0	0	11.87	1	27.92	0.00	0.00	0.00	0.00	0.00	0.00	0.00	62	0
Core	CPU	Avg_MHz	Busy%	Bzy_MHz	TSC_MHz	IPC	IRQ	NMI	SMI	LLCMRPS	LLC%hit	L2MRPS	L2%hit	POLL%	C1ACPI%	C2ACPI%	C3ACPI%	CPU%c1	CPU%c6	CPU%c7	CoreTmp	CoreThr	PkgTmp	GFX%rc6	GFXMHz	GFXAMHz	Totl%C0	Any%C0	GFX%C0	CPUGFX%	Pkg%pc2	Pkg%pc3	Pkg%pc6	Pkg%pc8	Pk%pc10	CPU%LPI	SYS%LPI	PkgWatt	CorWatt	GFXWatt	RAMWatt	PKG_%	RAM_%	UncMHz	SysWatt
-	-	1313	52.13	2520	2918	1.18	27359	1	0	516	16.47	1023	33.42	0.08	3.57	5.20	39.11	5.20	3.34	10.79	66	0	66	92.53	300	100	821.09	100.62	6.49	6.49	0.00	0.00	0.00	0.00	0.00	0.00	0.00	26.05	19.23	0.03	0.00	0.00	0.00	2100	7.67
0	0	958	36.83	2600	2918	2.30	1916	0	0	38	20.50	79	36.67	0.09	5.20	18.28	40.01	11.15	11.76	21.50	64	0	66	92.56	300	100	821.18	100.63	6.49	6.49	0.00	0.00	0.00	0.00	0.00	0.00	0.00	26.06	19.24	0.03	0.00	0.00	0.00	2100
0	1	508	19.01	2673	2918	1.87	1358	0	0	23	17.34	44	31.36	0.05	5.25	9.11	66.79	11.15
4	2	785	29.50	2663	2918	1.81	1745	0	0	35	17.74	68	32.36	0.12	6.69	15.44	48.60	5.56	12.74	37.08	54	0
4	3	559	21.27	2627	2918	1.40	985	0	0	15	25.69	31	44.45	0.00	1.90	5.38	71.48	5.56
8	4	764	27.62	2765	2918	2.33	1175	0	0	29	20.69	61	37.39	0.07	5.43	4.14	62.84	4.98	1.21	2.42	62	0
8	5	1868	67.38	2773	2918	2.00	2925	1	0	88	13.59	170	31.74	0.20	5.38	3.03	24.35	4.98
12	6	651	23.69	2749	2918	1.83	1223	0	0	28	15.28	56	33.53	0.07	5.14	3.76	67.47	4.59	0.24	3.47	59	0
12	7	1991	71.49	2784	2918	2.19	2134	0	0	89	16.67	176	33.29	0.29	3.25	2.09	23.17	4.59
16	8	1666	60.49	2754	2918	2.00	2065	0	0	80	14.17	154	30.95	0.20	4.70	3.00	31.96	6.49	2.36	24.56	66	0
16	9	187	7.11	2635	2918	1.65	483	0	0	8	20.27	15	33.22	0.02	3.82	1.93	87.19	6.49
20	10	1790	64.84	2761	2918	2.18	2621	0	0	78	15.29	157	33.75	0.19	4.84	4.37	26.09	8.82	5.13	18.92	58	0
20	11	144	5.71	2517	2918	0.94	667	0	0	3	37.74	6	40.96	0.00	5.61	12.73	76.04	8.82
24	12	2287	99.77	2292	2918	0.08	2013	0	0	1	8.22	2	21.40	0.00	0.00	0.00	0.00	0.00	0.00	0.00	63	0
25	13	2287	99.77	2292	2918	0.08	2016	0	0	1	5.73	2	19.87	0.00	0.00	0.00	0.00	0.00	0.00	0.00	62	0
26	14	2287	99.77	2292	2918	0.08	2013	0	0	1	10.07	2	23.80	0.00	0.00	0.00	0.00	0.00	0.00	0.00	62	0
27	15	2286	99.77	2292	2918	0.08	2020	0	0	1	7.65	2	21.48	0.00	0.00	0.00	0.00	0.00	0.00	0.00	63	0
Core	CPU	Avg_MHz	Busy%	Bzy_MHz	TSC_MHz	IPC	IRQ	NMI	SMI	LLCMRPS	LLC%hit	L2MRPS	L2%hit	POLL%	C1ACPI%	C2ACPI%	C3ACPI%	CPU%c1	CPU%c6	CPU%c7	CoreTmp	CoreThr	PkgTmp	GFX%rc6	GFXMHz	GFXAMHz	Totl%C0	Any%C0	GFX%C0	CPUGFX%	Pkg%pc2	Pkg%pc3	Pkg%pc6	Pkg%pc8	Pk%pc10	CPU%LPI	SYS%LPI	PkgWatt	CorWatt	GFXWatt	RAMWatt	PKG_%	RAM_%	UncMHz	SysWatt
-	-	1329	51.76	2567	2919	1.09	27865	3	0	540	16.03	1064	31.79	0.10	3.04	4.45	40.80	4.00	3.69	13.17	64	0	65	92.52	300	300	803.02	100.65	6.56	6.56	0.00	0.00	0.00	0.00	0.00	0.00	0.00	26.01	19.06	0.03	0.00	0.00	0.00	2100	7.65
0	0	1056	40.51	2608	2918	1.94	1941	0	0	50	17.44	97	31.37	0.12	3.59	17.11	39.20	4.94	18.26	31.46	60	0	65	92.48	300	300	802.94	100.64	6.56	6.56	0.00	0.00	0.00	0.00	0.00	0.00	0.00	26.00	19.05	0.03	0.00	0.00	0.00	2100
0	1	92	4.20	2182	2918	0.89	960	0	0	2	69.88	4	39.63	0.03	4.10	13.25	78.59	4.94
4	2	739	27.63	2675	2918	1.87	1422	0	0	34	19.22	66	32.13	0.10	3.96	13.63	54.97	5.37	13.12	40.01	61	0
4	3	466	17.41	2679	2918	1.53	700	0	0	13	19.71	27	41.71	0.00	2.21	3.45	76.97	5.37
8	4	1039	36.05	2882	2918	1.74	1723	0	0	43	17.29	88	32.35	0.13	4.54	2.15	57.32	3.56	0.79	10.16	63	0
8	5	1922	67.44	2851	2918	1.91	2839	0	0	88	15.97	174	31.53	0.36	3.46	0.35	28.78	3.56
12	6	1565	56.07	2790	2918	1.90	2371	0	0	70	14.27	138	32.09	0.16	3.84	3.37	36.84	5.97	2.94	33.43	62	0
12	7	76	3.23	2347	2918	0.66	400	0	0	2	52.64	4	39.48	0.00	3.34	3.30	90.19	5.97
16	8	644	23.19	2776	2918	1.88	990	0	0	29	16.13	57	31.53	0.10	3.48	4.60	68.77	6.25	1.60	14.07	63	0
16	9	1693	59.65	2838	2918	1.99	2590	0	0	80	14.37	159	31.03	0.22	5.87	2.50	32.11	6.25
20	10	2318	82.25	2818	2918	2.01	3068	1	0	111	13.82	218	30.99	0.30	5.73	0.39	11.77	5.93	0.22	2.60	60	0
20	11	328	11.51	2846	2918	1.75	798	0	0	14	18.08	28	31.14	0.03	4.44	7.10	77.01	5.93
24	12	2330	99.77	2336	2918	0.07	2018	1	0	0	11.67	1	26.09	0.00	0.00	0.00	0.00	0.00	0.00	0.00	64	0
25	13	2330	99.77	2336	2918	0.07	2016	1	0	0	7.45	1	25.03	0.00	0.00	0.00	0.00	0.00	0.00	0.00	62	0
26	14	2330	99.77	2336	2918	0.07	2014	0	0	0	14.39	1	27.96	0.00	0.00	0.00	0.00	0.00	0.00	0.00	63	0
27	15	2331	99.77	2336	2918	0.07	2015	0	0	0	10.42	1	25.80	0.00	0.00	0.00	0.00	0.00	0.00	0.00	64	0
Core	CPU	Avg_MHz	Busy%	Bzy_MHz	TSC_MHz	IPC	IRQ	NMI	SMI	LLCMRPS	LLC%hit	L2MRPS	L2%hit	POLL%	C1ACPI%	C2ACPI%	C3ACPI%	CPU%c1	CPU%c6	CPU%c7	CoreTmp	CoreThr	PkgTmp	GFX%rc6	GFXMHz	GFXAMHz	Totl%C0	Any%C0	GFX%C0	CPUGFX%	Pkg%pc2	Pkg%pc3	Pkg%pc6	Pkg%pc8	Pk%pc10	CPU%LPI	SYS%LPI	PkgWatt	CorWatt	GFXWatt	RAMWatt	PKG_%	RAM_%	UncMHz	SysWatt
-	-	1308	51.37	2545	2918	1.17	26323	2	0	511	16.63	1028	33.13	0.08	3.01	4.80	40.84	5.23	3.63	11.89	68	0	68	92.32	300	300	807.59	100.64	6.72	6.72	0.00	0.00	0.00	0.00	0.00	0.00	0.00	25.98	19.17	0.03	0.00	0.00	0.00	2200	7.63
0	0	1340	50.35	2662	2918	2.09	2145	0	0	58	17.66	116	33.65	0.12	5.20	19.46	25.31	8.10	17.26	15.95	68	0	68	92.33	300	300	807.57	100.63	6.72	6.72	0.00	0.00	0.00	0.00	0.00	0.00	0.00	25.98	19.18	0.03	0.00	0.00	0.00	2200
0	1	248	9.57	2596	2918	1.55	1149	0	0	10	27.05	19	36.34	0.01	3.83	12.19	74.55	8.10
4	2	1377	49.88	2761	2918	2.21	1824	1	0	58	16.70	119	34.43	0.14	4.49	7.46	38.34	6.67	10.18	29.33	56	0
4	3	239	8.74	2737	2918	1.57	686	0	0	9	22.31	19	31.63	0.03	3.67	9.18	78.52	6.67
8	4	347	12.49	2776	2918	1.52	929	0	0	13	20.58	26	34.53	0.04	3.91	8.92	74.75	3.96	2.28	15.63	64	0
8	5	1994	71.21	2799	2918	2.18	2517	0	0	88	17.33	177	33.61	0.27	2.54	2.04	24.21	3.96
12	6	1362	48.52	2807	2918	2.23	2051	0	0	57	16.28	118	34.85	0.14	5.30	2.22	44.02	7.98	0.16	5.39	60	0
12	7	1128	40.56	2782	2918	1.96	1409	0	0	54	14.22	104	31.28	0.13	4.47	1.67	53.40	7.98
16	8	1187	43.12	2753	2918	1.89	1803	0	0	54	15.27	106	31.57	0.15	4.62	4.77	47.62	7.98	3.00	26.40	67	0
16	9	680	24.12	2821	2918	1.93	1028	0	0	31	16.39	61	31.49	0.11	2.48	2.20	71.23	7.98
20	10	1725	62.27	2770	2918	2.07	2385	0	0	78	14.88	154	32.46	0.19	4.83	3.17	29.88	7.17	3.38	26.16	61	0
20	11	50	2.04	2445	2918	0.87	340	0	0	1	50.78	2	39.82	0.00	2.89	3.49	91.62	7.17
24	12	2311	99.77	2316	2918	0.07	2015	0	0	0	12.92	1	27.03	0.00	0.00	0.00	0.00	0.00	0.00	0.00	66	0
25	13	2311	99.77	2316	2918	0.07	2013	0	0	0	8.46	1	26.13	0.00	0.00	0.00	0.00	0.00	0.00	0.00	66	0
26	14	2311	99.77	2316	2918	0.07	2013	0	0	0	15.19	1	28.80	0.00	0.00	0.00	0.00	0.00	0.00	0.00	64	0
27	15	2311	99.77	2316	2918	0.07	2016	1	0	0	11.51	1	28.52	0.00	0.00	0.00	0.00	0.00	0.00	0.00	64	0
Core	CPU	Avg_MHz	Busy%	Bzy_MHz	TSC_MHz	IPC	IRQ	NMI	SMI	LLCMRPS	LLC%hit	L2MRPS	L2%hit	POLL%	C1ACPI%	C2ACPI%	C3ACPI%	CPU%c1	CPU%c6	CPU%c7	CoreTmp	CoreThr	PkgTmp	GFX%rc6	GFXMHz	GFXAMHz	Totl%C0	Any%C0	GFX%C0	CPUGFX%	Pkg%pc2	Pkg%pc3	Pkg%pc6	Pkg%pc8	Pk%pc10	CPU%LPI	SYS%LPI	PkgWatt	CorWatt	GFXWatt	RAMWatt	PKG_%	RAM_%	UncMHz	SysWatt
-	-	1329	52.21	2545	2918	1.10	27997	3	0	542	16.08	1064	31.93	0.10	3.75	5.43	38.63	5.45	3.94	11.09	65	0	66	92.48	300	300	809.86	100.61	6.58	6.58	0.00	0.00	0.00	0.00	0.00	0.00	0.00	26.05	19.02	0.03	0.00	0.00	0.00	2000	7.70
0	0	787	30.71	2564	2918	1.81	1758	0	0	36	20.84	68	31.69	0.11	5.99	25.68	38.00	10.02	18.81	23.98	60	0	66	92.52	300	300	810.07	100.63	6.58	6.58	0.00	0.00	0.00	0.00	0.00	0.00	0.00	26.07	19.03	0.03	0.00	0.00	0.00	2000
0	1	498	18.74	2659	2918	1.59	1383	0	0	18	21.52	36	36.70	0.06	4.37	13.13	63.91	10.02
4	2	618	23.34	2650	2918	1.86	1211	0	0	28	18.71	54	31.68	0.07	4.99	11.80	60.02	6.81	8.80	25.45	62	0
4	3	1027	37.53	2737	2918	1.96	1736	0	0	48	14.77	94	31.62	0.14	4.62	5.73	52.27	6.81
8	4	1337	47.52	2813	2918	1.96	2134	1	0	63	15.49	124	31.40	0.17	6.08	3.79	42.70	5.88	1.92	9.87	64	0
8	5	1201	43.02	2792	2918	1.89	1679	0	0	53	15.11	105	32.31	0.10	3.05	1.97	52.02	5.88
12	6	908	31.84	2851	2918	1.75	1525	0	0	38	16.15	76	32.16	0.14	6.91	2.00	59.31	4.80	0.01	0.00	64	0
12	7	2146	76.37	2810	2918	1.94	2638	0	0	100	14.41	196	31.15	0.29	5.36	0.99	17.39	4.80
16	8	1020	37.36	2731	2918	1.84	1498	0	0	43	17.05	85	33.53	0.13	4.74	7.36	50.66	9.74	8.40	40.90	65	0
16	9	121	4.95	2436	2918	1.30	472	0	0	4	35.55	8	39.18	0.01	5.06	5.64	84.46	9.74
20	10	1216	43.60	2789	2918	1.95	1743	0	0	57	15.16	110	31.38	0.17	5.08	3.11	48.29	6.37	1.48	10.74	64	0
20	11	1139	41.30	2759	2918	1.91	1996	1	0	52	14.89	101	31.82	0.15	3.81	5.71	49.27	6.37
24	12	2311	99.77	2316	2918	0.08	2018	0	0	1	8.81	2	22.69	0.00	0.00	0.00	0.00	0.00	0.00	0.00	64	0
25	13	2311	99.77	2316	2918	0.08	2035	0	0	1	5.66	2	19.76	0.00	0.00	0.00	0.00	0.00	0.00	0.00	63	0
26	14	2311	99.77	2316	2918	0.08	2018	1	0	1	9.60	2	23.09	0.00	0.00	0.00	0.00	0.00	0.00	0.00	64	0
27	15	2311	99.77	2316	2918	0.08	2153	0	0	1	7.41	2	20.48	0.00	0.00	0.00	0.00	0.00	0.00	0.00	63	0
Core	CPU	Avg_MHz	Busy%	Bzy_MHz	TSC_MHz	IPC	IRQ	NMI	SMI	LLCMRPS	LLC%hit	L2MRPS	L2%hit	POLL%	C1ACPI%	C2ACPI%	C3ACPI%	CPU%c1	CPU%c6	CPU%c7	CoreTmp	CoreThr	PkgTmp	GFX%rc6	GFXMHz	GFXAMHz	Totl%C0	Any%C0	GFX%C0	CPUGFX%	Pkg%pc2	Pkg%pc3	Pkg%pc6	Pkg%pc8	Pk%pc10	CPU%LPI	SYS%LPI	PkgWatt	CorWatt	GFXWatt	RAMWatt	PKG_%	RAM_%	UncMHz	SysWatt
-	-	953	30.51	3122	2919	0.33	14103	0	0	102	28.92	194	33.59	0.01	1.10	5.50	62.92	12.80	4.25	36.48	67	0	66	92.27	300	300	492.22	100.66	6.79	6.79	0.00	0.00	0.00	0.00	0.00	0.00	0.00	16.81	12.59	0.03	0.00	0.00	0.00	3600	5.16
0	0	191	9.91	1922	2918	1.66	1072	0	0	9	32.02	16	34.24	0.02	3.05	26.03	61.36	59.51	7.83	19.31	57	0	66	92.23	300	300	492.07	100.63	6.79	6.79	0.00	0.00	0.00	0.00	0.00	0.00	0.00	16.80	12.58	0.03	0.00	0.00	0.00	3600
0	1	97	3.45	2798	2918	0.90	685	0	0	2	57.65	5	62.29	0.00	2.16	8.12	86.38	59.51
4	2	51	2.49	2049	2918	0.48	457	0	0	1	73.70	2	28.19	0.00	1.37	12.17	84.13	13.17	10.35	60.57	55	0
4	3	340	12.73	2675	2918	1.95	571	0	0	17	16.87	31	30.87	0.05	1.43	2.41	83.53	13.17
8	4	103	3.61	2856	2918	1.22	300	0	0	3	62.36	5	41.55	0.00	1.67	5.26	89.55	8.21	5.94	65.52	56	0
8	5	510	16.99	3003	2918	2.05	656	0	0	23	32.47	42	31.43	0.04	0.37	5.09	77.60	8.21
12	6	387	10.80	3585	2918	1.61	484	0	0	13	35.10	26	36.61	0.00	1.40	3.68	84.18	3.66	3.72	69.51	56	0
12	7	364	12.95	2809	2918	1.94	511	0	0	17	15.65	32	31.35	0.05	1.94	1.25	83.90	3.66
16	8	113	4.40	2576	2918	1.38	309	0	0	3	42.32	6	44.47	0.02	1.15	5.27	89.28	5.10	6.33	81.72	61	0
16	9	33	1.55	2105	2918	0.67	178	0	0	1	77.05	2	35.11	0.00	0.76	3.38	94.37	5.10
20	10	35	1.75	1973	2918	0.80	262	0	0	1	75.10	2	30.27	0.00	1.13	6.18	91.03	12.75	8.31	68.13	57	0
20	11	229	8.55	2682	2918	1.76	563	0	0	10	18.07	20	30.62	0.04	1.23	9.14	81.17	12.75
24	12	3196	99.77	3204	2918	0.07	2015	0	0	0	15.26	1	28.29	0.00	0.00	0.00	0.00	0.00	0.00	0.00	66	0
25	13	3197	99.77	3205	2918	0.07	2013	0	0	1	10.82	1	27.17	0.00	0.00	0.00	0.00	0.00	0.00	0.00	67	0
26	14	3198	99.77	3205	2918	0.07	2013	0	0	0	15.97	1	29.77	0.00	0.00	0.00	0.00	0.00	0.00	0.00	66	0
27	15	3198	99.77	3206	2918	0.07	2014	0	0	0	13.45	1	28.19	0.00	0.00	0.00	0.00	0.00	0.00	0.00	66	0
Core	CPU	Avg_MHz	Busy%	Bzy_MHz	TSC_MHz	IPC	IRQ	NMI	SMI	LLCMRPS	LLC%hit	L2MRPS	L2%hit	POLL%	C1ACPI%	C2ACPI%	C3ACPI%	CPU%c1	CPU%c6	CPU%c7	CoreTmp	CoreThr	PkgTmp	GFX%rc6	GFXMHz	GFXAMHz	Totl%C0	Any%C0	GFX%C0	CPUGFX%	Pkg%pc2	Pkg%pc3	Pkg%pc6	Pkg%pc8	Pk%pc10	CPU%LPI	SYS%LPI	PkgWatt	CorWatt	GFXWatt	RAMWatt	PKG_%	RAM_%	UncMHz	SysWatt
-	-	905	27.43	3298	2918	0.15	12299	0	0	37	53.48	68	35.53	0.00	0.56	5.91	66.12	7.74	6.60	42.66	66	0	66	92.22	300	300	445.21	100.63	6.78	6.78	0.00	0.00	0.00	0.00	0.00	0.00	0.00	15.32	11.50	0.03	0.00	0.00	0.00	3600	4.74
0	0	50	5.24	963	2918	0.83	930	0	0	3	92.84	4	29.40	0.02	1.18	32.12	61.89	37.01	20.48	30.56	57	0	66	92.24	300	300	445.24	100.64	6.78	6.78	0.00	0.00	0.00	0.00	0.00	0.00	0.00	15.32	11.51	0.03	0.00	0.00	0.00	3600
0	1	130	4.17	3116	2918	1.01	523	0	0	3	50.83	7	53.24	0.00	1.31	5.65	88.98	37.01
4	2	54	2.31	2324	2918	0.38	459	0	0	1	74.47	2	28.80	0.00	0.45	11.18	86.20	6.68	8.84	80.61	55	0
4	3	21	1.06	2026	2918	0.90	96	0	0	1	84.74	1	32.01	0.00	0.59	0.52	97.87	6.68
8	4	67	2.39	2827	2918	1.28	160	0	0	2	66.37	3	40.83	0.00	0.49	2.85	94.34	5.57	11.86	77.02	57	0
8	5	31	2.04	1498	2918	0.65	299	0	0	2	82.65	3	26.30	0.00	0.52	10.04	87.56	5.57
12	6	237	7.21	3286	2918	1.46	487	0	0	8	42.27	15	36.33	0.01	1.23	10.50	81.19	2.45	10.17	78.77	56	0
12	7	29	1.10	2639	2918	0.97	110	0	0	1	72.96	2	36.31	0.00	1.00	0.85	97.08	2.45
16	8	130	4.12	3146	2918	0.48	350	0	0	2	71.97	3	38.91	0.00	0.37	7.74	87.88	6.03	6.69	81.17	61	0
16	9	25	1.16	2192	2918	0.81	152	0	0	1	80.49	1	34.92	0.00	0.48	3.23	95.19	6.03
20	10	239	7.00	3409	2918	1.40	389	0	0	8	40.69	16	35.82	0.00	0.53	4.12	88.44	4.22	7.98	78.48	57	0
20	11	48	2.01	2386	2918	0.72	228	0	0	2	73.28	3	32.71	0.00	0.78	5.82	91.48	4.22
24	12	3353	99.77	3361	2918	0.07	2018	0	0	1	10.74	2	22.60	0.00	0.00	0.00	0.00	0.00	0.00	0.00	66	0
25	13	3353	99.77	3361	2918	0.07	2026	0	0	1	7.96	2	20.47	0.00	0.00	0.00	0.00	0.00	0.00	0.00	66	0
26	14	3353	99.77	3361	2918	0.07	2014	0	0	1	10.36	2	21.89	0.00	0.00	0.00	0.00	0.00	0.00	0.00	66	0
27	15	3353	99.77	3361	2918	0.07	2058	0	0	1	10.71	2	24.07	0.00	0.00	0.00	0.00	0.00	0.00	0.00	66	0
Core	CPU	Avg_MHz	Busy%	Bzy_MHz	TSC_MHz	IPC	IRQ	NMI	SMI	LLCMRPS	LLC%hit	L2MRPS	L2%hit	POLL%	C1ACPI%	C2ACPI%	C3ACPI%	CPU%c1	CPU%c6	CPU%c7	CoreTmp	CoreThr	PkgTmp	GFX%rc6	GFXMHz	GFXAMHz	Totl%C0	Any%C0	GFX%C0	CPUGFX%	Pkg%pc2	Pkg%pc3	Pkg%pc6	Pkg%pc8	Pk%pc10	CPU%LPI	SYS%LPI	PkgWatt	CorWatt	GFXWatt	RAMWatt	PKG_%	RAM_%	UncMHz	SysWatt
-	-	911	27.30	3338	2919	0.15	11728	2	0	37	57.38	67	35.37	0.00	0.34	4.85	67.54	1.25	6.66	47.83	65	0	66	92.37	300	300	443.46	100.64	6.66	6.66	0.00	0.00	0.00	0.00	0.00	0.00	0.00	15.24	11.52	0.03	0.00	0.00	0.00	3600	4.69
0	0	96	6.64	1451	2918	0.57	877	0	0	5	92.98	6	20.51	0.02	1.30	30.32	62.28	3.25	28.61	53.02	57	0	66	92.37	300	300	443.44	100.64	6.66	6.66	0.00	0.00	0.00	0.00	0.00	0.00	0.00	15.24	11.51	0.03	0.00	0.00	0.00	3600
0	1	133	4.15	3211	2918	1.27	457	0	0	4	46.33	9	41.94	0.00	0.38	3.22	92.35	3.25
4	2	49	2.10	2342	2918	0.77	313	0	0	2	74.79	3	30.00	0.00	1.05	6.30	90.66	2.87	7.04	86.81	55	0
4	3	17	0.82	2124	2918	0.76	115	0	0	1	80.10	1	33.72	0.00	0.20	2.84	96.19	2.87
8	4	273	7.77	3519	2918	1.45	398	0	0	8	44.92	16	38.22	0.00	0.47	5.18	86.68	0.87	11.83	76.73	57	0
8	5	30	1.77	1714	2918	0.62	273	0	0	2	80.47	2	27.48	0.00	0.23	8.40	89.72	0.87
12	6	40	1.86	2157	2918	1.01	202	0	0	1	74.83	2	33.30	0.00	0.25	5.02	92.98	1.06	4.39	90.59	56	0
12	7	21	0.91	2329	2918	0.99	79	0	0	1	84.81	1	29.54	0.00	0.13	0.00	98.99	1.06
16	8	46	1.75	2633	2918	0.72	185	0	0	1	72.27	2	52.75	0.00	0.16	5.15	93.02	1.21	6.63	88.61	61	0
16	9	34	1.38	2455	2918	0.71	149	0	0	1	79.85	2	40.10	0.01	0.52	2.70	95.46	1.21
20	10	220	6.14	3587	2918	1.52	322	0	0	7	38.85	15	36.93	0.00	0.36	2.32	91.22	0.69	8.12	82.49	56	0
20	11	60	2.46	2438	2918	0.72	299	0	0	2	69.20	4	34.11	0.00	0.46	6.10	91.08	0.69
24	12	3390	99.77	3398	2918	0.07	2017	1	0	0	14.51	1	27.40	0.00	0.00	0.00	0.00	0.00	0.00	0.00	65	0
25	13	3390	99.77	3398	2918	0.07	2015	1	0	1	11.49	1	26.08	0.00	0.00	0.00	0.00	0.00	0.00	0.00	65	0
26	14	3390	99.77	3398	2918	0.07	2013	0	0	0	15.35	1	29.12	0.00	0.00	0.00	0.00	0.00	0.00	0.00	65	0
27	15	3390	99.77	3398	2918	0.07	2014	0	0	0	14.04	1	26.59	0.00	0.00	0.00	0.00	0.00	0.00	0.00	65	0
Core	CPU	Avg_MHz	Busy%	Bzy_MHz	TSC_MHz	IPC	IRQ	NMI	SMI	LLCMRPS	LLC%hit	L2MRPS	L2%hit	POLL%	C1ACPI%	C2ACPI%	C3ACPI%	CPU%c1	CPU%c6	CPU%c7	CoreTmp	CoreThr	PkgTmp	GFX%rc6	GFXMHz	GFXAMHz	Totl%C0	Any%C0	GFX%C0	CPUGFX%	Pkg%pc2	Pkg%pc3	Pkg%pc6	Pkg%pc8	Pk%pc10	CPU%LPI	SYS%LPI	PkgWatt	CorWatt	GFXWatt	RAMWatt	PKG_%	RAM_%	UncMHz	SysWatt
-	-	910	27.43	3318	2918	0.14	11869	2	0	38	56.74	68	35.48	0.00	0.41	5.29	66.89	1.73	7.30	46.51	66	0	65	91.98	300	300	446.01	100.60	6.99	6.99	0.00	0.00	0.00	0.00	0.00	0.00	0.00	15.20	11.46	0.03	0.00	0.00	0.00	2800	4.70
0	0	88	6.74	1311	2918	0.63	886	0	0	5	93.88	6	19.81	0.01	1.82	30.08	61.92	6.41	27.73	52.90	57	0	65	92.02	300	300	446.16	100.63	6.99	6.99	0.00	0.00	0.00	0.00	0.00	0.00	0.00	15.21	11.47	0.03	0.00	0.00	0.00	2800
0	1	20	1.39	1429	2918	0.49	353	0	0	1	87.66	1	26.05	0.00	0.07	3.04	95.61	6.41
4	2	99	3.48	2856	2918	1.07	406	0	0	3	63.82	4	37.83	0.00	0.62	5.44	90.56	3.67	6.10	85.14	57	0
4	3	13	0.62	2141	2918	0.98	102	0	0	1	81.63	1	28.62	0.00	0.14	2.15	97.13	3.67
8	4	344	9.36	3671	2918	1.56	425	0	0	12	35.21	24	37.05	0.00	0.52	5.35	84.84	0.97	15.15	72.30	55	0
8	5	48	2.22	2171	2918	0.93	368	0	0	2	72.67	3	30.70	0.00	0.70	11.71	85.51	0.97
12	6	43	2.02	2133	2918	1.13	174	0	0	2	74.89	3	33.35	0.00	0.23	5.02	92.84	0.45	5.48	89.80	55	0
12	7	18	0.85	2170	2918	0.97	66	0	0	1	87.26	1	28.96	0.00	0.18	0.69	98.32	0.45
16	8	92	3.10	2978	2918	0.76	228	0	0	2	64.50	5	60.74	0.00	0.26	4.59	92.13	0.67	5.68	88.89	60	0
16	9	25	1.07	2375	2918	0.68	97	0	0	1	77.16	2	34.80	0.00	0.13	1.34	97.51	0.67
20	10	139	4.53	3062	2918	1.44	359	0	0	5	45.21	10	36.57	0.00	0.96	7.32	87.32	1.67	12.85	76.04	58	0
20	11	136	4.39	3089	2918	0.34	337	0	0	2	68.77	4	36.36	0.00	0.95	8.00	86.78	1.67
24	12	3373	99.77	3381	2918	0.07	2018	0	0	1	14.82	1	28.51	0.00	0.00	0.00	0.00	0.00	0.00	0.00	66	0
25	13	3374	99.77	3382	2918	0.07	2015	0	0	1	11.53	1	27.23	0.00	0.00	0.00	0.00	0.00	0.00	0.00	65	0
26	14	3374	99.77	3382	2918	0.07	2017	1	0	0	15.40	1	30.15	0.00	0.00	0.00	0.00	0.00	0.00	0.00	65	0
27	15	3374	99.77	3382	2918	0.07	2018	1	0	0	14.73	1	28.26	0.00	0.00	0.00	0.00	0.00	0.00	0.00	66	0
Core	CPU	Avg_MHz	Busy%	Bzy_MHz	TSC_MHz	IPC	IRQ	NMI	SMI	LLCMRPS	LLC%hit	L2MRPS	L2%hit	POLL%	C1ACPI%	C2ACPI%	C3ACPI%	CPU%c1	CPU%c6	CPU%c7	CoreTmp	CoreThr	PkgTmp	GFX%rc6	GFXMHz	GFXAMHz	Totl%C0	Any%C0	GFX%C0	CPUGFX%	Pkg%pc2	Pkg%pc3	Pkg%pc6	Pkg%pc8	Pk%pc10	CPU%LPI	SYS%LPI	PkgWatt	CorWatt	GFXWatt	RAMWatt	PKG_%	RAM_%	UncMHz	SysWatt
-	-	915	27.77	3294	2919	0.17	13405	0	0	43	54.77	86	39.65	0.00	1.09	6.66	64.54	3.17	8.07	44.25	65	0	65	92.37	300	300	450.52	100.67	6.78	6.78	0.00	0.00	0.00	0.00	0.00	0.00	0.00	15.55	11.69	0.04	0.00	0.00	0.00	3700	4.79
0	0	126	7.72	1638	2918	1.15	925	0	0	5	93.00	9	44.72	0.01	2.67	27.95	62.20	8.23	31.86	45.99	56	0	65	92.33	300	300	450.37	100.63	6.78	6.78	0.00	0.00	0.00	0.00	0.00	0.00	0.00	15.55	11.69	0.04	0.00	0.00	0.00	3700
0	1	55	3.22	1716	2918	0.60	748	0	0	2	85.14	3	31.55	0.00	2.19	13.60	81.20	8.23
4	2	63	2.81	2254	2918	0.83	495	0	0	2	64.30	4	30.58	0.00	1.71	11.47	84.17	4.64	11.66	78.91	55	0
4	3	28	1.26	2195	2918	1.01	217	0	0	1	80.32	2	35.71	0.01	1.31	4.07	93.43	4.64
8	4	116	3.74	3089	2918	1.24	257	0	0	2	63.19	7	62.77	0.00	0.67	4.49	91.19	2.42	9.71	81.71	55	0
8	5	29	1.59	1791	2918	0.71	314	0	0	1	79.86	2	29.30	0.00	0.77	9.21	88.53	2.42
12	6	196	5.93	3311	2918	1.61	402	0	0	7	43.61	14	37.70	0.00	1.06	6.04	87.07	2.85	5.26	84.81	55	0
12	7	28	1.08	2587	2918	0.80	149	0	0	1	70.82	2	37.40	0.00	1.37	0.80	96.79	2.85
16	8	138	4.78	2896	2918	0.79	514	0	0	3	66.67	7	53.94	0.00	1.95	10.66	82.78	3.67	11.08	77.78	59	0
16	9	32	1.36	2342	2918	0.77	167	0	0	1	74.55	2	37.16	0.00	0.65	3.12	94.93	3.67
20	10	336	9.62	3487	2918	1.54	740	0	0	12	37.33	23	37.03	0.00	1.82	11.34	77.35	3.53	11.08	73.31	56	0
20	11	58	2.19	2665	2918	0.80	309	0	0	2	64.72	4	34.76	0.00	1.25	3.83	92.80	3.53
24	12	3358	99.77	3366	2918	0.08	2025	0	0	1	12.05	2	24.30	0.00	0.00	0.00	0.00	0.00	0.00	0.00	65	0
25	13	3358	99.77	3366	2918	0.08	2024	0	0	1	7.90	2	19.63	0.00	0.00	0.00	0.00	0.00	0.00	0.00	65	0
26	14	3358	99.77	3366	2918	0.08	2024	0	0	1	12.74	2	26.61	0.00	0.00	0.00	0.00	0.00	0.00	0.00	65	0
27	15	3358	99.77	3366	2918	0.08	2095	0	0	1	14.74	2	31.70	0.00	0.00	0.00	0.00	0.00	0.00	0.00	65	0
Core	CPU	Avg_MHz	Busy%	Bzy_MHz	TSC_MHz	IPC	IRQ	NMI	SMI	LLCMRPS	LLC%hit	L2MRPS	L2%hit	POLL%	C1ACPI%	C2ACPI%	C3ACPI%	CPU%c1	CPU%c6	CPU%c7	CoreTmp	CoreThr	PkgTmp	GFX%rc6	GFXMHz	GFXAMHz	Totl%C0	Any%C0	GFX%C0	CPUGFX%	Pkg%pc2	Pkg%pc3	Pkg%pc6	Pkg%pc8	Pk%pc10	CPU%LPI	SYS%LPI	PkgWatt	CorWatt	GFXWatt	RAMWatt	PKG_%	RAM_%	UncMHz	SysWatt
-	-	914	27.47	3330	2917	0.15	11853	0	0	37	56.90	67	35.57	0.00	0.36	5.09	67.07	1.32	7.14	47.14	64	0	65	92.33	300	300	444.68	100.55	6.60	6.60	0.00	0.00	0.00	0.00	0.00	0.00	0.00	15.21	11.50	0.03	0.00	0.00	0.00	2900	4.69
0	0	65	5.93	1105	2918	0.59	794	0	0	4	97.17	5	18.06	0.00	1.34	28.38	64.88	5.66	33.17	48.57	57	0	65	92.46	300	300	445.06	100.63	6.60	6.60	0.00	0.00	0.00	0.00	0.00	0.00	0.00	15.23	11.52	0.03	0.00	0.00	0.00	2900
0	1	57	2.96	1907	2918	0.39	639	0	0	2	85.30	3	27.37	0.00	0.84	12.56	83.84	5.66
4	2	39	1.80	2164	2918	0.62	175	0	0	1	79.05	2	25.61	0.00	0.21	2.77	95.31	0.36	6.10	89.03	54	0
4	3	35	1.55	2246	2918	0.58	173	0	0	2	69.35	3	32.53	0.00	0.09	3.82	94.60	0.36
8	4	137	4.11	3331	2918	1.42	182	0	0	4	49.58	8	38.29	0.00	0.43	1.43	94.09	0.58	2.95	89.70	61	0
8	5	53	1.81	2906	2918	1.16	149	0	0	2	65.55	3	38.02	0.00	0.14	1.84	96.26	0.58
12	6	25	1.20	2112	2918	0.81	101	0	0	1	80.23	1	33.31	0.00	0.29	0.92	97.65	0.95	10.67	85.03	55	0
12	7	39	2.04	1920	2918	0.65	335	0	0	2	75.66	3	31.72	0.00	0.62	10.12	87.35	0.95
16	8	111	3.76	2944	2918	0.69	366	0	0	2	68.24	5	56.62	0.00	0.70	8.07	87.62	2.34	10.89	80.85	60	0
16	9	30	1.30	2284	2918	0.73	171	0	0	1	76.68	2	35.25	0.00	0.31	3.76	94.70	2.34
20	10	410	11.20	3665	2918	1.55	584	0	0	13	36.74	27	37.05	0.00	0.63	6.91	81.34	0.68	7.68	78.24	58	0
20	11	91	2.60	3501	2918	0.56	125	0	0	1	62.78	2	39.36	0.01	0.18	0.99	96.26	0.68
24	12	3385	99.77	3393	2918	0.07	2014	0	0	1	15.87	1	28.76	0.00	0.00	0.00	0.00	0.00	0.00	0.00	63	0
25	13	3385	99.77	3393	2918	0.07	2014	0	0	1	10.73	1	26.62	0.00	0.00	0.00	0.00	0.00	0.00	0.00	64	0
26	14	3385	99.77	3392	2918	0.07	2016	0	0	0	15.33	1	29.08	0.00	0.00	0.00	0.00	0.00	0.00	0.00	64	0
27	15	3384	99.77	3392	2918	0.07	2015	0	0	0	14.09	1	27.85	0.00	0.00	0.00	0.00	0.00	0.00	0.00	64	0
Core	CPU	Avg_MHz	Busy%	Bzy_MHz	TSC_MHz	IPC	IRQ	NMI	SMI	LLCMRPS	LLC%hit	L2MRPS	L2%hit	POLL%	C1ACPI%	C2ACPI%	C3ACPI%	CPU%c1	CPU%c6	CPU%c7	CoreTmp	CoreThr	PkgTmp	GFX%rc6	GFXMHz	GFXAMHz	Totl%C0	Any%C0	GFX%C0	CPUGFX%	Pkg%pc2	Pkg%pc3	Pkg%pc6	Pkg%pc8	Pk%pc10	CPU%LPI	SYS%LPI	PkgWatt	CorWatt	GFXWatt	RAMWatt	PKG_%	RAM_%	UncMHz	SysWatt
-	-	923	27.84	3313	2920	0.17	12062	1	0	42	55.89	80	37.69	0.00	0.49	4.96	66.78	1.45	6.65	46.93	65	0	64	92.67	300	300	451.23	100.72	6.52	6.52	0.00	0.00	0.00	0.00	0.00	0.00	0.00	15.51	11.75	0.03	0.00	0.00	0.00	3700	4.76
0	0	113	7.27	1550	2918	1.00	689	0	0	6	87.48	8	25.15	0.00	1.24	22.11	69.89	4.43	25.46	53.06	56	0	64	92.54	300	300	450.84	100.63	6.51	6.51	0.00	0.00	0.00	0.00	0.00	0.00	0.00	15.49	11.73	0.03	0.00	0.00	0.00	3700
0	1	173	5.50	3142	2918	1.43	737	0	0	7	44.12	13	36.60	0.00	1.19	8.71	84.73	4.43
4	2	54	2.58	2085	2918	0.50	428	0	0	2	75.77	2	29.46	0.01	0.84	10.49	86.25	2.53	10.38	81.67	54	0
4	3	48	1.95	2460	2918	1.42	151	0	0	2	69.30	3	36.20	0.00	0.52	1.92	95.65	2.53
8	4	148	4.51	3290	2918	1.54	245	0	0	4	52.46	7	46.02	0.00	0.28	3.91	91.38	0.65	5.40	85.20	57	0
8	5	105	3.55	2954	2918	1.45	195	0	0	3	62.22	5	41.66	0.00	0.54	2.22	93.76	0.65
12	6	54	2.13	2520	2918	1.14	141	0	0	1	60.90	3	39.01	0.00	0.41	2.35	95.17	1.09	8.20	86.74	56	0
12	7	49	2.44	1997	2918	1.24	223	0	0	1	76.43	3	38.02	0.00	0.62	6.14	90.91	1.09
16	8	89	3.45	2566	2918	0.77	440	0	0	3	69.57	6	52.90	0.00	0.55	11.79	84.35	1.64	10.75	81.23	61	0
16	9	55	2.12	2619	2918	1.19	146	0	0	2	66.68	3	37.53	0.00	0.47	1.33	96.12	1.64
20	10	225	6.31	3565	2918	1.49	366	0	0	7	38.81	15	37.15	0.00	0.50	5.30	87.95	1.24	6.28	81.33	55	0
20	11	162	4.77	3388	2918	1.28	236	0	0	4	46.61	8	38.75	0.00	0.63	3.04	91.60	1.24
24	12	3373	99.77	3381	2918	0.07	2017	1	0	0	14.89	1	28.94	0.00	0.00	0.00	0.00	0.00	0.00	0.00	64	0
25	13	3372	99.77	3380	2918	0.07	2015	0	0	1	9.65	1	26.70	0.00	0.00	0.00	0.00	0.00	0.00	0.00	64	0
26	14	3372	99.77	3380	2918	0.07	2017	0	0	0	15.29	1	29.47	0.00	0.00	0.00	0.00	0.00	0.00	0.00	65	0
27	15	3372	99.77	3380	2918	0.07	2016	0	0	0	16.56	1	28.51	0.00	0.00	0.00	0.00	0.00	0.00	0.00	63	0
Core	CPU	Avg_MHz	Busy%	Bzy_MHz	TSC_MHz	IPC	IRQ	NMI	SMI	LLCMRPS	LLC%hit	L2MRPS	L2%hit	POLL%	C1ACPI%	C2ACPI%	C3ACPI%	CPU%c1	CPU%c6	CPU%c7	CoreTmp	CoreThr	PkgTmp	GFX%rc6	GFXMHz	GFXAMHz	Totl%C0	Any%C0	GFX%C0	CPUGFX%	Pkg%pc2	Pkg%pc3	Pkg%pc6	Pkg%pc8	Pk%pc10	CPU%LPI	SYS%LPI	PkgWatt	CorWatt	GFXWatt	RAMWatt	PKG_%	RAM_%	UncMHz	SysWatt
-	-	906	27.20	3330	2918	0.13	11941	2	0	36	57.80	61	30.51	0.00	0.60	4.84	67.39	1.78	6.65	47.56	64	0	64	92.17	300	300	441.82	100.63	6.87	6.87	0.00	0.00	0.00	0.00	0.00	0.00	0.00	15.05	11.37	0.03	0.00	0.00	0.00	3600	4.65
0	0	92	6.58	1400	2918	0.71	716	0	0	6	88.55	8	22.45	0.00	0.75	23.22	69.97	3.40	24.85	54.35	56	0	64	92.18	300	300	441.83	100.63	6.87	6.87	0.00	0.00	0.00	0.00	0.00	0.00	0.00	15.05	11.37	0.03	0.00	0.00	0.00	3600
0	1	212	6.34	3345	2918	1.15	713	0	0	8	43.18	13	28.15	0.00	1.04	6.45	86.30	3.40
4	2	70	3.39	2063	2918	0.51	473	0	0	2	75.96	4	29.25	0.00	1.12	11.21	84.47	1.47	11.33	82.17	54	0
4	3	23	1.02	2260	2918	0.93	98	0	0	1	80.70	1	37.07	0.00	0.49	0.68	97.85	1.47
8	4	138	4.23	3256	2918	1.05	291	0	0	4	47.14	7	41.28	0.00	0.62	2.72	92.50	0.80	2.70	90.41	55	0
8	5	42	1.49	2777	2918	1.16	102	0	0	1	69.08	2	38.74	0.00	0.37	0.10	98.07	0.80
12	6	95	2.94	3230	2918	1.11	199	0	0	2	53.78	5	47.25	0.00	0.81	1.49	94.80	1.36	1.95	92.18	55	0
12	7	21	0.98	2114	2918	0.97	90	0	0	1	84.82	1	30.90	0.00	0.37	0.72	97.97	1.36
16	8	54	2.99	1809	2918	0.36	599	0	0	2	83.46	3	26.57	0.00	1.94	19.13	76.17	4.93	18.25	71.55	59	0
16	9	31	1.29	2435	2918	0.71	160	0	0	1	76.57	2	36.24	0.00	1.05	2.20	95.51	4.93
20	10	117	3.78	3099	2918	1.11	309	0	0	4	49.71	7	28.03	0.01	0.52	7.34	88.45	2.27	7.45	84.90	56	0
20	11	25	1.06	2317	2918	0.95	121	0	0	1	82.92	1	32.14	0.02	0.56	2.20	96.23	2.27
24	12	3393	99.77	3401	2918	0.07	2014	0	0	1	9.52	2	20.26	0.00	0.00	0.00	0.00	0.00	0.00	0.00	64	0
25	13	3393	99.77	3401	2918	0.07	2016	1	0	1	6.90	2	19.37	0.00	0.00	0.00	0.00	0.00	0.00	0.00	64	0
26	14	3394	99.77	3401	2918	0.07	2015	0	0	1	9.40	2	20.74	0.00	0.00	0.00	0.00	0.00	0.00	0.00	64	0
27	15	3394	99.77	3402	2918	0.08	2025	1	0	1	11.31	2	25.35	0.00	0.00	0.00	0.00	0.00	0.00	0.00	64	0
Core	CPU	Avg_MHz	Busy%	Bzy_MHz	TSC_MHz	IPC	IRQ	NMI	SMI	LLCMRPS	LLC%hit	L2MRPS	L2%hit	POLL%	C1ACPI%	C2ACPI%	C3ACPI%	CPU%c1	CPU%c6	CPU%c7	CoreTmp	CoreThr	PkgTmp	GFX%rc6	GFXMHz	GFXAMHz	Totl%C0	Any%C0	GFX%C0	CPUGFX%	Pkg%pc2	Pkg%pc3	Pkg%pc6	Pkg%pc8	Pk%pc10	CPU%LPI	SYS%LPI	PkgWatt	CorWatt	GFXWatt	RAMWatt	PKG_%	RAM_%	UncMHz	SysWatt
-	-	911	27.31	3336	2918	0.12	11748	1	0	34	60.87	56	31.80	0.00	0.55	5.01	67.17	1.83	6.61	47.54	65	0	65	92.47	300	300	442.85	100.64	6.63	6.63	0.00	0.00	0.00	0.00	0.00	0.00	0.00	15.07	11.41	0.03	0.00	0.00	0.00	3600	4.63
0	0	92	6.79	1360	2918	0.67	856	0	0	6	86.64	8	23.65	0.00	1.00	30.36	62.38	8.52	34.63	43.79	55	0	65	92.46	300	300	442.83	100.63	6.63	6.63	0.00	0.00	0.00	0.00	0.00	0.00	0.00	15.07	11.41	0.03	0.00	0.00	0.00	3600
0	1	62	3.02	2044	2918	0.36	814	0	0	2	89.81	3	28.09	0.00	2.42	15.68	79.09	8.52
4	2	53	2.36	2244	2918	0.61	349	0	0	2	76.29	2	30.12	0.00	0.68	9.23	87.87	0.88	9.33	85.63	53	0
4	3	21	0.91	2254	2918	1.04	66	0	0	1	85.07	1	29.85	0.00	0.07	0.68	98.38	0.88
8	4	25	1.38	1813	2918	0.83	128	0	0	1	78.54	2	26.45	0.00	0.31	3.11	95.28	0.91	4.03	89.34	55	0
8	5	86	2.87	2974	2918	1.32	141	0	0	2	66.33	4	40.35	0.00	0.19	1.66	95.34	0.91
12	6	222	6.14	3613	2918	1.09	281	0	0	6	41.67	12	34.88	0.00	0.48	2.73	90.70	0.75	2.85	89.15	54	0
12	7	26	1.03	2529	2918	1.06	64	0	0	1	75.32	2	35.04	0.00	0.42	0.28	98.31	0.75
16	8	31	1.71	1817	2918	0.65	274	0	0	1	83.36	2	29.94	0.00	1.20	6.26	90.94	1.79	8.46	86.21	58	0
16	9	26	1.36	1940	2918	0.70	137	0	0	1	79.92	2	32.18	0.00	0.41	2.80	95.50	1.79
20	10	239	6.82	3501	2918	1.08	366	0	0	7	42.09	12	31.54	0.00	0.87	3.83	88.55	1.79	6.77	81.25	56	0
20	11	126	3.45	3636	2918	0.30	215	0	0	1	71.00	2	46.96	0.01	0.72	3.53	92.35	1.79
24	12	3392	99.77	3400	2918	0.07	2013	0	0	1	15.83	1	28.92	0.00	0.00	0.00	0.00	0.00	0.00	0.00	64	0
25	13	3392	99.77	3400	2918	0.07	2013	0	0	1	9.99	1	26.59	0.00	0.00	0.00	0.00	0.00	0.00	0.00	64	0
26	14	3392	99.77	3400	2918	0.07	2015	1	0	1	14.38	1	29.70	0.00	0.00	0.00	0.00	0.00	0.00	0.00	65	0
27	15	3392	99.77	3400	2918	0.07	2016	0	0	1	14.36	1	27.61	0.00	0.00	0.00	0.00	0.00	0.00	0.00	64	0
Core	CPU	Avg_MHz	Busy%	Bzy_MHz	TSC_MHz	IPC	IRQ	NMI	SMI	LLCMRPS	LLC%hit	L2MRPS	L2%hit	POLL%	C1ACPI%	C2ACPI%	C3ACPI%	CPU%c1	CPU%c6	CPU%c7	CoreTmp	CoreThr	PkgTmp	GFX%rc6	GFXMHz	GFXAMHz	Totl%C0	Any%C0	GFX%C0	CPUGFX%	Pkg%pc2	Pkg%pc3	Pkg%pc6	Pkg%pc8	Pk%pc10	CPU%LPI	SYS%LPI	PkgWatt	CorWatt	GFXWatt	RAMWatt	PKG_%	RAM_%	UncMHz	SysWatt
-	-	908	27.20	3340	2918	0.13	11915	0	0	37	57.72	62	31.10	0.00	0.57	5.61	66.67	1.68	7.61	46.75	65	0	65	92.47	300	300	441.81	100.63	6.53	6.53	0.00	0.00	0.00	0.00	0.00	0.00	0.00	15.19	11.46	0.03	0.00	0.00	0.00	3700	4.68
0	0	116	7.27	1593	2918	0.82	768	0	0	6	82.39	9	26.82	0.00	1.48	24.70	67.06	7.25	30.27	48.94	56	0	65	92.47	300	300	441.83	100.64	6.53	6.53	0.00	0.00	0.00	0.00	0.00	0.00	0.00	15.19	11.46	0.03	0.00	0.00	0.00	3700
0	1	47	2.63	1791	2918	0.69	723	0	0	2	78.11	3	28.60	0.00	1.84	13.96	81.77	7.25
4	2	199	6.11	3258	2918	1.05	469	0	0	7	42.65	11	27.71	0.00	0.57	10.00	83.47	1.57	9.46	81.14	53	0
4	3	32	1.12	2807	2918	1.02	85	0	0	1	74.37	2	33.81	0.00	0.73	0.70	97.49	1.57
8	4	37	1.73	2130	2918	0.34	226	0	0	1	83.65	1	24.40	0.00	0.27	7.60	90.52	0.49	9.80	85.66	54	0
8	5	31	1.28	2411	2918	1.16	114	0	0	1	78.35	2	35.01	0.00	0.35	2.74	95.69	0.49
12	6	104	3.43	3029	2918	1.28	229	0	0	3	62.24	5	48.30	0.00	0.74	5.03	90.90	1.50	8.31	84.83	54	0
12	7	25	1.25	2020	2918	0.59	159	0	0	1	88.32	1	31.85	0.00	0.92	3.96	93.95	1.50
16	8	25	1.36	1828	2918	0.72	223	0	0	1	85.39	2	27.83	0.00	0.65	5.31	92.77	1.19	7.12	88.25	59	0
16	9	22	1.15	1886	2918	0.77	144	0	0	1	81.51	2	29.76	0.00	0.12	3.74	95.06	1.19
20	10	244	6.61	3686	2918	1.09	392	0	0	7	40.98	13	34.83	0.00	0.55	4.77	88.14	1.44	11.17	78.62	56	0
20	11	55	2.15	2541	2918	0.82	286	0	0	2	71.32	3	34.59	0.01	0.83	7.20	89.92	1.44
24	12	3400	99.77	3408	2918	0.07	2053	0	0	1	11.16	2	22.60	0.00	0.00	0.00	0.00	0.00	0.00	0.00	65	0
25	13	3400	99.77	3407	2918	0.07	2013	0	0	1	7.76	2	20.04	0.00	0.00	0.00	0.00	0.00	0.00	0.00	65	0
26	14	3400	99.77	3408	2918	0.07	2013	0	0	1	10.08	2	21.48	0.00	0.00	0.00	0.00	0.00	0.00	0.00	65	0
27	15	3400	99.77	3408	2918	0.07	2018	0	0	1	10.88	2	24.40	0.00	0.00	0.00	0.00	0.00	0.00	0.00	65	0
Core	CPU	Avg_MHz	Busy%	Bzy_MHz	TSC_MHz	IPC	IRQ	NMI	SMI	LLCMRPS	LLC%hit	L2MRPS	L2%hit	POLL%	C1ACPI%	C2ACPI%	C3ACPI%	CPU%c1	CPU%c6	CPU%c7	CoreTmp	CoreThr	PkgTmp	GFX%rc6	GFXMHz	GFXAMHz	Totl%C0	Any%C0	GFX%C0	CPUGFX%	Pkg%pc2	Pkg%pc3	Pkg%pc6	Pkg%pc8	Pk%pc10	CPU%LPI	SYS%LPI	PkgWatt	CorWatt	GFXWatt	RAMWatt	PKG_%	RAM_%	UncMHz	SysWatt
-	-	911	27.21	3349	2918	0.12	11276	1	0	33	60.70	55	31.41	0.00	0.44	4.43	67.95	1.14	6.27	48.44	64	0	64	92.57	300	300	441.89	100.64	6.50	6.50	0.00	0.00	0.00	0.00	0.00	0.00	0.00	15.11	11.43	0.03	0.00	0.00	0.00	3700	4.65
0	0	61	5.65	1084	2918	0.70	606	0	0	5	92.40	6	19.33	0.00	0.54	22.96	71.37	2.60	27.88	56.83	55	0	64	92.57	300	300	441.88	100.63	6.50	6.50	0.00	0.00	0.00	0.00	0.00	0.00	0.00	15.11	11.43	0.03	0.00	0.00	0.00	3700
0	1	43	2.41	1793	2918	0.90	576	0	0	2	78.44	3	26.43	0.00	1.09	10.24	86.43	2.60
4	2	84	2.79	2991	2918	1.08	215	0	0	2	67.19	4	38.94	0.00	0.85	2.91	93.52	0.88	2.80	91.84	52	0
4	3	20	0.84	2394	2918	1.05	40	0	0	1	83.58	1	30.36	0.00	0.06	0.00	99.13	0.88
8	4	31	1.22	2556	2918	1.05	83	0	0	1	60.59	2	32.01	0.00	0.05	1.44	97.33	0.83	5.54	91.24	55	0
8	5	23	1.22	1878	2918	0.95	172	0	0	1	84.60	1	31.52	0.00	0.74	4.45	93.66	0.83
12	6	52	1.85	2784	2918	1.23	94	0	0	1	68.93	3	39.85	0.00	0.48	0.94	96.78	1.07	6.50	88.33	54	0
12	7	41	1.82	2246	2918	0.37	194	0	0	1	88.15	1	29.18	0.01	0.30	5.95	92.02	1.07
16	8	88	3.60	2456	2918	0.83	438	0	0	3	58.83	5	26.02	0.00	0.90	13.33	82.37	2.55	13.57	78.07	58	0
16	9	21	1.03	2077	2918	0.79	112	0	0	1	81.00	2	28.84	0.00	0.53	0.79	97.69	2.55
20	10	369	9.79	3767	2918	1.09	457	0	0	11	40.56	19	34.92	0.00	0.78	5.52	83.98	1.16	6.42	78.11	56	0
20	11	142	4.02	3528	2918	0.29	232	0	0	2	66.23	3	38.28	0.00	0.77	2.28	92.98	1.16
24	12	3401	99.77	3409	2918	0.07	2017	1	0	0	13.60	1	26.17	0.00	0.00	0.00	0.00	0.00	0.00	0.00	64	0
25	13	3401	99.77	3409	2918	0.07	2013	0	0	1	10.68	1	26.04	0.00	0.00	0.00	0.00	0.00	0.00	0.00	64	0
26	14	3401	99.77	3409	2918	0.07	2013	0	0	0	14.73	1	28.55	0.00	0.00	0.00	0.00	0.00	0.00	0.00	64	0
27	15	3401	99.77	3409	2918	0.07	2014	0	0	0	13.96	1	27.44	0.00	0.00	0.00	0.00	0.00	0.00	0.00	64	0
Core	CPU	Avg_MHz	Busy%	Bzy_MHz	TSC_MHz	IPC	IRQ	NMI	SMI	LLCMRPS	LLC%hit	L2MRPS	L2%hit	POLL%	C1ACPI%	C2ACPI%	C3ACPI%	CPU%c1	CPU%c6	CPU%c7	CoreTmp	CoreThr	PkgTmp	GFX%rc6	GFXMHz	GFXAMHz	Totl%C0	Any%C0	GFX%C0	CPUGFX%	Pkg%pc2	Pkg%pc3	Pkg%pc6	Pkg%pc8	Pk%pc10	CPU%LPI	SYS%LPI	PkgWatt	CorWatt	GFXWatt	RAMWatt	PKG_%	RAM_%	UncMHz	SysWatt
-	-	920	27.81	3310	2918	0.17	12851	1	0	43	59.30	79	38.25	0.00	0.71	5.33	66.20	2.64	6.96	45.45	64	0	64	92.37	300	300	451.97	100.63	6.68	6.68	0.00	0.00	0.00	0.00	0.00	0.00	0.00	15.69	11.87	0.03	0.00	0.00	0.00	3600	4.83
0	0	84	6.71	1258	2918	0.77	870	0	0	6	90.51	8	25.77	0.00	0.63	27.75	65.46	5.37	31.34	49.21	56	0	64	92.38	300	300	451.99	100.63	6.68	6.68	0.00	0.00	0.00	0.00	0.00	0.00	0.00	15.69	11.87	0.03	0.00	0.00	0.00	3600
0	1	60	3.00	2004	2918	0.96	793	0	0	2	74.13	4	32.96	0.00	1.74	11.58	83.87	5.37
4	2	151	5.08	2982	2918	0.83	605	0	0	4	71.99	6	37.87	0.00	0.89	3.78	90.41	3.57	3.62	84.52	52	0
4	3	24	1.02	2367	2918	1.01	90	0	0	1	84.06	1	30.87	0.00	0.75	0.25	98.01	3.57
8	4	623	16.55	3761	2918	1.67	808	0	0	18	39.88	38	42.03	0.00	1.53	5.83	76.15	1.73	8.09	72.56	55	0
8	5	49	1.72	2883	2918	1.02	191	0	0	1	63.51	3	36.37	0.01	1.06	3.22	94.05	1.73
12	6	111	3.16	3517	2918	0.75	147	0	0	2	58.94	5	62.69	0.00	0.39	2.20	94.29	3.45	3.42	87.92	55	0
12	7	31	1.49	2081	2918	0.72	207	0	0	1	86.94	2	32.36	0.01	0.64	2.85	95.10	3.45
16	8	30	1.63	1847	2918	0.41	293	0	0	1	83.56	2	29.77	0.00	0.34	10.02	88.14	4.54	11.70	78.98	59	0
16	9	33	1.86	1797	2918	0.86	279	0	0	2	85.09	2	28.68	0.00	1.81	4.07	92.37	4.54
20	10	25	1.44	1748	2918	0.41	229	0	0	1	88.74	1	27.64	0.00	0.23	7.92	90.53	2.46	11.39	81.32	55	0
20	11	51	2.21	2313	2918	0.76	278	0	0	2	74.22	3	32.96	0.00	1.30	5.74	90.85	2.46
24	12	3364	99.77	3371	2918	0.07	2016	0	0	0	14.76	1	27.76	0.00	0.00	0.00	0.00	0.00	0.00	0.00	64	0
25	13	3363	99.77	3371	2918	0.07	2016	1	0	1	11.44	1	27.32	0.00	0.00	0.00	0.00	0.00	0.00	0.00	62	0
26	14	3363	99.77	3371	2918	0.07	2014	0	0	0	16.12	1	30.38	0.00	0.00	0.00	0.00	0.00	0.00	0.00	64	0
27	15	3363	99.77	3371	2918	0.07	2015	0	0	1	14.29	1	28.27	0.00	0.00	0.00	0.00	0.00	0.00	0.00	63	0
Core	CPU	Avg_MHz	Busy%	Bzy_MHz	TSC_MHz	IPC	IRQ	NMI	SMI	LLCMRPS	LLC%hit	L2MRPS	L2%hit	POLL%	C1ACPI%	C2ACPI%	C3ACPI%	CPU%c1	CPU%c6	CPU%c7	CoreTmp	CoreThr	PkgTmp	GFX%rc6	GFXMHz	GFXAMHz	Totl%C0	Any%C0	GFX%C0	CPUGFX%	Pkg%pc2	Pkg%pc3	Pkg%pc6	Pkg%pc8	Pk%pc10	CPU%LPI	SYS%LPI	PkgWatt	CorWatt	GFXWatt	RAMWatt	PKG_%	RAM_%	UncMHz	SysWatt
-	-	912	27.36	3335	2918	0.14	11628	2	0	37	57.34	64	31.94	0.00	0.41	4.84	67.43	1.16	6.84	47.54	63	0	64	92.27	300	300	444.73	100.64	6.79	6.79	0.00	0.00	0.00	0.00	0.00	0.00	0.00	15.20	11.49	0.03	0.00	0.00	0.00	3200	4.68
0	0	122	7.36	1656	2918	0.90	761	0	0	6	85.94	9	37.49	0.00	0.73	28.26	64.17	1.40	30.75	53.36	55	0	64	92.27	300	300	444.72	100.63	6.79	6.79	0.00	0.00	0.00	0.00	0.00	0.00	0.00	15.20	11.49	0.03	0.00	0.00	0.00	3200
0	1	55	2.57	2141	2918	0.97	530	0	0	3	70.19	4	25.94	0.00	0.69	6.59	90.28	1.40
4	2	68	3.15	2173	2918	0.57	335	0	0	3	73.05	4	31.46	0.01	0.92	7.18	88.91	1.50	8.56	84.69	52	0
4	3	24	1.17	2046	2918	1.04	118	0	0	1	80.99	1	32.70	0.00	0.30	2.12	96.46	1.50
8	4	22	1.29	1696	2918	0.73	219	0	0	1	80.42	2	28.08	0.00	0.24	6.40	92.16	1.31	7.30	88.16	55	0
8	5	20	1.02	1937	2918	1.03	134	0	0	1	88.23	1	28.50	0.00	0.27	1.76	96.99	1.31
12	6	94	3.04	3083	2918	1.27	144	0	0	3	63.73	5	41.85	0.00	0.38	1.27	95.39	0.44	1.28	93.49	55	0
12	7	16	0.77	2046	2918	0.88	47	0	0	1	90.53	1	31.06	0.00	0.04	0.04	99.18	0.44
16	8	52	2.80	1870	2918	0.16	469	0	0	2	88.17	2	23.92	0.01	0.91	16.18	80.32	3.05	14.20	77.56	58	0
16	9	23	1.03	2215	2918	0.99	112	0	0	1	85.16	1	30.61	0.00	0.52	0.68	97.82	3.05
20	10	396	10.75	3687	2918	1.30	492	0	0	13	36.42	23	31.92	0.00	0.83	4.07	84.41	1.56	6.31	78.17	56	0
20	11	136	3.69	3688	2918	0.38	206	0	0	1	61.55	3	43.31	0.00	0.65	2.91	92.79	1.56
24	12	3392	99.77	3400	2918	0.07	2019	0	0	1	10.60	2	23.04	0.00	0.00	0.00	0.00	0.00	0.00	0.00	62	0
25	13	3393	99.77	3400	2918	0.07	2012	0	0	1	7.45	2	20.10	0.00	0.00	0.00	0.00	0.00	0.00	0.00	62	0
26	14	3392	99.77	3400	2918	0.07	2014	1	0	1	9.33	2	20.84	0.00	0.00	0.00	0.00	0.00	0.00	0.00	63	0
27	15	3392	99.77	3400	2918	0.07	2016	1	0	1	10.11	2	23.75	0.00	0.00	0.00	0.00	0.00	0.00	0.00	62	0
Core	CPU	Avg_MHz	Busy%	Bzy_MHz	TSC_MHz	IPC	IRQ	NMI	SMI	LLCMRPS	LLC%hit	L2MRPS	L2%hit	POLL%	C1ACPI%	C2ACPI%	C3ACPI%	CPU%c1	CPU%c6	CPU%c7	CoreTmp	CoreThr	PkgTmp	GFX%rc6	GFXMHz	GFXAMHz	Totl%C0	Any%C0	GFX%C0	CPUGFX%	Pkg%pc2	Pkg%pc3	Pkg%pc6	Pkg%pc8	Pk%pc10	CPU%LPI	SYS%LPI	PkgWatt	CorWatt	GFXWatt	RAMWatt	PKG_%	RAM_%	UncMHz	SysWatt
-	-	947	29.14	3252	2918	0.25	13865	0	0	59	54.20	124	43.79	0.00	0.80	6.06	64.04	2.62	7.73	43.00	64	0	65	91.68	300	300	469.85	100.63	7.28	7.28	0.00	0.00	0.00	0.00	0.00	0.00	0.00	16.39	12.40	0.03	0.00	0.00	0.00	3500	5.01
0	0	189	9.34	2021	2918	1.00	927	0	0	6	80.36	11	41.93	0.02	1.66	30.54	58.99	6.14	29.87	47.18	55	0	65	91.68	300	300	469.86	100.63	7.28	7.28	0.00	0.00	0.00	0.00	0.00	0.00	0.00	16.39	12.40	0.03	0.00	0.00	0.00	3500
0	1	72	3.31	2185	2918	1.11	587	0	0	3	68.92	5	35.36	0.00	1.04	6.56	89.26	6.14
4	2	78	3.63	2161	2918	0.21	679	0	0	2	86.19	3	26.09	0.00	1.16	16.05	79.39	4.53	16.24	71.85	52	0
4	3	56	2.46	2289	2918	1.54	268	0	0	2	71.89	3	35.50	0.00	0.64	5.27	91.72	4.53
8	4	1002	26.63	3763	2918	1.85	1243	0	0	28	39.01	67	48.18	0.00	0.92	2.62	69.84	1.16	3.37	67.84	55	0
8	5	80	2.80	2869	2918	1.16	256	0	0	2	60.51	4	42.09	0.00	1.45	2.27	93.51	1.16
12	6	74	3.24	2267	2918	0.89	303	0	0	2	69.66	4	36.18	0.00	0.92	7.11	88.86	3.81	12.94	75.58	54	0
12	7	91	3.73	2433	2918	1.30	369	0	0	2	73.16	6	51.25	0.00	1.30	8.35	86.74	3.81
16	8	86	3.15	2720	2918	0.95	257	0	0	3	61.73	5	40.06	0.00	0.47	4.20	92.27	2.62	5.13	85.14	59	0
16	9	61	2.71	2240	2918	1.51	251	0	0	2	74.26	4	34.48	0.00	1.06	2.75	93.56	2.62
20	10	74	2.81	2625	2918	1.26	252	0	0	2	56.96	4	38.33	0.00	0.57	2.33	94.35	2.66	9.73	82.44	55	0
20	11	72	3.31	2167	2918	1.08	404	0	0	2	68.66	4	39.14	0.00	1.69	8.90	86.23	2.66
24	12	3306	99.77	3314	2918	0.07	2018	0	0	1	14.92	1	29.23	0.00	0.00	0.00	0.00	0.00	0.00	0.00	64	0
25	13	3306	99.77	3314	2918	0.07	2016	0	0	1	11.39	1	27.04	0.00	0.00	0.00	0.00	0.00	0.00	0.00	64	0
26	14	3306	99.77	3314	2918	0.07	2016	0	0	1	15.50	1	29.33	0.00	0.00	0.00	0.00	0.00	0.00	0.00	64	0
27	15	3307	99.77	3314	2918	0.07	2019	0	0	1	15.55	1	28.24	0.00	0.00	0.00	0.00	0.00	0.00	0.00	64	0
Core	CPU	Avg_MHz	Busy%	Bzy_MHz	TSC_MHz	IPC	IRQ	NMI	SMI	LLCMRPS	LLC%hit	L2MRPS	L2%hit	POLL%	C1ACPI%	C2ACPI%	C3ACPI%	CPU%c1	CPU%c6	CPU%c7	CoreTmp	CoreThr	PkgTmp	GFX%rc6	GFXMHz	GFXAMHz	Totl%C0	Any%C0	GFX%C0	CPUGFX%	Pkg%pc2	Pkg%pc3	Pkg%pc6	Pkg%pc8	Pk%pc10	CPU%LPI	SYS%LPI	PkgWatt	CorWatt	GFXWatt	RAMWatt	PKG_%	RAM_%	UncMHz	SysWatt
-	-	915	27.59	3316	2919	0.14	12102	0	0	38	59.05	67	35.08	0.00	0.62	5.22	66.61	2.17	6.76	46.63	64	0	64	92.37	300	300	447.01	100.64	6.72	6.72	0.00	0.00	0.00	0.00	0.00	0.00	0.00	15.25	11.53	0.03	0.00	0.00	0.00	3200	4.71
0	0	78	6.32	1235	2918	0.93	686	0	0	5	91.79	7	25.51	0.00	1.12	24.67	68.42	6.21	33.62	47.14	55	0	64	92.36	300	300	446.98	100.63	6.71	6.71	0.00	0.00	0.00	0.00	0.00	0.00	0.00	15.25	11.52	0.03	0.00	0.00	0.00	3200
0	1	74	3.66	2025	2918	0.68	823	0	0	2	71.49	4	28.75	0.01	2.30	18.03	76.24	6.21
4	2	63	2.92	2165	2918	0.42	567	0	0	2	84.03	3	30.07	0.00	1.18	9.68	86.38	5.02	8.39	81.47	54	0
4	3	24	1.05	2256	2918	0.99	115	0	0	1	83.10	1	31.96	0.00	0.63	1.17	97.19	5.02
8	4	246	7.20	3419	2918	1.31	426	0	0	7	43.21	14	36.85	0.00	1.37	7.37	84.18	2.28	9.86	79.06	54	0
8	5	31	1.31	2356	2918	0.95	176	0	0	1	77.19	2	33.90	0.00	0.78	3.47	94.50	2.28
12	6	108	3.55	3054	2918	1.21	203	0	0	4	50.81	6	33.55	0.00	0.31	3.63	92.60	1.28	3.30	90.52	58	0
12	7	24	1.00	2438	2918	0.94	81	0	0	1	79.38	1	36.58	0.00	0.46	0.00	98.57	1.28
16	8	60	2.56	2357	2918	0.75	201	0	0	3	69.60	4	32.40	0.00	0.15	2.95	94.44	1.75	6.92	85.69	58	0
16	9	31	1.52	2058	2918	0.72	239	0	0	1	82.15	2	37.98	0.00	0.63	5.46	92.48	1.75
20	10	141	4.07	3461	2918	0.91	203	0	0	2	52.66	6	56.45	0.00	0.49	2.91	92.58	0.85	5.48	82.40	55	0
20	11	261	7.19	3631	2918	1.05	329	0	0	6	41.31	12	35.33	0.00	0.53	4.24	88.10	0.85
24	12	3374	99.77	3382	2918	0.07	2013	0	0	0	15.04	1	27.69	0.00	0.00	0.00	0.00	0.00	0.00	0.00	64	0
25	13	3374	99.77	3382	2918	0.07	2013	0	0	1	11.26	1	26.67	0.00	0.00	0.00	0.00	0.00	0.00	0.00	64	0
26	14	3374	99.77	3382	2918	0.07	2013	0	0	0	15.76	1	30.07	0.00	0.00	0.00	0.00	0.00	0.00	0.00	64	0
27	15	3373	99.77	3381	2918	0.07	2014	0	0	0	13.25	1	27.48	0.00	0.00	0.00	0.00	0.00	0.00	0.00	64	0
Core	CPU	Avg_MHz	Busy%	Bzy_MHz	TSC_MHz	IPC	IRQ	NMI	SMI	LLCMRPS	LLC%hit	L2MRPS	L2%hit	POLL%	C1ACPI%	C2ACPI%	C3ACPI%	CPU%c1	CPU%c6	CPU%c7	CoreTmp	CoreThr	PkgTmp	GFX%rc6	GFXMHz	GFXAMHz	Totl%C0	Any%C0	GFX%C0	CPUGFX%	Pkg%pc2	Pkg%pc3	Pkg%pc6	Pkg%pc8	Pk%pc10	CPU%LPI	SYS%LPI	PkgWatt	CorWatt	GFXWatt	RAMWatt	PKG_%	RAM_%	UncMHz	SysWatt
-	-	301	9.22	3256	2922	0.40	5633	1	0	35	53.51	70	39.05	0.00	0.70	4.56	85.71	10.99	31.97	43.74	63	0	65	92.59	300	300	151.86	48.42	6.55	4.15	6.18	0.02	4.86	2.69	0.00	0.00	0.00	9.92	6.16	0.03	0.00	0.00	0.00	3000	3.43
0	0	57	3.70	1538	2918	0.94	439	0	0	3	81.81	4	30.28	0.02	2.20	14.36	80.20	39.36	15.29	37.87	55	0	65	92.51	300	300	151.91	48.44	6.55	4.15	6.19	0.02	4.86	2.69	0.00	0.00	0.00	9.91	6.15	0.03	0.00	0.00	0.00	3000
0	1	40	2.47	1632	2918	0.37	675	0	0	1	71.30	2	28.69	0.01	1.08	15.44	81.19	39.36
4	2	84	3.47	2421	2918	0.92	404	0	0	3	69.28	5	37.26	0.00	1.57	8.68	86.49	11.16	6.07	78.16	55	0
4	3	17	0.68	2493	2918	1.05	53	0	0	1	71.93	1	36.40	0.00	0.30	0.14	98.91	11.16
8	4	239	6.54	3646	2918	1.27	361	0	0	5	50.12	12	46.27	0.00	0.51	7.27	85.85	7.35	6.73	77.65	63	0
8	5	25	1.08	2323	2918	0.87	114	0	0	1	80.63	1	32.47	0.01	0.79	1.30	96.88	7.35
12	6	238	6.49	3664	2918	1.38	338	0	0	7	40.09	15	35.48	0.01	1.50	3.35	88.77	7.02	3.11	82.77	53	0
12	7	23	0.74	3151	2918	1.05	50	0	0	1	56.91	1	36.58	0.00	0.05	0.83	98.40	7.02
16	8	158	4.82	3283	2918	1.25	325	0	0	6	49.88	11	34.97	0.00	0.59	4.99	89.77	12.47	5.49	74.87	59	0
16	9	15	1.12	1387	2918	0.42	213	0	0	1	75.21	1	37.29	0.00	0.91	3.07	95.00	12.47
20	10	69	2.10	3299	2918	0.85	153	0	0	1	67.89	4	60.86	0.00	0.41	3.48	94.09	7.30	3.12	86.00	54	0
20	11	20	1.01	1941	2918	0.78	89	0	0	1	79.78	1	25.86	0.00	0.44	1.06	97.55	7.30
24	12	970	28.94	3353	2918	0.20	665	1	0	1	33.92	2	36.55	0.00	0.32	4.09	66.62	3.03	67.72	0.00	59	0
25	13	1002	29.82	3360	2918	0.24	694	0	0	2	32.63	4	34.30	0.00	0.30	4.25	65.60	3.14	66.81	0.00	59	0
26	14	944	27.90	3383	2918	0.21	541	0	0	1	20.32	3	64.25	0.00	0.24	0.18	71.62	0.24	72.13	0.00	59	0
27	15	906	26.78	3383	2918	0.18	519	0	0	1	12.85	1	21.90	0.00	0.04	0.44	72.69	0.04	73.39	0.00	57	0
