Core	CPU	Avg_MHz	Busy%	Bzy_MHz	TSC_MHz	IPC	IRQ	NMI	SMI	LLCMRPS	LLC%hit	L2MRPS	L2%hit	POLL%	C1ACPI%	C2ACPI%	C3ACPI%	CPU%c1	CPU%c6	CPU%c7	CoreTmp	CoreThr	PkgTmp	GFX%rc6	GFXMHz	GFXAMHz	Totl%C0	Any%C0	GFX%C0	CPUGFX%	Pkg%pc2	Pkg%pc3	Pkg%pc6	Pkg%pc8	Pk%pc10	CPU%LPI	SYS%LPI	PkgWatt	CorWatt	GFXWatt	RAMWatt	PKG_%	RAM_%	UncMHz	SysWatt
-	-	1425	53.69	2654	2918	0.92	23984	1	0	348	19.94	689	40.01	0.08	3.89	4.53	37.91	7.74	2.67	15.47	70	0	70	97.21	300	300	759.70	100.61	2.58	2.58	0.00	0.00	0.00	0.00	0.00	0.00	0.00	24.81	18.81	0.01	0.00	0.00	0.00	1800	7.30
0	0	543	21.61	2515	2918	1.38	1379	0	0	14	29.65	28	40.86	0.05	4.91	23.72	50.06	12.11	10.09	22.39	69	0	70	97.24	300	300	759.93	100.64	2.58	2.58	0.00	0.00	0.00	0.00	0.00	0.00	0.00	24.82	18.82	0.01	0.00	0.00	0.00	1800
0	1	1124	42.25	2659	2918	1.83	1238	0	0	36	15.63	67	37.68	0.12	5.29	3.63	48.97	12.11
4	2	726	27.67	2624	2918	1.42	1234	0	0	21	16.89	37	37.56	0.07	5.29	6.06	61.10	15.52	2.80	35.18	62	0
4	3	744	28.17	2642	2918	1.86	891	0	0	18	20.63	40	46.02	0.03	4.54	4.74	62.64	15.52
8	4	1094	39.49	2769	2918	1.24	1243	0	0	24	21.97	54	48.58	0.09	4.66	2.73	53.16	4.53	0.01	0.03	66	0
8	5	2877	90.09	3193	2918	1.71	2272	0	0	72	23.38	145	37.18	0.17	5.21	0.59	4.14	4.53
12	6	1379	49.73	2773	2918	1.63	1756	0	0	42	21.44	86	41.75	0.22	5.36	4.95	40.06	5.83	3.26	27.89	63	0
12	7	1132	42.29	2677	2918	1.43	1318	0	0	30	16.27	56	38.57	0.16	4.92	0.97	51.90	5.83
16	8	1137	42.27	2690	2918	1.72	1572	0	0	33	18.57	67	41.04	0.15	6.52	3.69	47.63	10.97	2.36	34.24	70	0
16	9	698	25.93	2692	2918	1.25	961	0	0	19	14.36	34	34.73	0.06	4.48	5.65	64.04	10.97
20	10	779	29.60	2631	2918	1.49	1098	0	0	23	16.43	41	37.25	0.06	5.50	6.36	58.69	12.97	8.21	34.99	63	0
20	11	540	20.93	2579	2918	1.88	944	0	0	15	24.39	31	44.29	0.05	5.54	9.46	64.19	12.97
24	12	2507	99.77	2513	2918	0.07	2020	0	0	1	18.94	1	29.74	0.00	0.00	0.00	0.00	0.00	0.00	0.00	66	0
25	13	2507	99.77	2512	2918	0.07	2022	0	0	1	10.76	1	28.26	0.00	0.00	0.00	0.00	0.00	0.00	0.00	66	0
26	14	2506	99.77	2512	2918	0.07	2022	1	0	0	10.74	1	26.79	0.00	0.00	0.00	0.00	0.00	0.00	0.00	66	0
27	15	2506	99.77	2512	2918	0.07	2014	0	0	0	13.90	1	28.77	0.00	0.00	0.00	0.00	0.00	0.00	0.00	66	0
Core	CPU	Avg_MHz	Busy%	Bzy_MHz	TSC_MHz	IPC	IRQ	NMI	SMI	LLCMRPS	LLC%hit	L2MRPS	L2%hit	POLL%	C1ACPI%	C2ACPI%	C3ACPI%	CPU%c1	CPU%c6	CPU%c7	CoreTmp	CoreThr	PkgTmp	GFX%rc6	GFXMHz	GFXAMHz	Totl%C0	Any%C0	GFX%C0	CPUGFX%	Pkg%pc2	Pkg%pc3	Pkg%pc6	Pkg%pc8	Pk%pc10	CPU%LPI	SYS%LPI	PkgWatt	CorWatt	GFXWatt	RAMWatt	PKG_%	RAM_%	UncMHz	SysWatt
-	-	1502	62.27	2412	2919	1.03	27927	1	0	567	13.07	965	34.61	0.13	5.62	4.23	27.96	10.78	0.26	2.12	69	0	69	97.31	300	300	896.70	100.66	2.53	2.53	0.00	0.00	0.00	0.00	0.00	0.00	0.00	26.10	19.00	0.01	0.00	0.00	0.00	2000	7.72
0	0	1328	50.83	2612	2918	1.50	2102	0	0	46	13.64	80	35.23	0.13	7.90	13.77	27.71	15.25	0.00	0.00	68	0	69	97.27	300	300	896.44	100.64	2.53	2.53	0.00	0.00	0.00	0.00	0.00	0.00	0.00	26.09	18.99	0.01	0.00	0.00	0.00	2000
0	1	1539	58.83	2616	2918	1.53	2050	0	0	56	12.56	94	34.55	0.19	7.31	6.78	27.31	15.25
4	2	1780	68.26	2608	2918	1.64	2140	0	0	70	12.73	117	33.53	0.26	8.47	3.03	20.46	12.50	0.65	4.29	64	0
4	3	745	28.50	2613	2918	1.40	1234	0	0	24	14.47	43	37.48	0.08	5.87	11.19	54.56	12.50
8	4	1636	63.32	2584	2918	1.65	1792	0	0	64	13.58	107	34.01	0.25	8.02	2.85	25.98	15.36	0.41	3.75	65	0
8	5	803	30.51	2632	2918	1.51	1184	0	0	27	14.67	48	36.52	0.13	6.19	7.52	55.89	15.36
12	6	1626	62.77	2591	2918	1.56	1861	0	0	60	12.23	101	34.26	0.20	8.98	3.26	25.20	15.07	0.97	6.57	67	0
12	7	913	35.39	2581	2918	1.40	1220	0	0	28	13.46	50	37.30	0.08	6.67	3.97	54.09	15.08
16	8	1883	72.07	2613	2918	1.59	2019	0	0	71	12.40	120	33.95	0.25	8.38	1.58	18.20	12.54	0.20	3.19	69	0
16	9	868	32.98	2632	2918	1.39	1291	0	0	28	14.66	48	35.66	0.17	6.30	4.15	56.67	12.54
20	10	1735	66.99	2590	2918	1.63	1917	1	0	67	12.16	112	33.74	0.23	9.78	2.27	21.20	15.49	0.33	3.43	64	0
20	11	693	26.74	2592	2918	1.41	1058	0	0	22	14.70	39	36.15	0.07	6.03	7.34	59.98	15.49
24	12	2120	99.77	2125	2918	0.08	2014	0	0	1	10.55	2	20.58	0.00	0.00	0.00	0.00	0.00	0.00	0.00	67	0
25	13	2120	99.77	2125	2918	0.08	2016	0	0	1	7.27	2	24.80	0.00	0.00	0.00	0.00	0.00	0.00	0.00	67	0
26	14	2120	99.77	2125	2918	0.08	2014	0	0	1	5.32	2	18.67	0.00	0.00	0.00	0.00	0.00	0.00	0.00	66	0
27	15	2120	99.77	2125	2918	0.08	2015	0	0	1	6.46	2	19.33	0.00	0.00	0.00	0.00	0.00	0.00	0.00	67	0
Core	CPU	Avg_MHz	Busy%	Bzy_MHz	TSC_MHz	IPC	IRQ	NMI	SMI	LLCMRPS	LLC%hit	L2MRPS	L2%hit	POLL%	C1ACPI%	C2ACPI%	C3ACPI%	CPU%c1	CPU%c6	CPU%c7	CoreTmp	CoreThr	PkgTmp	GFX%rc6	GFXMHz	GFXAMHz	Totl%C0	Any%C0	GFX%C0	CPUGFX%	Pkg%pc2	Pkg%pc3	Pkg%pc6	Pkg%pc8	Pk%pc10	CPU%LPI	SYS%LPI	PkgWatt	CorWatt	GFXWatt	RAMWatt	PKG_%	RAM_%	UncMHz	SysWatt
-	-	1515	62.57	2422	2918	1.08	28222	0	0	539	14.73	959	36.74	0.12	6.13	4.36	27.00	9.40	0.87	3.16	70	0	71	97.21	300	300	890.51	100.63	2.59	2.59	0.00	0.00	0.00	0.00	0.00	0.00	0.00	26.27	19.33	0.01	0.00	0.00	0.00	1800	7.74
0	0	1706	65.43	2607	2918	1.68	2178	0	0	60	14.37	106	36.17	0.24	10.15	7.65	17.03	13.82	2.77	1.39	69	0	71	97.23	300	300	890.55	100.63	2.59	2.59	0.00	0.00	0.00	0.00	0.00	0.00	0.00	26.27	19.33	0.01	0.00	0.00	0.00	1800
0	1	1069	40.56	2636	2918	1.42	1835	0	0	35	14.57	61	36.14	0.12	8.46	11.61	39.57	13.83
4	2	1572	60.36	2604	2918	1.65	1870	0	0	57	13.70	98	35.64	0.17	8.16	3.96	27.72	17.10	0.34	4.60	64	0
4	3	892	34.65	2574	2918	1.58	1255	0	0	28	15.47	50	38.30	0.09	6.81	6.71	51.97	17.10
8	4	1331	51.75	2572	2918	1.78	1663	0	0	44	16.76	81	38.41	0.19	9.01	5.81	33.56	11.35	1.91	14.76	67	0
8	5	1001	38.47	2603	2918	1.42	1224	0	0	33	14.32	57	35.06	0.13	5.81	3.24	52.60	11.35
12	6	1222	46.64	2621	2918	1.60	1619	0	0	39	15.51	72	37.73	0.16	8.62	3.91	40.97	10.28	1.31	4.36	65	0
12	7	1605	61.06	2628	2918	1.61	1837	0	0	57	14.21	100	36.05	0.25	8.20	4.40	26.50	10.28
16	8	1843	70.05	2631	2918	1.69	2146	0	0	65	14.36	116	36.46	0.23	7.64	3.21	19.27	9.29	0.14	0.00	70	0
16	9	1208	46.14	2618	2918	1.51	1637	0	0	37	16.51	69	40.42	0.11	7.14	4.14	42.69	9.29
20	10	1291	49.06	2632	2918	1.68	1628	0	0	50	12.82	85	34.25	0.15	9.16	10.32	31.68	13.40	2.23	6.54	64	0
20	11	969	37.88	2557	2918	1.87	1271	0	0	32	16.17	59	38.66	0.10	8.89	4.83	48.54	13.40
24	12	2134	99.77	2139	2918	0.07	2014	0	0	0	18.79	1	28.13	0.00	0.00	0.00	0.00	0.00	0.00	0.00	68	0
25	13	2134	99.77	2139	2918	0.07	2016	0	0	0	9.60	1	27.16	0.00	0.00	0.00	0.00	0.00	0.00	0.00	68	0
26	14	2134	99.77	2139	2918	0.07	2014	0	0	0	9.49	1	25.87	0.00	0.00	0.00	0.00	0.00	0.00	0.00	68	0
27	15	2134	99.77	2139	2918	0.07	2015	0	0	0	10.68	1	26.04	0.00	0.00	0.00	0.00	0.00	0.00	0.00	68	0
Core	CPU	Avg_MHz	Busy%	Bzy_MHz	TSC_MHz	IPC	IRQ	NMI	SMI	LLCMRPS	LLC%hit	L2MRPS	L2%hit	POLL%	C1ACPI%	C2ACPI%	C3ACPI%	CPU%c1	CPU%c6	CPU%c7	CoreTmp	CoreThr	PkgTmp	GFX%rc6	GFXMHz	GFXAMHz	Totl%C0	Any%C0	GFX%C0	CPUGFX%	Pkg%pc2	Pkg%pc3	Pkg%pc6	Pkg%pc8	Pk%pc10	CPU%LPI	SYS%LPI	PkgWatt	CorWatt	GFXWatt	RAMWatt	PKG_%	RAM_%	UncMHz	SysWatt
-	-	1504	62.28	2414	2919	1.03	27870	1	0	567	13.13	965	34.83	0.12	5.80	4.21	27.80	8.48	0.77	3.20	73	0	73	97.21	300	300	898.46	100.64	2.58	2.58	0.00	0.00	0.00	0.00	0.00	0.00	0.00	26.21	19.05	0.01	0.00	0.00	0.00	2000	7.74
0	0	1422	55.14	2580	2918	1.60	1811	0	0	54	13.69	91	34.98	0.18	8.51	7.28	29.34	14.38	3.53	6.25	67	0	73	97.18	300	300	898.39	100.64	2.58	2.58	0.00	0.00	0.00	0.00	0.00	0.00	0.00	26.20	19.05	0.01	0.00	0.00	0.00	2000
0	1	869	33.92	2561	2918	1.51	1720	0	0	29	17.74	51	38.15	0.13	5.97	17.85	42.39	14.38
4	2	1251	47.97	2607	2918	1.64	1559	0	0	48	13.07	82	34.32	0.14	7.48	3.63	41.13	14.05	1.31	9.54	64	0
4	3	975	37.79	2579	2918	1.58	1212	0	0	35	13.60	59	35.45	0.14	6.70	5.72	49.93	14.05
8	4	1519	57.88	2625	2918	1.54	1917	0	0	55	12.97	93	34.80	0.17	9.88	6.87	25.56	9.61	0.23	1.22	69	0
8	5	1394	53.34	2614	2918	1.52	1598	0	0	50	12.62	85	34.19	0.16	6.69	4.30	35.84	9.61
12	6	1342	51.16	2623	2918	1.49	1749	1	0	47	13.10	81	34.74	0.16	7.89	3.75	37.36	8.92	0.41	4.56	68	0
12	7	1503	57.68	2605	2918	1.55	1709	0	0	54	12.46	93	34.95	0.19	7.61	1.66	33.21	8.93
16	8	1860	70.84	2625	2918	1.56	2095	0	0	69	11.93	115	33.70	0.23	9.42	2.02	17.95	10.07	0.33	0.86	73	0
16	9	1064	40.63	2618	2918	1.42	1477	0	0	35	12.85	60	35.83	0.12	7.23	3.70	48.58	10.07
20	10	1578	61.01	2586	2918	1.62	1758	0	0	61	12.84	102	34.05	0.17	8.12	4.26	26.82	10.82	1.91	9.60	67	0
20	11	782	30.05	2602	2918	1.47	1132	0	0	26	13.79	46	37.00	0.08	7.28	6.27	56.53	10.82
24	12	2124	99.77	2129	2918	0.08	2016	0	0	1	10.86	2	20.77	0.00	0.00	0.00	0.00	0.00	0.00	0.00	68	0
25	13	2124	99.77	2129	2918	0.09	2080	0	0	1	10.89	3	35.63	0.00	0.00	0.00	0.00	0.00	0.00	0.00	68	0
26	14	2124	99.77	2129	2918	0.08	2017	0	0	1	5.90	2	19.56	0.00	0.00	0.00	0.00	0.00	0.00	0.00	68	0
27	15	2124	99.77	2129	2918	0.08	2020	0	0	1	6.40	2	19.16	0.00	0.00	0.00	0.00	0.00	0.00	0.00	69	0
Core	CPU	Avg_MHz	Busy%	Bzy_MHz	TSC_MHz	IPC	IRQ	NMI	SMI	LLCMRPS	LLC%hit	L2MRPS	L2%hit	POLL%	C1ACPI%	C2ACPI%	C3ACPI%	CPU%c1	CPU%c6	CPU%c7	CoreTmp	CoreThr	PkgTmp	GFX%rc6	GFXMHz	GFXAMHz	Totl%C0	Any%C0	GFX%C0	CPUGFX%	Pkg%pc2	Pkg%pc3	Pkg%pc6	Pkg%pc8	Pk%pc10	CPU%LPI	SYS%LPI	PkgWatt	CorWatt	GFXWatt	RAMWatt	PKG_%	RAM_%	UncMHz	SysWatt
-	-	1506	62.54	2409	2917	1.09	27625	1	0	540	14.61	951	36.31	0.11	5.69	3.70	28.12	8.90	0.57	3.02	72	0	72	96.86	300	300	898.70	100.58	2.81	2.81	0.00	0.00	0.00	0.00	0.00	0.00	0.00	26.26	19.28	0.02	0.00	0.00	0.00	2000	7.73
0	0	1411	54.44	2592	2918	1.78	1865	0	0	50	15.15	89	36.94	0.16	8.09	7.66	30.03	12.67	0.20	1.92	72	0	72	96.96	300	300	899.19	100.63	2.81	2.81	0.00	0.00	0.00	0.00	0.00	0.00	0.00	26.29	19.30	0.02	0.00	0.00	0.00	2000
0	1	1197	45.87	2611	2918	1.62	1872	0	0	44	13.88	76	34.71	0.14	7.42	11.36	35.56	12.67
4	2	1281	49.30	2599	2918	1.69	1645	0	0	44	14.14	79	36.68	0.12	8.48	6.80	35.61	14.58	1.26	6.65	67	0
4	3	1124	43.74	2569	2918	1.67	1360	0	0	38	14.84	66	36.77	0.11	6.39	5.15	44.86	14.58
8	4	862	33.74	2556	2918	1.84	1210	0	0	28	17.31	53	39.31	0.11	7.89	6.11	52.39	9.50	1.58	10.47	69	0
8	5	1421	54.55	2604	2918	1.61	1451	0	0	51	13.17	87	35.01	0.17	6.15	2.39	37.04	9.50
12	6	1527	58.40	2614	2918	1.55	1836	0	0	56	13.44	96	34.72	0.18	7.80	3.80	30.20	10.77	2.44	3.76	65	0
12	7	1164	45.17	2577	2918	1.71	1446	0	0	35	18.25	65	40.11	0.18	5.86	4.00	45.05	10.77
16	8	1723	66.59	2588	2918	1.67	2007	1	0	58	14.34	103	36.63	0.16	9.72	1.77	22.11	12.85	0.02	5.73	71	0
16	9	1047	39.60	2643	2918	1.46	1406	0	0	34	14.38	60	35.80	0.12	6.81	3.95	49.76	12.85
20	10	2017	77.43	2605	2918	1.66	2246	0	0	76	13.51	129	34.65	0.24	9.61	0.89	12.29	10.82	0.21	1.71	67	0
20	11	854	32.57	2623	2918	1.39	1230	0	0	24	17.23	44	38.93	0.07	6.84	5.38	55.29	10.82
24	12	2118	99.77	2123	2918	0.07	2012	0	0	0	18.73	1	27.47	0.00	0.00	0.00	0.00	0.00	0.00	0.00	69	0
25	13	2118	99.77	2123	2918	0.07	2012	0	0	0	9.06	1	26.04	0.00	0.00	0.00	0.00	0.00	0.00	0.00	69	0
26	14	2119	99.77	2123	2918	0.07	2014	0	0	0	9.28	1	24.70	0.00	0.00	0.00	0.00	0.00	0.00	0.00	69	0
27	15	2119	99.77	2123	2918	0.07	2013	0	0	0	11.41	1	25.04	0.00	0.00	0.00	0.00	0.00	0.00	0.00	70	0
Core	CPU	Avg_MHz	Busy%	Bzy_MHz	TSC_MHz	IPC	IRQ	NMI	SMI	LLCMRPS	LLC%hit	L2MRPS	L2%hit	POLL%	C1ACPI%	C2ACPI%	C3ACPI%	CPU%c1	CPU%c6	CPU%c7	CoreTmp	CoreThr	PkgTmp	GFX%rc6	GFXMHz	GFXAMHz	Totl%C0	Any%C0	GFX%C0	CPUGFX%	Pkg%pc2	Pkg%pc3	Pkg%pc6	Pkg%pc8	Pk%pc10	CPU%LPI	SYS%LPI	PkgWatt	CorWatt	GFXWatt	RAMWatt	PKG_%	RAM_%	UncMHz	SysWatt
-	-	1442	58.31	2472	2919	0.96	26709	2	0	511	14.34	863	34.28	0.11	5.35	4.97	31.46	8.49	2.24	7.02	73	0	73	96.96	300	300	845.42	100.69	2.89	2.89	0.00	0.00	0.00	0.00	0.00	0.00	0.00	25.32	18.47	0.02	0.00	0.00	0.00	3700	7.49
0	0	1508	57.45	2625	2918	1.55	2075	0	0	56	15.20	93	33.65	0.24	8.10	11.82	22.90	10.60	4.47	7.52	64	0	73	96.88	300	300	844.96	100.63	2.89	2.89	0.00	0.00	0.00	0.00	0.00	0.00	0.00	25.30	18.45	0.02	0.00	0.00	0.00	3700
0	1	1065	40.73	2615	2918	1.43	1767	0	0	36	13.76	62	34.94	0.10	7.20	11.36	40.93	10.60
4	2	1024	39.89	2568	2918	1.57	1510	0	0	39	14.35	64	33.67	0.14	7.32	7.49	45.51	13.04	4.16	18.66	62	0
4	3	916	35.33	2594	2918	1.54	1258	0	0	33	14.16	56	34.43	0.09	6.45	6.56	51.82	13.04
8	4	976	37.57	2597	2918	1.57	1383	0	0	37	14.70	63	34.76	0.15	7.17	7.35	48.09	9.82	5.50	15.36	65	0
8	5	1160	44.70	2596	2918	1.56	1469	0	0	43	13.66	73	34.38	0.13	6.26	7.38	41.84	9.82
12	6	1386	50.99	2718	2918	1.57	1664	0	0	49	20.71	83	34.31	0.16	7.67	4.86	36.63	12.60	2.85	10.25	63	0
12	7	1087	41.50	2619	2918	1.52	1444	0	0	38	13.16	66	34.90	0.12	6.32	5.10	47.25	12.60
16	8	1393	53.17	2620	2918	1.51	1725	0	0	50	12.96	85	33.72	0.12	8.44	4.85	33.75	11.66	3.21	9.23	69	0
16	9	1146	43.41	2641	2918	1.48	1417	0	0	39	13.18	67	35.25	0.15	6.93	4.23	45.60	11.67
20	10	1593	60.49	2634	2918	1.63	1856	0	0	62	12.19	104	33.78	0.19	8.18	3.39	28.17	10.23	2.23	9.19	64	0
20	11	743	28.75	2583	2918	1.50	1068	0	0	26	13.48	44	35.01	0.08	5.55	5.15	60.66	10.23
24	12	2265	99.77	2270	2918	0.07	2018	1	0	0	17.84	1	28.14	0.00	0.00	0.00	0.00	0.00	0.00	0.00	73	0
25	13	2266	99.77	2271	2918	0.07	2018	1	0	1	9.71	1	27.01	0.00	0.00	0.00	0.00	0.00	0.00	0.00	73	0
26	14	2266	99.77	2271	2918	0.07	2018	0	0	0	9.23	1	25.61	0.00	0.00	0.00	0.00	0.00	0.00	0.00	73	0
27	15	2267	99.77	2272	2918	0.07	2019	0	0	0	11.57	1	26.10	0.00	0.00	0.00	0.00	0.00	0.00	0.00	73	0
Core	CPU	Avg_MHz	Busy%	Bzy_MHz	TSC_MHz	IPC	IRQ	NMI	SMI	LLCMRPS	LLC%hit	L2MRPS	L2%hit	POLL%	C1ACPI%	C2ACPI%	C3ACPI%	CPU%c1	CPU%c6	CPU%c7	CoreTmp	CoreThr	PkgTmp	GFX%rc6	GFXMHz	GFXAMHz	Totl%C0	Any%C0	GFX%C0	CPUGFX%	Pkg%pc2	Pkg%pc3	Pkg%pc6	Pkg%pc8	Pk%pc10	CPU%LPI	SYS%LPI	PkgWatt	CorWatt	GFXWatt	RAMWatt	PKG_%	RAM_%	UncMHz	SysWatt
-	-	898	26.93	3334	2918	0.13	11132	2	0	27	50.61	53	37.88	0.00	0.67	3.94	68.46	16.63	2.17	41.30	73	0	73	97.31	300	300	434.60	100.63	2.49	2.49	0.00	0.00	0.00	0.00	0.00	0.00	0.00	15.68	11.89	0.01	0.00	0.00	0.00	3600	4.80
0	0	146	7.16	2042	2918	1.39	843	0	0	5	47.23	10	36.95	0.00	1.77	24.92	66.44	85.13	2.33	5.07	65	0	73	97.31	300	300	434.61	100.64	2.49	2.49	0.00	0.00	0.00	0.00	0.00	0.00	0.00	15.68	11.89	0.01	0.00	0.00	0.00	3600
0	1	21	0.90	2357	2918	1.03	167	0	0	1	69.18	1	43.41	0.00	0.93	2.76	95.44	85.13
4	2	31	1.33	2341	2918	0.69	297	0	0	1	72.37	2	30.81	0.00	1.71	2.58	94.44	14.22	2.04	79.60	61	0
4	3	87	2.65	3290	2918	0.80	144	0	0	1	50.13	4	69.87	0.00	0.49	2.25	94.63	14.22
8	4	60	2.44	2447	2918	0.78	398	0	0	2	73.06	3	42.64	0.00	1.28	11.21	85.20	15.00	8.52	70.57	63	0
8	5	107	3.23	3314	2918	0.25	195	0	0	1	86.15	1	47.36	0.00	0.40	4.32	92.12	15.00
12	6	188	5.60	3353	2918	1.60	283	0	0	5	50.19	11	45.24	0.00	0.66	3.57	90.23	3.34	3.17	86.54	62	0
12	7	25	1.01	2471	2918	1.08	63	0	0	1	81.29	2	34.01	0.00	0.35	0.48	98.19	3.34
16	8	30	1.62	1876	2918	0.77	294	0	0	1	75.27	2	33.80	0.00	1.07	7.93	89.48	11.42	4.20	81.78	67	0
16	9	19	0.89	2120	2918	1.00	88	0	0	1	83.35	1	34.06	0.00	0.71	0.97	97.47	11.42
20	10	135	4.00	3384	2918	1.19	201	0	0	5	43.53	8	27.04	0.00	1.09	1.13	93.81	3.90	1.48	89.50	64	0
20	11	20	0.91	2246	2918	0.87	93	0	0	1	80.73	1	31.93	0.00	0.27	0.88	97.98	3.90
24	12	3373	99.77	3381	2918	0.07	2013	0	0	1	10.76	2	20.65	0.00	0.00	0.00	0.00	0.00	0.00	0.00	71	0
25	13	3373	99.77	3381	2918	0.07	2017	0	0	1	9.11	2	23.00	0.00	0.00	0.00	0.00	0.00	0.00	0.00	71	0
26	14	3373	99.77	3381	2918	0.07	2020	1	0	1	8.83	2	22.08	0.00	0.00	0.00	0.00	0.00	0.00	0.00	71	0
27	15	3373	99.77	3381	2918	0.07	2016	1	0	1	8.69	2	19.35	0.00	0.00	0.00	0.00	0.00	0.00	0.00	73	0
Core	CPU	Avg_MHz	Busy%	Bzy_MHz	TSC_MHz	IPC	IRQ	NMI	SMI	LLCMRPS	LLC%hit	L2MRPS	L2%hit	POLL%	C1ACPI%	C2ACPI%	C3ACPI%	CPU%c1	CPU%c6	CPU%c7	CoreTmp	CoreThr	PkgTmp	GFX%rc6	GFXMHz	GFXAMHz	Totl%C0	Any%C0	GFX%C0	CPUGFX%	Pkg%pc2	Pkg%pc3	Pkg%pc6	Pkg%pc8	Pk%pc10	CPU%LPI	SYS%LPI	PkgWatt	CorWatt	GFXWatt	RAMWatt	PKG_%	RAM_%	UncMHz	SysWatt
-	-	906	26.82	3376	2918	0.13	11192	0	0	30	57.47	53	35.51	0.00	0.47	4.69	68.03	6.21	5.18	46.52	73	0	72	97.16	300	300	434.54	100.64	2.62	2.62	0.00	0.00	0.00	0.00	0.00	0.00	0.00	15.42	11.72	0.01	0.00	0.00	0.00	3700	4.74
0	0	369	13.22	2788	2918	1.27	1147	0	0	16	49.35	25	27.05	0.01	1.32	34.46	51.41	30.88	22.44	30.58	61	0	72	97.16	300	300	434.54	100.63	2.62	2.62	0.00	0.00	0.00	0.00	0.00	0.00	0.00	15.42	11.72	0.01	0.00	0.00	0.00	3700
0	1	32	1.21	2606	2918	0.94	175	0	0	1	78.82	2	36.24	0.00	1.23	2.00	95.61	30.88
4	2	34	1.30	2605	2918	0.60	201	0	0	1	73.03	2	28.44	0.01	0.89	0.95	96.91	3.60	3.07	89.76	61	0
4	3	66	2.06	3195	2918	0.93	126	0	0	1	60.55	4	66.17	0.00	0.26	2.34	95.39	3.60
8	4	49	2.02	2429	2918	1.18	287	0	0	2	68.08	3	47.81	0.00	0.33	7.93	89.83	2.06	10.69	83.52	62	0
8	5	22	1.27	1724	2918	0.97	198	0	0	1	86.81	2	28.63	0.00	0.31	5.71	92.80	2.06
12	6	77	2.61	2937	2918	2.05	216	0	0	2	70.60	5	62.96	0.00	0.36	5.63	91.47	3.98	5.86	85.94	62	0
12	7	20	0.94	2161	2918	1.01	115	0	0	1	88.79	1	28.46	0.00	0.36	2.24	96.51	3.98
16	8	52	2.08	2478	2918	0.69	240	0	0	1	72.46	2	34.31	0.00	0.43	4.88	92.71	0.90	5.30	90.60	67	0
16	9	24	1.02	2334	2918	0.92	102	0	0	1	82.35	1	33.49	0.01	0.50	1.32	97.21	0.90
20	10	30	1.44	2056	2918	0.90	202	0	0	1	76.17	2	29.93	0.00	1.35	4.26	93.02	8.28	4.47	84.80	63	0
20	11	19	0.89	2117	2918	0.83	128	0	0	1	82.69	1	35.02	0.00	0.21	3.33	95.62	8.28
24	12	3424	99.77	3432	2918	0.07	2013	0	0	1	17.30	1	29.48	0.00	0.00	0.00	0.00	0.00	0.00	0.00	73	0
25	13	3424	99.77	3432	2918	0.07	2013	0	0	1	11.81	1	28.05	0.00	0.00	0.00	0.00	0.00	0.00	0.00	72	0
26	14	3424	99.77	3432	2918	0.07	2015	0	0	0	11.26	1	26.74	0.00	0.00	0.00	0.00	0.00	0.00	0.00	71	0
27	15	3424	99.77	3432	2918	0.07	2014	0	0	0	13.29	1	27.17	0.00	0.00	0.00	0.00	0.00	0.00	0.00	71	0
Core	CPU	Avg_MHz	Busy%	Bzy_MHz	TSC_MHz	IPC	IRQ	NMI	SMI	LLCMRPS	LLC%hit	L2MRPS	L2%hit	POLL%	C1ACPI%	C2ACPI%	C3ACPI%	CPU%c1	CPU%c6	CPU%c7	CoreTmp	CoreThr	PkgTmp	GFX%rc6	GFXMHz	GFXAMHz	Totl%C0	Any%C0	GFX%C0	CPUGFX%	Pkg%pc2	Pkg%pc3	Pkg%pc6	Pkg%pc8	Pk%pc10	CPU%LPI	SYS%LPI	PkgWatt	CorWatt	GFXWatt	RAMWatt	PKG_%	RAM_%	UncMHz	SysWatt
-	-	918	27.04	3395	2919	0.13	10852	0	0	32	58.36	56	33.88	0.00	0.33	3.79	68.87	0.73	5.49	49.90	73	0	73	97.21	300	300	439.22	100.63	2.59	2.59	0.00	0.00	0.00	0.00	0.00	0.00	0.00	15.43	11.74	0.01	0.00	0.00	0.00	3700	4.74
0	0	51	5.35	944	2918	0.83	518	0	0	4	97.76	5	17.17	0.00	0.53	20.20	74.42	1.25	19.89	67.40	63	0	73	97.20	300	300	439.22	100.63	2.59	2.59	0.00	0.00	0.00	0.00	0.00	0.00	0.00	15.43	11.74	0.01	0.00	0.00	0.00	3700
0	1	26	1.22	2139	2918	0.86	142	0	0	1	84.94	2	31.05	0.00	0.51	1.10	97.23	1.25
4	2	38	1.49	2555	2918	0.45	261	0	0	1	70.22	2	28.20	0.00	0.48	2.99	95.11	0.70	5.51	88.86	60	0
4	3	98	3.03	3228	2918	0.80	183	0	0	2	68.50	5	59.52	0.00	0.28	3.05	93.70	0.70
8	4	128	4.18	3055	2918	1.83	298	0	0	3	69.90	8	62.55	0.00	0.77	5.21	89.93	1.03	6.18	84.99	62	0
8	5	117	3.42	3430	2918	0.26	151	0	0	1	84.99	1	43.48	0.02	0.53	2.08	94.04	1.03
12	6	200	6.03	3319	2918	1.07	496	0	0	7	46.24	10	26.43	0.00	0.80	10.96	82.34	1.94	11.34	79.13	60	0
12	7	31	1.19	2649	2918	1.16	110	0	0	1	76.56	2	34.52	0.00	0.46	2.22	96.18	1.94
16	8	60	1.86	3250	2918	1.15	138	0	0	2	43.40	3	26.46	0.00	0.17	2.18	95.83	0.33	4.97	91.56	67	0
16	9	22	1.01	2191	2918	1.14	129	0	0	1	81.18	1	29.00	0.00	0.15	3.11	95.79	0.33
20	10	138	4.06	3394	2918	1.15	233	0	0	5	48.59	8	27.63	0.00	0.20	3.03	92.77	0.56	7.03	87.07	63	0
20	11	13	0.75	1697	2918	0.38	126	0	0	1	90.80	1	25.65	0.00	0.33	4.43	94.55	0.56
24	12	3442	99.77	3450	2918	0.07	2022	0	0	1	13.13	2	26.22	0.00	0.00	0.00	0.00	0.00	0.00	0.00	73	0
25	13	3442	99.77	3450	2918	0.07	2016	0	0	1	8.13	2	20.31	0.00	0.00	0.00	0.00	0.00	0.00	0.00	73	0
26	14	3442	99.77	3450	2918	0.07	2015	0	0	1	7.76	2	20.05	0.00	0.00	0.00	0.00	0.00	0.00	0.00	73	0
27	15	3442	99.77	3450	2918	0.07	2014	0	0	1	8.13	2	19.91	0.00	0.00	0.00	0.00	0.00	0.00	0.00	73	0
Core	CPU	Avg_MHz	Busy%	Bzy_MHz	TSC_MHz	IPC	IRQ	NMI	SMI	LLCMRPS	LLC%hit	L2MRPS	L2%hit	POLL%	C1ACPI%	C2ACPI%	C3ACPI%	CPU%c1	CPU%c6	CPU%c7	CoreTmp	CoreThr	PkgTmp	GFX%rc6	GFXMHz	GFXAMHz	Totl%C0	Any%C0	GFX%C0	CPUGFX%	Pkg%pc2	Pkg%pc3	Pkg%pc6	Pkg%pc8	Pk%pc10	CPU%LPI	SYS%LPI	PkgWatt	CorWatt	GFXWatt	RAMWatt	PKG_%	RAM_%	UncMHz	SysWatt
-	-	913	26.92	3393	2918	0.13	11035	1	0	31	59.64	55	34.75	0.00	0.40	3.98	68.72	0.95	5.68	49.80	71	0	71	96.76	300	300	436.97	100.63	2.97	2.97	0.00	0.00	0.00	0.00	0.00	0.00	0.00	15.33	11.68	0.02	0.00	0.00	0.00	3500	4.72
0	0	169	8.34	2023	2918	1.19	789	0	0	8	67.37	12	25.57	0.00	0.77	25.09	66.30	1.30	25.20	57.60	61	0	71	96.77	300	300	436.97	100.63	2.97	2.97	0.00	0.00	0.00	0.00	0.00	0.00	0.00	15.33	11.68	0.02	0.00	0.00	0.00	3500
0	1	109	3.42	3193	2918	0.80	262	0	0	2	67.93	5	57.84	0.00	0.72	2.92	93.01	1.30
4	2	64	2.22	2866	2918	0.86	224	0	0	2	63.10	3	33.02	0.00	0.48	2.63	94.75	0.93	4.27	91.23	60	0
4	3	26	1.15	2262	2918	0.80	142	0	0	1	82.68	2	32.72	0.00	0.51	2.26	96.14	0.93
8	4	236	6.83	3457	2918	1.25	432	0	0	8	44.38	13	32.69	0.00	0.92	5.66	86.68	1.60	9.37	80.77	63	0
8	5	37	1.45	2524	2918	0.82	191	0	0	1	78.66	2	34.58	0.00	0.77	4.46	93.39	1.60
12	6	57	2.08	2742	2918	1.03	239	0	0	2	55.17	3	26.36	0.00	0.49	6.59	90.94	0.67	7.12	88.65	61	0
12	7	22	0.93	2413	2918	1.10	75	0	0	1	84.13	1	30.51	0.00	0.15	0.83	98.13	0.67
16	8	25	0.87	2856	2918	1.80	152	0	0	1	73.09	2	59.59	0.00	0.30	2.17	96.69	2.14	6.35	88.92	67	0
16	9	23	1.16	1940	2918	1.01	185	0	0	1	87.63	2	25.93	0.01	0.49	4.76	93.67	2.14
20	10	66	2.15	3053	2918	1.75	143	0	0	2	69.21	4	51.02	0.00	0.16	1.60	96.15	0.95	4.50	90.86	64	0
20	11	22	0.95	2319	2918	0.13	140	0	0	0	88.66	1	27.28	0.03	0.59	4.73	93.79	0.95
24	12	3439	99.77	3447	2918	0.07	2018	1	0	1	18.22	1	30.35	0.00	0.00	0.00	0.00	0.00	0.00	0.00	71	0
25	13	3439	99.77	3447	2918	0.07	2014	0	0	0	10.88	1	26.23	0.00	0.00	0.00	0.00	0.00	0.00	0.00	71	0
26	14	3439	99.77	3447	2918	0.07	2014	0	0	1	9.98	1	26.02	0.00	0.00	0.00	0.00	0.00	0.00	0.00	71	0
27	15	3439	99.77	3447	2918	0.07	2015	0	0	1	11.85	1	26.90	0.00	0.00	0.00	0.00	0.00	0.00	0.00	71	0
Core	CPU	Avg_MHz	Busy%	Bzy_MHz	TSC_MHz	IPC	IRQ	NMI	SMI	LLCMRPS	LLC%hit	L2MRPS	L2%hit	POLL%	C1ACPI%	C2ACPI%	C3ACPI%	CPU%c1	CPU%c6	CPU%c7	CoreTmp	CoreThr	PkgTmp	GFX%rc6	GFXMHz	GFXAMHz	Totl%C0	Any%C0	GFX%C0	CPUGFX%	Pkg%pc2	Pkg%pc3	Pkg%pc6	Pkg%pc8	Pk%pc10	CPU%LPI	SYS%LPI	PkgWatt	CorWatt	GFXWatt	RAMWatt	PKG_%	RAM_%	UncMHz	SysWatt
-	-	922	27.83	3313	2919	0.15	14103	3	0	39	62.92	74	41.87	0.00	1.10	8.75	62.38	3.64	9.52	42.46	73	0	71	97.51	300	300	451.13	100.64	2.27	2.27	0.00	0.00	0.00	0.00	0.00	0.00	0.00	15.72	11.95	0.01	0.00	0.00	0.00	3500	4.82
0	0	121	7.99	1512	2918	1.41	887	0	0	6	93.85	11	42.54	0.00	1.52	28.21	62.84	4.58	29.19	50.36	63	0	71	97.50	300	300	451.12	100.63	2.27	2.27	0.00	0.00	0.00	0.00	0.00	0.00	0.00	15.72	11.95	0.01	0.00	0.00	0.00	3500
0	1	108	3.90	2763	2918	0.95	478	0	0	2	71.12	7	59.24	0.00	1.95	10.61	83.69	4.58
4	2	70	2.95	2368	2918	0.52	582	0	0	2	75.39	4	41.22	0.01	2.95	10.55	83.70	6.82	12.09	76.15	60	0
4	3	47	2.11	2215	2918	0.88	400	0	0	2	67.03	3	32.09	0.00	1.14	10.16	86.70	6.82
8	4	287	8.30	3459	2918	1.19	626	0	0	10	42.05	17	31.76	0.01	1.41	10.27	80.14	4.21	13.39	70.16	62	0
8	5	140	4.25	3286	2918	0.40	421	0	0	2	76.37	3	42.00	0.00	1.24	9.45	85.16	4.21
12	6	59	2.88	2047	2918	0.93	504	0	0	2	79.12	5	67.80	0.00	1.13	15.81	80.36	4.10	16.68	73.89	61	0
12	7	34	1.67	2012	2918	0.85	320	0	0	1	83.81	2	35.45	0.01	0.78	8.14	89.51	4.10
16	8	95	3.39	2812	2918	1.72	501	0	0	2	70.84	6	58.40	0.01	1.27	9.00	86.45	4.21	11.33	79.10	67	0
16	9	30	1.63	1813	2918	0.77	367	0	0	1	85.20	2	33.58	0.00	1.37	9.05	88.06	4.21
20	10	143	4.67	3066	2918	1.20	507	0	0	5	46.78	9	35.61	0.00	1.75	8.25	85.44	5.16	12.55	74.97	64	0
20	11	59	2.46	2404	2918	0.69	385	0	0	2	78.93	3	37.70	0.02	1.11	10.56	86.00	5.16
24	12	3390	99.77	3398	2918	0.07	2030	0	0	1	19.61	1	31.21	0.00	0.00	0.00	0.00	0.00	0.00	0.00	71	0
25	13	3390	99.77	3398	2918	0.07	2032	1	0	0	11.67	1	27.87	0.00	0.00	0.00	0.00	0.00	0.00	0.00	73	0
26	14	3390	99.77	3398	2918	0.07	2030	1	0	1	11.23	1	27.25	0.00	0.00	0.00	0.00	0.00	0.00	0.00	73	0
27	15	3390	99.77	3398	2918	0.07	2033	1	0	0	14.03	1	28.93	0.00	0.00	0.00	0.00	0.00	0.00	0.00	73	0
Core	CPU	Avg_MHz	Busy%	Bzy_MHz	TSC_MHz	IPC	IRQ	NMI	SMI	LLCMRPS	LLC%hit	L2MRPS	L2%hit	POLL%	C1ACPI%	C2ACPI%	C3ACPI%	CPU%c1	CPU%c6	CPU%c7	CoreTmp	CoreThr	PkgTmp	GFX%rc6	GFXMHz	GFXAMHz	Totl%C0	Any%C0	GFX%C0	CPUGFX%	Pkg%pc2	Pkg%pc3	Pkg%pc6	Pkg%pc8	Pk%pc10	CPU%LPI	SYS%LPI	PkgWatt	CorWatt	GFXWatt	RAMWatt	PKG_%	RAM_%	UncMHz	SysWatt
-	-	913	26.95	3389	2918	0.13	11223	0	0	32	58.54	56	32.39	0.00	0.50	4.69	67.87	1.27	6.36	48.71	71	0	73	97.66	300	300	437.83	100.62	2.10	2.10	0.00	0.00	0.00	0.00	0.00	0.00	0.00	15.44	11.75	0.01	0.00	0.00	0.00	3200	4.74
0	0	60	5.87	1026	2918	0.85	444	0	0	5	97.24	6	17.89	0.00	0.62	16.69	77.35	1.65	18.43	65.77	61	0	73	97.70	300	300	437.90	100.64	2.10	2.10	0.00	0.00	0.00	0.00	0.00	0.00	0.00	15.44	11.75	0.01	0.00	0.00	0.00	3200
0	1	103	3.17	3241	2918	0.75	258	0	0	2	66.37	5	61.58	0.00	0.86	3.80	92.24	1.65
4	2	42	1.93	2170	2918	0.27	361	0	0	1	79.63	2	30.30	0.00	0.43	9.72	88.05	1.04	9.67	85.78	60	0
4	3	19	0.93	2068	2918	0.85	123	0	0	1	74.76	1	24.93	0.00	0.35	2.49	96.28	1.04
8	4	367	9.99	3669	2918	1.17	541	0	0	13	41.20	21	28.14	0.00	1.06	5.80	83.23	2.36	7.67	79.04	66	0
8	5	35	1.19	2951	2918	1.11	206	0	0	1	70.26	2	39.11	0.00	1.05	3.17	94.64	2.36
12	6	11	0.91	1217	2918	0.58	231	0	0	1	83.66	1	22.61	0.00	0.29	8.21	90.69	0.79	10.87	86.02	61	0
12	7	17	0.88	1887	2918	0.99	132	0	0	1	87.63	1	27.12	0.00	0.04	4.21	94.93	0.79
16	8	18	1.12	1576	2918	0.44	230	0	0	1	83.11	1	28.22	0.00	0.92	5.80	92.25	3.08	8.63	84.95	66	0
16	9	23	1.35	1718	2918	0.93	177	0	0	1	87.81	2	27.58	0.00	0.97	4.07	93.70	3.08
20	10	100	3.50	2869	2918	1.80	311	0	0	2	72.38	6	56.25	0.00	0.89	7.24	88.48	1.24	8.38	85.55	65	0
20	11	30	1.21	2461	2918	0.45	138	0	0	1	86.70	1	36.67	0.00	0.50	3.83	94.53	1.24
24	12	3447	99.77	3455	2918	0.07	2015	0	0	1	11.86	2	21.51	0.00	0.00	0.00	0.00	0.00	0.00	0.00	71	0
25	13	3447	99.77	3455	2918	0.07	2027	0	0	1	9.61	2	24.56	0.00	0.00	0.00	0.00	0.00	0.00	0.00	71	0
26	14	3447	99.77	3455	2918	0.07	2014	0	0	1	7.17	2	19.11	0.00	0.00	0.00	0.00	0.00	0.00	0.00	71	0
27	15	3447	99.77	3455	2918	0.07	2015	0	0	1	8.65	2	19.61	0.00	0.00	0.00	0.00	0.00	0.00	0.00	71	0
Core	CPU	Avg_MHz	Busy%	Bzy_MHz	TSC_MHz	IPC	IRQ	NMI	SMI	LLCMRPS	LLC%hit	L2MRPS	L2%hit	POLL%	C1ACPI%	C2ACPI%	C3ACPI%	CPU%c1	CPU%c6	CPU%c7	CoreTmp	CoreThr	PkgTmp	GFX%rc6	GFXMHz	GFXAMHz	Totl%C0	Any%C0	GFX%C0	CPUGFX%	Pkg%pc2	Pkg%pc3	Pkg%pc6	Pkg%pc8	Pk%pc10	CPU%LPI	SYS%LPI	PkgWatt	CorWatt	GFXWatt	RAMWatt	PKG_%	RAM_%	UncMHz	SysWatt
-	-	919	27.05	3396	2919	0.13	10936	0	0	30	59.82	53	35.34	0.00	0.38	4.24	68.37	0.98	6.08	49.22	73	0	71	97.31	300	300	438.85	100.65	2.50	2.50	0.00	0.00	0.00	0.00	0.00	0.00	0.00	15.37	11.73	0.01	0.00	0.00	0.00	3600	4.72
0	0	143	7.58	1885	2918	1.60	642	0	0	5	88.51	10	45.17	0.00	0.46	23.24	69.22	1.38	23.12	60.67	63	0	71	97.27	300	300	438.79	100.63	2.50	2.50	0.00	0.00	0.00	0.00	0.00	0.00	0.00	15.36	11.72	0.01	0.00	0.00	0.00	3600
0	1	105	3.30	3171	2918	0.75	232	0	0	2	68.83	5	60.50	0.00	0.50	2.99	93.28	1.38
4	2	38	1.53	2457	2918	0.41	211	0	0	1	76.19	2	35.29	0.00	0.76	3.46	94.32	1.24	6.23	89.18	60	0
4	3	30	1.39	2184	2918	0.89	153	0	0	1	78.14	2	27.41	0.00	0.47	3.51	94.70	1.24
8	4	37	1.65	2222	2918	0.51	250	0	0	1	86.50	1	32.19	0.00	0.44	6.92	91.10	2.42	9.64	82.88	62	0
8	5	106	2.99	3545	2918	0.25	200	0	0	1	85.45	1	43.97	0.00	0.70	3.28	93.08	2.42
12	6	50	2.00	2514	2918	1.07	254	0	0	2	62.13	3	25.81	0.00	0.32	8.45	89.34	0.91	9.42	87.11	61	0
12	7	2	0.21	1098	2918	0.25	57	0	0	0	91.35	0	23.87	0.00	0.22	2.21	97.39	0.91
16	8	36	1.75	2077	2918	0.72	244	0	0	2	81.34	3	28.84	0.00	0.90	4.37	93.08	1.10	6.11	89.48	65	0
16	9	13	0.80	1597	2918	0.83	95	0	0	1	83.35	1	30.09	0.00	0.18	2.18	96.90	1.10
20	10	340	9.17	3709	2918	1.15	414	0	0	11	39.81	19	27.80	0.00	0.56	4.43	85.90	0.81	6.32	82.85	63	0
20	11	43	1.41	3025	2918	1.08	125	0	0	1	70.77	2	36.75	0.00	0.49	2.80	95.35	0.81
24	12	3440	99.77	3448	2918	0.07	2014	0	0	0	18.27	1	29.62	0.00	0.00	0.00	0.00	0.00	0.00	0.00	71	0
25	13	3440	99.77	3448	2918	0.07	2016	0	0	0	11.88	1	27.05	0.00	0.00	0.00	0.00	0.00	0.00	0.00	71	0
26	14	3440	99.77	3448	2918	0.07	2014	0	0	1	10.53	1	25.98	0.00	0.00	0.00	0.00	0.00	0.00	0.00	73	0
27	15	3440	99.77	3448	2918	0.07	2015	0	0	1	11.63	1	27.02	0.00	0.00	0.00	0.00	0.00	0.00	0.00	71	0
Core	CPU	Avg_MHz	Busy%	Bzy_MHz	TSC_MHz	IPC	IRQ	NMI	SMI	LLCMRPS	LLC%hit	L2MRPS	L2%hit	POLL%	C1ACPI%	C2ACPI%	C3ACPI%	CPU%c1	CPU%c6	CPU%c7	CoreTmp	CoreThr	PkgTmp	GFX%rc6	GFXMHz	GFXAMHz	Totl%C0	Any%C0	GFX%C0	CPUGFX%	Pkg%pc2	Pkg%pc3	Pkg%pc6	Pkg%pc8	Pk%pc10	CPU%LPI	SYS%LPI	PkgWatt	CorWatt	GFXWatt	RAMWatt	PKG_%	RAM_%	UncMHz	SysWatt
-	-	912	26.81	3402	2919	0.13	10775	0	0	30	61.08	52	35.01	0.00	0.31	4.19	68.72	0.73	6.05	49.82	73	0	71	97.11	300	300	435.47	100.64	2.68	2.68	0.00	0.00	0.00	0.00	0.00	0.00	0.00	15.28	11.66	0.01	0.00	0.00	0.00	3700	4.69
0	0	69	5.72	1200	2918	1.27	646	0	0	4	93.48	6	29.62	0.00	0.26	26.92	67.60	0.59	28.30	58.91	61	0	71	97.11	300	300	435.47	100.64	2.68	2.68	0.00	0.00	0.00	0.00	0.00	0.00	0.00	15.27	11.66	0.01	0.00	0.00	0.00	3700
0	1	68	2.35	2906	2918	0.89	223	0	0	1	66.49	4	62.79	0.00	0.20	4.67	92.85	0.59
4	2	53	2.21	2418	2918	0.40	324	0	0	2	79.55	2	31.26	0.00	0.68	5.83	91.41	1.45	6.97	87.87	60	0
4	3	19	0.84	2269	2918	0.87	79	0	0	1	72.94	1	26.36	0.00	0.14	1.58	97.47	1.45
8	4	124	3.65	3389	2918	1.09	203	0	0	4	49.00	7	29.06	0.00	0.48	2.85	93.08	1.08	4.10	90.47	62	0
8	5	24	0.94	2507	2918	1.01	121	0	0	1	78.79	1	36.08	0.00	0.48	1.87	96.76	1.08
12	6	153	4.41	3464	2918	1.15	270	0	0	5	46.45	9	27.96	0.00	0.63	4.80	90.24	1.34	6.97	86.00	61	0
12	7	38	1.30	2942	2918	0.71	118	0	0	1	75.38	1	34.90	0.00	0.65	2.54	95.56	1.34
16	8	41	1.81	2272	2918	1.36	246	0	0	1	81.35	3	44.80	0.00	0.66	6.00	91.62	0.82	6.77	88.80	66	0
16	9	16	0.90	1822	2918	1.00	99	0	0	1	86.29	1	26.60	0.00	0.13	2.31	96.71	0.82
20	10	171	5.08	3361	2918	1.42	357	0	0	5	49.82	10	39.70	0.00	0.57	7.58	86.86	0.58	7.38	86.15	60	0
20	11	22	0.75	2898	2918	1.06	33	0	0	1	77.59	1	35.08	0.00	0.01	0.04	99.23	0.58
24	12	3450	99.77	3458	2918	0.07	2014	0	0	0	17.72	1	30.76	0.00	0.00	0.00	0.00	0.00	0.00	0.00	73	0
25	13	3449	99.77	3457	2918	0.07	2015	0	0	0	11.66	1	27.52	0.00	0.00	0.00	0.00	0.00	0.00	0.00	73	0
26	14	3449	99.77	3457	2918	0.07	2013	0	0	1	10.68	1	26.91	0.00	0.00	0.00	0.00	0.00	0.00	0.00	71	0
27	15	3449	99.77	3457	2918	0.07	2014	0	0	0	14.09	1	29.02	0.00	0.00	0.00	0.00	0.00	0.00	0.00	71	0
Core	CPU	Avg_MHz	Busy%	Bzy_MHz	TSC_MHz	IPC	IRQ	NMI	SMI	LLCMRPS	LLC%hit	L2MRPS	L2%hit	POLL%	C1ACPI%	C2ACPI%	C3ACPI%	CPU%c1	CPU%c6	CPU%c7	CoreTmp	CoreThr	PkgTmp	GFX%rc6	GFXMHz	GFXAMHz	Totl%C0	Any%C0	GFX%C0	CPUGFX%	Pkg%pc2	Pkg%pc3	Pkg%pc6	Pkg%pc8	Pk%pc10	CPU%LPI	SYS%LPI	PkgWatt	CorWatt	GFXWatt	RAMWatt	PKG_%	RAM_%	UncMHz	SysWatt
-	-	919	27.09	3393	2918	0.14	11145	4	0	34	57.33	60	33.61	0.00	0.60	4.13	68.20	1.83	5.52	48.98	71	0	71	97.66	300	300	439.68	100.64	2.14	2.14	0.00	0.00	0.00	0.00	0.00	0.00	0.00	15.54	11.84	0.01	0.00	0.00	0.00	3600	4.77
0	0	58	5.75	1006	2918	0.85	670	0	0	4	95.72	6	19.03	0.00	1.15	26.32	67.31	4.56	24.49	58.16	62	0	71	97.65	300	300	439.67	100.63	2.14	2.14	0.00	0.00	0.00	0.00	0.00	0.00	0.00	15.54	11.84	0.01	0.00	0.00	0.00	3600
0	1	88	2.78	3147	2918	0.71	230	0	0	1	68.52	4	61.10	0.01	1.03	3.84	92.42	4.56
4	2	45	1.88	2400	2918	0.47	305	0	0	1	81.37	2	30.44	0.00	0.66	4.91	92.66	3.23	6.71	86.30	60	0
4	3	24	1.05	2319	2918	0.90	142	0	0	1	59.70	2	26.55	0.00	0.76	3.52	94.73	3.23
8	4	120	3.51	3421	2918	1.11	220	0	0	4	46.06	7	28.80	0.00	0.87	3.06	92.62	2.60	4.85	86.30	61	0
8	5	116	3.07	3789	2918	0.34	196	0	0	1	66.33	2	57.88	0.00	0.87	2.15	93.93	2.60
12	6	257	7.03	3650	2918	1.23	351	0	0	9	42.25	15	27.68	0.00	1.03	3.31	88.69	1.24	8.19	82.24	63	0
12	7	43	1.73	2498	2918	0.92	211	0	0	1	77.25	2	35.65	0.00	0.85	5.73	91.78	1.24
16	8	44	1.56	2845	2918	0.67	150	0	0	1	70.80	2	33.57	0.00	0.29	2.58	95.62	1.86	3.60	90.90	66	0
16	9	23	1.14	2024	2918	0.99	127	0	0	1	86.09	2	27.12	0.00	0.92	1.93	96.08	1.86
20	10	117	3.73	3129	2918	1.83	299	0	0	3	60.52	7	54.75	0.00	0.62	6.37	89.36	1.12	7.33	85.90	61	0
20	11	24	1.18	2076	2918	0.82	114	0	0	1	87.28	2	30.75	0.00	0.54	2.33	96.02	1.12
24	12	3437	99.77	3445	2918	0.07	2018	1	0	1	12.63	2	23.30	0.00	0.00	0.00	0.00	0.00	0.00	0.00	71	0
25	13	3437	99.77	3445	2918	0.08	2079	1	0	1	12.03	2	31.89	0.00	0.00	0.00	0.00	0.00	0.00	0.00	71	0
26	14	3438	99.77	3446	2918	0.07	2017	1	0	1	7.37	2	19.14	0.00	0.00	0.00	0.00	0.00	0.00	0.00	71	0
27	15	3438	99.77	3446	2918	0.08	2016	1	0	1	10.07	2	22.00	0.00	0.00	0.00	0.00	0.00	0.00	0.00	71	0
Core	CPU	Avg_MHz	Busy%	Bzy_MHz	TSC_MHz	IPC	IRQ	NMI	SMI	LLCMRPS	LLC%hit	L2MRPS	L2%hit	POLL%	C1ACPI%	C2ACPI%	C3ACPI%	CPU%c1	CPU%c6	CPU%c7	CoreTmp	CoreThr	PkgTmp	GFX%rc6	GFXMHz	GFXAMHz	Totl%C0	Any%C0	GFX%C0	CPUGFX%	Pkg%pc2	Pkg%pc3	Pkg%pc6	Pkg%pc8	Pk%pc10	CPU%LPI	SYS%LPI	PkgWatt	CorWatt	GFXWatt	RAMWatt	PKG_%	RAM_%	UncMHz	SysWatt
-	-	922	27.83	3313	2918	0.18	17721	0	0	42	62.49	81	42.19	0.00	0.69	5.63	65.90	2.42	7.36	45.27	71	0	71	95.46	300	300	452.27	100.64	4.19	4.19	0.00	0.00	0.00	0.00	0.00	0.00	0.00	16.05	12.11	0.02	0.00	0.00	0.00	3600	4.92
0	0	107	7.25	1475	2918	1.30	799	0	0	6	90.17	9	32.12	0.01	1.04	29.30	62.96	1.98	29.95	52.86	61	0	71	95.47	300	300	452.26	100.64	4.19	4.19	0.00	0.00	0.00	0.00	0.00	0.00	0.00	16.05	12.11	0.02	0.00	0.00	0.00	3600
0	1	100	3.63	2754	2918	0.95	297	0	0	2	71.24	6	59.85	0.01	0.66	5.00	90.81	1.98
4	2	86	3.38	2549	2918	0.37	712	0	0	2	83.44	3	31.41	0.00	2.19	6.05	88.51	7.62	7.23	76.90	60	0
4	3	115	3.68	3134	2918	1.59	282	0	0	2	71.65	7	60.75	0.00	1.02	5.65	89.72	7.62
8	4	40	1.94	2032	2918	0.82	206	0	0	2	86.25	3	30.37	0.00	1.04	3.32	93.81	3.54	8.23	83.20	62	0
8	5	34	1.78	1933	2918	0.76	259	0	0	1	84.72	2	41.84	0.00	0.85	7.10	90.39	3.54
12	6	513	14.01	3664	2918	1.68	960	0	0	14	42.26	30	44.31	0.00	1.42	7.46	77.20	1.76	8.20	74.90	61	0
12	7	41	1.36	2985	2918	1.06	153	0	0	1	70.23	2	36.98	0.01	0.42	1.39	96.86	1.76
16	8	57	2.59	2221	2918	1.57	277	0	0	2	84.52	4	47.42	0.00	0.40	7.59	89.57	2.61	9.59	82.58	66	0
16	9	29	1.34	2134	2918	1.03	199	0	0	1	80.65	2	30.33	0.00	0.63	4.76	93.34	2.61
20	10	105	3.57	2939	2918	1.17	331	0	0	4	52.84	7	30.40	0.00	0.75	7.18	88.61	1.88	10.45	82.26	65	0
20	11	34	1.59	2124	2918	0.90	192	0	0	1	80.47	2	35.33	0.00	0.62	5.22	92.66	1.88
24	12	3372	99.77	3380	2918	0.07	6209	0	0	1	19.01	1	35.25	0.00	0.00	0.00	0.00	0.00	0.00	0.00	71	0
25	13	3372	99.77	3380	2918	0.07	2815	0	0	0	16.89	1	44.22	0.00	0.00	0.00	0.00	0.00	0.00	0.00	71	0
26	14	3372	99.77	3380	2918	0.07	2015	0	0	1	10.19	1	26.84	0.00	0.00	0.00	0.00	0.00	0.00	0.00	71	0
27	15	3372	99.77	3380	2918	0.07	2015	0	0	0	14.43	1	28.99	0.00	0.00	0.00	0.00	0.00	0.00	0.00	71	0
Core	CPU	Avg_MHz	Busy%	Bzy_MHz	TSC_MHz	IPC	IRQ	NMI	SMI	LLCMRPS	LLC%hit	L2MRPS	L2%hit	POLL%	C1ACPI%	C2ACPI%	C3ACPI%	CPU%c1	CPU%c6	CPU%c7	CoreTmp	CoreThr	PkgTmp	GFX%rc6	GFXMHz	GFXAMHz	Totl%C0	Any%C0	GFX%C0	CPUGFX%	Pkg%pc2	Pkg%pc3	Pkg%pc6	Pkg%pc8	Pk%pc10	CPU%LPI	SYS%LPI	PkgWatt	CorWatt	GFXWatt	RAMWatt	PKG_%	RAM_%	UncMHz	SysWatt
-	-	919	27.30	3366	2919	0.14	16260	0	0	37	61.35	65	34.17	0.00	0.52	5.13	67.10	1.25	7.20	47.21	73	0	73	96.96	300	300	444.00	100.63	2.63	2.63	0.00	0.00	0.00	0.00	0.00	0.00	0.00	15.72	11.89	0.01	0.00	0.00	0.00	3500	4.80
0	0	135	8.12	1662	2918	0.94	792	0	0	6	83.53	10	33.78	0.00	1.16	29.44	61.85	1.83	30.24	53.50	62	0	73	96.96	300	300	444.03	100.63	2.63	2.63	0.00	0.00	0.00	0.00	0.00	0.00	0.00	15.72	11.89	0.01	0.00	0.00	0.00	3500
0	1	34	1.77	1919	2918	0.77	261	0	0	1	83.61	2	32.51	0.00	1.08	3.87	93.38	1.83
4	2	41	1.72	2398	2918	0.51	285	0	0	1	70.04	2	30.05	0.00	0.33	5.17	92.88	1.71	8.67	84.93	60	0
4	3	49	2.10	2338	2918	1.28	248	0	0	2	84.14	4	42.81	0.00	1.01	4.33	92.65	1.71
8	4	189	5.46	3464	2918	1.32	295	0	0	6	44.06	11	30.47	0.00	0.37	3.26	90.97	0.73	5.25	83.78	62	0
8	5	119	3.54	3366	2918	0.17	176	0	0	1	93.08	2	33.45	0.00	0.33	3.19	93.02	0.73
12	6	29	1.77	1626	2918	0.51	347	0	0	1	87.72	2	39.27	0.00	0.52	14.06	83.81	2.77	15.07	78.44	61	0
12	7	24	1.11	2153	2918	1.07	167	0	0	1	85.03	2	29.78	0.00	0.74	3.59	94.61	2.77
16	8	71	2.62	2709	2918	1.61	263	0	0	2	81.98	5	51.12	0.00	0.90	4.78	91.81	1.79	6.91	85.63	66	0
16	9	50	2.05	2434	2918	1.31	184	0	0	2	85.05	4	44.29	0.00	0.35	3.22	94.45	1.79
20	10	209	5.97	3504	2918	1.28	351	0	0	7	42.98	12	30.79	0.00	0.75	3.73	89.62	1.13	5.81	85.85	60	0
20	11	39	1.45	2701	2918	1.09	157	0	0	1	75.40	2	42.62	0.00	0.74	3.38	94.50	1.13
24	12	3428	99.77	3436	2918	0.07	5889	0	0	1	15.06	2	28.17	0.00	0.00	0.00	0.00	0.00	0.00	0.00	71	0
25	13	3428	99.77	3436	2918	0.08	2820	0	0	1	12.44	2	31.82	0.00	0.00	0.00	0.00	0.00	0.00	0.00	71	0
26	14	3428	99.77	3436	2918	0.07	2012	0	0	1	6.76	2	19.39	0.00	0.00	0.00	0.00	0.00	0.00	0.00	71	0
27	15	3428	99.77	3436	2918	0.07	2013	0	0	1	8.45	2	19.70	0.00	0.00	0.00	0.00	0.00	0.00	0.00	73	0
Core	CPU	Avg_MHz	Busy%	Bzy_MHz	TSC_MHz	IPC	IRQ	NMI	SMI	LLCMRPS	LLC%hit	L2MRPS	L2%hit	POLL%	C1ACPI%	C2ACPI%	C3ACPI%	CPU%c1	CPU%c6	CPU%c7	CoreTmp	CoreThr	PkgTmp	GFX%rc6	GFXMHz	GFXAMHz	Totl%C0	Any%C0	GFX%C0	CPUGFX%	Pkg%pc2	Pkg%pc3	Pkg%pc6	Pkg%pc8	Pk%pc10	CPU%LPI	SYS%LPI	PkgWatt	CorWatt	GFXWatt	RAMWatt	PKG_%	RAM_%	UncMHz	SysWatt
-	-	915	27.05	3383	2918	0.14	11125	0	0	33	59.89	59	35.45	0.00	0.42	4.32	68.24	1.00	6.18	48.95	71	0	71	96.96	300	300	439.40	100.63	2.82	2.82	0.00	0.00	0.00	0.00	0.00	0.00	0.00	15.42	11.77	0.01	0.00	0.00	0.00	3600	4.72
0	0	99	6.82	1457	2918	1.43	731	0	0	5	91.52	8	35.68	0.01	0.98	27.85	64.89	2.13	27.16	57.47	63	0	71	96.96	300	300	439.40	100.63	2.82	2.82	0.00	0.00	0.00	0.00	0.00	0.00	0.00	15.42	11.77	0.01	0.00	0.00	0.00	3600
0	1	45	1.96	2300	2918	0.62	210	0	0	1	85.54	2	32.33	0.03	1.34	2.21	94.58	2.13
4	2	45	1.71	2634	2918	0.56	340	0	0	1	57.92	2	26.89	0.00	0.54	6.48	91.37	2.06	7.76	86.32	58	0
4	3	32	1.29	2459	2918	0.95	132	0	0	1	80.32	2	33.59	0.00	0.37	2.42	95.98	2.06
8	4	406	11.14	3648	2918	1.35	531	0	0	14	40.73	25	31.10	0.00	0.64	5.47	82.83	1.20	6.51	80.00	62	0
8	5	40	1.36	2938	2918	1.08	138	0	0	1	68.76	2	36.09	0.00	0.79	1.71	96.19	1.20
12	6	42	1.42	2973	2918	1.89	119	0	0	1	75.41	3	64.12	0.00	0.46	2.73	95.43	1.29	7.02	88.42	61	0
12	7	27	1.32	2014	2918	0.95	193	0	0	1	85.65	2	28.84	0.00	0.55	5.53	92.68	1.29
16	8	46	2.10	2191	2918	0.43	303	0	0	1	88.46	2	26.78	0.01	0.57	7.72	89.74	0.91	8.68	86.38	66	0
16	9	18	0.85	2085	2918	1.84	78	0	0	1	80.99	1	53.95	0.00	0.05	2.15	96.99	0.91
20	10	77	2.55	3033	2918	0.94	153	0	0	2	68.48	4	58.86	0.00	0.24	2.35	94.93	0.43	4.65	90.88	63	0
20	11	23	1.10	2133	2918	0.78	138	0	0	1	83.68	1	32.33	0.00	0.23	2.47	96.27	0.43
24	12	3435	99.77	3443	2918	0.07	2016	0	0	0	17.69	1	29.64	0.00	0.00	0.00	0.00	0.00	0.00	0.00	71	0
25	13	3435	99.77	3443	2918	0.07	2014	0	0	0	11.37	1	26.92	0.00	0.00	0.00	0.00	0.00	0.00	0.00	71	0
26	14	3435	99.77	3443	2918	0.07	2014	0	0	1	9.93	1	25.76	0.00	0.00	0.00	0.00	0.00	0.00	0.00	71	0
27	15	3435	99.77	3443	2918	0.07	2015	0	0	0	12.75	1	27.14	0.00	0.00	0.00	0.00	0.00	0.00	0.00	71	0
Core	CPU	Avg_MHz	Busy%	Bzy_MHz	TSC_MHz	IPC	IRQ	NMI	SMI	LLCMRPS	LLC%hit	L2MRPS	L2%hit	POLL%	C1ACPI%	C2ACPI%	C3ACPI%	CPU%c1	CPU%c6	CPU%c7	CoreTmp	CoreThr	PkgTmp	GFX%rc6	GFXMHz	GFXAMHz	Totl%C0	Any%C0	GFX%C0	CPUGFX%	Pkg%pc2	Pkg%pc3	Pkg%pc6	Pkg%pc8	Pk%pc10	CPU%LPI	SYS%LPI	PkgWatt	CorWatt	GFXWatt	RAMWatt	PKG_%	RAM_%	UncMHz	SysWatt
-	-	1084	33.88	3200	2919	0.40	14099	3	0	83	43.44	188	43.93	0.00	0.73	3.85	61.56	1.23	4.69	42.08	75	0	73	97.31	300	300	521.93	100.64	2.50	2.50	0.00	0.00	0.00	0.00	0.00	0.00	0.00	19.10	14.80	0.01	0.00	0.00	0.00	2000	5.70
0	0	261	12.65	2062	2918	1.15	679	0	0	7	67.83	12	39.28	0.01	1.18	18.03	68.61	3.14	20.88	57.41	71	0	73	97.29	300	300	521.94	100.64	2.50	2.50	0.00	0.00	0.00	0.00	0.00	0.00	0.00	19.10	14.80	0.01	0.00	0.00	0.00	2000
0	1	182	6.76	2686	2918	0.71	435	0	0	1	72.57	3	49.96	0.00	0.83	7.27	85.23	3.14
4	2	192	6.97	2750	2918	0.65	408	0	0	2	65.60	3	34.67	0.00	1.12	3.54	88.44	2.04	5.91	81.76	65	0
4	3	215	8.09	2660	2918	1.05	375	0	0	3	38.36	7	52.56	0.00	1.41	4.39	86.18	2.04
8	4	1887	49.29	3828	2918	1.73	1172	0	0	39	38.81	90	41.05	0.00	0.59	3.51	46.54	0.45	2.80	43.28	73	0
8	5	357	11.22	3184	2918	0.90	362	0	0	3	38.75	10	59.04	0.00	0.36	2.13	86.30	0.45
12	6	411	13.01	3156	2918	1.40	617	0	0	8	44.13	18	47.82	0.00	1.17	4.52	81.36	1.06	6.44	76.21	67	0
12	7	186	6.91	2698	2918	1.36	331	0	0	4	41.08	9	49.62	0.01	1.02	3.16	88.95	1.06
16	8	238	8.77	2716	2918	1.14	398	0	0	4	42.25	9	50.34	0.02	1.29	4.43	85.58	1.80	6.92	77.00	75	0
16	9	267	8.83	3029	2918	1.53	693	0	0	7	38.04	15	40.86	0.00	0.87	4.73	85.64	1.80
20	10	213	7.26	2929	2918	0.66	241	0	0	1	52.17	4	66.13	0.00	0.34	2.12	90.30	1.30	3.99	85.13	63	0
20	11	80	3.29	2443	2918	1.32	326	0	0	3	65.81	5	36.30	0.00	1.47	3.75	91.56	1.30
24	12	3215	99.77	3223	2918	0.07	2018	1	0	1	19.67	1	31.31	0.00	0.00	0.00	0.00	0.00	0.00	0.00	70	0
25	13	3215	99.77	3222	2918	0.07	2015	1	0	0	11.81	1	27.66	0.00	0.00	0.00	0.00	0.00	0.00	0.00	70	0
26	14	3214	99.77	3222	2918	0.07	2013	0	0	1	11.21	1	27.21	0.00	0.00	0.00	0.00	0.00	0.00	0.00	70	0
27	15	3213	99.77	3221	2918	0.07	2016	1	0	0	13.32	1	29.05	0.00	0.00	0.00	0.00	0.00	0.00	0.00	70	0
Core	CPU	Avg_MHz	Busy%	Bzy_MHz	TSC_MHz	IPC	IRQ	NMI	SMI	LLCMRPS	LLC%hit	L2MRPS	L2%hit	POLL%	C1ACPI%	C2ACPI%	C3ACPI%	CPU%c1	CPU%c6	CPU%c7	CoreTmp	CoreThr	PkgTmp	GFX%rc6	GFXMHz	GFXAMHz	Totl%C0	Any%C0	GFX%C0	CPUGFX%	Pkg%pc2	Pkg%pc3	Pkg%pc6	Pkg%pc8	Pk%pc10	CPU%LPI	SYS%LPI	PkgWatt	CorWatt	GFXWatt	RAMWatt	PKG_%	RAM_%	UncMHz	SysWatt
-	-	1390	56.82	2448	2915	1.17	30634	3	0	538	14.60	992	35.21	0.12	4.65	4.61	33.90	12.25	0.59	3.19	73	0	73	96.37	300	300	868.59	100.45	3.02	3.02	0.00	0.00	0.00	0.00	0.00	0.00	0.00	26.61	19.50	0.02	0.00	0.00	0.00	2000	7.79
0	0	925	34.74	2664	2918	2.01	1839	0	0	33	18.94	66	38.98	0.11	6.20	16.64	42.59	17.35	0.11	1.02	72	0	73	96.67	300	300	870.23	100.64	3.03	3.03	0.00	0.00	0.00	0.00	0.00	0.00	0.00	26.69	19.56	0.02	0.00	0.00	0.00	2000
0	1	1493	56.20	2656	2918	1.81	2113	1	0	62	12.99	111	33.62	0.16	7.68	7.06	29.25	17.35
4	2	1079	41.01	2631	2918	1.74	1730	1	0	45	13.67	79	33.33	0.16	6.58	7.78	44.76	21.64	0.07	0.42	69	0
4	3	1193	44.46	2684	2918	2.06	1468	0	0	45	15.44	86	37.68	0.12	6.87	4.11	44.69	21.65
8	4	729	27.56	2643	2918	1.61	1314	0	0	27	14.12	50	34.69	0.08	6.35	5.18	61.00	10.68	0.52	3.36	69	0
8	5	1819	68.15	2669	2918	1.99	2049	0	0	73	13.32	136	35.50	0.23	6.94	0.44	24.64	10.68
12	6	1883	70.95	2655	2918	2.00	2113	0	0	78	14.59	143	34.93	0.30	5.89	2.18	21.11	11.65	2.04	7.31	68	0
12	7	371	14.21	2610	2918	1.53	807	0	0	13	20.32	24	37.47	0.08	4.33	8.13	73.38	11.64
16	8	1270	48.16	2638	2918	1.92	1781	0	0	48	15.87	89	36.47	0.18	7.09	6.84	38.02	22.61	1.38	6.70	73	0
16	9	764	28.72	2661	2918	1.70	1073	0	0	30	14.44	55	34.51	0.11	3.91	2.83	64.61	22.61
20	10	1724	65.18	2644	2918	1.82	2156	0	0	74	13.03	130	33.16	0.29	6.67	2.49	25.82	14.13	1.78	13.04	67	0
20	11	274	10.49	2617	2918	1.47	810	0	0	9	22.96	19	40.97	0.07	6.04	10.22	73.32	14.13
24	12	2183	99.77	2188	2918	0.08	4787	0	0	1	13.06	2	26.06	0.00	0.00	0.00	0.00	0.00	0.00	0.00	72	0
25	13	2183	99.77	2188	2918	0.08	2565	0	0	1	9.11	2	29.90	0.00	0.00	0.00	0.00	0.00	0.00	0.00	72	0
26	14	2183	99.77	2188	2918	0.08	2015	1	0	1	5.57	2	19.66	0.00	0.00	0.00	0.00	0.00	0.00	0.00	71	0
27	15	2183	99.77	2188	2918	0.08	2014	0	0	1	6.34	2	19.83	0.00	0.00	0.00	0.00	0.00	0.00	0.00	70	0
Core	CPU	Avg_MHz	Busy%	Bzy_MHz	TSC_MHz	IPC	IRQ	NMI	SMI	LLCMRPS	LLC%hit	L2MRPS	L2%hit	POLL%	C1ACPI%	C2ACPI%	C3ACPI%	CPU%c1	CPU%c6	CPU%c7	CoreTmp	CoreThr	PkgTmp	GFX%rc6	GFXMHz	GFXAMHz	Totl%C0	Any%C0	GFX%C0	CPUGFX%	Pkg%pc2	Pkg%pc3	Pkg%pc6	Pkg%pc8	Pk%pc10	CPU%LPI	SYS%LPI	PkgWatt	CorWatt	GFXWatt	RAMWatt	PKG_%	RAM_%	UncMHz	SysWatt
-	-	1415	56.63	2496	2921	1.13	27923	2	0	530	15.43	999	35.21	0.12	5.28	4.92	33.26	9.73	1.47	6.95	74	0	75	97.56	300	300	845.26	100.80	2.50	2.50	0.00	0.00	0.00	0.00	0.00	0.00	0.00	26.69	19.63	0.01	0.00	0.00	0.00	1900	7.81
0	0	1220	45.80	2664	2918	1.67	2242	0	0	49	16.02	88	33.63	0.21	7.40	15.57	31.45	17.51	3.57	6.06	67	0	75	97.30	300	300	843.83	100.63	2.49	2.49	0.00	0.00	0.00	0.00	0.00	0.00	0.00	26.62	19.58	0.01	0.00	0.00	0.00	1900
0	1	1137	42.40	2682	2918	1.80	1835	0	0	43	15.31	80	35.41	0.09	7.12	10.82	39.85	17.51
4	2	1030	38.49	2677	2918	2.00	1707	0	0	38	17.12	74	37.28	0.13	7.67	7.66	46.32	12.37	1.57	12.60	70	0
4	3	1224	45.57	2685	2918	1.73	1588	0	0	51	12.84	91	33.09	0.13	6.96	4.94	42.69	12.37
8	4	1190	44.57	2671	2918	1.92	1562	1	0	47	16.14	89	35.62	0.16	6.06	5.97	43.55	10.97	4.24	23.20	71	0
8	5	622	23.41	2659	2918	1.49	1048	0	0	22	16.65	40	35.30	0.11	5.22	5.07	66.37	10.97
12	6	1484	54.83	2707	2918	1.89	1870	0	0	61	14.03	114	34.48	0.17	8.04	3.29	34.00	12.70	2.38	8.29	68	0
12	7	890	32.41	2747	2918	1.88	1292	1	0	32	15.90	63	38.14	0.10	7.32	3.87	56.51	12.72
16	8	1406	51.79	2714	2918	1.75	1910	0	0	56	14.35	104	33.96	0.18	8.04	3.43	36.88	13.82	2.70	9.21	74	0
16	9	941	34.58	2721	2918	2.01	1495	0	0	32	17.73	65	38.75	0.12	6.37	7.17	51.98	13.82
20	10	1922	70.68	2720	2918	1.83	2214	0	0	80	14.76	147	33.44	0.37	7.21	1.51	20.72	10.43	0.21	10.08	69	0
20	11	627	22.69	2765	2918	1.61	1057	0	0	18	20.90	39	40.83	0.07	6.92	9.32	61.13	10.43
24	12	2232	99.77	2238	2918	0.07	2027	0	0	0	18.71	1	28.83	0.00	0.00	0.00	0.00	0.00	0.00	0.00	71	0
25	13	2232	99.77	2237	2918	0.07	2025	0	0	0	9.55	1	26.14	0.00	0.00	0.00	0.00	0.00	0.00	0.00	71	0
26	14	2232	99.77	2237	2918	0.07	2025	0	0	0	8.31	1	25.06	0.00	0.00	0.00	0.00	0.00	0.00	0.00	71	0
27	15	2232	99.77	2237	2918	0.07	2026	0	0	0	10.48	1	26.13	0.00	0.00	0.00	0.00	0.00	0.00	0.00	71	0
Core	CPU	Avg_MHz	Busy%	Bzy_MHz	TSC_MHz	IPC	IRQ	NMI	SMI	LLCMRPS	LLC%hit	L2MRPS	L2%hit	POLL%	C1ACPI%	C2ACPI%	C3ACPI%	CPU%c1	CPU%c6	CPU%c7	CoreTmp	CoreThr	PkgTmp	GFX%rc6	GFXMHz	GFXAMHz	Totl%C0	Any%C0	GFX%C0	CPUGFX%	Pkg%pc2	Pkg%pc3	Pkg%pc6	Pkg%pc8	Pk%pc10	CPU%LPI	SYS%LPI	PkgWatt	CorWatt	GFXWatt	RAMWatt	PKG_%	RAM_%	UncMHz	SysWatt
-	-	1403	56.60	2480	2918	1.08	26880	2	0	563	13.66	1010	33.34	0.11	4.50	4.00	34.94	8.22	1.54	6.58	73	0	73	97.36	300	300	859.20	100.65	2.46	2.46	0.00	0.00	0.00	0.00	0.00	0.00	0.00	26.54	19.34	0.01	0.00	0.00	0.00	1300	7.80
0	0	1502	56.07	2678	2918	1.77	2139	0	0	65	13.39	114	32.63	0.22	5.92	11.04	27.18	13.11	3.10	1.96	73	0	73	97.36	300	300	859.07	100.63	2.46	2.46	0.00	0.00	0.00	0.00	0.00	0.00	0.00	26.54	19.34	0.01	0.00	0.00	0.00	1300
0	1	896	33.25	2696	2918	1.73	1569	0	0	37	14.16	66	33.09	0.09	6.31	11.25	49.37	13.11
4	2	1183	43.98	2689	2918	1.60	1869	0	0	45	14.79	82	34.28	0.14	6.34	5.35	44.47	8.72	2.29	12.81	68	0
4	3	1379	51.24	2690	2918	1.66	1715	0	0	54	13.92	97	33.72	0.16	5.45	2.29	41.13	8.72
8	4	1462	53.80	2718	2918	1.80	1675	0	0	63	13.40	114	32.73	0.25	6.18	2.85	37.30	8.48	0.01	3.38	73	0
8	5	1126	41.96	2682	2918	1.77	1420	1	0	47	13.68	84	33.20	0.18	5.08	1.46	51.57	8.48
12	6	1504	55.66	2702	2918	1.76	1972	0	0	64	12.49	113	32.88	0.19	7.13	4.07	33.31	10.94	2.57	11.93	69	0
12	7	778	29.25	2659	2918	1.60	1245	0	0	28	14.90	53	36.47	0.08	5.29	7.01	58.54	10.94
16	8	1124	42.48	2646	2918	1.80	1514	0	0	48	13.56	86	33.50	0.17	6.41	5.47	45.82	12.51	7.39	33.60	73	0
16	9	146	5.86	2488	2918	1.39	554	0	0	5	24.33	9	35.08	0.01	3.69	8.09	82.46	12.51
20	10	1457	53.90	2703	2918	1.78	1836	1	0	62	13.25	111	32.89	0.21	7.74	2.25	36.24	12.01	0.00	2.15	69	0
20	11	1049	39.02	2689	2918	1.73	1273	0	0	43	12.98	77	33.32	0.14	6.49	2.81	51.78	12.01
24	12	2212	99.77	2217	2918	0.07	2026	0	0	0	17.74	1	28.91	0.00	0.00	0.00	0.00	0.00	0.00	0.00	71	0
25	13	2212	99.77	2217	2918	0.07	2024	0	0	0	8.59	1	26.11	0.00	0.00	0.00	0.00	0.00	0.00	0.00	71	0
26	14	2212	99.77	2217	2918	0.07	2024	0	0	0	7.66	1	24.90	0.00	0.00	0.00	0.00	0.00	0.00	0.00	71	0
27	15	2212	99.77	2217	2918	0.07	2025	0	0	0	10.48	1	26.12	0.00	0.00	0.00	0.00	0.00	0.00	0.00	71	0
Core	CPU	Avg_MHz	Busy%	Bzy_MHz	TSC_MHz	IPC	IRQ	NMI	SMI	LLCMRPS	LLC%hit	L2MRPS	L2%hit	POLL%	C1ACPI%	C2ACPI%	C3ACPI%	CPU%c1	CPU%c6	CPU%c7	CoreTmp	CoreThr	PkgTmp	GFX%rc6	GFXMHz	GFXAMHz	Totl%C0	Any%C0	GFX%C0	CPUGFX%	Pkg%pc2	Pkg%pc3	Pkg%pc6	Pkg%pc8	Pk%pc10	CPU%LPI	SYS%LPI	PkgWatt	CorWatt	GFXWatt	RAMWatt	PKG_%	RAM_%	UncMHz	SysWatt
-	-	1414	56.82	2487	2920	1.14	26664	1	0	537	15.01	996	34.91	0.11	4.82	4.14	34.28	6.34	1.83	7.75	74	0	74	97.01	300	300	858.40	100.64	2.78	2.78	0.00	0.00	0.00	0.00	0.00	0.00	0.00	26.79	19.73	0.02	0.00	0.00	0.00	2100	7.90
0	0	1035	40.45	2559	2918	1.68	1747	1	0	42	15.81	74	33.11	0.10	5.63	11.74	42.51	9.66	7.36	20.17	73	0	74	96.97	300	300	858.37	100.63	2.78	2.78	0.00	0.00	0.00	0.00	0.00	0.00	0.00	26.78	19.72	0.02	0.00	0.00	0.00	2100
0	1	771	28.66	2689	2918	2.14	1223	0	0	26	19.71	52	40.52	0.07	5.73	6.43	59.31	9.66
4	2	946	35.30	2679	2918	1.63	1628	0	0	37	14.19	67	34.61	0.10	7.19	9.65	47.98	7.36	1.16	2.80	68	0
4	3	1752	64.04	2736	2918	1.93	1897	0	0	72	13.46	134	34.27	0.19	8.15	4.18	23.82	7.36
8	4	457	16.71	2735	2918	1.35	849	0	0	12	20.51	23	39.39	0.05	5.99	6.54	70.81	4.89	0.17	5.34	73	0
8	5	2279	84.21	2707	2918	1.93	2378	0	0	94	15.35	172	34.40	0.42	5.08	0.47	10.31	4.89
12	6	1388	51.65	2688	2918	1.74	1777	0	0	57	14.10	103	33.70	0.20	5.89	2.64	39.95	7.95	3.86	26.57	72	0
12	7	599	22.04	2718	2918	1.56	1138	0	0	20	16.04	39	35.56	0.07	5.54	7.68	64.84	7.95
16	8	955	35.67	2677	2918	1.77	1417	0	0	39	13.92	71	34.70	0.12	7.93	5.93	50.60	10.58	1.85	7.10	74	0
16	9	1340	49.30	2717	2918	2.07	1652	0	0	52	15.21	100	36.12	0.19	6.06	1.77	42.97	10.58
20	10	1140	42.41	2689	2918	1.67	1578	0	0	45	13.91	81	33.30	0.12	6.49	5.42	45.83	10.31	3.92	15.47	71	0
20	11	1062	39.69	2675	2918	1.93	1321	0	0	37	15.72	72	37.01	0.09	7.43	3.71	49.31	10.31
24	12	2222	99.77	2228	2918	0.08	2018	0	0	1	13.29	2	26.62	0.00	0.00	0.00	0.00	0.00	0.00	0.00	71	0
25	13	2222	99.77	2228	2918	0.08	2014	0	0	1	5.71	2	19.28	0.00	0.00	0.00	0.00	0.00	0.00	0.00	71	0
26	14	2222	99.77	2228	2918	0.08	2013	0	0	1	5.25	2	19.36	0.00	0.00	0.00	0.00	0.00	0.00	0.00	71	0
27	15	2222	99.77	2228	2918	0.08	2014	0	0	1	6.66	2	19.33	0.00	0.00	0.00	0.00	0.00	0.00	0.00	71	0
Core	CPU	Avg_MHz	Busy%	Bzy_MHz	TSC_MHz	IPC	IRQ	NMI	SMI	LLCMRPS	LLC%hit	L2MRPS	L2%hit	POLL%	C1ACPI%	C2ACPI%	C3ACPI%	CPU%c1	CPU%c6	CPU%c7	CoreTmp	CoreThr	PkgTmp	GFX%rc6	GFXMHz	GFXAMHz	Totl%C0	Any%C0	GFX%C0	CPUGFX%	Pkg%pc2	Pkg%pc3	Pkg%pc6	Pkg%pc8	Pk%pc10	CPU%LPI	SYS%LPI	PkgWatt	CorWatt	GFXWatt	RAMWatt	PKG_%	RAM_%	UncMHz	SysWatt
-	-	1435	56.51	2539	2917	1.04	27446	1	0	555	14.57	1030	33.43	0.12	4.37	4.32	34.84	7.17	2.79	9.45	76	0	76	96.72	300	300	824.40	100.55	2.83	2.83	0.00	0.00	0.00	0.00	0.00	0.00	0.00	26.63	19.48	0.02	0.00	0.00	0.00	2000	7.88
0	0	1000	39.21	2550	2918	1.82	1726	0	0	44	16.73	80	33.07	0.15	5.24	21.88	34.07	9.80	19.37	22.09	75	0	76	96.83	300	300	825.08	100.64	2.83	2.83	0.00	0.00	0.00	0.00	0.00	0.00	0.00	26.66	19.50	0.02	0.00	0.00	0.00	2000
0	1	263	10.28	2553	2918	1.57	902	0	0	11	21.42	18	33.48	0.02	3.29	11.43	75.14	9.79
4	2	605	22.69	2664	2918	1.58	1017	0	0	22	17.54	42	36.91	0.08	4.02	5.07	68.31	8.62	3.27	28.52	69	0
4	3	1161	43.05	2698	2918	1.74	1243	1	0	48	12.71	87	33.10	0.11	5.11	1.37	50.61	8.62
8	4	1580	56.94	2775	2918	1.74	1751	0	0	66	14.45	121	32.87	0.28	5.80	4.35	33.02	8.48	1.45	7.62	73	0
8	5	1048	38.42	2727	2918	1.69	1397	0	0	42	13.85	78	33.98	0.13	5.43	2.00	54.25	8.48
12	6	1274	46.64	2731	2918	1.72	1639	0	0	52	13.85	96	33.48	0.21	6.02	2.93	44.53	10.35	1.30	21.48	71	0
12	7	892	32.06	2781	2918	1.70	1282	0	0	36	13.90	68	33.11	0.13	5.81	4.70	57.55	10.35
16	8	1904	68.09	2796	2918	1.60	2636	0	0	73	14.73	136	33.46	0.34	7.83	4.71	19.51	8.79	2.26	3.43	76	0
16	9	1503	53.45	2813	2918	1.53	2341	0	0	54	15.31	103	34.24	0.20	6.35	2.89	37.42	8.79
20	10	1276	45.79	2786	2918	1.70	1736	0	0	52	14.41	97	32.95	0.20	7.47	2.99	43.88	11.36	0.27	11.33	71	0
20	11	1357	48.37	2805	2918	1.68	1662	0	0	55	13.09	101	32.80	0.16	7.62	4.85	39.32	11.36
24	12	2274	99.77	2280	2918	0.07	2071	0	0	0	18.34	1	29.38	0.00	0.00	0.00	0.00	0.00	0.00	0.00	73	0
25	13	2274	99.77	2280	2918	0.07	2014	0	0	0	9.06	1	25.68	0.00	0.00	0.00	0.00	0.00	0.00	0.00	73	0
26	14	2274	99.77	2280	2918	0.07	2014	0	0	0	8.01	1	25.24	0.00	0.00	0.00	0.00	0.00	0.00	0.00	73	0
27	15	2274	99.77	2280	2918	0.07	2015	0	0	0	11.18	1	25.85	0.00	0.00	0.00	0.00	0.00	0.00	0.00	73	0
Core	CPU	Avg_MHz	Busy%	Bzy_MHz	TSC_MHz	IPC	IRQ	NMI	SMI	LLCMRPS	LLC%hit	L2MRPS	L2%hit	POLL%	C1ACPI%	C2ACPI%	C3ACPI%	CPU%c1	CPU%c6	CPU%c7	CoreTmp	CoreThr	PkgTmp	GFX%rc6	GFXMHz	GFXAMHz	Totl%C0	Any%C0	GFX%C0	CPUGFX%	Pkg%pc2	Pkg%pc3	Pkg%pc6	Pkg%pc8	Pk%pc10	CPU%LPI	SYS%LPI	PkgWatt	CorWatt	GFXWatt	RAMWatt	PKG_%	RAM_%	UncMHz	SysWatt
-	-	1123	40.31	2785	2919	0.67	19357	3	0	267	17.70	483	33.84	0.04	2.50	5.61	51.61	11.83	3.37	24.78	74	0	74	97.46	300	300	628.34	100.72	2.54	2.54	0.00	0.00	0.00	0.00	0.00	0.00	0.00	20.81	15.47	0.02	0.00	0.00	0.00	3100	6.27
0	0	788	31.59	2496	2918	1.79	1578	0	0	34	15.20	60	33.70	0.07	3.64	24.11	41.00	46.06	10.55	9.18	66	0	74	97.36	300	300	627.81	100.63	2.53	2.53	0.00	0.00	0.00	0.00	0.00	0.00	0.00	20.79	15.46	0.02	0.00	0.00	0.00	3100
0	1	97	4.19	2322	2918	1.16	777	0	0	2	68.25	5	50.07	0.02	3.97	14.04	77.91	46.08
4	2	522	20.01	2611	2918	1.74	868	0	0	22	15.07	39	32.95	0.06	2.85	4.72	72.54	5.59	4.02	59.01	63	0
4	3	341	13.00	2627	2918	1.52	495	0	0	13	19.03	22	33.00	0.07	2.83	2.90	81.34	5.59
8	4	899	31.83	2825	2918	1.58	1390	0	0	34	19.59	62	33.05	0.10	4.27	5.31	58.71	6.59	4.23	42.71	66	0
8	5	717	26.59	2695	2918	1.64	1045	0	0	28	15.98	51	33.63	0.10	3.06	3.05	67.37	6.59
12	6	958	33.69	2842	2918	1.91	1164	0	0	39	22.42	70	34.69	0.08	3.69	6.44	56.33	13.05	5.88	43.96	65	0
12	7	113	4.16	2728	2918	0.94	335	0	0	2	50.01	5	60.08	0.00	2.13	5.21	88.57	13.05
16	8	383	14.81	2588	2918	1.52	857	0	0	14	18.17	25	35.48	0.04	2.67	8.42	74.20	12.85	5.65	48.71	71	0
16	9	557	21.03	2648	2918	1.78	921	1	0	24	14.70	43	33.06	0.05	3.80	4.41	70.86	12.85
20	10	896	33.38	2684	2918	1.80	1167	0	0	39	14.32	70	32.48	0.08	3.91	5.74	57.12	10.45	3.40	44.26	65	0
20	11	307	11.70	2622	2918	1.66	657	0	0	12	14.54	22	33.45	0.04	3.24	5.43	79.71	10.45
24	12	2846	99.77	2852	2918	0.08	2034	1	0	1	15.92	2	34.27	0.00	0.00	0.00	0.00	0.00	0.00	0.00	73	0
25	13	2846	99.77	2853	2918	0.08	2026	1	0	1	7.79	2	20.58	0.00	0.00	0.00	0.00	0.00	0.00	0.00	74	0
26	14	2847	99.77	2854	2918	0.08	2021	0	0	1	6.57	2	19.29	0.00	0.00	0.00	0.00	0.00	0.00	0.00	74	0
27	15	2848	99.77	2854	2918	0.08	2022	0	0	1	8.25	2	19.26	0.00	0.00	0.00	0.00	0.00	0.00	0.00	74	0
Core	CPU	Avg_MHz	Busy%	Bzy_MHz	TSC_MHz	IPC	IRQ	NMI	SMI	LLCMRPS	LLC%hit	L2MRPS	L2%hit	POLL%	C1ACPI%	C2ACPI%	C3ACPI%	CPU%c1	CPU%c6	CPU%c7	CoreTmp	CoreThr	PkgTmp	GFX%rc6	GFXMHz	GFXAMHz	Totl%C0	Any%C0	GFX%C0	CPUGFX%	Pkg%pc2	Pkg%pc3	Pkg%pc6	Pkg%pc8	Pk%pc10	CPU%LPI	SYS%LPI	PkgWatt	CorWatt	GFXWatt	RAMWatt	PKG_%	RAM_%	UncMHz	SysWatt
-	-	898	27.19	3304	2918	0.15	12386	2	0	29	53.23	63	45.53	0.01	1.43	5.03	66.35	17.68	2.34	39.89	73	0	74	96.76	300	300	438.14	100.60	2.89	2.89	0.00	0.00	0.00	0.00	0.00	0.00	0.00	15.75	12.02	0.02	0.00	0.00	0.00	3300	4.88
0	0	53	4.77	1107	2918	1.19	957	0	0	2	75.40	4	51.81	0.02	2.50	29.15	63.88	82.82	3.94	6.99	65	0	74	96.81	300	300	438.30	100.63	2.89	2.89	0.00	0.00	0.00	0.00	0.00	0.00	0.00	15.76	12.03	0.02	0.00	0.00	0.00	3300
0	1	53	2.10	2500	2918	0.99	508	0	0	1	61.51	3	48.70	0.01	3.75	6.06	88.15	82.82
4	2	45	1.86	2435	2918	0.79	319	0	0	1	65.72	2	31.86	0.02	1.83	4.95	91.45	7.54	4.21	84.93	62	0
4	3	28	1.42	1981	2918	0.80	175	0	0	1	85.75	2	37.10	0.01	1.75	2.44	94.46	7.54
8	4	137	4.46	3075	2918	1.27	382	0	0	4	48.32	8	34.59	0.00	2.08	6.28	87.27	14.36	3.34	72.21	65	0
8	5	193	5.50	3515	2918	1.36	303	0	0	7	40.88	12	31.45	0.02	1.40	2.35	90.79	14.35
12	6	75	2.74	2728	2918	1.26	284	0	0	2	78.19	6	71.60	0.00	1.63	5.82	89.88	9.56	4.33	80.47	63	0
12	7	74	2.59	2870	2918	1.05	276	0	0	1	66.94	4	59.03	0.02	1.89	5.53	90.07	9.56
16	8	117	3.98	2951	2918	1.87	309	0	0	2	69.86	8	66.73	0.02	1.35	4.64	90.12	12.33	4.92	76.79	70	0
16	9	41	1.53	2710	2918	1.81	209	0	0	1	71.91	2	61.15	0.01	1.05	5.26	92.20	12.33
20	10	109	3.40	3190	2918	1.41	272	0	0	4	40.33	7	35.66	0.00	1.85	2.73	92.07	14.89	2.67	77.48	65	0
20	11	35	1.48	2351	2918	0.87	317	0	0	1	79.67	2	43.44	0.06	1.81	5.26	91.52	14.89
24	12	3352	99.77	3360	2918	0.07	2019	0	0	1	18.46	1	29.77	0.00	0.00	0.00	0.00	0.00	0.00	0.00	73	0
25	13	3352	99.77	3360	2918	0.07	2017	0	0	0	11.31	1	27.34	0.00	0.00	0.00	0.00	0.00	0.00	0.00	73	0
26	14	3352	99.77	3360	2918	0.07	2019	1	0	1	9.63	1	25.59	0.00	0.00	0.00	0.00	0.00	0.00	0.00	73	0
27	15	3352	99.77	3360	2918	0.07	2020	1	0	0	13.66	1	27.18	0.00	0.00	0.00	0.00	0.00	0.00	0.00	73	0
Core	CPU	Avg_MHz	Busy%	Bzy_MHz	TSC_MHz	IPC	IRQ	NMI	SMI	LLCMRPS	LLC%hit	L2MRPS	L2%hit	POLL%	C1ACPI%	C2ACPI%	C3ACPI%	CPU%c1	CPU%c6	CPU%c7	CoreTmp	CoreThr	PkgTmp	GFX%rc6	GFXMHz	GFXAMHz	Totl%C0	Any%C0	GFX%C0	CPUGFX%	Pkg%pc2	Pkg%pc3	Pkg%pc6	Pkg%pc8	Pk%pc10	CPU%LPI	SYS%LPI	PkgWatt	CorWatt	GFXWatt	RAMWatt	PKG_%	RAM_%	UncMHz	SysWatt
-	-	919	27.01	3403	2919	0.13	10728	0	0	31	59.44	55	35.56	0.00	0.25	3.90	68.86	0.86	5.50	49.87	74	0	74	97.51	300	300	438.96	100.67	2.37	2.37	0.00	0.00	0.00	0.00	0.00	0.00	0.00	15.54	11.86	0.01	0.00	0.00	0.00	3700	4.85
0	0	61	5.62	1090	2918	0.71	748	0	0	5	92.33	6	18.59	0.00	0.53	30.18	64.20	2.70	28.78	56.81	64	0	74	97.46	300	300	438.80	100.63	2.36	2.36	0.00	0.00	0.00	0.00	0.00	0.00	0.00	15.53	11.85	0.01	0.00	0.00	0.00	3700
0	1	50	1.89	2636	2918	0.62	207	0	0	2	80.89	3	38.44	0.00	0.43	3.08	94.68	2.70
4	2	27	1.00	2695	2918	0.32	155	0	0	1	71.29	1	22.47	0.00	0.06	2.22	96.77	0.14	5.31	90.78	62	0
4	3	44	1.76	2511	2918	0.48	131	0	0	1	90.77	1	29.15	0.00	0.05	3.24	95.02	0.14
8	4	51	2.04	2473	2918	0.95	226	0	0	2	75.68	3	34.46	0.01	0.85	4.92	92.28	1.57	7.05	80.45	63	0
8	5	330	8.94	3695	2918	1.33	387	0	0	11	38.91	20	31.08	0.00	0.53	3.18	87.40	1.57
12	6	28	1.29	2144	2918	0.77	141	0	0	1	84.39	2	29.35	0.00	0.21	2.96	95.61	1.06	5.60	86.57	63	0
12	7	173	4.79	3617	2918	0.81	218	0	0	3	48.84	6	49.16	0.00	0.23	3.79	91.24	1.06
16	8	48	1.75	2741	2918	1.52	158	0	0	1	74.12	3	58.00	0.00	0.17	4.01	94.13	0.20	3.91	93.12	69	0
16	9	9	0.44	2132	2918	0.99	27	0	0	0	91.82	1	28.53	0.00	0.00	0.00	99.58	0.20
20	10	87	2.72	3213	2918	1.36	147	0	0	1	71.45	4	60.95	0.00	0.59	2.16	94.59	1.18	4.32	90.94	65	0
20	11	19	0.92	2011	2918	0.91	125	0	0	1	85.96	1	33.25	0.00	0.43	2.62	96.08	1.18
24	12	3446	99.77	3454	2918	0.07	2015	0	0	1	17.05	1	29.91	0.00	0.00	0.00	0.00	0.00	0.00	0.00	74	0
25	13	3446	99.77	3454	2918	0.07	2014	0	0	0	11.62	1	27.14	0.00	0.00	0.00	0.00	0.00	0.00	0.00	74	0
26	14	3446	99.77	3454	2918	0.07	2014	0	0	1	9.51	1	25.94	0.00	0.00	0.00	0.00	0.00	0.00	0.00	74	0
27	15	3446	99.77	3454	2918	0.07	2015	0	0	0	13.02	1	27.61	0.00	0.00	0.00	0.00	0.00	0.00	0.00	73	0
Core	CPU	Avg_MHz	Busy%	Bzy_MHz	TSC_MHz	IPC	IRQ	NMI	SMI	LLCMRPS	LLC%hit	L2MRPS	L2%hit	POLL%	C1ACPI%	C2ACPI%	C3ACPI%	CPU%c1	CPU%c6	CPU%c7	CoreTmp	CoreThr	PkgTmp	GFX%rc6	GFXMHz	GFXAMHz	Totl%C0	Any%C0	GFX%C0	CPUGFX%	Pkg%pc2	Pkg%pc3	Pkg%pc6	Pkg%pc8	Pk%pc10	CPU%LPI	SYS%LPI	PkgWatt	CorWatt	GFXWatt	RAMWatt	PKG_%	RAM_%	UncMHz	SysWatt
-	-	916	27.02	3392	2916	0.14	10984	0	0	34	57.46	61	34.40	0.00	0.40	4.02	68.51	0.77	5.79	49.65	73	0	74	97.06	300	300	437.61	100.57	2.56	2.56	0.00	0.00	0.00	0.00	0.00	0.00	0.00	15.49	11.81	0.01	0.00	0.00	0.00	3400	4.84
0	0	109	7.12	1536	2918	1.04	748	0	0	7	79.80	9	22.83	0.00	1.15	26.99	65.28	1.74	27.78	57.65	64	0	74	97.21	300	300	437.89	100.63	2.56	2.56	0.00	0.00	0.00	0.00	0.00	0.00	0.00	15.52	11.82	0.01	0.00	0.00	0.00	3400
0	1	37	1.66	2213	2918	0.84	211	0	0	1	79.65	2	33.82	0.00	0.49	3.34	94.59	1.74
4	2	27	1.06	2564	2918	0.44	126	0	0	1	66.87	1	27.56	0.00	0.15	1.35	97.48	0.99	4.02	92.19	61	0
4	3	19	0.93	2036	2918	0.64	167	0	0	1	92.80	1	26.47	0.00	0.34	2.89	95.90	0.99
8	4	21	1.21	1781	2918	0.73	177	0	0	1	86.94	1	29.91	0.00	0.22	4.70	93.97	0.72	7.38	88.45	64	0
8	5	19	1.03	1894	2918	0.89	134	0	0	1	88.91	1	25.14	0.00	0.48	3.19	95.37	0.72
12	6	88	2.72	3254	2918	0.91	166	0	0	2	60.49	5	43.56	0.00	0.58	1.52	95.23	1.15	7.46	81.31	62	0
12	7	280	7.88	3548	2918	1.33	494	0	0	8	44.26	16	38.74	0.00	1.03	7.03	84.14	1.15
16	8	44	1.85	2352	2918	1.08	211	0	0	2	81.09	3	38.68	0.00	1.32	3.60	93.32	1.28	7.75	85.36	69	0
16	9	109	3.25	3362	2918	1.58	234	0	0	3	46.60	7	44.23	0.00	0.41	5.86	90.55	1.27
20	10	110	3.20	3452	2918	1.08	160	0	0	3	46.63	6	41.71	0.00	0.22	2.36	94.25	0.26	3.51	91.69	64	0
20	11	23	0.93	2431	2918	1.03	88	0	0	1	84.56	1	32.51	0.00	0.04	1.63	97.44	0.26
24	12	3440	99.77	3448	2918	0.07	2022	0	0	1	12.29	2	25.18	0.00	0.00	0.00	0.00	0.00	0.00	0.00	73	0
25	13	3441	99.77	3449	2918	0.07	2017	0	0	1	8.37	2	22.41	0.00	0.00	0.00	0.00	0.00	0.00	0.00	73	0
26	14	3441	99.77	3449	2918	0.07	2014	0	0	1	6.41	2	19.54	0.00	0.00	0.00	0.00	0.00	0.00	0.00	73	0
27	15	3441	99.77	3449	2918	0.07	2015	0	0	1	8.70	2	19.80	0.00	0.00	0.00	0.00	0.00	0.00	0.00	73	0
Core	CPU	Avg_MHz	Busy%	Bzy_MHz	TSC_MHz	IPC	IRQ	NMI	SMI	LLCMRPS	LLC%hit	L2MRPS	L2%hit	POLL%	C1ACPI%	C2ACPI%	C3ACPI%	CPU%c1	CPU%c6	CPU%c7	CoreTmp	CoreThr	PkgTmp	GFX%rc6	GFXMHz	GFXAMHz	Totl%C0	Any%C0	GFX%C0	CPUGFX%	Pkg%pc2	Pkg%pc3	Pkg%pc6	Pkg%pc8	Pk%pc10	CPU%LPI	SYS%LPI	PkgWatt	CorWatt	GFXWatt	RAMWatt	PKG_%	RAM_%	UncMHz	SysWatt
-	-	918	26.95	3403	2921	0.13	10863	2	0	30	60.77	52	35.18	0.00	0.32	3.64	69.17	0.84	5.09	50.34	73	0	73	97.66	300	300	438.41	100.70	2.31	2.31	0.00	0.00	0.00	0.00	0.00	0.00	0.00	15.37	11.80	0.01	0.00	0.00	0.00	3700	4.79
0	0	49	5.37	908	2918	0.86	546	0	0	4	96.26	5	16.32	0.00	0.47	21.79	72.90	1.63	23.09	63.71	64	0	73	97.51	300	300	438.14	100.63	2.31	2.31	0.00	0.00	0.00	0.00	0.00	0.00	0.00	15.35	11.78	0.01	0.00	0.00	0.00	3700
0	1	25	1.35	1855	2918	0.83	210	0	0	1	87.17	2	28.18	0.00	0.58	4.86	93.29	1.63
4	2	37	1.59	2308	2918	0.73	215	0	0	1	79.56	2	25.07	0.00	0.32	3.68	94.49	0.42	4.06	92.78	61	0
4	3	13	0.48	2633	2918	0.95	37	0	0	0	71.93	1	52.93	0.00	0.08	0.73	98.73	0.42
8	4	38	1.72	2221	2918	0.47	225	0	0	1	83.99	2	30.38	0.01	0.31	5.53	92.54	1.41	6.67	88.38	64	0
8	5	39	1.48	2597	2918	1.58	165	0	0	1	79.13	2	50.44	0.00	0.23	2.90	95.44	1.41
12	6	81	2.34	3451	2918	0.87	178	0	0	1	62.69	4	59.54	0.00	0.62	2.64	94.44	0.95	6.21	79.07	62	0
12	7	423	11.23	3762	2918	1.18	515	0	0	10	44.61	20	38.21	0.00	0.73	4.70	83.39	0.95
16	8	117	3.71	3157	2918	1.06	329	0	0	4	48.53	7	30.74	0.00	0.59	4.09	91.68	0.69	5.09	88.76	67	0
16	9	25	1.01	2510	2918	1.13	88	0	0	1	76.37	2	31.21	0.00	0.08	1.27	97.68	0.69
20	10	24	1.28	1909	2918	0.65	150	0	0	1	89.12	1	31.59	0.00	0.41	3.63	94.76	1.62	5.79	90.44	64	0
20	11	18	0.93	1968	2918	0.81	138	0	0	1	87.89	1	35.13	0.01	0.69	2.30	96.14	1.62
24	12	3449	99.77	3457	2918	0.07	2019	1	0	1	17.31	1	29.79	0.00	0.00	0.00	0.00	0.00	0.00	0.00	73	0
25	13	3449	99.77	3457	2918	0.07	2017	1	0	0	10.88	1	26.71	0.00	0.00	0.00	0.00	0.00	0.00	0.00	73	0
26	14	3449	99.77	3457	2918	0.07	2015	0	0	1	10.13	1	26.15	0.00	0.00	0.00	0.00	0.00	0.00	0.00	73	0
27	15	3449	99.77	3457	2918	0.07	2016	0	0	0	13.88	1	28.37	0.00	0.00	0.00	0.00	0.00	0.00	0.00	73	0
Core	CPU	Avg_MHz	Busy%	Bzy_MHz	TSC_MHz	IPC	IRQ	NMI	SMI	LLCMRPS	LLC%hit	L2MRPS	L2%hit	POLL%	C1ACPI%	C2ACPI%	C3ACPI%	CPU%c1	CPU%c6	CPU%c7	CoreTmp	CoreThr	PkgTmp	GFX%rc6	GFXMHz	GFXAMHz	Totl%C0	Any%C0	GFX%C0	CPUGFX%	Pkg%pc2	Pkg%pc3	Pkg%pc6	Pkg%pc8	Pk%pc10	CPU%LPI	SYS%LPI	PkgWatt	CorWatt	GFXWatt	RAMWatt	PKG_%	RAM_%	UncMHz	SysWatt
-	-	916	27.02	3389	2918	0.13	10807	3	0	33	59.97	58	34.98	0.00	0.39	3.66	68.95	1.17	5.25	49.70	73	0	71	97.51	300	300	438.96	100.63	2.30	2.30	0.00	0.00	0.00	0.00	0.00	0.00	0.00	15.50	11.82	0.01	0.00	0.00	0.00	3600	4.84
0	0	80	6.34	1263	2918	1.34	484	0	0	5	94.04	7	29.29	0.00	0.28	18.25	75.65	1.98	19.39	65.59	64	0	71	97.51	300	300	438.97	100.63	2.30	2.30	0.00	0.00	0.00	0.00	0.00	0.00	0.00	15.50	11.82	0.01	0.00	0.00	0.00	3600
0	1	28	1.31	2110	2918	0.88	189	0	0	1	84.71	2	31.64	0.00	0.99	3.68	94.10	1.98
4	2	47	1.77	2634	2918	0.85	198	0	0	2	69.07	3	26.39	0.00	0.53	2.37	95.40	0.79	5.19	89.51	61	0
4	3	72	2.18	3300	2918	0.58	137	0	0	1	67.86	3	62.76	0.00	0.15	2.99	94.73	0.79
8	4	22	1.37	1580	2918	0.51	338	0	0	1	79.74	2	27.72	0.00	0.79	9.89	88.08	3.02	9.06	83.31	63	0
8	5	69	2.31	2997	2918	1.82	149	0	0	2	72.79	4	57.37	0.00	0.49	1.68	95.58	3.02
12	6	26	1.19	2199	2918	0.94	163	1	0	1	85.32	2	32.91	0.00	0.52	3.38	94.98	0.60	8.39	86.27	63	0
12	7	102	3.24	3146	2918	1.13	237	0	0	3	50.37	6	41.82	0.00	0.31	5.41	91.11	0.60
16	8	360	9.84	3655	2918	1.29	473	0	0	12	41.63	21	30.70	0.00	0.95	3.53	85.74	1.18	3.99	83.57	67	0
16	9	29	1.02	2826	2918	1.09	71	0	0	1	71.62	2	35.28	0.00	0.29	0.61	98.12	1.18
20	10	37	1.69	2185	2918	0.42	187	0	0	1	89.29	1	29.67	0.00	0.58	5.52	92.31	1.81	6.53	88.76	64	0
20	11	21	0.98	2177	2918	0.86	118	0	0	1	85.99	1	35.67	0.00	0.40	1.19	97.47	1.81
24	12	3440	99.77	3448	2918	0.07	2016	0	0	0	17.76	1	29.31	0.00	0.00	0.00	0.00	0.00	0.00	0.00	71	0
25	13	3440	99.77	3448	2918	0.07	2014	0	0	0	11.12	1	26.55	0.00	0.00	0.00	0.00	0.00	0.00	0.00	73	0
26	14	3440	99.77	3448	2918	0.07	2016	1	0	1	9.54	1	25.60	0.00	0.00	0.00	0.00	0.00	0.00	0.00	73	0
27	15	3440	99.77	3448	2918	0.07	2017	1	0	0	13.35	1	27.46	0.00	0.00	0.00	0.00	0.00	0.00	0.00	72	0
Core	CPU	Avg_MHz	Busy%	Bzy_MHz	TSC_MHz	IPC	IRQ	NMI	SMI	LLCMRPS	LLC%hit	L2MRPS	L2%hit	POLL%	C1ACPI%	C2ACPI%	C3ACPI%	CPU%c1	CPU%c6	CPU%c7	CoreTmp	CoreThr	PkgTmp	GFX%rc6	GFXMHz	GFXAMHz	Totl%C0	Any%C0	GFX%C0	CPUGFX%	Pkg%pc2	Pkg%pc3	Pkg%pc6	Pkg%pc8	Pk%pc10	CPU%LPI	SYS%LPI	PkgWatt	CorWatt	GFXWatt	RAMWatt	PKG_%	RAM_%	UncMHz	SysWatt
-	-	920	27.16	3388	2918	0.14	10869	0	0	33	57.01	60	34.13	0.00	0.40	3.70	68.76	0.94	5.20	49.80	73	0	73	97.41	300	300	440.91	100.64	2.39	2.39	0.00	0.00	0.00	0.00	0.00	0.00	0.00	15.58	11.86	0.01	0.00	0.00	0.00	3600	4.87
0	0	51	5.33	959	2918	0.96	385	0	0	4	95.08	6	20.13	0.00	0.05	16.47	78.64	1.00	18.56	68.13	64	0	73	97.40	300	300	440.89	100.63	2.39	2.39	0.00	0.00	0.00	0.00	0.00	0.00	0.00	15.58	11.86	0.01	0.00	0.00	0.00	3600
0	1	27	1.21	2252	2918	0.80	166	0	0	1	84.89	2	30.00	0.00	0.28	3.35	95.23	1.00
4	2	61	2.20	2752	2918	0.40	253	0	0	1	73.53	2	33.60	0.00	0.49	1.88	95.51	1.60	2.81	91.90	61	0
4	3	27	1.16	2359	2918	0.75	78	0	0	1	83.80	1	34.71	0.02	0.65	1.05	97.19	1.60
8	4	24	1.44	1638	2918	0.62	315	0	0	1	81.78	2	27.32	0.00	1.37	7.12	90.19	1.60	7.00	87.88	63	0
8	5	44	1.47	2970	2918	1.80	103	0	0	1	73.64	3	58.18	0.00	0.65	1.32	96.60	1.60
12	6	51	1.63	3136	2918	0.72	144	0	0	1	74.65	2	34.06	0.00	0.59	1.99	95.83	0.57	7.11	81.22	62	0
12	7	358	9.66	3709	2918	0.90	408	0	0	8	40.42	15	39.12	0.00	0.39	6.44	83.58	0.57
16	8	136	4.07	3334	2918	1.19	268	0	0	5	48.00	8	30.82	0.00	0.46	3.84	91.69	0.75	10.03	82.35	67	0
16	9	61	2.22	2770	2918	1.86	225	0	0	2	73.88	4	58.24	0.00	0.20	6.89	90.77	0.75
20	10	128	4.15	3088	2918	1.13	335	0	0	4	48.51	7	31.36	0.00	1.05	7.11	87.81	1.97	6.47	86.50	63	0
20	11	26	0.99	2589	2918	1.01	111	0	0	1	76.81	1	36.05	0.00	0.21	1.66	97.18	1.97
24	12	3433	99.77	3441	2918	0.08	2035	0	0	1	14.81	2	27.25	0.00	0.00	0.00	0.00	0.00	0.00	0.00	73	0
25	13	3433	99.77	3441	2918	0.07	2016	0	0	1	7.23	2	19.04	0.00	0.00	0.00	0.00	0.00	0.00	0.00	72	0
26	14	3433	99.77	3441	2918	0.07	2013	0	0	1	6.96	2	19.35	0.00	0.00	0.00	0.00	0.00	0.00	0.00	71	0
27	15	3433	99.77	3441	2918	0.07	2014	0	0	1	8.55	2	20.36	0.00	0.00	0.00	0.00	0.00	0.00	0.00	73	0
Core	CPU	Avg_MHz	Busy%	Bzy_MHz	TSC_MHz	IPC	IRQ	NMI	SMI	LLCMRPS	LLC%hit	L2MRPS	L2%hit	POLL%	C1ACPI%	C2ACPI%	C3ACPI%	CPU%c1	CPU%c6	CPU%c7	CoreTmp	CoreThr	PkgTmp	GFX%rc6	GFXMHz	GFXAMHz	Totl%C0	Any%C0	GFX%C0	CPUGFX%	Pkg%pc2	Pkg%pc3	Pkg%pc6	Pkg%pc8	Pk%pc10	CPU%LPI	SYS%LPI	PkgWatt	CorWatt	GFXWatt	RAMWatt	PKG_%	RAM_%	UncMHz	SysWatt
-	-	916	26.98	3394	2919	0.13	10925	0	0	31	59.31	56	34.74	0.00	0.44	3.74	68.88	1.29	5.28	49.70	73	0	71	97.51	300	300	438.48	100.64	2.25	2.25	0.00	0.00	0.00	0.00	0.00	0.00	0.00	15.46	11.80	0.01	0.00	0.00	0.00	3600	4.91
0	0	106	7.02	1505	2918	0.78	549	0	0	5	89.42	8	30.74	0.00	0.47	21.29	71.75	1.45	21.08	63.60	63	0	71	97.50	300	300	438.47	100.63	2.25	2.25	0.00	0.00	0.00	0.00	0.00	0.00	0.00	15.46	11.80	0.01	0.00	0.00	0.00	3600
0	1	26	1.16	2231	2918	0.95	142	0	0	1	84.37	2	30.74	0.00	0.31	1.25	97.34	1.45
4	2	80	3.12	2552	2918	0.25	514	0	0	2	85.36	3	29.42	0.00	1.14	8.07	87.83	2.75	8.40	84.13	61	0
4	3	9	0.45	2049	2918	0.44	65	0	0	0	88.80	1	32.59	0.01	0.36	1.95	97.28	2.75
8	4	35	1.71	2048	2918	0.82	223	0	0	1	77.54	2	39.26	0.00	0.73	4.28	93.38	1.27	3.67	92.57	64	0
8	5	16	0.70	2346	2918	0.88	37	0	0	0	83.40	1	35.65	0.00	0.00	0.00	99.33	1.27
12	6	33	1.15	2907	2918	1.05	117	0	0	1	71.32	2	38.31	0.00	1.17	1.03	96.68	2.15	5.07	85.07	63	0
12	7	248	7.00	3542	2918	1.32	365	0	0	8	41.17	15	34.35	0.00	1.16	4.47	87.43	2.15
16	8	28	1.36	2049	2918	0.73	194	0	0	1	82.47	2	29.05	0.00	0.56	4.81	93.36	1.52	10.89	82.31	67	0
16	9	96	3.16	3040	2918	1.42	311	0	0	3	51.10	6	37.68	0.00	0.40	8.88	87.66	1.52
20	10	171	4.91	3485	2918	1.53	224	0	0	5	43.97	10	41.44	0.00	0.40	2.88	91.86	1.17	3.65	89.27	64	0
20	11	22	0.81	2684	2918	1.06	78	0	0	1	80.42	1	33.21	0.01	0.30	0.92	98.00	1.17
24	12	3445	99.77	3453	2918	0.07	2015	0	0	1	18.06	1	30.31	0.00	0.00	0.00	0.00	0.00	0.00	0.00	73	0
25	13	3445	99.77	3453	2918	0.07	2013	0	0	0	11.41	1	26.45	0.00	0.00	0.00	0.00	0.00	0.00	0.00	71	0
26	14	3445	99.77	3453	2918	0.07	2041	0	0	1	10.78	1	25.96	0.00	0.00	0.00	0.00	0.00	0.00	0.00	71	0
27	15	3445	99.77	3453	2918	0.07	2037	0	0	0	13.10	1	27.03	0.00	0.00	0.00	0.00	0.00	0.00	0.00	71	0
Core	CPU	Avg_MHz	Busy%	Bzy_MHz	TSC_MHz	IPC	IRQ	NMI	SMI	LLCMRPS	LLC%hit	L2MRPS	L2%hit	POLL%	C1ACPI%	C2ACPI%	C3ACPI%	CPU%c1	CPU%c6	CPU%c7	CoreTmp	CoreThr	PkgTmp	GFX%rc6	GFXMHz	GFXAMHz	Totl%C0	Any%C0	GFX%C0	CPUGFX%	Pkg%pc2	Pkg%pc3	Pkg%pc6	Pkg%pc8	Pk%pc10	CPU%LPI	SYS%LPI	PkgWatt	CorWatt	GFXWatt	RAMWatt	PKG_%	RAM_%	UncMHz	SysWatt
-	-	943	28.26	3337	2918	0.20	13237	0	0	46	56.89	93	41.61	0.00	0.55	4.81	66.41	1.84	6.48	46.04	71	0	71	97.26	300	300	458.04	100.63	2.54	2.54	0.00	0.00	0.00	0.00	0.00	0.00	0.00	16.31	12.48	0.01	0.00	0.00	0.00	3600	5.12
0	0	232	10.46	2221	2918	1.14	791	0	0	9	68.49	15	34.85	0.00	1.13	20.98	67.93	2.43	22.04	57.78	63	0	71	97.27	300	300	458.05	100.63	2.54	2.54	0.00	0.00	0.00	0.00	0.00	0.00	0.00	16.31	12.48	0.01	0.00	0.00	0.00	3600
0	1	57	2.10	2708	2918	0.96	522	0	0	1	79.57	3	47.61	0.00	0.31	3.55	94.12	2.43
4	2	135	5.06	2676	2918	0.73	826	0	0	4	69.62	6	33.37	0.00	1.69	8.01	85.42	3.59	10.70	78.33	61	0
4	3	15	0.79	1908	2918	0.27	151	0	0	1	89.13	1	31.57	0.02	0.21	5.18	93.89	3.59
8	4	62	2.75	2267	2918	1.47	427	0	0	2	72.28	4	39.87	0.00	1.09	6.87	89.41	3.65	6.02	84.20	62	0
8	5	112	3.27	3433	2918	0.27	221	0	0	1	84.35	1	51.00	0.01	0.47	1.73	94.57	3.65
12	6	74	2.57	2891	2918	1.34	302	0	0	2	64.92	4	40.27	0.00	1.02	2.97	93.49	0.91	8.41	73.22	62	0
12	7	577	15.64	3688	2918	1.70	819	0	0	15	43.72	34	46.08	0.00	0.69	7.36	76.37	0.91
16	8	80	3.16	2521	2918	1.03	277	0	0	3	67.40	5	41.06	0.00	0.87	4.31	91.76	2.23	11.48	81.25	67	0
16	9	41	1.89	2190	2918	1.32	257	0	0	1	65.82	2	42.33	0.00	0.31	8.44	89.46	2.23
20	10	98	3.28	2983	2918	2.07	251	0	0	2	71.73	6	65.13	0.00	0.46	5.15	91.19	1.91	6.11	85.62	64	0
20	11	53	2.14	2483	2918	1.46	331	0	0	2	72.45	3	40.29	0.00	0.53	2.35	95.04	1.91
24	12	3388	99.77	3396	2918	0.07	2018	0	0	1	12.50	2	24.56	0.00	0.00	0.00	0.00	0.00	0.00	0.00	71	0
25	13	3388	99.77	3396	2918	0.07	2017	0	0	1	8.85	2	22.26	0.00	0.00	0.00	0.00	0.00	0.00	0.00	71	0
26	14	3388	99.77	3396	2918	0.07	2013	0	0	1	6.93	2	19.37	0.00	0.00	0.00	0.00	0.00	0.00	0.00	71	0
27	15	3388	99.77	3396	2918	0.07	2014	0	0	1	8.40	2	19.53	0.00	0.00	0.00	0.00	0.00	0.00	0.00	71	0
Core	CPU	Avg_MHz	Busy%	Bzy_MHz	TSC_MHz	IPC	IRQ	NMI	SMI	LLCMRPS	LLC%hit	L2MRPS	L2%hit	POLL%	C1ACPI%	C2ACPI%	C3ACPI%	CPU%c1	CPU%c6	CPU%c7	CoreTmp	CoreThr	PkgTmp	GFX%rc6	GFXMHz	GFXAMHz	Totl%C0	Any%C0	GFX%C0	CPUGFX%	Pkg%pc2	Pkg%pc3	Pkg%pc6	Pkg%pc8	Pk%pc10	CPU%LPI	SYS%LPI	PkgWatt	CorWatt	GFXWatt	RAMWatt	PKG_%	RAM_%	UncMHz	SysWatt
-	-	913	26.88	3398	2918	0.12	10681	4	0	30	62.00	50	32.85	0.00	0.29	3.73	69.12	0.80	5.37	50.07	72	0	71	97.71	300	300	437.17	100.63	2.10	2.10	0.00	0.00	0.00	0.00	0.00	0.00	0.00	15.30	11.74	0.01	0.00	0.00	0.00	3200	4.76
0	0	64	6.06	1053	2918	0.87	468	0	0	5	96.40	6	16.75	0.00	0.21	18.00	76.27	1.17	20.67	65.67	64	0	71	97.71	300	300	437.20	100.64	2.10	2.10	0.00	0.00	0.00	0.00	0.00	0.00	0.00	15.30	11.75	0.01	0.00	0.00	0.00	3200
0	1	8	0.69	1117	2918	0.32	168	0	0	0	92.24	1	23.05	0.00	0.47	4.45	94.46	1.17
4	2	45	1.78	2551	2918	0.64	214	0	0	1	78.03	2	25.28	0.00	0.42	2.88	95.00	0.44	2.95	94.06	60	0
4	3	3	0.11	2646	2918	0.42	9	0	0	0	82.07	0	32.73	0.00	0.00	0.13	99.76	0.44
8	4	102	3.51	2913	2918	0.75	321	0	0	2	68.58	5	58.32	0.00	1.06	7.17	88.37	2.63	6.44	86.52	63	0
8	5	17	0.82	2118	2918	0.85	48	0	0	1	86.29	1	35.24	0.00	0.38	0.00	98.84	2.63
12	6	32	1.27	2543	2918	1.04	155	0	0	1	77.66	2	35.28	0.00	0.38	2.92	95.49	1.28	12.68	78.15	62	0
12	7	215	6.64	3239	2918	1.13	528	0	0	7	49.97	11	31.73	0.01	0.94	11.63	80.93	1.28
16	8	217	6.12	3552	2918	1.14	344	0	0	8	44.90	12	26.30	0.00	0.30	4.37	89.28	0.71	5.16	86.00	66	0
16	9	20	1.02	1918	2918	0.65	103	0	0	1	79.95	1	33.03	0.00	0.37	1.86	96.81	0.71
20	10	62	2.00	3115	2918	2.01	130	0	0	1	69.28	4	63.54	0.00	0.08	2.57	95.40	0.15	5.83	90.32	63	0
20	11	19	0.96	1977	2918	0.92	126	0	0	1	90.13	1	26.07	0.00	0.03	3.72	95.35	0.15
24	12	3452	99.77	3460	2918	0.07	2018	1	0	0	16.79	1	29.72	0.00	0.00	0.00	0.00	0.00	0.00	0.00	71	0
25	13	3452	99.77	3460	2918	0.07	2016	1	0	0	12.05	1	27.25	0.00	0.00	0.00	0.00	0.00	0.00	0.00	72	0
26	14	3452	99.77	3460	2918	0.07	2016	1	0	1	10.23	1	26.06	0.00	0.00	0.00	0.00	0.00	0.00	0.00	71	0
27	15	3452	99.77	3460	2918	0.07	2017	1	0	1	13.99	1	27.89	0.00	0.00	0.00	0.00	0.00	0.00	0.00	72	0
Core	CPU	Avg_MHz	Busy%	Bzy_MHz	TSC_MHz	IPC	IRQ	NMI	SMI	LLCMRPS	LLC%hit	L2MRPS	L2%hit	POLL%	C1ACPI%	C2ACPI%	C3ACPI%	CPU%c1	CPU%c6	CPU%c7	CoreTmp	CoreThr	PkgTmp	GFX%rc6	GFXMHz	GFXAMHz	Totl%C0	Any%C0	GFX%C0	CPUGFX%	Pkg%pc2	Pkg%pc3	Pkg%pc6	Pkg%pc8	Pk%pc10	CPU%LPI	SYS%LPI	PkgWatt	CorWatt	GFXWatt	RAMWatt	PKG_%	RAM_%	UncMHz	SysWatt
-	-	927	27.46	3375	2918	0.15	11406	0	0	38	59.07	70	37.86	0.00	0.39	4.33	67.85	1.08	6.18	48.22	71	0	70	97.56	300	300	445.65	100.64	2.27	2.27	0.00	0.00	0.00	0.00	0.00	0.00	0.00	15.75	12.04	0.01	0.00	0.00	0.00	3500	4.88
0	0	124	7.66	1623	2918	1.29	577	0	0	7	84.40	11	36.88	0.00	0.49	20.00	72.38	1.16	23.53	60.77	64	0	70	97.55	300	300	445.62	100.63	2.27	2.27	0.00	0.00	0.00	0.00	0.00	0.00	0.00	15.75	12.04	0.01	0.00	0.00	0.00	3500
0	1	46	1.86	2461	2918	1.29	291	0	0	1	76.33	3	53.60	0.01	0.27	7.87	90.10	1.16
4	2	56	2.34	2395	2918	0.83	330	0	0	2	70.84	3	25.18	0.00	0.48	7.17	90.12	0.96	7.82	87.66	63	0
4	3	10	0.44	2314	2918	0.69	44	0	0	0	85.00	1	32.58	0.00	0.19	0.91	98.49	0.96
8	4	93	3.38	2742	2918	0.88	438	0	0	2	67.24	5	56.73	0.00	1.47	11.01	84.29	2.72	12.33	78.20	63	0
8	5	116	3.28	3547	2918	0.29	144	0	0	1	82.27	1	44.17	0.00	0.34	2.25	94.18	2.72
12	6	35	1.31	2655	2918	1.00	125	0	0	1	72.81	2	36.83	0.00	0.38	1.98	96.39	1.14	5.85	83.46	64	0
12	7	282	8.08	3491	2918	1.47	569	0	0	9	44.18	18	39.63	0.01	0.76	4.57	86.66	1.14
16	8	239	6.89	3468	2918	1.12	402	0	0	8	46.06	13	27.25	0.00	0.69	5.04	87.47	1.19	8.31	81.57	67	0
16	9	30	1.34	2229	2918	0.97	148	0	0	1	77.24	2	34.58	0.00	0.13	4.10	94.51	1.19
20	10	74	2.59	2837	2918	1.34	209	0	0	1	74.57	3	56.51	0.00	0.76	3.82	92.91	1.47	3.92	90.59	63	0
20	11	24	1.05	2295	2918	1.00	73	0	0	1	81.73	1	32.89	0.00	0.36	0.53	98.11	1.47
24	12	3425	99.77	3432	2918	0.07	2018	0	0	1	16.88	1	29.47	0.00	0.00	0.00	0.00	0.00	0.00	0.00	71	0
25	13	3425	99.77	3432	2918	0.07	2013	0	0	0	12.26	1	27.17	0.00	0.00	0.00	0.00	0.00	0.00	0.00	70	0
26	14	3425	99.77	3433	2918	0.07	2012	0	0	1	10.23	1	25.98	0.00	0.00	0.00	0.00	0.00	0.00	0.00	70	0
27	15	3425	99.77	3433	2918	0.07	2013	0	0	0	13.35	1	27.65	0.00	0.00	0.00	0.00	0.00	0.00	0.00	71	0
Core	CPU	Avg_MHz	Busy%	Bzy_MHz	TSC_MHz	IPC	IRQ	NMI	SMI	LLCMRPS	LLC%hit	L2MRPS	L2%hit	POLL%	C1ACPI%	C2ACPI%	C3ACPI%	CPU%c1	CPU%c6	CPU%c7	CoreTmp	CoreThr	PkgTmp	GFX%rc6	GFXMHz	GFXAMHz	Totl%C0	Any%C0	GFX%C0	CPUGFX%	Pkg%pc2	Pkg%pc3	Pkg%pc6	Pkg%pc8	Pk%pc10	CPU%LPI	SYS%LPI	PkgWatt	CorWatt	GFXWatt	RAMWatt	PKG_%	RAM_%	UncMHz	SysWatt
-	-	935	27.91	3351	2918	0.21	13689	0	0	45	55.93	97	43.79	0.00	0.63	4.79	66.69	1.83	6.65	46.39	73	0	71	97.11	300	300	452.98	100.63	2.63	2.63	0.00	0.00	0.00	0.00	0.00	0.00	0.00	16.39	12.49	0.02	0.00	0.00	0.00	3600	5.05
0	0	86	6.71	1276	2918	1.16	675	0	0	5	93.04	7	26.85	0.00	1.13	24.24	68.47	2.69	24.22	59.74	63	0	71	97.11	300	300	452.98	100.63	2.63	2.63	0.00	0.00	0.00	0.00	0.00	0.00	0.00	16.39	12.49	0.02	0.00	0.00	0.00	3600
0	1	34	1.54	2240	2918	1.35	204	0	0	1	77.25	2	49.46	0.00	0.36	4.38	93.80	2.69
4	2	72	2.79	2576	2918	0.59	356	0	0	2	78.17	3	27.56	0.01	1.21	5.48	90.64	2.36	5.32	88.25	61	0
4	3	7	0.29	2371	2918	0.55	29	0	0	0	83.95	0	34.09	0.02	0.00	0.04	99.68	2.36
8	4	81	3.31	2450	2918	0.88	442	0	0	2	72.40	4	51.34	0.01	1.77	12.60	82.48	3.27	13.26	78.78	62	0
8	5	25	1.20	2117	2918	0.86	101	0	0	1	81.68	1	35.08	0.01	0.64	1.87	96.34	3.27
12	6	72	2.23	3232	2918	1.07	308	0	0	2	70.55	4	46.93	0.00	1.34	2.12	94.35	2.20	8.41	66.53	63	0
12	7	820	21.56	3804	2918	1.84	2575	0	0	22	42.97	52	48.76	0.01	1.61	7.84	69.06	2.20
16	8	65	2.48	2613	2918	1.56	334	0	0	2	73.94	4	45.82	0.00	0.82	4.12	92.67	2.67	7.29	85.05	66	0
16	9	16	1.02	1517	2918	0.42	141	0	0	1	77.83	1	32.67	0.00	0.34	4.34	94.38	2.67
20	10	62	2.26	2768	2918	1.20	240	0	0	2	52.33	4	34.56	0.01	0.73	6.12	90.98	1.45	8.03	85.50	63	0
20	11	58	2.10	2769	2918	1.24	165	0	0	2	79.67	4	56.76	0.00	0.15	3.57	94.25	1.45
24	12	3392	99.77	3400	2918	0.08	2073	0	0	1	15.47	2	32.38	0.00	0.00	0.00	0.00	0.00	0.00	0.00	71	0
25	13	3392	99.77	3400	2918	0.08	2017	0	0	1	10.26	2	28.13	0.00	0.00	0.00	0.00	0.00	0.00	0.00	71	0
26	14	3392	99.77	3400	2918	0.07	2014	0	0	1	7.09	2	20.31	0.00	0.00	0.00	0.00	0.00	0.00	0.00	71	0
27	15	3392	99.77	3400	2918	0.07	2015	0	0	1	8.51	2	20.74	0.00	0.00	0.00	0.00	0.00	0.00	0.00	73	0
Core	CPU	Avg_MHz	Busy%	Bzy_MHz	TSC_MHz	IPC	IRQ	NMI	SMI	LLCMRPS	LLC%hit	L2MRPS	L2%hit	POLL%	C1ACPI%	C2ACPI%	C3ACPI%	CPU%c1	CPU%c6	CPU%c7	CoreTmp	CoreThr	PkgTmp	GFX%rc6	GFXMHz	GFXAMHz	Totl%C0	Any%C0	GFX%C0	CPUGFX%	Pkg%pc2	Pkg%pc3	Pkg%pc6	Pkg%pc8	Pk%pc10	CPU%LPI	SYS%LPI	PkgWatt	CorWatt	GFXWatt	RAMWatt	PKG_%	RAM_%	UncMHz	SysWatt
-	-	923	27.49	3358	2919	0.16	12823	0	0	39	60.34	74	38.56	0.00	0.63	5.13	66.80	1.96	7.15	46.40	71	0	71	97.01	300	300	447.13	100.63	2.67	2.67	0.00	0.00	0.00	0.00	0.00	0.00	0.00	15.90	12.11	0.01	0.00	0.00	0.00	2000	4.91
0	0	75	6.37	1177	2918	0.92	683	0	0	5	95.47	7	20.43	0.00	0.84	23.78	69.56	3.07	25.72	57.33	63	0	71	96.99	300	300	447.16	100.64	2.67	2.67	0.00	0.00	0.00	0.00	0.00	0.00	0.00	15.89	12.10	0.01	0.00	0.00	0.00	2000
0	1	59	2.22	2644	2918	1.17	291	0	0	2	85.09	3	43.90	0.00	0.74	5.37	91.77	3.07
4	2	62	2.49	2492	2918	0.37	468	0	0	2	88.34	2	27.67	0.00	0.86	4.23	92.54	4.25	4.57	87.05	60	0
4	3	6	0.36	1609	2918	0.51	55	0	0	0	88.24	1	27.83	0.00	0.02	1.14	98.50	4.25
8	4	106	3.72	2851	2918	0.78	443	0	0	2	64.16	5	56.56	0.00	1.34	11.58	83.50	2.87	11.98	77.55	62	0
8	5	108	3.05	3544	2918	0.25	147	0	0	1	88.17	2	38.42	0.00	0.33	1.06	95.60	2.87
12	6	46	1.85	2519	2918	0.88	280	0	0	2	78.04	3	34.08	0.00	0.94	6.36	90.94	1.57	9.42	76.52	61	0
12	7	399	10.96	3642	2918	1.77	611	0	0	14	40.82	29	40.42	0.00	1.06	5.58	82.46	1.57
16	8	185	5.57	3320	2918	1.82	332	0	0	6	48.89	13	44.82	0.00	0.96	5.33	88.22	1.23	7.69	83.60	66	0
16	9	34	1.45	2340	2918	0.79	175	0	0	1	75.96	2	34.64	0.00	0.66	3.87	94.09	1.23
20	10	31	1.88	1666	2918	0.73	359	0	0	1	86.21	2	28.55	0.00	1.63	11.42	85.23	2.72	12.13	81.92	63	0
20	11	22	1.01	2176	2918	0.87	132	0	0	1	83.32	1	32.81	0.00	0.64	2.27	96.14	2.72
24	12	3411	99.77	3419	2918	0.07	2677	0	0	0	19.50	1	31.47	0.00	0.00	0.00	0.00	0.00	0.00	0.00	70	0
25	13	3411	99.77	3418	2918	0.07	2143	0	0	0	12.51	1	31.56	0.00	0.00	0.00	0.00	0.00	0.00	0.00	70	0
26	14	3410	99.77	3418	2918	0.07	2013	0	0	1	10.33	1	25.86	0.00	0.00	0.00	0.00	0.00	0.00	0.00	71	0
27	15	3410	99.77	3418	2918	0.07	2014	0	0	1	14.02	1	28.26	0.00	0.00	0.00	0.00	0.00	0.00	0.00	70	0
Core	CPU	Avg_MHz	Busy%	Bzy_MHz	TSC_MHz	IPC	IRQ	NMI	SMI	LLCMRPS	LLC%hit	L2MRPS	L2%hit	POLL%	C1ACPI%	C2ACPI%	C3ACPI%	CPU%c1	CPU%c6	CPU%c7	CoreTmp	CoreThr	PkgTmp	GFX%rc6	GFXMHz	GFXAMHz	Totl%C0	Any%C0	GFX%C0	CPUGFX%	Pkg%pc2	Pkg%pc3	Pkg%pc6	Pkg%pc8	Pk%pc10	CPU%LPI	SYS%LPI	PkgWatt	CorWatt	GFXWatt	RAMWatt	PKG_%	RAM_%	UncMHz	SysWatt
-	-	918	27.28	3366	2918	0.16	12099	4	0	39	58.69	76	37.80	0.00	0.38	4.87	67.49	1.22	6.76	47.73	77	0	73	96.86	300	300	443.31	100.64	2.80	2.80	0.00	0.00	0.00	0.00	0.00	0.00	0.00	15.84	11.98	0.02	0.00	0.00	0.00	3400	4.87
0	0	74	6.32	1172	2918	0.95	598	0	0	5	93.43	7	27.26	0.00	0.36	23.26	70.60	3.64	26.71	56.69	61	0	73	96.87	300	300	443.28	100.63	2.80	2.80	0.00	0.00	0.00	0.00	0.00	0.00	0.00	15.84	11.98	0.02	0.00	0.00	0.00	3400
0	1	35	1.81	1949	2918	0.70	336	0	0	1	86.44	2	30.82	0.00	1.51	8.01	88.78	3.64
4	2	42	1.69	2459	2918	0.65	173	0	0	1	84.50	2	38.24	0.00	0.17	2.71	95.50	0.86	3.55	91.62	59	0
4	3	9	0.72	1210	2918	0.77	47	0	0	1	90.53	1	27.91	0.00	0.06	1.23	98.05	0.86
8	4	101	3.67	2761	2918	1.47	466	0	0	2	72.99	6	53.27	0.00	0.93	13.81	81.74	2.43	14.60	76.97	60	0
8	5	38	1.59	2390	2918	0.73	165	0	0	2	87.95	3	29.88	0.00	0.60	2.33	95.56	2.43
12	6	50	1.79	2771	2918	0.95	170	0	0	2	77.17	3	33.29	0.00	0.56	2.44	95.27	1.35	8.78	75.80	62	0
12	7	453	12.33	3676	2918	1.72	657	0	0	14	40.94	31	42.88	0.00	1.05	7.42	79.29	1.35
16	8	149	4.44	3353	2918	1.71	285	0	0	5	50.71	10	37.45	0.00	0.27	5.94	89.44	1.26	7.48	85.52	66	0
16	9	29	1.10	2642	2918	0.70	127	0	0	1	73.05	2	44.10	0.00	0.46	2.23	96.26	1.26
20	10	13	0.90	1442	2918	0.26	182	0	0	1	86.53	1	25.62	0.01	0.13	6.16	92.90	0.24	6.44	90.70	64	0
20	11	21	0.96	2191	2918	1.00	94	0	0	1	88.31	1	30.64	0.00	0.00	2.41	96.68	0.24
24	12	3418	99.77	3426	2918	0.07	2633	1	0	1	13.95	1	25.31	0.00	0.00	0.00	0.00	0.00	0.00	0.00	74	0
25	13	3418	99.77	3426	2918	0.07	2135	1	0	1	8.79	2	23.20	0.00	0.00	0.00	0.00	0.00	0.00	0.00	76	0
26	14	3419	99.77	3427	2918	0.07	2015	1	0	1	7.46	2	19.70	0.00	0.00	0.00	0.00	0.00	0.00	0.00	76	0
27	15	3419	99.77	3427	2918	0.07	2016	1	0	1	8.32	2	20.55	0.00	0.00	0.00	0.00	0.00	0.00	0.00	77	0
Core	CPU	Avg_MHz	Busy%	Bzy_MHz	TSC_MHz	IPC	IRQ	NMI	SMI	LLCMRPS	LLC%hit	L2MRPS	L2%hit	POLL%	C1ACPI%	C2ACPI%	C3ACPI%	CPU%c1	CPU%c6	CPU%c7	CoreTmp	CoreThr	PkgTmp	GFX%rc6	GFXMHz	GFXAMHz	Totl%C0	Any%C0	GFX%C0	CPUGFX%	Pkg%pc2	Pkg%pc3	Pkg%pc6	Pkg%pc8	Pk%pc10	CPU%LPI	SYS%LPI	PkgWatt	CorWatt	GFXWatt	RAMWatt	PKG_%	RAM_%	UncMHz	SysWatt
-	-	236	7.36	3204	2922	0.82	9647	0	0	47	54.60	116	49.69	0.00	1.19	5.80	85.90	15.75	34.46	39.43	64	0	65	89.71	300	300	121.25	45.51	9.63	4.83	6.53	0.10	4.28	2.56	0.00	0.00	0.00	10.96	6.87	0.06	0.00	0.00	0.00	4000	3.77
0	0	60	3.26	1849	2918	0.70	422	0	0	2	81.20	4	44.64	0.00	1.02	13.35	82.76	35.24	10.14	46.78	60	0	65	89.58	300	300	121.22	45.50	9.63	4.83	6.53	0.10	4.28	2.55	0.00	0.00	0.00	10.94	6.86	0.06	0.00	0.00	0.00	4000
0	1	86	3.49	2467	2918	1.18	714	0	0	2	74.32	5	50.35	0.02	2.21	8.59	85.85	35.24
4	2	57	2.73	2085	2918	0.54	563	0	0	1	77.81	3	37.15	0.00	1.62	5.16	90.70	17.57	3.27	73.76	60	0
4	3	34	1.44	2365	2918	1.10	85	0	0	1	80.26	3	59.58	0.00	0.14	1.88	96.61	17.57
8	4	216	6.22	3476	2918	1.76	540	0	0	7	46.03	16	44.47	0.00	2.22	9.29	82.52	12.70	8.95	66.21	59	0
8	5	234	6.24	3746	2918	0.59	1885	0	0	4	74.42	11	58.61	0.01	0.94	6.08	86.83	12.70
12	6	46	2.15	2152	2918	0.88	333	0	0	2	74.60	3	38.01	0.01	0.85	7.04	90.21	18.34	3.19	60.87	60	0
12	7	605	15.56	3887	2918	2.04	1037	0	0	16	41.43	44	53.30	0.02	1.62	8.75	74.13	18.34
16	8	106	3.75	2823	2918	1.40	434	0	0	3	56.12	6	48.35	0.00	2.34	9.02	85.11	20.33	7.19	66.83	62	0
16	9	25	1.39	1827	2918	0.77	133	0	0	1	76.67	2	32.85	0.00	0.40	3.86	94.43	20.33
20	10	188	5.20	3617	2918	1.57	326	0	0	5	43.95	12	44.32	0.00	1.04	5.72	88.18	8.51	4.77	79.74	61	0
20	11	32	1.20	2644	2918	0.98	111	0	0	1	76.75	2	33.07	0.01	1.08	0.90	96.87	8.51
24	12	564	17.75	3179	2918	0.34	1693	0	0	1	44.03	3	51.08	0.00	2.30	5.19	74.83	14.61	67.32	0.00	64	0
25	13	523	16.35	3199	2918	0.26	555	0	0	0	50.15	1	51.76	0.00	0.87	2.31	80.46	10.15	73.32	0.00	64	0
26	14	504	15.54	3242	2918	0.26	377	0	0	0	55.81	1	58.07	0.00	0.14	0.69	83.60	0.14	84.28	0.00	64	0
27	15	493	15.51	3180	2918	0.26	439	0	0	0	67.97	1	48.43	0.00	0.23	4.80	79.48	1.63	82.40	0.00	64	0
Core	CPU	Avg_MHz	Busy%	Bzy_MHz	TSC_MHz	IPC	IRQ	NMI	SMI	LLCMRPS	LLC%hit	L2MRPS	L2%hit	POLL%	C1ACPI%	C2ACPI%	C3ACPI%	CPU%c1	CPU%c6	CPU%c7	CoreTmp	CoreThr	PkgTmp	GFX%rc6	GFXMHz	GFXAMHz	Totl%C0	Any%C0	GFX%C0	CPUGFX%	Pkg%pc2	Pkg%pc3	Pkg%pc6	Pkg%pc8	Pk%pc10	CPU%LPI	SYS%LPI	PkgWatt	CorWatt	GFXWatt	RAMWatt	PKG_%	RAM_%	UncMHz	SysWatt
-	-	74	2.45	3035	2919	1.36	3765	0	0	35	52.20	76	42.15	0.00	0.78	4.03	92.87	12.70	42.45	42.94	62	0	64	92.29	300	300	42.90	30.26	6.72	3.25	13.50	0.11	8.90	5.51	0.00	0.00	0.00	8.02	4.36	0.04	0.00	0.00	0.00	4000	2.91
0	0	31	2.03	1549	2918	0.85	301	0	0	1	73.52	2	26.89	0.00	0.78	8.19	89.30	25.49	6.22	63.38	60	0	64	92.26	300	300	42.90	30.25	6.72	3.25	13.49	0.11	8.90	5.50	0.00	0.00	0.00	8.02	4.36	0.04	0.00	0.00	0.00	4000
0	1	39	2.11	1854	2918	0.77	488	0	0	1	75.70	2	32.34	0.00	1.88	3.90	92.24	25.49
4	2	32	1.43	2239	2918	0.71	220	0	0	1	74.43	2	30.38	0.00	0.68	1.37	96.64	8.01	1.01	87.52	59	0
4	3	12	0.95	1215	2918	0.34	42	0	0	1	82.81	1	25.16	0.00	0.09	0.75	98.28	8.01
8	4	363	9.63	3767	2918	1.67	617	0	0	10	43.40	23	42.28	0.00	2.89	9.93	77.82	21.41	7.41	59.19	59	0
8	5	64	1.89	3395	2918	0.65	161	0	0	2	59.74	4	37.99	0.00	0.23	2.00	95.92	21.41
12	6	244	6.48	3768	2918	1.85	412	0	0	8	41.73	19	43.38	0.01	1.20	6.15	86.41	18.44	8.23	61.38	60	0
12	7	190	5.27	3598	2918	1.23	433	0	0	4	47.77	11	50.79	0.00	1.84	7.90	85.10	18.44
16	8	45	2.15	2110	2918	0.93	326	0	0	1	71.05	2	33.19	0.01	1.78	8.11	88.18	18.83	4.13	74.29	62	0
16	9	4	0.15	2472	2918	2.80	20	0	0	0	59.07	0	53.54	0.00	0.23	0.04	99.59	18.83
20	10	57	2.11	2712	2918	0.32	237	0	0	1	78.60	1	32.95	0.00	0.39	5.78	91.89	8.77	4.05	83.57	61	0
20	11	19	0.75	2475	2918	1.04	60	0	0	1	76.91	1	30.17	0.00	0.47	0.03	98.77	8.77
24	12	12	0.73	1680	2918	0.82	79	0	0	0	69.42	1	47.94	0.00	0.02	1.56	97.72	0.02	99.16	0.00	62	0
25	13	13	0.73	1833	2918	0.93	93	0	0	0	59.05	1	46.29	0.00	0.03	1.90	97.36	0.03	99.06	0.00	62	0
26	14	17	0.93	1833	2918	1.12	137	0	0	0	54.44	1	50.52	0.00	0.02	3.93	95.17	0.69	98.01	0.00	62	0
27	15	48	1.86	2556	2918	1.54	139	0	0	2	42.88	3	48.59	0.00	0.03	2.88	95.27	0.63	97.21	0.00	62	0
Core	CPU	Avg_MHz	Busy%	Bzy_MHz	TSC_MHz	IPC	IRQ	NMI	SMI	LLCMRPS	LLC%hit	L2MRPS	L2%hit	POLL%	C1ACPI%	C2ACPI%	C3ACPI%	CPU%c1	CPU%c6	CPU%c7	CoreTmp	CoreThr	PkgTmp	GFX%rc6	GFXMHz	GFXAMHz	Totl%C0	Any%C0	GFX%C0	CPUGFX%	Pkg%pc2	Pkg%pc3	Pkg%pc6	Pkg%pc8	Pk%pc10	CPU%LPI	SYS%LPI	PkgWatt	CorWatt	GFXWatt	RAMWatt	PKG_%	RAM_%	UncMHz	SysWatt
-	-	161	5.29	3052	2918	1.49	4216	0	0	61	53.05	160	53.03	0.00	3.18	12.08	79.63	35.47	34.29	25.26	70	0	70	90.66	300	100	85.47	44.35	8.17	4.03	3.95	0.02	2.37	0.10	0.00	0.00	0.00	11.85	7.42	0.04	0.00	0.00	0.00	2800	4.12
0	0	61	3.40	1804	2918	1.02	351	0	0	2	64.91	4	41.63	0.00	4.76	23.07	69.25	66.23	3.46	22.35	61	0	70	90.73	300	100	85.52	44.37	8.18	4.03	3.95	0.02	2.37	0.10	0.00	0.00	0.00	11.86	7.43	0.04	0.00	0.00	0.00	2800
0	1	134	5.26	2541	2918	1.49	378	0	0	3	61.12	8	45.82	0.02	5.96	8.16	80.78	66.23
4	2	124	4.93	2510	2918	1.38	241	0	0	3	66.46	6	37.55	0.00	3.09	7.14	85.13	31.79	2.08	59.13	58	0
4	3	18	1.09	1682	2918	0.59	117	0	0	1	83.21	1	38.86	0.00	1.57	5.64	91.79	31.79
8	4	786	20.52	3830	2918	1.71	592	0	0	20	46.74	49	48.46	0.00	6.61	19.73	53.51	47.54	5.41	24.19	70	0
8	5	59	2.20	2681	2918	0.49	135	0	0	2	61.42	4	39.73	0.00	1.36	7.48	89.04	47.54
12	6	324	9.79	3308	2918	1.47	370	0	0	6	56.47	21	62.51	0.01	5.40	18.99	66.20	46.14	7.94	27.72	60	0
12	7	358	9.91	3615	2918	1.47	341	0	0	10	41.31	26	48.69	0.00	2.84	18.79	68.59	46.14
16	8	187	6.03	3106	2918	1.99	187	0	0	3	63.19	12	68.17	0.00	2.07	8.76	83.31	15.58	1.91	74.36	70	0
16	9	51	1.48	3424	2918	1.58	62	0	0	1	59.11	6	85.11	0.00	0.35	3.24	94.95	15.58
20	10	125	4.99	2499	2918	1.12	320	0	0	3	68.39	7	52.43	0.00	5.64	20.67	69.07	42.37	6.35	44.85	61	0
20	11	32	1.16	2773	2918	1.28	72	0	0	1	61.67	2	58.13	0.01	0.56	4.56	93.77	42.37
24	12	127	5.30	2389	2918	1.14	338	0	0	2	48.77	6	54.32	0.00	3.72	16.24	74.86	26.67	67.17	0.00	64	0
25	13	82	3.60	2271	2918	1.34	253	0	0	1	53.78	4	53.59	0.01	2.44	14.06	80.00	16.66	78.99	0.00	64	0
26	14	85	3.60	2357	2918	1.35	316	0	0	2	50.51	4	53.94	0.00	2.86	10.54	83.11	16.01	79.76	0.00	64	0
27	15	30	1.35	2217	2918	0.97	143	0	0	1	67.85	2	57.24	0.01	1.64	6.20	90.85	8.96	89.85	0.00	64	0
