Core	CPU	Avg_MHz	Busy%	Bzy_MHz	TSC_MHz	IPC	IRQ	NMI	SMI	LLCMRPS	LLC%hit	L2MRPS	L2%hit	POLL%	C1ACPI%	C2ACPI%	C3ACPI%	CPU%c1	CPU%c6	CPU%c7	CoreTmp	CoreThr	PkgTmp	GFX%rc6	GFXMHz	GFXAMHz	Totl%C0	Any%C0	GFX%C0	CPUGFX%	Pkg%pc2	Pkg%pc3	Pkg%pc6	Pkg%pc8	Pk%pc10	CPU%LPI	SYS%LPI	PkgWatt	CorWatt	GFXWatt	RAMWatt	PKG_%	RAM_%	UncMHz	SysWatt
-	-	112	3.53	3182	2918	1.47	6714	0	0	43	55.33	105	48.95	0.00	1.44	5.59	89.55	18.65	37.99	39.22	48	0	50	93.07	433	450	59.89	37.01	6.10	3.03	11.78	0.13	7.24	2.54	0.00	0.00	0.00	9.02	5.28	0.02	0.00	0.00	0.00	4000	3.20
0	0	108	4.33	2485	2918	1.82	536	0	0	3	75.11	7	61.17	0.00	2.44	7.00	86.54	32.35	2.61	58.31	47	0	50	93.08	433	450	59.90	37.01	6.10	3.03	11.78	0.13	7.24	2.54	0.00	0.00	0.00	9.03	5.28	0.02	0.00	0.00	0.00	4000
0	1	12	1.19	984	2918	0.33	384	0	0	1	78.47	1	27.30	0.00	0.10	3.73	95.09	32.35
4	2	107	4.27	2504	2918	1.20	617	0	0	3	74.80	6	41.26	0.00	3.17	6.82	85.94	21.24	2.46	71.01	44	0
4	3	4	0.16	2324	2918	1.56	43	0	0	0	67.90	0	38.67	0.00	0.19	0.78	98.88	21.24
8	4	726	17.50	4147	2918	1.53	1073	0	0	14	45.38	38	50.30	0.00	2.48	9.53	70.69	19.88	5.41	55.46	44	0
8	5	55	1.76	3144	2918	1.50	217	0	0	1	55.79	3	39.90	0.02	1.58	1.20	95.48	19.88
12	6	333	9.17	3629	2918	1.78	1136	0	0	9	50.86	23	48.72	0.00	2.39	9.87	78.82	23.27	6.59	58.12	44	0
12	7	100	3.07	3262	2918	1.12	289	0	0	3	58.87	6	41.35	0.01	1.59	1.83	93.58	23.27
16	8	79	3.52	2249	2918	1.09	568	0	0	3	63.18	5	40.89	0.01	2.49	15.72	78.55	23.27	8.12	64.69	48	0
16	9	1	0.07	927	2918	0.38	30	0	0	0	83.58	0	35.86	0.00	0.01	0.94	98.99	23.27
20	10	97	3.26	2970	2918	1.47	326	0	0	3	58.66	7	45.22	0.00	1.77	3.20	91.87	11.02	0.49	84.64	46	0
20	11	1	0.05	1175	2918	0.50	11	0	0	0	88.13	0	32.27	0.00	0.00	0.00	99.96	11.02
24	12	85	3.54	2391	2918	1.10	382	0	0	1	53.14	5	63.26	0.00	1.40	7.68	87.47	9.13	86.86	0.00	48	0
25	13	18	0.97	1820	2918	0.73	382	0	0	0	69.27	1	51.98	0.00	1.11	5.23	92.75	8.31	90.57	0.00	48	0
26	14	50	2.25	2199	2918	1.17	393	0	0	1	60.41	2	49.54	0.00	1.28	7.28	89.26	10.97	86.38	0.00	48	0
27	15	25	1.39	1774	2918	0.70	327	0	0	1	69.38	1	47.96	0.00	1.00	8.67	89.02	7.93	90.41	0.00	48	0
Core	CPU	Avg_MHz	Busy%	Bzy_MHz	TSC_MHz	IPC	IRQ	NMI	SMI	LLCMRPS	LLC%hit	L2MRPS	L2%hit	POLL%	C1ACPI%	C2ACPI%	C3ACPI%	CPU%c1	CPU%c6	CPU%c7	CoreTmp	CoreThr	PkgTmp	GFX%rc6	GFXMHz	GFXAMHz	Totl%C0	Any%C0	GFX%C0	CPUGFX%	Pkg%pc2	Pkg%pc3	Pkg%pc6	Pkg%pc8	Pk%pc10	CPU%LPI	SYS%LPI	PkgWatt	CorWatt	GFXWatt	RAMWatt	PKG_%	RAM_%	UncMHz	SysWatt
-	-	56	2.00	2781	2918	0.98	3268	0	0	27	57.10	49	35.15	0.00	0.51	3.16	94.44	10.39	42.34	45.71	48	0	50	93.11	300	300	35.35	24.70	6.07	2.59	13.48	0.16	8.44	0.85	0.00	0.00	0.00	6.85	3.29	0.03	0.00	0.00	0.00	4000	2.66
0	0	29	1.72	1680	2918	0.86	136	0	0	1	78.02	2	27.64	0.00	0.25	2.51	95.80	28.45	7.58	58.56	46	0	50	93.12	300	300	35.35	24.70	6.07	2.59	13.48	0.16	8.44	0.85	0.00	0.00	0.00	6.85	3.29	0.03	0.00	0.00	0.00	4000
0	1	37	2.44	1497	2918	0.45	584	0	0	1	81.61	2	28.16	0.01	1.15	9.44	87.15	28.45
4	2	84	3.32	2518	2918	0.89	586	0	0	2	60.73	4	36.74	0.00	1.63	6.80	88.48	20.67	1.36	74.30	44	0
4	3	1	0.08	1738	2918	0.63	8	0	0	0	85.73	0	47.81	0.00	0.00	0.00	99.92	20.67
8	4	212	5.93	3574	2918	1.01	352	0	0	6	46.37	10	32.39	0.00	1.14	6.10	87.05	8.08	5.68	75.57	43	0
8	5	167	4.09	4084	2918	1.18	187	0	0	5	36.53	9	32.60	0.00	0.23	1.64	94.08	8.08
12	6	146	4.47	3272	2918	1.16	334	0	0	4	60.28	9	41.24	0.00	0.66	5.98	89.05	6.71	5.48	81.65	44	0
12	7	42	1.46	2894	2918	0.72	136	0	0	1	68.62	3	35.52	0.00	0.59	1.15	96.85	6.71
16	8	74	3.39	2180	2918	0.97	467	0	0	2	64.88	4	34.98	0.01	2.10	11.21	83.56	18.51	7.19	69.95	48	0
16	9	6	0.30	1961	2918	0.31	38	0	0	0	55.74	0	39.95	0.00	0.01	0.52	99.18	18.51
20	10	25	1.11	2232	2918	0.80	104	0	0	1	80.55	2	26.47	0.00	0.05	1.37	97.54	0.06	1.32	97.08	46	0
20	11	2	0.09	2257	2918	0.54	11	0	0	0	81.23	0	36.53	0.00	0.00	0.00	99.92	0.06
24	12	17	0.83	1992	2918	0.90	81	0	0	0	56.72	1	39.78	0.00	0.05	0.77	98.37	0.06	99.17	0.00	48	0
25	13	12	0.62	1917	2918	0.84	58	0	0	0	66.57	1	55.04	0.00	0.04	0.24	99.12	0.04	99.39	0.00	48	0
26	14	20	1.17	1694	2918	0.60	130	0	0	0	76.15	1	42.11	0.00	0.24	2.41	96.23	1.08	97.29	0.00	48	0
27	15	16	0.93	1709	2918	0.64	56	0	0	0	64.92	1	40.19	0.00	0.02	0.36	98.72	0.03	98.92	0.00	48	0
Core	CPU	Avg_MHz	Busy%	Bzy_MHz	TSC_MHz	IPC	IRQ	NMI	SMI	LLCMRPS	LLC%hit	L2MRPS	L2%hit	POLL%	C1ACPI%	C2ACPI%	C3ACPI%	CPU%c1	CPU%c6	CPU%c7	CoreTmp	CoreThr	PkgTmp	GFX%rc6	GFXMHz	GFXAMHz	Totl%C0	Any%C0	GFX%C0	CPUGFX%	Pkg%pc2	Pkg%pc3	Pkg%pc6	Pkg%pc8	Pk%pc10	CPU%LPI	SYS%LPI	PkgWatt	CorWatt	GFXWatt	RAMWatt	PKG_%	RAM_%	UncMHz	SysWatt
-	-	58	2.02	2885	2918	0.85	3016	0	0	25	54.97	45	33.06	0.00	0.32	3.09	94.67	6.12	42.64	48.57	48	0	50	92.70	300	300	36.76	25.53	6.40	3.09	18.30	0.76	13.27	3.95	0.00	0.00	0.00	6.29	2.98	0.02	0.00	0.00	0.00	4000	2.42
0	0	25	1.51	1644	2918	0.92	94	0	0	1	74.66	2	26.40	0.00	0.25	1.90	96.53	5.64	3.38	86.84	46	0	50	92.71	300	300	36.76	25.53	6.40	3.09	18.30	0.76	13.27	3.95	0.00	0.00	0.00	6.29	2.98	0.02	0.00	0.00	0.00	4000
0	1	14	1.24	1101	2918	0.20	363	0	0	1	83.89	1	21.67	0.00	0.14	2.73	96.01	5.64
4	2	58	2.42	2397	2918	0.66	235	0	0	2	70.57	3	32.03	0.00	0.45	3.37	93.89	4.34	2.44	89.98	44	0
4	3	1	0.03	2301	2918	0.56	4	0	0	0	77.02	0	46.40	0.00	0.00	0.00	99.97	4.34
8	4	187	5.50	3403	2918	0.73	411	0	0	4	51.36	7	30.51	0.00	0.61	8.03	86.06	3.45	7.82	79.96	44	0
8	5	111	2.66	4149	2918	1.13	129	0	0	3	35.95	6	34.27	0.00	0.14	0.69	96.53	3.45
12	6	291	7.66	3798	2918	0.85	565	0	0	7	41.91	12	31.13	0.00	1.26	7.40	83.89	12.49	5.06	73.38	44	0
12	7	34	1.13	3042	2918	1.03	95	0	0	1	66.11	2	34.03	0.00	0.44	1.24	97.23	12.49
16	8	76	3.53	2161	2918	1.03	464	0	0	3	68.70	5	35.19	0.01	1.13	11.82	83.79	18.65	7.65	68.81	47	0
16	9	10	0.47	2115	2918	0.34	56	0	0	0	53.76	1	43.16	0.00	0.02	0.39	99.14	18.65
20	10	66	2.70	2452	2918	0.88	269	0	0	2	63.53	3	28.85	0.00	0.37	6.56	90.54	3.78	5.97	86.74	45	0
20	11	2	0.06	2874	2918	0.44	6	0	0	0	81.76	0	31.88	0.00	0.00	0.00	99.94	3.78
24	12	23	1.35	1682	2918	0.70	143	0	0	1	69.43	1	42.52	0.00	0.10	3.00	95.61	0.97	96.95	0.00	48	0
25	13	13	0.82	1621	2918	0.73	85	0	0	0	72.11	1	53.82	0.00	0.04	1.57	97.61	0.04	98.68	0.00	48	0
26	14	12	0.73	1660	2918	0.73	68	0	0	0	65.78	1	54.38	0.00	0.12	0.61	98.58	0.12	98.99	0.00	48	0
27	15	10	0.52	1979	2918	0.86	29	0	0	0	60.51	0	60.38	0.00	0.05	0.07	99.37	0.05	99.48	0.00	48	0
Core	CPU	Avg_MHz	Busy%	Bzy_MHz	TSC_MHz	IPC	IRQ	NMI	SMI	LLCMRPS	LLC%hit	L2MRPS	L2%hit	POLL%	C1ACPI%	C2ACPI%	C3ACPI%	CPU%c1	CPU%c6	CPU%c7	CoreTmp	CoreThr	PkgTmp	GFX%rc6	GFXMHz	GFXAMHz	Totl%C0	Any%C0	GFX%C0	CPUGFX%	Pkg%pc2	Pkg%pc3	Pkg%pc6	Pkg%pc8	Pk%pc10	CPU%LPI	SYS%LPI	PkgWatt	CorWatt	GFXWatt	RAMWatt	PKG_%	RAM_%	UncMHz	SysWatt
-	-	71	2.43	2932	2918	1.13	3990	0	0	32	56.36	64	40.12	0.00	0.59	3.71	93.39	12.01	41.96	43.71	50	0	50	92.63	300	300	43.35	27.96	6.51	3.11	17.86	0.14	11.37	2.93	0.00	0.00	0.00	7.12	3.68	0.02	0.00	0.00	0.00	4000	2.65
0	0	119	4.04	2952	2918	1.52	340	0	0	3	77.43	8	56.93	0.02	1.17	3.46	91.61	23.81	4.10	65.18	47	0	50	92.62	300	300	43.35	27.95	6.51	3.11	17.86	0.14	11.37	2.93	0.00	0.00	0.00	7.12	3.67	0.02	0.00	0.00	0.00	4000
0	1	22	1.59	1375	2918	0.22	485	0	0	1	82.75	1	28.37	0.00	0.13	7.21	91.20	23.81
4	2	66	3.01	2184	2918	0.72	406	0	0	2	73.67	4	32.17	0.00	1.20	6.00	89.99	19.54	4.11	72.50	44	0
4	3	1	0.05	2152	2918	0.40	7	0	0	0	84.52	0	38.84	0.00	0.00	0.00	99.96	19.54
8	4	430	11.53	3725	2918	1.22	969	0	0	12	44.07	23	36.10	0.00	1.96	10.40	76.34	12.27	8.55	66.86	45	0
8	5	0	0.02	1428	2918	0.43	3	0	0	0	81.63	0	39.43	0.00	0.00	0.00	99.98	12.27
12	6	230	6.53	3523	2918	1.18	500	0	0	6	47.39	13	42.55	0.00	1.28	10.55	81.86	13.42	8.34	70.18	46	0
12	7	35	1.32	2629	2918	1.09	152	0	0	1	69.49	2	34.99	0.00	0.95	1.12	96.66	13.42
16	8	82	3.44	2388	2918	1.03	417	0	0	3	62.91	4	33.51	0.03	1.48	9.04	86.26	16.17	4.99	74.49	48	0
16	9	3	0.10	2656	2918	0.34	7	0	0	0	68.09	0	41.31	0.00	0.00	0.00	99.91	16.17
20	10	52	1.97	2654	2918	1.18	156	0	0	2	73.43	3	36.01	0.00	0.48	2.28	95.37	8.59	0.88	87.89	46	0
20	11	1	0.06	2041	2918	0.46	6	0	0	0	78.70	0	39.26	0.00	0.00	0.00	99.94	8.59
24	12	26	1.30	2034	2918	0.60	120	0	0	1	57.56	2	42.36	0.00	0.08	1.20	97.45	0.08	98.31	0.00	50	0
25	13	30	1.39	2138	2918	1.01	101	0	0	1	55.30	1	47.43	0.00	0.06	1.39	97.20	0.06	98.12	0.00	50	0
26	14	20	1.16	1732	2918	0.90	155	0	0	1	51.29	1	41.56	0.00	0.34	2.31	96.23	2.39	96.06	0.00	50	0
27	15	21	1.30	1609	2918	0.59	166	0	0	1	70.61	1	40.47	0.00	0.27	4.32	94.19	1.93	96.16	0.00	48	0
Core	CPU	Avg_MHz	Busy%	Bzy_MHz	TSC_MHz	IPC	IRQ	NMI	SMI	LLCMRPS	LLC%hit	L2MRPS	L2%hit	POLL%	C1ACPI%	C2ACPI%	C3ACPI%	CPU%c1	CPU%c6	CPU%c7	CoreTmp	CoreThr	PkgTmp	GFX%rc6	GFXMHz	GFXAMHz	Totl%C0	Any%C0	GFX%C0	CPUGFX%	Pkg%pc2	Pkg%pc3	Pkg%pc6	Pkg%pc8	Pk%pc10	CPU%LPI	SYS%LPI	PkgWatt	CorWatt	GFXWatt	RAMWatt	PKG_%	RAM_%	UncMHz	SysWatt
-	-	511	15.41	3321	2914	0.55	13739	0	0	80	41.80	143	35.37	0.00	1.08	4.40	79.05	20.00	18.88	38.68	57	0	57	92.52	300	300	249.30	94.02	6.35	6.13	0.57	0.01	0.57	0.00	0.00	0.00	0.00	15.02	10.50	0.02	0.00	0.00	0.00	3200	4.87
0	0	97	5.73	1690	2918	1.50	652	0	0	2	64.76	7	58.40	0.02	2.80	14.89	77.01	85.28	0.91	7.29	48	0	57	92.79	300	300	249.62	94.14	6.36	6.14	0.57	0.01	0.57	0.00	0.00	0.00	0.00	15.07	10.53	0.02	0.00	0.00	0.00	3200
0	1	20	1.23	1650	2918	1.53	410	0	0	0	71.51	1	59.79	0.00	0.27	4.84	93.73	85.28
4	2	60	2.82	2112	2918	0.55	410	0	0	2	83.40	3	29.71	0.00	1.25	10.30	85.82	10.48	8.68	76.85	45	0
4	3	7	0.34	2233	2918	0.96	41	0	0	0	79.92	0	39.57	0.00	0.67	0.00	99.01	10.48
8	4	607	15.45	3930	2918	1.31	669	0	0	15	38.38	30	39.44	0.00	0.77	4.42	79.42	1.36	4.03	78.16	50	0
8	5	17	0.64	2712	2918	0.66	42	0	0	1	65.65	1	34.76	0.00	0.15	0.00	99.23	1.36
12	6	180	5.10	3527	2918	1.37	280	0	0	4	51.86	10	55.38	0.00	0.54	4.07	90.39	9.19	3.64	80.77	47	0
12	7	25	1.04	2423	2918	0.92	425	0	0	1	76.37	1	36.89	0.00	0.61	0.52	97.88	9.19
16	8	70	3.05	2307	2918	1.25	485	0	0	2	72.07	4	47.47	0.00	1.64	10.75	84.75	17.39	7.68	70.95	52	0
16	9	10	0.43	2325	2918	0.73	81	0	0	0	79.34	1	36.63	0.00	0.39	0.00	99.21	17.39
20	10	71	2.59	2721	2918	1.06	4894	0	0	2	73.01	3	47.41	0.00	4.06	3.14	90.59	22.64	1.32	72.85	48	0
20	11	3	0.16	2073	2918	0.44	19	0	0	0	83.43	0	32.19	0.00	0.01	0.06	99.79	22.64
24	12	1375	41.03	3351	2918	0.13	1047	0	0	3	34.25	6	37.30	0.00	0.66	2.51	55.74	4.51	53.91	0.00	57	0
25	13	1359	40.42	3363	2918	0.15	1142	0	0	1	53.79	3	52.59	0.00	1.24	5.98	52.31	7.22	51.78	0.00	57	0
26	14	1367	40.80	3352	2918	0.17	1176	0	0	2	49.11	4	49.16	0.00	1.00	6.57	51.59	11.11	47.50	0.00	57	0
27	15	2912	85.51	3405	2918	0.84	1966	0	0	44	34.43	66	24.52	0.00	1.27	2.50	10.56	4.73	9.25	0.00	57	0
Core	CPU	Avg_MHz	Busy%	Bzy_MHz	TSC_MHz	IPC	IRQ	NMI	SMI	LLCMRPS	LLC%hit	L2MRPS	L2%hit	POLL%	C1ACPI%	C2ACPI%	C3ACPI%	CPU%c1	CPU%c6	CPU%c7	CoreTmp	CoreThr	PkgTmp	GFX%rc6	GFXMHz	GFXAMHz	Totl%C0	Any%C0	GFX%C0	CPUGFX%	Pkg%pc2	Pkg%pc3	Pkg%pc6	Pkg%pc8	Pk%pc10	CPU%LPI	SYS%LPI	PkgWatt	CorWatt	GFXWatt	RAMWatt	PKG_%	RAM_%	UncMHz	SysWatt
-	-	891	27.08	3288	2919	0.14	11968	0	0	31	53.21	59	38.08	0.01	0.61	4.58	67.76	13.96	3.89	41.41	59	0	59	92.18	300	300	437.94	100.73	7.11	7.11	0.00	0.00	0.00	0.00	0.00	0.00	0.00	14.61	11.01	0.02	0.00	0.00	0.00	3700	4.53
0	0	72	5.72	1262	2918	1.26	965	0	0	2	61.46	5	51.96	0.01	1.13	28.71	64.75	83.93	3.67	5.62	48	0	59	92.07	300	300	437.54	100.63	7.11	7.11	0.00	0.00	0.00	0.00	0.00	0.00	0.00	14.59	10.99	0.02	0.00	0.00	0.00	3700
0	1	38	1.87	2022	2918	1.00	500	0	0	1	71.83	2	43.44	0.04	2.16	3.11	92.94	83.93
4	2	39	1.93	2042	2918	0.45	303	0	0	1	82.80	2	28.00	0.00	0.53	7.25	90.40	3.71	6.49	86.67	47	0
4	3	19	0.86	2232	2918	0.88	75	0	0	1	87.52	1	33.57	0.00	0.15	0.53	98.50	3.71
8	4	215	6.79	3169	2918	1.42	460	0	0	7	43.59	14	37.31	0.00	1.28	9.53	82.53	6.37	9.54	75.84	47	0
8	5	39	1.39	2764	2918	1.01	169	0	0	1	72.35	2	39.22	0.00	1.21	1.69	95.74	6.37
12	6	234	7.04	3329	2918	1.40	447	0	0	8	43.45	15	36.12	0.00	0.64	6.19	86.24	1.71	6.61	81.60	48	0
12	7	86	2.71	3193	2918	1.22	159	0	0	2	59.03	4	43.00	0.01	0.31	1.56	95.46	1.71
16	8	70	2.70	2605	2918	1.10	376	0	0	3	58.15	5	31.09	0.00	0.54	9.29	87.60	7.42	8.81	79.84	51	0
16	9	14	0.65	2124	2918	0.92	60	0	0	1	88.25	1	33.07	0.01	0.53	0.14	98.70	7.42
20	10	40	1.77	2282	2918	0.52	235	0	0	2	68.62	3	38.52	0.00	0.54	4.63	93.14	8.46	3.77	84.57	48	0
20	11	21	0.94	2251	2918	0.81	115	0	0	1	86.22	1	34.21	0.02	0.74	0.54	97.82	8.46
24	12	3340	99.77	3348	2918	0.07	2010	0	0	1	23.80	1	35.36	0.00	0.00	0.00	0.00	0.00	0.00	0.00	57	0
25	13	3340	99.77	3348	2918	0.07	2010	0	0	0	22.89	1	35.05	0.00	0.00	0.00	0.00	0.00	0.00	0.00	58	0
26	14	3341	99.77	3348	2918	0.07	2011	0	0	0	24.12	1	36.05	0.00	0.00	0.00	0.00	0.00	0.00	0.00	59	0
27	15	3341	99.77	3349	2918	0.07	2073	0	0	1	29.17	1	40.86	0.00	0.00	0.00	0.00	0.00	0.00	0.00	57	0
Core	CPU	Avg_MHz	Busy%	Bzy_MHz	TSC_MHz	IPC	IRQ	NMI	SMI	LLCMRPS	LLC%hit	L2MRPS	L2%hit	POLL%	C1ACPI%	C2ACPI%	C3ACPI%	CPU%c1	CPU%c6	CPU%c7	CoreTmp	CoreThr	PkgTmp	GFX%rc6	GFXMHz	GFXAMHz	Totl%C0	Any%C0	GFX%C0	CPUGFX%	Pkg%pc2	Pkg%pc3	Pkg%pc6	Pkg%pc8	Pk%pc10	CPU%LPI	SYS%LPI	PkgWatt	CorWatt	GFXWatt	RAMWatt	PKG_%	RAM_%	UncMHz	SysWatt
-	-	921	27.80	3313	2918	0.16	13652	4	0	41	59.27	74	35.63	0.00	0.56	4.24	67.42	1.29	6.01	47.93	59	0	59	91.58	300	300	448.28	100.64	7.48	7.48	0.00	0.00	0.00	0.00	0.00	0.00	0.00	14.81	11.12	0.03	0.00	0.00	0.00	3700	4.60
0	0	110	7.03	1570	2918	0.73	626	0	0	7	81.11	9	28.55	0.00	0.55	20.30	72.61	1.12	25.35	59.65	50	0	59	91.58	300	300	448.26	100.63	7.48	7.48	0.00	0.00	0.00	0.00	0.00	0.00	0.00	14.81	11.12	0.03	0.00	0.00	0.00	3700
0	1	43	2.40	1797	2918	0.45	533	0	0	2	89.63	2	27.67	0.00	0.56	7.36	89.84	1.12
4	2	110	3.97	2760	2918	1.15	309	0	0	3	66.37	5	41.76	0.00	0.71	2.57	92.85	0.88	3.33	90.26	47	0
4	3	46	1.91	2416	2918	1.23	143	0	0	1	71.34	2	43.90	0.00	0.39	1.11	96.62	0.88
8	4	74	3.21	2308	2918	1.25	407	0	0	2	75.34	4	36.16	0.00	1.54	7.53	87.85	2.64	8.21	83.63	48	0
8	5	22	1.14	1897	2918	0.68	114	0	0	1	82.66	2	27.70	0.00	0.07	2.27	96.58	2.64
12	6	293	8.24	3555	2918	0.97	455	0	0	7	44.31	13	36.23	0.00	0.58	8.61	82.66	1.43	7.29	79.87	48	0
12	7	97	3.15	3073	2918	1.53	155	0	0	3	54.31	6	36.51	0.00	0.64	0.32	95.92	1.43
16	8	261	7.88	3318	2918	1.32	458	0	0	9	42.47	16	33.68	0.00	1.16	4.66	86.38	2.30	4.81	83.80	51	0
16	9	56	1.95	2850	2918	1.23	140	0	0	1	66.08	3	41.21	0.00	1.18	0.74	96.16	2.30
20	10	60	2.70	2209	2918	0.91	378	0	0	2	70.59	4	38.79	0.00	0.91	10.91	85.62	1.96	11.11	82.12	51	0
20	11	49	2.04	2407	2918	1.49	197	0	0	1	72.78	3	43.39	0.01	0.73	1.45	95.83	1.96
24	12	3378	99.77	3386	2918	0.07	3368	1	0	1	24.82	1	36.37	0.00	0.00	0.00	0.00	0.00	0.00	0.00	59	0
25	13	3377	99.77	3385	2918	0.07	2275	1	0	1	24.82	1	40.02	0.00	0.00	0.00	0.00	0.00	0.00	0.00	59	0
26	14	3377	99.77	3385	2918	0.07	2009	1	0	0	22.47	1	35.58	0.00	0.00	0.00	0.00	0.00	0.00	0.00	58	0
27	15	3377	99.77	3385	2918	0.07	2085	1	0	1	28.69	1	42.06	0.00	0.00	0.00	0.00	0.00	0.00	0.00	57	0
Core	CPU	Avg_MHz	Busy%	Bzy_MHz	TSC_MHz	IPC	IRQ	NMI	SMI	LLCMRPS	LLC%hit	L2MRPS	L2%hit	POLL%	C1ACPI%	C2ACPI%	C3ACPI%	CPU%c1	CPU%c6	CPU%c7	CoreTmp	CoreThr	PkgTmp	GFX%rc6	GFXMHz	GFXAMHz	Totl%C0	Any%C0	GFX%C0	CPUGFX%	Pkg%pc2	Pkg%pc3	Pkg%pc6	Pkg%pc8	Pk%pc10	CPU%LPI	SYS%LPI	PkgWatt	CorWatt	GFXWatt	RAMWatt	PKG_%	RAM_%	UncMHz	SysWatt
-	-	901	27.65	3260	2918	0.16	16379	0	0	44	62.22	79	37.31	0.00	0.60	5.47	66.33	1.41	7.86	45.79	59	0	58	86.44	300	300	449.35	100.63	12.44	12.44	0.00	0.00	0.00	0.00	0.00	0.00	0.00	14.95	11.00	0.04	0.00	0.00	0.00	3800	4.68
0	0	90	7.04	1283	2918	0.84	627	0	0	6	93.01	8	25.70	0.00	0.71	20.46	72.34	2.68	22.33	59.85	49	0	58	86.45	300	300	449.35	100.63	12.44	12.44	0.00	0.00	0.00	0.00	0.00	0.00	0.00	14.95	11.00	0.04	0.00	0.00	0.00	3800
0	1	44	2.34	1900	2918	0.29	521	0	0	1	90.24	2	29.49	0.00	0.39	5.48	91.94	2.68
4	2	129	4.83	2659	2918	0.95	605	0	0	3	61.81	6	33.93	0.00	0.72	15.99	78.66	1.42	15.51	76.92	48	0
4	3	25	1.06	2395	2918	0.88	117	0	0	1	78.93	1	39.01	0.00	0.78	0.86	97.35	1.42
8	4	84	3.82	2203	2918	0.86	470	0	0	3	77.45	4	35.82	0.00	1.00	14.86	80.53	1.74	15.79	75.67	49	0
8	5	38	1.75	2175	2918	0.90	206	0	0	2	81.94	3	35.73	0.00	1.01	2.21	95.12	1.74
12	6	53	2.53	2100	2918	0.87	366	0	0	2	81.36	4	30.97	0.00	1.59	6.94	89.08	2.54	7.82	76.96	49	0
12	7	349	9.63	3627	2918	1.41	413	0	0	12	35.62	22	32.24	0.00	1.16	2.29	86.97	2.54
16	8	50	2.45	2054	2918	1.00	365	0	0	2	76.38	3	35.38	0.01	1.12	7.74	88.83	2.00	7.56	86.69	53	0
16	9	15	0.65	2232	2918	0.88	48	0	0	1	86.11	1	31.85	0.00	0.20	0.10	99.08	2.00
20	10	42	1.75	2378	2918	0.63	225	0	0	2	71.85	3	39.03	0.00	0.47	4.62	93.22	0.91	9.55	81.84	50	0
20	11	171	5.40	3177	2918	1.12	1455	0	0	6	74.56	15	58.21	0.00	0.49	6.06	88.15	0.91
24	12	3332	99.77	3340	2918	0.09	4376	0	0	1	20.97	2	31.40	0.00	0.00	0.00	0.00	0.00	0.00	0.00	59	0
25	13	3332	99.77	3340	2918	0.09	2476	0	0	1	21.93	2	35.66	0.00	0.00	0.00	0.00	0.00	0.00	0.00	58	0
26	14	3332	99.77	3340	2918	0.09	2006	0	0	1	18.21	1	29.54	0.00	0.00	0.00	0.00	0.00	0.00	0.00	59	0
27	15	3332	99.77	3340	2918	0.09	2103	0	0	1	23.66	2	35.82	0.00	0.00	0.00	0.00	0.00	0.00	0.00	59	0
Core	CPU	Avg_MHz	Busy%	Bzy_MHz	TSC_MHz	IPC	IRQ	NMI	SMI	LLCMRPS	LLC%hit	L2MRPS	L2%hit	POLL%	C1ACPI%	C2ACPI%	C3ACPI%	CPU%c1	CPU%c6	CPU%c7	CoreTmp	CoreThr	PkgTmp	GFX%rc6	GFXMHz	GFXAMHz	Totl%C0	Any%C0	GFX%C0	CPUGFX%	Pkg%pc2	Pkg%pc3	Pkg%pc6	Pkg%pc8	Pk%pc10	CPU%LPI	SYS%LPI	PkgWatt	CorWatt	GFXWatt	RAMWatt	PKG_%	RAM_%	UncMHz	SysWatt
-	-	1191	42.69	2790	2917	0.66	36130	1	0	186	37.50	406	42.83	0.02	2.72	9.40	45.23	6.88	9.01	22.16	59	0	59	84.11	300	300	632.60	100.59	14.64	14.64	0.00	0.00	0.00	0.00	0.00	0.00	0.00	20.98	15.44	0.05	0.00	0.00	0.00	1800	6.52
0	0	557	24.12	2311	2918	1.87	1378	0	0	13	49.07	27	43.36	0.02	5.35	28.63	42.36	8.39	24.10	32.37	57	0	59	84.18	300	300	632.88	100.64	14.65	14.65	0.00	0.00	0.00	0.00	0.00	0.00	0.00	21.00	15.45	0.05	0.00	0.00	0.00	1800
0	1	361	13.70	2635	2918	0.92	1098	0	0	10	63.43	20	43.38	0.01	2.98	11.38	72.10	8.39
4	2	653	22.68	2878	2918	1.26	1120	0	0	15	36.28	32	32.93	0.01	2.76	17.78	57.02	7.16	15.64	38.73	55	0
4	3	635	24.18	2628	2918	1.80	723	0	0	14	24.48	33	47.34	0.05	3.02	1.80	71.06	7.16
8	4	898	32.01	2804	2918	1.57	1343	0	0	24	37.54	52	41.11	0.04	3.49	18.38	46.32	8.26	18.54	33.90	56	0
8	5	439	15.78	2783	2918	1.09	878	0	0	7	57.38	22	64.11	0.00	2.61	13.70	68.02	8.26
12	6	568	20.28	2801	2918	1.20	1051	0	0	10	45.70	24	48.62	0.02	3.97	14.60	61.28	10.35	7.21	27.72	56	0
12	7	1438	45.46	3163	2918	1.73	1255	1	0	36	36.46	75	36.60	0.02	4.45	4.49	45.67	10.35
16	8	947	31.64	2995	2918	1.44	1287	0	0	23	31.78	51	40.35	0.06	4.39	11.05	53.02	11.16	7.19	41.88	59	0
16	9	520	19.74	2633	2918	1.52	728	0	0	11	26.02	24	45.50	0.05	3.96	5.11	71.25	11.16
20	10	563	22.02	2558	2918	1.61	1142	0	0	13	27.86	28	47.04	0.03	3.83	19.89	54.48	9.71	17.45	47.03	55	0
20	11	334	12.21	2732	2918	1.07	729	0	0	6	36.37	13	45.99	0.02	2.72	3.61	81.54	9.71
24	12	2786	99.77	2793	2918	0.08	11844	0	0	1	38.19	1	41.49	0.00	0.00	0.00	0.00	0.00	0.00	0.00	58	0
25	13	2786	99.77	2792	2918	0.08	5721	0	0	1	31.06	2	44.54	0.00	0.00	0.00	0.00	0.00	0.00	0.00	57	0
26	14	2785	99.77	2791	2918	0.07	2130	0	0	0	24.37	1	41.26	0.00	0.00	0.00	0.00	0.00	0.00	0.00	57	0
27	15	2784	99.77	2791	2918	0.07	3703	0	0	1	32.38	1	42.99	0.00	0.00	0.00	0.00	0.00	0.00	0.00	58	0
Core	CPU	Avg_MHz	Busy%	Bzy_MHz	TSC_MHz	IPC	IRQ	NMI	SMI	LLCMRPS	LLC%hit	L2MRPS	L2%hit	POLL%	C1ACPI%	C2ACPI%	C3ACPI%	CPU%c1	CPU%c6	CPU%c7	CoreTmp	CoreThr	PkgTmp	GFX%rc6	GFXMHz	GFXAMHz	Totl%C0	Any%C0	GFX%C0	CPUGFX%	Pkg%pc2	Pkg%pc3	Pkg%pc6	Pkg%pc8	Pk%pc10	CPU%LPI	SYS%LPI	PkgWatt	CorWatt	GFXWatt	RAMWatt	PKG_%	RAM_%	UncMHz	SysWatt
-	-	1481	61.58	2404	2919	1.03	26849	1	0	567	12.94	951	34.15	0.12	5.49	3.36	29.66	10.89	0.20	1.83	63	0	63	98.46	300	300	899.40	100.67	1.42	1.42	0.00	0.00	0.00	0.00	0.00	0.00	0.00	25.66	18.63	0.01	0.00	0.00	0.00	2000	7.54
0	0	1834	70.61	2597	2918	1.67	2028	0	0	73	12.36	122	33.52	0.23	8.38	5.53	15.74	12.50	0.00	0.00	63	0	63	98.39	300	300	899.08	100.63	1.42	1.42	0.00	0.00	0.00	0.00	0.00	0.00	0.00	25.64	18.62	0.01	0.00	0.00	0.00	2000
0	1	749	28.75	2604	2918	1.46	1429	0	0	26	16.25	44	34.42	0.08	5.39	13.05	52.95	12.50
4	2	1346	52.19	2579	2918	1.63	1679	0	0	52	12.33	87	33.82	0.17	7.38	6.12	34.53	19.85	0.95	7.62	56	0
4	3	728	28.48	2557	2918	1.53	1077	0	0	26	13.16	45	35.04	0.08	6.05	4.04	61.55	19.85
8	4	1394	53.13	2624	2918	1.57	1548	0	0	52	13.23	88	33.91	0.18	7.53	1.96	37.53	11.15	0.08	3.90	56	0
8	5	1308	50.69	2580	2918	1.53	1422	0	0	47	12.74	79	34.27	0.12	6.96	2.59	39.94	11.15
12	6	1422	54.87	2592	2918	1.56	1682	0	0	53	12.39	88	34.09	0.17	8.51	1.89	34.93	12.89	0.55	3.90	54	0
12	7	1210	46.29	2614	2918	1.53	1416	0	0	44	12.40	74	34.63	0.15	6.56	2.30	45.00	12.89
16	8	1431	55.16	2595	2918	1.54	1777	1	0	52	12.05	88	34.23	0.16	8.52	4.69	31.85	17.19	0.29	2.71	62	0
16	9	1096	41.92	2615	2918	1.51	1250	0	0	39	13.13	66	33.99	0.13	6.97	3.01	48.24	17.19
20	10	1408	54.15	2601	2918	1.54	1837	0	0	52	12.90	87	34.28	0.17	8.72	5.80	31.50	13.54	0.09	0.15	56	0
20	11	1304	49.98	2609	2918	1.55	1588	0	0	48	14.25	80	34.30	0.23	6.84	2.75	40.54	13.54
24	12	2114	99.77	2119	2918	0.07	2010	0	0	0	15.70	1	35.11	0.00	0.00	0.00	0.00	0.00	0.00	0.00	61	0
25	13	2114	99.77	2119	2918	0.08	2010	0	0	1	12.15	1	33.97	0.00	0.00	0.00	0.00	0.00	0.00	0.00	61	0
26	14	2114	99.77	2119	2918	0.07	2034	0	0	0	16.25	1	35.97	0.00	0.00	0.00	0.00	0.00	0.00	0.00	61	0
27	15	2114	99.77	2119	2918	0.08	2062	0	0	1	22.56	1	42.19	0.00	0.00	0.00	0.00	0.00	0.00	0.00	61	0
Core	CPU	Avg_MHz	Busy%	Bzy_MHz	TSC_MHz	IPC	IRQ	NMI	SMI	LLCMRPS	LLC%hit	L2MRPS	L2%hit	POLL%	C1ACPI%	C2ACPI%	C3ACPI%	CPU%c1	CPU%c6	CPU%c7	CoreTmp	CoreThr	PkgTmp	GFX%rc6	GFXMHz	GFXAMHz	Totl%C0	Any%C0	GFX%C0	CPUGFX%	Pkg%pc2	Pkg%pc3	Pkg%pc6	Pkg%pc8	Pk%pc10	CPU%LPI	SYS%LPI	PkgWatt	CorWatt	GFXWatt	RAMWatt	PKG_%	RAM_%	UncMHz	SysWatt
-	-	1497	61.28	2443	2918	1.15	28136	2	0	520	14.95	964	38.82	0.12	5.75	4.71	28.33	10.02	1.11	4.36	63	0	63	95.32	300	300	871.25	100.63	4.42	4.42	0.00	0.00	0.00	0.00	0.00	0.00	0.00	26.13	19.31	0.02	0.00	0.00	0.00	1900	7.70
0	0	1163	44.00	2644	2918	1.35	2080	0	0	38	16.04	65	35.16	0.14	7.59	18.63	29.97	13.31	1.04	0.72	63	0	63	95.32	300	300	871.27	100.63	4.42	4.42	0.00	0.00	0.00	0.00	0.00	0.00	0.00	26.13	19.31	0.02	0.00	0.00	0.00	1900
0	1	1771	67.45	2625	2918	1.65	2315	0	0	61	14.13	108	35.83	0.17	8.94	3.40	20.43	13.31
4	2	1597	60.83	2625	2918	1.69	1798	1	0	55	13.98	99	37.02	0.15	8.36	3.95	27.06	13.18	1.11	4.92	57	0
4	3	936	35.48	2637	2918	1.61	1376	0	0	32	15.31	57	36.80	0.13	6.73	7.62	50.31	13.18
8	4	1321	50.21	2630	2918	1.62	1564	0	0	48	14.24	83	35.09	0.16	8.99	5.42	35.56	12.76	2.17	13.67	61	0
8	5	811	31.76	2553	2918	1.76	1045	0	0	26	16.37	48	38.72	0.05	5.58	3.38	59.40	12.76
12	6	1233	46.88	2630	2918	1.60	1558	1	0	43	14.47	75	35.16	0.16	7.87	4.29	41.11	12.77	1.77	12.76	58	0
12	7	1099	41.96	2619	2918	1.69	1315	0	0	36	15.74	66	37.38	0.12	5.60	2.74	49.82	12.77
16	8	1614	60.95	2648	2918	1.53	1917	0	0	54	14.30	95	35.51	0.27	8.07	4.98	26.18	11.92	1.29	4.21	63	0
16	9	1307	49.47	2642	2918	1.56	1452	0	0	40	14.83	74	39.05	0.16	7.92	2.21	40.55	11.92
20	10	1283	48.88	2625	2918	1.67	1752	0	0	42	16.12	77	37.00	0.20	8.70	6.78	35.79	16.21	3.73	7.28	57	0
20	11	1154	43.53	2651	2918	1.45	1693	0	0	40	14.14	68	34.21	0.16	7.61	11.91	37.14	16.21
24	12	2166	99.77	2171	2918	0.32	2017	0	0	1	26.08	10	88.95	0.00	0.00	0.00	0.00	0.00	0.00	0.00	61	0
25	13	2166	99.77	2171	2918	0.42	2195	0	0	2	22.02	15	83.81	0.00	0.00	0.00	0.00	0.00	0.00	0.00	63	0
26	14	2166	99.77	2171	2918	0.34	2026	0	0	1	32.15	11	88.14	0.00	0.00	0.00	0.00	0.00	0.00	0.00	61	0
27	15	2166	99.77	2171	2918	0.33	2033	0	0	1	31.82	11	86.16	0.00	0.00	0.00	0.00	0.00	0.00	0.00	62	0
Core	CPU	Avg_MHz	Busy%	Bzy_MHz	TSC_MHz	IPC	IRQ	NMI	SMI	LLCMRPS	LLC%hit	L2MRPS	L2%hit	POLL%	C1ACPI%	C2ACPI%	C3ACPI%	CPU%c1	CPU%c6	CPU%c7	CoreTmp	CoreThr	PkgTmp	GFX%rc6	GFXMHz	GFXAMHz	Totl%C0	Any%C0	GFX%C0	CPUGFX%	Pkg%pc2	Pkg%pc3	Pkg%pc6	Pkg%pc8	Pk%pc10	CPU%LPI	SYS%LPI	PkgWatt	CorWatt	GFXWatt	RAMWatt	PKG_%	RAM_%	UncMHz	SysWatt
-	-	1481	61.65	2403	2918	1.13	27444	1	0	565	13.33	1001	37.36	0.12	5.85	4.15	28.43	10.33	0.45	2.29	65	0	65	96.71	300	300	895.94	100.62	2.96	2.96	0.00	0.00	0.00	0.00	0.00	0.00	0.00	26.09	19.11	0.01	0.00	0.00	0.00	1800	7.67
0	0	635	24.91	2547	2918	1.50	1620	0	0	23	18.31	40	34.72	0.07	6.75	20.74	47.82	12.06	2.56	6.47	59	0	65	96.72	300	300	896.04	100.64	2.96	2.96	0.00	0.00	0.00	0.00	0.00	0.00	0.00	26.10	19.11	0.01	0.00	0.00	0.00	1800
0	1	1655	64.18	2579	2918	1.66	2074	0	0	66	12.59	109	33.63	0.21	7.61	6.05	22.40	12.06
4	2	1389	53.45	2599	2918	1.61	1799	0	0	53	14.03	90	33.86	0.19	8.60	2.84	35.27	11.63	0.15	0.77	60	0
4	3	1262	48.29	2614	2918	1.59	1458	0	0	47	13.45	80	34.30	0.19	6.72	4.02	41.11	11.63
8	4	1207	46.32	2606	2918	1.46	1611	0	0	42	13.95	71	34.66	0.13	9.14	6.01	38.70	11.61	0.42	2.77	62	0
8	5	1585	60.81	2606	2918	1.57	1577	0	0	59	13.13	100	33.84	0.26	7.32	0.75	31.29	11.61
12	6	1065	41.20	2584	2918	1.47	1455	0	0	37	13.16	63	34.39	0.14	8.62	4.73	45.61	17.46	0.73	7.37	59	0
12	7	1298	50.20	2585	2918	1.55	1506	0	0	48	12.17	80	34.20	0.13	6.97	4.24	38.77	17.46
16	8	1304	50.54	2580	2918	1.50	1647	0	0	47	12.68	78	34.17	0.14	8.89	4.27	36.48	14.91	0.58	4.72	65	0
16	9	1259	48.31	2606	2918	1.48	1371	0	0	44	12.37	74	34.63	0.14	7.06	2.45	42.35	14.91
20	10	1586	61.13	2594	2918	1.59	1939	1	0	60	12.57	101	33.78	0.21	8.82	2.96	27.30	14.97	0.00	0.81	59	0
20	11	992	37.94	2616	2918	1.49	1352	0	0	35	12.90	60	34.48	0.11	7.12	7.35	47.73	14.97
24	12	2116	99.77	2120	2918	0.36	2008	0	0	1	33.50	13	92.75	0.00	0.00	0.00	0.00	0.00	0.00	0.00	64	0
25	13	2115	99.77	2120	2918	0.42	2008	0	0	1	33.67	16	92.97	0.00	0.00	0.00	0.00	0.00	0.00	0.00	63	0
26	14	2115	99.77	2120	2918	0.35	2010	0	0	1	32.81	13	92.59	0.00	0.00	0.00	0.00	0.00	0.00	0.00	63	0
27	15	2115	99.77	2120	2918	0.33	2009	0	0	1	37.74	12	92.39	0.00	0.00	0.00	0.00	0.00	0.00	0.00	63	0
Core	CPU	Avg_MHz	Busy%	Bzy_MHz	TSC_MHz	IPC	IRQ	NMI	SMI	LLCMRPS	LLC%hit	L2MRPS	L2%hit	POLL%	C1ACPI%	C2ACPI%	C3ACPI%	CPU%c1	CPU%c6	CPU%c7	CoreTmp	CoreThr	PkgTmp	GFX%rc6	GFXMHz	GFXAMHz	Totl%C0	Any%C0	GFX%C0	CPUGFX%	Pkg%pc2	Pkg%pc3	Pkg%pc6	Pkg%pc8	Pk%pc10	CPU%LPI	SYS%LPI	PkgWatt	CorWatt	GFXWatt	RAMWatt	PKG_%	RAM_%	UncMHz	SysWatt
-	-	1471	61.23	2399	2922	1.24	27121	6	0	533	14.43	994	40.44	0.10	5.76	3.83	29.29	9.87	0.57	2.19	68	0	68	98.25	300	300	900.00	100.67	1.73	1.73	0.00	0.00	0.00	0.00	0.00	0.00	0.00	26.54	19.67	0.01	0.00	0.00	0.00	1900	7.79
0	0	1125	44.48	2530	2918	1.56	1949	1	0	37	15.30	64	36.20	0.10	7.90	18.24	29.63	14.32	3.21	3.32	61	0	68	98.09	300	300	899.65	100.63	1.73	1.73	0.00	0.00	0.00	0.00	0.00	0.00	0.00	26.50	19.64	0.01	0.00	0.00	0.00	1900
0	1	1244	48.06	2588	2918	1.61	1727	0	0	47	13.18	78	34.12	0.12	7.28	7.57	37.32	14.32
4	2	1572	60.45	2601	2918	1.71	1832	0	0	59	13.37	101	35.30	0.17	8.74	1.75	29.24	11.77	0.17	4.06	58	0
4	3	833	32.71	2548	2918	1.73	1142	0	0	29	15.34	50	36.79	0.11	4.89	5.95	56.57	11.77
8	4	923	35.73	2585	2918	1.67	1344	0	0	32	16.15	56	36.42	0.11	8.01	6.74	49.64	13.47	1.82	5.35	63	0
8	5	1444	56.08	2575	2918	1.68	1537	1	0	53	12.87	91	35.12	0.11	8.09	2.82	33.22	13.48
12	6	979	37.92	2581	2918	1.52	1327	0	0	34	14.66	58	35.30	0.15	7.39	2.96	51.85	13.18	0.13	0.61	60	0
12	7	1663	63.23	2630	2918	1.83	1740	0	0	58	13.97	106	39.29	0.16	8.22	1.63	27.11	13.18
16	8	1101	42.60	2584	2918	1.74	1541	0	0	37	15.37	67	37.57	0.13	8.85	5.33	43.36	16.45	0.30	6.98	67	0
16	9	1246	48.49	2570	2918	1.59	1447	0	0	43	14.70	74	35.85	0.16	6.59	2.37	42.66	16.45
20	10	1172	44.93	2610	2918	1.53	1575	0	0	39	15.22	68	35.57	0.15	7.02	2.91	45.26	9.79	0.04	1.56	60	0
20	11	1721	66.03	2607	2918	1.68	1891	0	0	60	13.66	105	36.12	0.18	9.12	2.91	22.16	9.79
24	12	2120	99.77	2125	2918	0.47	2016	1	0	1	31.87	18	92.73	0.00	0.00	0.00	0.00	0.00	0.00	0.00	68	0
25	13	2120	99.77	2125	2918	0.53	2017	1	0	1	31.10	21	93.01	0.00	0.00	0.00	0.00	0.00	0.00	0.00	68	0
26	14	2120	99.77	2125	2918	0.47	2018	1	0	1	31.14	18	92.74	0.00	0.00	0.00	0.00	0.00	0.00	0.00	68	0
27	15	2120	99.77	2125	2918	0.46	2018	1	0	1	33.48	17	92.70	0.00	0.00	0.00	0.00	0.00	0.00	0.00	67	0
Core	CPU	Avg_MHz	Busy%	Bzy_MHz	TSC_MHz	IPC	IRQ	NMI	SMI	LLCMRPS	LLC%hit	L2MRPS	L2%hit	POLL%	C1ACPI%	C2ACPI%	C3ACPI%	CPU%c1	CPU%c6	CPU%c7	CoreTmp	CoreThr	PkgTmp	GFX%rc6	GFXMHz	GFXAMHz	Totl%C0	Any%C0	GFX%C0	CPUGFX%	Pkg%pc2	Pkg%pc3	Pkg%pc6	Pkg%pc8	Pk%pc10	CPU%LPI	SYS%LPI	PkgWatt	CorWatt	GFXWatt	RAMWatt	PKG_%	RAM_%	UncMHz	SysWatt
-	-	1488	61.91	2408	2914	1.06	27540	2	0	566	13.20	965	35.23	0.12	5.79	4.23	28.09	8.43	0.75	3.18	66	0	66	96.67	300	300	897.98	100.48	2.82	2.82	0.00	0.00	0.00	0.00	0.00	0.00	0.00	25.92	18.92	0.01	0.00	0.00	0.00	1900	7.64
0	0	1060	41.25	2570	2918	1.51	1883	0	0	38	14.29	64	34.38	0.11	7.54	16.57	34.87	12.83	2.14	4.31	61	0	66	96.97	300	300	899.37	100.63	2.83	2.83	0.00	0.00	0.00	0.00	0.00	0.00	0.00	26.01	18.98	0.01	0.00	0.00	0.00	1900
0	1	1388	53.61	2588	2918	1.60	1813	1	0	53	12.70	88	33.97	0.15	8.06	5.85	32.70	12.83
4	2	1261	48.24	2615	2918	1.44	1758	0	0	43	13.45	73	34.51	0.14	7.78	6.64	37.52	9.99	0.33	3.32	61	0
4	3	1659	63.15	2628	2918	1.53	1929	0	0	60	13.90	102	34.30	0.25	7.25	4.54	25.22	9.99
8	4	1408	53.53	2631	2918	1.52	1650	1	0	51	13.49	86	34.06	0.20	8.59	2.17	35.87	8.54	0.00	0.62	63	0
8	5	1559	60.02	2597	2918	1.52	1650	0	0	57	12.21	94	33.74	0.16	8.36	2.97	28.86	8.54
12	6	1326	50.93	2603	2918	1.61	1669	0	0	51	12.53	85	33.77	0.19	9.39	5.92	33.95	11.00	0.22	1.54	60	0
12	7	1250	47.68	2622	2918	1.63	1382	0	0	48	12.55	81	33.90	0.19	6.39	1.85	44.23	10.99
16	8	1366	53.19	2568	2918	1.58	1701	0	0	51	12.64	86	34.09	0.14	8.34	6.47	32.22	12.27	3.99	15.70	66	0
16	9	676	26.46	2556	2918	1.45	1011	0	0	23	15.50	39	36.10	0.08	5.31	5.96	62.39	12.27
20	10	1698	65.48	2593	2918	1.62	1923	0	0	66	12.67	110	33.68	0.25	9.38	2.71	22.64	12.83	0.79	6.30	59	0
20	11	720	27.80	2592	2918	1.41	1122	0	0	22	15.06	40	38.54	0.05	6.35	6.16	59.80	12.83
24	12	2119	99.77	2124	2918	0.18	2007	0	0	1	17.46	5	79.88	0.00	0.00	0.00	0.00	0.00	0.00	0.00	64	0
25	13	2119	99.77	2124	2918	0.24	2022	0	0	1	14.65	8	76.55	0.00	0.00	0.00	0.00	0.00	0.00	0.00	63	0
26	14	2119	99.77	2124	2918	0.18	2009	0	0	1	15.14	5	79.90	0.00	0.00	0.00	0.00	0.00	0.00	0.00	64	0
27	15	2119	99.77	2124	2918	0.15	2011	0	0	1	22.45	4	75.63	0.00	0.00	0.00	0.00	0.00	0.00	0.00	64	0
Core	CPU	Avg_MHz	Busy%	Bzy_MHz	TSC_MHz	IPC	IRQ	NMI	SMI	LLCMRPS	LLC%hit	L2MRPS	L2%hit	POLL%	C1ACPI%	C2ACPI%	C3ACPI%	CPU%c1	CPU%c6	CPU%c7	CoreTmp	CoreThr	PkgTmp	GFX%rc6	GFXMHz	GFXAMHz	Totl%C0	Any%C0	GFX%C0	CPUGFX%	Pkg%pc2	Pkg%pc3	Pkg%pc6	Pkg%pc8	Pk%pc10	CPU%LPI	SYS%LPI	PkgWatt	CorWatt	GFXWatt	RAMWatt	PKG_%	RAM_%	UncMHz	SysWatt
-	-	1072	37.15	2885	2920	0.51	16027	0	0	185	18.54	312	34.74	0.04	2.07	4.81	56.03	10.93	2.40	31.61	68	0	66	98.95	300	300	577.67	100.77	1.10	1.10	0.00	0.00	0.00	0.00	0.00	0.00	0.00	18.30	13.67	0.01	0.00	0.00	0.00	3600	5.55
0	0	519	20.56	2527	2918	1.43	1234	0	0	16	17.52	29	39.79	0.05	3.60	26.08	50.06	59.38	6.48	4.09	57	0	66	98.77	300	300	576.86	100.63	1.10	1.10	0.00	0.00	0.00	0.00	0.00	0.00	0.00	18.26	13.64	0.01	0.00	0.00	0.00	3600
0	1	274	11.27	2433	2918	1.58	814	0	0	10	18.93	17	35.56	0.03	4.79	12.35	71.73	59.38
4	2	364	14.49	2514	2918	1.48	607	0	0	13	15.32	22	35.11	0.03	2.59	4.08	78.94	7.68	2.74	63.30	55	0
4	3	399	15.74	2533	2918	1.52	569	0	0	15	17.77	25	34.32	0.06	2.74	3.22	78.38	7.68
8	4	462	15.60	2959	2918	1.40	677	0	0	16	32.61	27	33.38	0.03	3.09	5.42	75.98	5.23	3.75	60.64	56	0
8	5	486	19.44	2502	2918	1.59	552	0	0	19	12.38	30	33.33	0.05	2.23	1.96	76.47	5.23
12	6	453	17.14	2645	2918	1.47	603	0	0	16	15.96	27	33.91	0.05	2.64	2.74	77.56	5.65	2.59	62.04	55	0
12	7	519	19.22	2700	2918	1.87	578	0	0	17	13.16	28	34.64	0.06	2.30	1.90	76.65	5.65
16	8	696	27.47	2534	2918	1.71	737	0	0	29	14.86	47	33.12	0.12	2.37	2.42	67.87	3.52	3.34	64.40	61	0
16	9	58	2.54	2297	2918	0.79	320	0	0	1	69.64	2	47.95	0.01	1.74	5.90	89.89	3.52
20	10	420	16.79	2500	2918	1.52	666	0	0	15	15.87	26	34.90	0.05	2.33	4.69	76.30	5.87	5.07	61.59	56	0
20	11	405	15.20	2663	2918	1.39	612	0	0	16	30.52	27	35.20	0.04	2.65	6.14	76.11	5.87
24	12	3023	99.77	3030	2918	0.07	2013	0	0	0	12.55	1	28.08	0.00	0.00	0.00	0.00	0.00	0.00	0.00	66	0
25	13	3024	99.77	3031	2918	0.07	2016	0	0	1	11.15	1	28.83	0.00	0.00	0.00	0.00	0.00	0.00	0.00	66	0
26	14	3025	99.77	3032	2918	0.07	2013	0	0	0	10.27	1	27.11	0.00	0.00	0.00	0.00	0.00	0.00	0.00	66	0
27	15	3025	99.77	3032	2918	0.07	2016	0	0	1	17.33	1	32.19	0.00	0.00	0.00	0.00	0.00	0.00	0.00	68	0
Core	CPU	Avg_MHz	Busy%	Bzy_MHz	TSC_MHz	IPC	IRQ	NMI	SMI	LLCMRPS	LLC%hit	L2MRPS	L2%hit	POLL%	C1ACPI%	C2ACPI%	C3ACPI%	CPU%c1	CPU%c6	CPU%c7	CoreTmp	CoreThr	PkgTmp	GFX%rc6	GFXMHz	GFXAMHz	Totl%C0	Any%C0	GFX%C0	CPUGFX%	Pkg%pc2	Pkg%pc3	Pkg%pc6	Pkg%pc8	Pk%pc10	CPU%LPI	SYS%LPI	PkgWatt	CorWatt	GFXWatt	RAMWatt	PKG_%	RAM_%	UncMHz	SysWatt
-	-	820	24.65	3322	2922	0.18	11663	0	0	32	55.22	65	41.77	0.00	0.87	5.54	69.06	14.67	6.65	41.89	61	0	60	97.17	600	600	398.61	94.86	2.67	1.95	0.95	0.68	0.04	0.10	0.00	0.00	0.00	14.72	10.95	0.01	0.00	0.00	0.00	4000	4.62
0	0	104	5.95	1742	2918	1.78	1024	0	0	2	69.28	8	66.54	0.00	2.65	29.46	62.26	75.54	5.49	11.59	57	0	60	97.02	600	600	398.50	94.83	2.67	1.95	0.95	0.68	0.04	0.10	0.00	0.00	0.00	14.70	10.94	0.01	0.00	0.00	0.00	4000
0	1	28	1.50	1851	2918	0.76	376	0	0	1	68.96	2	45.94	0.00	0.71	7.68	90.19	75.54
4	2	64	2.39	2673	2918	0.73	367	0	0	1	82.05	4	73.11	0.00	0.68	5.50	91.52	5.92	4.60	84.82	54	0
4	3	49	1.84	2646	2918	0.86	188	0	0	2	72.46	3	32.29	0.00	0.60	4.12	93.51	5.92
8	4	392	10.90	3600	2918	1.38	639	0	0	14	43.34	25	32.29	0.00	1.40	7.44	80.35	7.50	5.09	74.70	58	0
8	5	19	0.99	1914	2918	0.79	144	0	0	1	77.53	1	30.81	0.00	0.49	2.78	95.81	7.50
12	6	39	1.71	2268	2918	1.06	238	0	0	2	78.74	3	36.29	0.00	1.28	3.77	93.34	9.47	4.18	82.36	55	0
12	7	36	1.50	2414	2918	1.18	247	0	0	1	73.81	2	48.03	0.00	0.43	7.74	90.41	9.47
16	8	77	2.72	2824	2918	1.23	350	0	0	2	74.76	4	51.73	0.01	1.71	6.24	89.44	10.13	3.92	81.46	60	0
16	9	51	1.84	2771	2918	1.23	215	0	0	1	72.35	3	50.36	0.00	1.41	3.75	93.07	10.13
20	10	34	1.65	2090	2918	0.79	264	0	0	1	82.37	2	37.62	0.00	1.11	4.12	93.22	8.61	4.09	83.86	56	0
20	11	53	2.00	2657	2918	0.70	304	0	0	1	75.74	2	52.30	0.01	1.36	5.69	91.02	8.61
24	12	3069	90.70	3383	2918	0.10	1862	0	0	1	13.24	2	20.05	0.00	0.06	0.08	8.95	0.37	8.74	0.00	61	0
25	13	3027	89.53	3381	2918	0.10	1812	0	0	1	12.68	2	21.81	0.00	0.00	0.08	10.19	0.00	10.20	0.00	61	0
26	14	3036	89.74	3383	2918	0.10	1817	0	0	1	7.01	2	19.42	0.00	0.00	0.00	10.05	0.00	10.11	0.00	61	0
27	15	3034	89.69	3383	2918	0.10	1816	0	0	1	11.25	2	21.72	0.00	0.01	0.06	10.04	0.01	10.14	0.00	61	0
Core	CPU	Avg_MHz	Busy%	Bzy_MHz	TSC_MHz	IPC	IRQ	NMI	SMI	LLCMRPS	LLC%hit	L2MRPS	L2%hit	POLL%	C1ACPI%	C2ACPI%	C3ACPI%	CPU%c1	CPU%c6	CPU%c7	CoreTmp	CoreThr	PkgTmp	GFX%rc6	GFXMHz	GFXAMHz	Totl%C0	Any%C0	GFX%C0	CPUGFX%	Pkg%pc2	Pkg%pc3	Pkg%pc6	Pkg%pc8	Pk%pc10	CPU%LPI	SYS%LPI	PkgWatt	CorWatt	GFXWatt	RAMWatt	PKG_%	RAM_%	UncMHz	SysWatt
-	-	60	2.01	2995	2918	1.00	3219	0	0	27	56.29	51	37.17	0.00	0.59	3.51	93.99	14.07	42.12	43.10	58	0	59	96.85	300	300	34.80	24.11	2.87	1.06	12.46	0.12	9.04	11.97	0.00	0.00	0.00	6.62	3.38	0.01	0.00	0.00	0.00	4000	2.46
0	0	85	2.89	2931	2918	0.26	243	0	0	1	71.12	2	33.09	0.00	0.76	5.53	91.03	20.71	4.51	70.48	55	0	59	96.86	300	300	34.80	24.11	2.87	1.06	12.46	0.12	9.04	11.97	0.00	0.00	0.00	6.62	3.38	0.01	0.00	0.00	0.00	4000
0	1	18	1.12	1625	2918	0.50	261	0	0	1	69.73	1	37.25	0.00	0.45	4.43	94.07	20.71
4	2	53	2.04	2581	2918	0.83	179	0	0	2	74.76	3	30.64	0.00	0.49	1.42	96.17	4.87	1.36	90.48	52	0
4	3	10	0.40	2630	2918	0.56	49	0	0	0	73.74	1	29.42	0.01	0.17	0.47	98.99	4.87
8	4	239	6.73	3555	2918	1.04	573	0	0	6	46.35	12	34.35	0.01	2.30	10.25	80.97	28.25	6.40	57.16	53	0
8	5	15	0.87	1744	2918	0.87	102	0	0	1	71.30	1	34.07	0.01	0.38	1.10	97.71	28.25
12	6	78	2.46	3187	2918	1.20	222	0	0	2	53.92	4	36.25	0.00	0.63	4.48	92.67	20.26	5.22	66.03	54	0
12	7	209	5.58	3751	2918	1.22	460	0	0	6	38.89	12	33.99	0.00	0.73	8.81	84.98	20.26
16	8	52	1.88	2777	2918	1.43	184	0	0	2	80.53	4	43.46	0.00	0.57	3.09	94.57	6.58	2.63	87.86	55	0
16	9	12	0.45	2561	2918	1.25	47	0	0	1	56.43	1	23.25	0.00	0.02	0.10	99.45	6.58
20	10	68	2.38	2845	2918	1.29	246	0	0	2	63.87	4	46.47	0.00	0.93	4.20	92.72	31.82	4.42	59.02	55	0
20	11	69	2.55	2715	2918	0.61	381	0	0	1	69.09	3	44.78	0.01	1.89	7.82	87.84	31.82
24	12	19	0.87	2142	2918	0.82	54	0	0	0	63.37	1	48.72	0.00	0.00	0.02	99.13	0.00	98.95	0.00	58	0
25	13	20	1.08	1866	2918	0.98	116	0	0	0	75.94	1	56.69	0.00	0.05	2.52	96.39	0.09	98.33	0.00	58	0
26	14	13	0.75	1681	2918	0.86	92	0	0	0	69.54	1	50.51	0.00	0.03	1.76	97.50	0.03	98.97	0.00	58	0
27	15	3	0.10	2523	2918	0.95	10	0	0	0	56.63	0	47.99	0.00	0.02	0.20	99.68	0.02	100.45	0.00	58	0
Core	CPU	Avg_MHz	Busy%	Bzy_MHz	TSC_MHz	IPC	IRQ	NMI	SMI	LLCMRPS	LLC%hit	L2MRPS	L2%hit	POLL%	C1ACPI%	C2ACPI%	C3ACPI%	CPU%c1	CPU%c6	CPU%c7	CoreTmp	CoreThr	PkgTmp	GFX%rc6	GFXMHz	GFXAMHz	Totl%C0	Any%C0	GFX%C0	CPUGFX%	Pkg%pc2	Pkg%pc3	Pkg%pc6	Pkg%pc8	Pk%pc10	CPU%LPI	SYS%LPI	PkgWatt	CorWatt	GFXWatt	RAMWatt	PKG_%	RAM_%	UncMHz	SysWatt
-	-	52	1.82	2875	2918	1.07	2862	0	0	25	53.99	49	38.85	0.00	0.50	3.11	94.66	9.63	41.66	47.11	60	0	60	97.37	300	300	32.68	21.71	2.37	1.11	14.68	0.13	9.67	16.30	0.00	0.00	0.00	6.00	2.98	0.01	0.00	0.00	0.00	3700	2.24
0	0	54	2.23	2398	2918	0.70	210	0	0	1	72.77	3	48.56	0.00	0.98	3.27	93.66	9.25	2.29	85.20	53	0	60	97.36	300	300	32.68	21.71	2.37	1.11	14.68	0.13	9.67	16.30	0.00	0.00	0.00	6.00	2.98	0.01	0.00	0.00	0.00	3700
0	1	4	0.32	1370	2918	0.36	85	0	0	0	77.15	0	28.07	0.00	0.04	0.97	98.69	9.25
4	2	46	1.84	2505	2918	0.84	189	0	0	2	78.91	3	36.46	0.00	0.17	1.76	96.31	0.20	1.71	95.45	52	0
4	3	0	0.02	1616	2918	0.50	5	0	0	0	78.37	0	41.95	0.00	0.00	0.00	99.98	0.20
8	4	87	3.16	2751	2918	1.42	396	0	0	2	63.19	6	53.36	0.00	1.86	7.94	87.28	29.98	4.69	60.78	51	0
8	5	19	0.99	1923	2918	1.20	99	0	0	1	74.84	1	32.29	0.01	0.54	1.23	97.28	29.98
12	6	101	2.98	3386	2918	0.56	261	0	0	2	65.56	4	48.41	0.00	1.36	4.34	91.53	11.53	6.86	68.78	60	0
12	7	388	9.77	3976	2918	1.31	520	0	0	12	35.74	23	34.28	0.00	0.88	5.18	84.26	11.53
16	8	33	1.74	1879	2918	0.71	203	0	0	1	83.00	2	26.17	0.00	0.42	3.99	93.99	6.15	3.37	87.40	55	0
16	9	9	0.42	2109	2918	0.91	47	0	0	0	46.79	1	23.66	0.00	0.24	0.29	99.07	6.15
20	10	26	1.44	1846	2918	0.93	195	0	0	1	73.45	2	29.04	0.00	0.89	3.97	93.88	18.60	5.17	73.54	54	0
20	11	13	0.88	1527	2918	0.46	162	0	0	1	68.79	1	30.81	0.00	0.22	4.45	94.51	18.60
24	12	14	0.87	1620	2918	0.71	143	0	0	0	71.39	1	48.13	0.00	0.14	3.68	95.36	0.72	97.88	0.00	57	0
25	13	16	0.93	1768	2918	0.79	103	0	0	0	62.32	1	49.49	0.00	0.00	2.00	97.11	0.01	98.63	0.00	57	0
26	14	11	0.61	1807	2918	0.81	84	0	0	0	61.96	1	53.91	0.00	0.06	1.25	98.10	0.38	98.94	0.00	57	0
27	15	13	0.88	1504	2918	0.82	160	0	0	0	63.59	1	47.55	0.00	0.20	5.47	93.51	1.58	97.07	0.00	57	0
Core	CPU	Avg_MHz	Busy%	Bzy_MHz	TSC_MHz	IPC	IRQ	NMI	SMI	LLCMRPS	LLC%hit	L2MRPS	L2%hit	POLL%	C1ACPI%	C2ACPI%	C3ACPI%	CPU%c1	CPU%c6	CPU%c7	CoreTmp	CoreThr	PkgTmp	GFX%rc6	GFXMHz	GFXAMHz	Totl%C0	Any%C0	GFX%C0	CPUGFX%	Pkg%pc2	Pkg%pc3	Pkg%pc6	Pkg%pc8	Pk%pc10	CPU%LPI	SYS%LPI	PkgWatt	CorWatt	GFXWatt	RAMWatt	PKG_%	RAM_%	UncMHz	SysWatt
-	-	74	2.62	2819	2918	0.98	7580	0	0	31	57.84	65	42.97	0.00	1.31	5.19	91.02	19.58	38.99	39.32	57	0	57	88.51	300	300	44.91	30.03	10.62	5.00	6.99	0.07	4.72	7.88	0.00	0.00	0.00	7.88	4.11	0.05	0.00	0.00	0.00	4000	2.90
0	0	47	2.43	1953	2918	1.01	258	0	0	2	74.86	3	50.46	0.01	1.08	5.43	91.37	30.84	4.30	59.78	55	0	57	88.52	300	300	44.91	30.03	10.62	5.00	6.99	0.07	4.72	7.88	0.00	0.00	0.00	7.88	4.11	0.05	0.00	0.00	0.00	4000
0	1	28	1.87	1513	2918	0.53	477	0	0	1	84.99	2	34.87	0.00	0.87	4.50	92.88	30.84
4	2	72	3.10	2318	2918	0.67	505	0	0	2	76.97	4	44.65	0.00	3.47	9.59	84.10	26.16	1.78	67.94	52	0
4	3	9	0.41	2260	2918	1.06	83	0	0	0	67.84	1	39.99	0.00	1.03	1.08	97.49	26.16
8	4	284	8.38	3395	2918	1.26	2093	0	0	7	46.35	16	49.32	0.00	4.44	14.17	73.36	44.60	4.44	41.21	53	0
8	5	39	1.79	2185	2918	0.88	245	0	0	1	70.03	2	38.83	0.01	1.67	3.78	92.82	44.60
12	6	196	6.20	3157	2918	0.52	669	0	0	4	68.60	8	47.61	0.01	3.07	11.72	79.32	19.72	6.75	61.06	52	0
12	7	259	6.48	3993	2918	1.35	378	0	0	8	37.40	16	35.10	0.00	1.34	3.71	88.53	19.72
16	8	82	3.06	2669	2918	0.97	340	0	0	3	75.28	6	42.42	0.00	1.09	7.73	88.31	14.31	5.33	76.24	55	0
16	9	8	0.43	1857	2918	1.03	53	0	0	0	59.47	1	25.65	0.00	0.13	0.71	98.75	14.31
20	10	41	1.78	2305	2918	1.00	245	0	0	2	68.53	3	33.56	0.00	0.61	4.40	93.35	5.95	4.24	86.96	54	0
20	11	13	0.70	1807	2918	0.44	109	0	0	0	67.91	1	40.24	0.00	0.10	1.23	98.01	5.95
24	12	43	2.25	1891	2918	0.48	1588	0	0	1	78.35	1	42.73	0.00	1.29	6.16	90.47	15.22	81.46	0.00	57	0
25	13	36	1.71	2093	2918	0.46	384	0	0	0	60.34	1	48.53	0.00	0.69	5.94	91.74	14.21	83.84	0.00	57	0
26	14	11	0.49	2237	2918	1.09	39	0	0	0	63.43	1	52.67	0.00	0.01	0.26	99.25	0.02	99.74	0.00	57	0
27	15	16	0.90	1764	2918	0.82	114	0	0	0	67.15	1	56.94	0.00	0.02	2.58	96.55	0.66	97.98	0.00	57	0
Core	CPU	Avg_MHz	Busy%	Bzy_MHz	TSC_MHz	IPC	IRQ	NMI	SMI	LLCMRPS	LLC%hit	L2MRPS	L2%hit	POLL%	C1ACPI%	C2ACPI%	C3ACPI%	CPU%c1	CPU%c6	CPU%c7	CoreTmp	CoreThr	PkgTmp	GFX%rc6	GFXMHz	GFXAMHz	Totl%C0	Any%C0	GFX%C0	CPUGFX%	Pkg%pc2	Pkg%pc3	Pkg%pc6	Pkg%pc8	Pk%pc10	CPU%LPI	SYS%LPI	PkgWatt	CorWatt	GFXWatt	RAMWatt	PKG_%	RAM_%	UncMHz	SysWatt
-	-	97	3.27	2954	2918	1.29	6717	0	0	37	56.58	85	48.34	0.00	1.28	4.46	91.11	17.09	38.62	40.80	56	0	56	92.41	433	450	54.01	31.17	7.01	4.15	8.23	0.15	7.04	8.37	0.00	0.00	0.00	8.21	4.61	0.03	0.00	0.00	0.00	4000	2.96
0	0	58	2.84	2050	2918	1.27	278	0	0	2	80.52	4	53.25	0.00	0.55	5.00	91.85	19.43	2.96	72.44	53	0	56	92.41	433	450	54.01	31.17	7.01	4.15	8.23	0.15	7.04	8.37	0.00	0.00	0.00	8.21	4.61	0.03	0.00	0.00	0.00	4000
0	1	15	1.13	1295	2918	0.45	299	0	0	1	86.96	1	41.17	0.00	0.35	5.02	93.59	19.43
4	2	134	5.49	2441	2918	1.24	916	0	0	3	65.70	6	45.91	0.00	3.45	11.39	79.98	33.60	3.72	56.60	50	0
4	3	3	0.11	2560	2918	0.57	9	0	0	0	72.44	0	51.07	0.00	0.20	0.05	99.64	33.60
8	4	237	7.25	3269	2918	1.07	674	0	0	6	44.07	12	40.99	0.00	5.37	12.37	75.31	25.07	4.89	61.46	52	0
8	5	58	1.92	3008	2918	1.29	112	0	0	2	53.22	3	41.57	0.00	1.35	0.32	96.43	25.07
12	6	310	8.28	3743	2918	1.06	683	0	0	7	43.53	14	37.06	0.00	3.06	10.73	78.17	21.16	5.44	58.93	53	0
12	7	241	6.09	3957	2918	2.03	355	0	0	5	52.03	16	59.81	0.00	0.48	1.60	91.85	21.16
16	8	118	3.94	2985	2918	1.22	934	0	0	4	66.80	8	52.69	0.00	1.64	3.05	91.50	7.87	3.03	82.30	56	0
16	9	100	3.31	3023	2918	1.56	227	0	0	3	71.15	7	53.34	0.00	0.67	1.28	94.77	7.87
20	10	85	3.39	2502	2918	1.45	283	0	0	2	68.35	5	46.94	0.00	1.33	5.78	89.69	15.65	3.78	76.29	53	0
20	11	9	0.52	1693	2918	0.60	75	0	0	0	53.05	1	47.17	0.00	0.20	0.06	99.24	15.65
24	12	58	2.52	2290	2918	0.89	1276	0	0	1	53.44	2	41.71	0.00	0.88	4.40	92.31	15.00	82.10	0.00	56	0
25	13	52	2.24	2335	2918	0.69	291	0	0	1	58.47	3	49.65	0.00	0.44	3.95	93.43	10.93	86.62	0.00	56	0
26	14	16	0.94	1761	2918	0.65	123	0	0	0	68.69	1	57.29	0.00	0.11	2.64	96.36	0.62	97.95	0.00	56	0
27	15	52	2.35	2216	2918	1.39	182	0	0	1	58.57	2	60.37	0.00	0.39	3.70	93.61	1.39	95.67	0.00	56	0
Core	CPU	Avg_MHz	Busy%	Bzy_MHz	TSC_MHz	IPC	IRQ	NMI	SMI	LLCMRPS	LLC%hit	L2MRPS	L2%hit	POLL%	C1ACPI%	C2ACPI%	C3ACPI%	CPU%c1	CPU%c6	CPU%c7	CoreTmp	CoreThr	PkgTmp	GFX%rc6	GFXMHz	GFXAMHz	Totl%C0	Any%C0	GFX%C0	CPUGFX%	Pkg%pc2	Pkg%pc3	Pkg%pc6	Pkg%pc8	Pk%pc10	CPU%LPI	SYS%LPI	PkgWatt	CorWatt	GFXWatt	RAMWatt	PKG_%	RAM_%	UncMHz	SysWatt
-	-	61	2.07	2955	2919	0.90	3248	0	0	25	56.49	47	36.94	0.00	0.73	3.80	93.50	11.25	42.49	44.69	57	0	56	97.46	300	300	37.00	24.31	2.37	1.14	15.79	0.26	12.63	7.95	0.00	0.00	0.00	6.44	3.20	0.01	0.00	0.00	0.00	4000	2.41
0	0	34	1.96	1730	2918	0.93	210	0	0	2	77.99	3	25.72	0.00	0.37	3.59	94.27	11.07	3.67	81.49	53	0	56	97.45	300	300	37.00	24.30	2.37	1.14	15.79	0.26	12.63	7.95	0.00	0.00	0.00	6.44	3.20	0.01	0.00	0.00	0.00	4000
0	1	12	0.82	1491	2918	0.29	163	0	0	0	86.10	1	31.69	0.03	0.50	2.95	95.79	11.07
4	2	77	3.21	2388	2918	0.89	450	0	0	3	62.13	4	27.88	0.00	1.94	9.42	85.66	16.49	5.79	73.80	50	0
4	3	1	0.06	1793	2918	0.31	13	0	0	0	70.73	0	33.12	0.00	0.02	0.54	99.39	16.49
8	4	152	4.62	3292	2918	0.95	429	0	0	4	53.02	8	39.48	0.00	1.32	8.34	85.93	20.61	5.55	67.39	51	0
8	5	31	1.14	2760	2918	1.09	112	0	0	1	70.52	2	34.11	0.01	1.77	0.63	96.50	20.61
12	6	467	11.68	3999	2918	0.90	630	0	0	9	40.91	18	37.97	0.00	1.94	8.04	78.53	12.06	5.14	70.28	51	0
12	7	8	0.33	2437	2918	0.71	43	0	0	0	68.83	1	39.77	0.01	0.75	0.15	98.78	12.06
16	8	55	2.12	2623	2918	0.67	248	0	0	1	69.43	3	48.64	0.01	0.78	5.22	92.04	16.85	3.09	76.60	55	0
16	9	24	1.08	2212	2918	0.88	119	0	0	1	74.89	1	33.52	0.00	0.49	1.97	96.51	16.85
20	10	56	2.49	2261	2918	1.10	310	0	0	2	72.82	4	35.70	0.01	1.36	6.96	89.38	12.82	6.24	77.33	52	0
20	11	5	0.34	1601	2918	0.27	64	0	0	0	55.62	0	31.46	0.00	0.25	0.94	98.50	12.82
24	12	14	0.94	1465	2918	0.67	159	0	0	0	74.85	1	43.42	0.00	0.03	4.82	94.27	0.03	98.32	0.00	57	0
25	13	22	1.20	1828	2918	0.91	147	0	0	1	51.42	1	39.64	0.00	0.04	3.68	95.14	0.04	98.26	0.00	57	0
26	14	11	0.60	1768	2918	0.85	68	0	0	0	67.61	1	44.44	0.00	0.02	1.46	97.94	0.03	99.41	0.00	57	0
27	15	9	0.54	1640	2918	0.92	83	0	0	0	69.66	0	49.17	0.00	0.04	2.16	97.29	0.04	99.42	0.00	56	0
Core	CPU	Avg_MHz	Busy%	Bzy_MHz	TSC_MHz	IPC	IRQ	NMI	SMI	LLCMRPS	LLC%hit	L2MRPS	L2%hit	POLL%	C1ACPI%	C2ACPI%	C3ACPI%	CPU%c1	CPU%c6	CPU%c7	CoreTmp	CoreThr	PkgTmp	GFX%rc6	GFXMHz	GFXAMHz	Totl%C0	Any%C0	GFX%C0	CPUGFX%	Pkg%pc2	Pkg%pc3	Pkg%pc6	Pkg%pc8	Pk%pc10	CPU%LPI	SYS%LPI	PkgWatt	CorWatt	GFXWatt	RAMWatt	PKG_%	RAM_%	UncMHz	SysWatt
-	-	50	1.72	2938	2918	1.01	2829	0	0	23	52.73	44	37.30	0.00	0.48	2.85	95.03	8.47	41.00	48.69	56	0	56	97.55	300	300	30.40	21.09	2.27	1.09	16.42	0.40	13.17	16.50	0.00	0.00	0.00	5.67	2.75	0.01	0.00	0.00	0.00	4000	2.14
0	0	33	1.74	1907	2918	0.94	177	0	0	2	70.40	2	24.34	0.00	0.78	2.51	95.15	13.21	2.40	81.20	53	0	56	97.56	300	300	30.40	21.09	2.27	1.09	16.42	0.40	13.17	16.50	0.00	0.00	0.00	5.67	2.75	0.01	0.00	0.00	0.00	4000
0	1	9	0.56	1533	2918	0.33	125	0	0	0	78.87	0	30.62	0.00	0.14	2.40	96.94	13.21
4	2	38	2.20	1707	2918	0.54	262	0	0	2	75.10	2	25.20	0.00	0.70	4.00	93.26	7.12	3.78	85.79	49	0
4	3	3	0.15	2111	2918	0.25	21	0	0	0	58.90	0	28.18	0.00	0.04	0.18	99.63	7.12
8	4	291	7.66	3806	2918	1.15	539	0	0	7	40.07	15	45.01	0.00	1.72	7.18	83.62	12.46	5.32	73.44	52	0
8	5	33	1.04	3144	2918	1.00	84	0	0	1	63.12	2	34.41	0.00	0.52	0.44	98.03	12.46
12	6	239	6.40	3728	2918	1.09	540	0	0	7	40.27	13	34.13	0.00	1.06	7.58	85.16	17.16	6.46	68.09	51	0
12	7	55	1.76	3120	2918	0.76	194	0	0	1	63.30	2	34.65	0.00	1.17	3.81	93.32	17.16
16	8	39	1.66	2354	2918	1.11	161	0	0	2	76.31	3	38.95	0.00	0.55	2.86	95.05	10.29	2.38	84.84	55	0
16	9	2	0.26	922	2918	0.31	38	0	0	0	69.86	0	25.21	0.00	0.09	0.34	99.32	10.29
20	10	18	0.90	2025	2918	0.81	162	0	0	1	76.20	1	24.22	0.00	0.52	1.34	97.32	3.31	1.65	93.54	52	0
20	11	5	0.41	1280	2918	0.23	70	0	0	0	45.70	0	29.46	0.00	0.00	0.70	98.92	3.31
24	12	13	0.84	1599	2918	0.79	131	0	0	0	71.33	1	45.02	0.00	0.22	3.92	95.07	3.02	95.76	0.00	55	0
25	13	13	0.90	1476	2918	0.70	152	0	0	0	61.03	1	47.77	0.00	0.13	3.69	95.33	2.34	96.37	0.00	55	0
26	14	9	0.62	1497	2918	0.67	102	0	0	0	70.07	1	53.25	0.00	0.03	2.78	96.61	2.35	96.84	0.00	55	0
27	15	7	0.40	1715	2918	0.84	71	0	0	0	57.41	0	38.77	0.00	0.02	1.87	97.73	0.70	99.03	0.00	56	0
Core	CPU	Avg_MHz	Busy%	Bzy_MHz	TSC_MHz	IPC	IRQ	NMI	SMI	LLCMRPS	LLC%hit	L2MRPS	L2%hit	POLL%	C1ACPI%	C2ACPI%	C3ACPI%	CPU%c1	CPU%c6	CPU%c7	CoreTmp	CoreThr	PkgTmp	GFX%rc6	GFXMHz	GFXAMHz	Totl%C0	Any%C0	GFX%C0	CPUGFX%	Pkg%pc2	Pkg%pc3	Pkg%pc6	Pkg%pc8	Pk%pc10	CPU%LPI	SYS%LPI	PkgWatt	CorWatt	GFXWatt	RAMWatt	PKG_%	RAM_%	UncMHz	SysWatt
-	-	67	2.16	3122	2918	1.05	3192	0	0	26	58.95	55	43.34	0.00	0.57	3.39	93.96	10.94	41.50	45.58	57	0	57	95.84	317	350	37.97	26.37	3.76	1.56	11.74	0.20	9.39	7.86	0.00	0.00	0.00	6.95	3.68	0.02	0.00	0.00	0.00	2400	2.55
0	0	51	2.43	2100	2918	0.96	283	0	0	2	69.33	3	27.37	0.00	0.81	6.33	90.67	18.34	5.20	72.21	53	0	57	95.86	317	350	37.97	26.37	3.76	1.56	11.74	0.20	9.39	7.86	0.00	0.00	0.00	6.96	3.68	0.02	0.00	0.00	0.00	2400
0	1	22	0.95	2330	2918	0.15	153	0	0	1	84.48	1	27.91	0.00	0.10	1.07	97.92	18.34
4	2	51	2.44	2086	2918	0.96	288	0	0	2	78.27	3	39.58	0.00	0.74	5.99	91.01	6.80	5.47	84.24	51	0
4	3	3	0.20	1710	2918	0.24	32	0	0	0	66.26	0	25.90	0.00	0.06	0.59	99.17	6.80
8	4	262	7.06	3710	2918	1.04	581	0	0	6	44.91	14	41.77	0.00	1.79	9.41	81.97	17.91	5.66	68.02	50	0
8	5	23	0.82	2794	2918	1.00	88	0	0	1	66.86	1	33.13	0.00	0.35	0.13	98.73	17.91
12	6	432	10.75	4017	2918	1.02	620	0	0	7	46.44	18	51.37	0.00	2.36	9.67	77.50	33.70	5.75	47.83	57	0
12	7	60	1.97	3030	2918	2.08	263	0	0	2	82.04	3	40.79	0.00	1.42	6.63	90.05	33.70
16	8	39	1.41	2757	2918	1.23	112	0	0	1	76.80	3	44.54	0.00	0.37	0.94	97.36	3.83	1.62	92.23	53	0
16	9	6	0.37	1519	2918	0.78	63	0	0	0	67.01	0	23.59	0.00	0.16	0.80	98.69	3.83
20	10	35	1.61	2193	2918	0.70	185	0	0	2	80.43	3	26.82	0.00	0.48	1.52	96.49	4.81	1.24	91.27	53	0
20	11	4	0.17	2382	2918	0.38	21	0	0	0	80.79	0	29.41	0.00	0.07	0.01	99.76	4.81
24	12	16	0.78	2109	2918	0.57	136	0	0	1	53.58	1	35.89	0.00	0.10	3.73	95.43	1.52	97.62	0.00	55	0
25	13	19	1.05	1846	2918	0.88	123	0	0	0	59.58	1	49.66	0.00	0.12	2.09	96.78	1.66	96.82	0.00	55	0
26	14	22	1.21	1797	2918	0.81	151	0	0	1	63.21	1	48.11	0.00	0.14	4.08	94.63	1.02	97.10	0.00	55	0
27	15	33	1.31	2523	2918	1.31	93	0	0	0	53.74	2	62.72	0.00	0.11	1.25	97.36	0.11	98.53	0.00	55	0
Core	CPU	Avg_MHz	Busy%	Bzy_MHz	TSC_MHz	IPC	IRQ	NMI	SMI	LLCMRPS	LLC%hit	L2MRPS	L2%hit	POLL%	C1ACPI%	C2ACPI%	C3ACPI%	CPU%c1	CPU%c6	CPU%c7	CoreTmp	CoreThr	PkgTmp	GFX%rc6	GFXMHz	GFXAMHz	Totl%C0	Any%C0	GFX%C0	CPUGFX%	Pkg%pc2	Pkg%pc3	Pkg%pc6	Pkg%pc8	Pk%pc10	CPU%LPI	SYS%LPI	PkgWatt	CorWatt	GFXWatt	RAMWatt	PKG_%	RAM_%	UncMHz	SysWatt
-	-	54	1.87	2874	2916	1.02	3019	0	0	23	53.95	46	39.02	0.00	0.70	3.50	93.95	10.80	41.43	46.21	61	0	59	97.55	300	300	33.36	22.12	2.06	1.18	17.58	0.44	14.84	9.45	0.00	0.00	0.00	6.03	2.92	0.01	0.00	0.00	0.00	3000	2.27
0	0	39	2.17	1806	2918	0.78	268	0	0	2	75.17	3	25.04	0.02	0.65	6.31	91.06	12.09	4.89	79.50	52	0	59	97.69	300	300	33.39	22.14	2.06	1.19	17.60	0.44	14.85	9.46	0.00	0.00	0.00	6.04	2.92	0.01	0.00	0.00	0.00	3000
0	1	8	0.45	1720	2918	0.22	88	0	0	0	80.06	0	27.73	0.00	0.01	1.31	98.26	12.09
4	2	75	2.89	2589	2918	0.84	304	0	0	2	57.18	4	28.13	0.01	1.04	4.95	91.28	9.97	3.05	83.34	51	0
4	3	1	0.04	1673	2918	0.40	2	0	0	0	83.23	0	37.55	0.00	0.00	0.00	99.97	9.97
8	4	218	6.26	3480	2918	1.02	548	0	0	6	41.41	11	30.95	0.00	1.90	9.87	82.19	13.08	7.02	73.16	49	0
8	5	2	0.11	1462	2918	0.54	17	0	0	0	82.69	0	38.97	0.00	0.04	0.13	99.72	13.08
12	6	270	7.26	3726	2918	1.00	456	0	0	6	45.45	13	46.17	0.00	2.63	7.02	83.31	18.66	3.97	68.67	56	0
12	7	35	1.27	2724	2918	0.91	129	0	0	1	67.69	2	34.17	0.01	0.67	1.79	96.32	18.66
16	8	84	2.86	2951	2918	1.52	340	0	0	2	62.52	5	47.51	0.00	2.00	4.50	90.79	17.98	2.85	75.31	61	0
16	9	12	0.54	2226	2918	0.96	91	0	0	0	48.63	1	26.02	0.00	0.30	0.97	98.22	17.98
20	10	43	2.03	2123	2918	1.38	237	0	0	1	77.63	3	46.02	0.00	1.39	5.35	91.40	11.96	3.07	82.24	51	0
20	11	6	0.20	3013	2918	1.30	28	0	0	0	61.54	0	56.03	0.00	0.00	0.98	98.83	11.96
24	12	24	1.21	1999	2918	0.73	124	0	0	1	58.67	1	52.89	0.00	0.24	2.00	96.59	1.53	96.75	0.00	55	0
25	13	18	1.23	1507	2918	0.67	183	0	0	0	63.59	1	44.97	0.00	0.12	5.46	93.27	0.56	97.38	0.00	55	0
26	14	14	0.79	1745	2918	0.79	84	0	0	0	62.31	1	52.44	0.00	0.01	1.65	97.58	0.01	98.86	0.00	55	0
27	15	11	0.61	1772	2918	0.89	120	0	0	0	47.63	1	32.86	0.00	0.17	3.68	95.58	3.29	96.15	0.00	55	0
Core	CPU	Avg_MHz	Busy%	Bzy_MHz	TSC_MHz	IPC	IRQ	NMI	SMI	LLCMRPS	LLC%hit	L2MRPS	L2%hit	POLL%	C1ACPI%	C2ACPI%	C3ACPI%	CPU%c1	CPU%c6	CPU%c7	CoreTmp	CoreThr	PkgTmp	GFX%rc6	GFXMHz	GFXAMHz	Totl%C0	Any%C0	GFX%C0	CPUGFX%	Pkg%pc2	Pkg%pc3	Pkg%pc6	Pkg%pc8	Pk%pc10	CPU%LPI	SYS%LPI	PkgWatt	CorWatt	GFXWatt	RAMWatt	PKG_%	RAM_%	UncMHz	SysWatt
-	-	55	1.81	3068	2921	0.93	2395	0	0	22	52.93	43	37.91	0.00	0.41	2.52	95.42	6.16	41.63	49.98	55	0	55	97.82	600	600	32.59	22.61	2.22	0.89	19.38	1.12	16.27	14.88	0.00	0.00	0.00	5.64	2.80	0.01	0.00	0.00	0.00	4000	2.09
0	0	34	1.89	1822	2918	0.86	208	0	0	2	70.76	3	25.07	0.00	0.53	3.80	93.97	13.04	2.72	81.14	51	0	55	97.66	600	600	32.56	22.59	2.22	0.89	19.36	1.12	16.26	14.87	0.00	0.00	0.00	5.63	2.80	0.01	0.00	0.00	0.00	4000
0	1	5	0.30	1718	2918	0.26	83	0	0	0	78.74	0	34.54	0.00	0.04	1.34	98.34	13.04
4	2	53	2.46	2144	2918	0.39	315	0	0	2	67.87	2	29.99	0.00	0.74	6.07	90.88	6.41	4.90	85.51	48	0
4	3	1	0.08	1638	2918	0.26	11	0	0	0	60.39	0	28.85	0.00	0.00	0.05	99.87	6.41
8	4	210	5.72	3678	2918	0.71	334	0	0	3	57.90	6	43.74	0.00	0.88	5.78	87.78	5.79	5.11	82.69	53	0
8	5	1	0.04	1861	2918	0.52	2	0	0	0	65.50	0	40.23	0.00	0.00	0.00	99.97	5.79
12	6	341	8.83	3861	2918	1.12	526	0	0	10	39.06	18	32.66	0.00	1.59	7.50	82.26	11.40	5.90	72.64	50	0
12	7	44	1.28	3445	2918	1.10	87	0	0	1	52.30	3	35.86	0.00	0.82	0.47	97.45	11.40
16	8	86	2.74	3159	2918	0.99	240	0	0	2	64.38	5	58.15	0.00	1.17	2.84	93.36	8.71	2.77	85.17	53	0
16	9	3	0.25	1019	2918	0.34	41	0	0	0	58.73	0	30.26	0.00	0.05	0.60	99.11	8.71
20	10	54	2.10	2547	2918	1.18	136	0	0	2	68.14	3	37.05	0.00	0.49	1.49	96.04	3.12	1.28	92.50	51	0
20	11	0	0.01	1268	2918	0.50	2	0	0	0	80.68	0	50.80	0.00	0.00	0.00	99.99	3.12
24	12	16	0.97	1657	2918	0.64	136	0	0	0	65.79	1	43.46	0.00	0.07	3.60	95.40	1.48	97.07	0.00	55	0
25	13	13	0.82	1574	2918	0.75	135	0	0	0	59.32	1	42.32	0.00	0.05	3.86	95.32	0.05	98.69	0.00	55	0
26	14	16	0.92	1708	2918	0.80	103	0	0	0	59.86	1	50.04	0.00	0.07	2.20	96.85	0.07	98.50	0.00	55	0
27	15	8	0.45	1842	2918	0.84	36	0	0	0	58.97	0	40.05	0.00	0.05	0.59	98.92	0.05	99.67	0.00	55	0
Core	CPU	Avg_MHz	Busy%	Bzy_MHz	TSC_MHz	IPC	IRQ	NMI	SMI	LLCMRPS	LLC%hit	L2MRPS	L2%hit	POLL%	C1ACPI%	C2ACPI%	C3ACPI%	CPU%c1	CPU%c6	CPU%c7	CoreTmp	CoreThr	PkgTmp	GFX%rc6	GFXMHz	GFXAMHz	Totl%C0	Any%C0	GFX%C0	CPUGFX%	Pkg%pc2	Pkg%pc3	Pkg%pc6	Pkg%pc8	Pk%pc10	CPU%LPI	SYS%LPI	PkgWatt	CorWatt	GFXWatt	RAMWatt	PKG_%	RAM_%	UncMHz	SysWatt
-	-	68	2.44	2802	2919	0.97	6275	0	0	29	59.68	59	41.26	0.01	1.51	4.93	91.25	19.34	37.84	40.19	55	0	55	90.38	300	300	43.32	28.35	8.87	4.13	9.61	0.13	5.26	4.03	0.00	0.00	0.00	7.56	3.79	0.04	0.00	0.00	0.00	4000	2.85
0	0	28	1.92	1438	2919	0.75	262	0	0	1	82.66	2	30.20	0.00	0.84	6.04	91.49	28.81	3.14	63.90	51	0	55	90.37	300	300	43.32	28.35	8.87	4.13	9.61	0.13	5.26	4.03	0.00	0.00	0.00	7.56	3.79	0.04	0.00	0.00	0.00	4000
0	1	23	1.30	1768	2919	0.85	350	0	0	1	80.88	1	34.82	0.01	1.57	0.78	96.44	28.81
4	2	68	2.90	2336	2919	0.84	821	0	0	2	77.54	5	48.03	0.00	2.32	6.60	88.39	16.44	4.02	75.05	48	0
4	3	8	0.57	1469	2919	0.97	44	0	0	0	82.94	1	36.91	0.00	0.07	1.09	98.33	16.44
8	4	254	7.81	3248	2919	1.15	799	0	0	7	59.38	15	41.87	0.00	4.49	15.10	72.92	31.32	6.52	53.72	50	0
8	5	3	0.11	2727	2919	0.63	22	0	0	0	74.19	0	51.59	0.02	0.19	0.00	99.73	31.31
12	6	309	8.56	3606	2919	1.05	709	0	0	9	43.37	16	30.58	0.02	2.12	12.37	77.21	23.48	9.00	57.72	50	0
12	7	40	1.30	3067	2919	1.13	148	0	0	1	61.27	2	38.51	0.02	2.16	0.85	95.75	23.48
16	8	123	3.72	3304	2919	0.93	312	0	0	3	64.00	6	47.56	0.00	1.07	4.30	91.05	12.69	2.90	80.04	54	0
16	9	3	0.25	1178	2919	0.43	50	0	0	0	75.53	0	30.70	0.00	0.14	0.67	98.97	12.69
20	10	97	3.41	2845	2919	1.00	394	0	0	2	67.46	5	53.34	0.00	3.25	7.80	85.75	22.22	2.40	71.48	53	0
20	11	5	0.22	2261	2919	0.97	38	0	0	0	84.61	0	61.64	0.00	0.33	0.70	98.78	22.22
24	12	42	2.04	2077	2919	0.44	1452	0	0	1	70.28	1	47.34	0.00	3.95	4.44	89.72	16.21	81.06	0.00	55	0
25	13	36	1.77	2047	2919	0.47	365	0	0	1	60.46	2	57.02	0.00	0.64	6.30	91.40	12.82	85.00	0.00	55	0
26	14	32	1.69	1911	2919	0.69	299	0	0	1	68.49	2	54.29	0.01	0.76	6.00	91.64	7.20	90.31	0.00	55	0
27	15	23	1.49	1581	2919	0.72	210	0	0	0	74.90	1	52.59	0.00	0.29	5.87	92.45	3.27	94.02	0.00	55	0
Core	CPU	Avg_MHz	Busy%	Bzy_MHz	TSC_MHz	IPC	IRQ	NMI	SMI	LLCMRPS	LLC%hit	L2MRPS	L2%hit	POLL%	C1ACPI%	C2ACPI%	C3ACPI%	CPU%c1	CPU%c6	CPU%c7	CoreTmp	CoreThr	PkgTmp	GFX%rc6	GFXMHz	GFXAMHz	Totl%C0	Any%C0	GFX%C0	CPUGFX%	Pkg%pc2	Pkg%pc3	Pkg%pc6	Pkg%pc8	Pk%pc10	CPU%LPI	SYS%LPI	PkgWatt	CorWatt	GFXWatt	RAMWatt	PKG_%	RAM_%	UncMHz	SysWatt
-	-	76	2.52	3006	2921	0.98	4846	0	0	31	57.62	62	40.28	0.00	0.87	4.44	92.37	16.93	41.36	40.01	56	0	56	92.19	300	300	44.43	29.94	6.76	3.04	7.69	0.14	6.28	1.84	0.00	0.00	0.00	7.89	4.18	0.03	0.00	0.00	0.00	4100	2.94
0	0	33	2.02	1640	2921	0.59	254	0	0	1	80.74	2	42.97	0.00	0.48	6.93	91.01	34.90	6.78	52.62	56	0	56	92.25	300	300	44.45	29.95	6.77	3.04	7.70	0.14	6.28	1.84	0.00	0.00	0.00	7.89	4.18	0.03	0.00	0.00	0.00	4100
0	1	50	2.63	1881	2921	0.74	632	0	0	2	80.91	3	32.89	0.02	1.54	8.49	87.58	34.89
4	2	60	2.47	2426	2921	0.54	295	0	0	2	70.82	3	31.61	0.00	1.65	2.36	93.77	9.71	2.65	83.08	49	0
4	3	6	0.75	819	2921	0.30	49	0	0	0	89.58	1	24.51	0.00	0.03	1.16	98.23	9.71
8	4	525	13.53	3877	2921	1.27	1323	0	0	14	43.99	30	40.97	0.01	3.94	13.20	69.68	34.75	6.29	44.71	51	0
8	5	9	0.35	2638	2921	1.37	85	0	0	0	56.90	0	37.47	0.00	0.22	1.41	98.13	34.75
12	6	272	7.17	3787	2921	0.59	592	0	0	4	55.53	7	41.40	0.00	1.64	7.71	83.75	18.63	4.30	68.39	49	0
12	7	32	1.14	2804	2921	1.13	128	0	0	1	72.04	2	35.88	0.02	0.85	0.83	97.31	18.63
16	8	87	3.34	2607	2921	1.07	471	0	0	3	68.71	5	43.25	0.01	2.05	9.36	85.58	26.38	6.05	63.25	54	0
16	9	9	0.48	1845	2921	0.93	84	0	0	0	76.89	1	32.96	0.01	0.25	0.80	98.58	26.38
20	10	58	2.24	2571	2921	1.08	246	0	0	2	72.66	4	39.00	0.00	0.56	3.97	93.44	6.63	2.45	88.03	51	0
20	11	0	0.04	814	2921	0.39	24	0	0	0	88.13	0	34.69	0.00	0.01	0.05	100.00	6.63
24	12	19	1.10	1749	2921	0.86	200	0	0	0	69.96	1	52.13	0.00	0.20	4.96	93.89	2.90	95.42	0.00	55	0
25	13	13	0.89	1500	2921	0.56	174	0	0	0	69.38	1	39.39	0.00	0.18	4.48	94.60	2.54	96.24	0.00	55	0
26	14	16	0.90	1816	2921	0.69	123	0	0	0	57.94	1	45.76	0.00	0.29	1.54	97.39	2.34	96.58	0.00	55	0
27	15	23	1.26	1802	2921	0.85	166	0	0	0	69.23	1	48.79	0.00	0.09	3.74	95.05	1.17	96.82	0.00	55	0
Core	CPU	Avg_MHz	Busy%	Bzy_MHz	TSC_MHz	IPC	IRQ	NMI	SMI	LLCMRPS	LLC%hit	L2MRPS	L2%hit	POLL%	C1ACPI%	C2ACPI%	C3ACPI%	CPU%c1	CPU%c6	CPU%c7	CoreTmp	CoreThr	PkgTmp	GFX%rc6	GFXMHz	GFXAMHz	Totl%C0	Any%C0	GFX%C0	CPUGFX%	Pkg%pc2	Pkg%pc3	Pkg%pc6	Pkg%pc8	Pk%pc10	CPU%LPI	SYS%LPI	PkgWatt	CorWatt	GFXWatt	RAMWatt	PKG_%	RAM_%	UncMHz	SysWatt
-	-	98	3.22	3050	2921	1.41	6231	0	0	39	55.29	90	47.18	0.00	1.30	5.30	90.40	22.05	40.16	35.71	56	0	56	91.96	300	300	55.23	33.70	7.22	3.52	4.55	0.07	3.91	0.89	0.00	0.00	0.00	9.29	5.34	0.03	0.00	0.00	0.00	3600	3.36
0	0	50	2.72	1830	2921	1.52	297	0	0	2	76.01	3	33.45	0.02	0.77	5.41	91.49	26.23	4.42	63.40	53	0	56	91.92	300	300	55.21	33.69	7.22	3.52	4.55	0.07	3.91	0.89	0.00	0.00	0.00	9.29	5.34	0.03	0.00	0.00	0.00	3600
0	1	28	1.70	1624	2921	0.79	482	0	0	1	79.79	2	32.00	0.01	0.88	3.87	93.75	26.24
4	2	119	4.96	2394	2921	0.80	998	0	0	3	66.02	5	41.97	0.01	4.96	9.86	80.70	44.54	2.86	46.32	51	0
4	3	5	0.61	801	2921	0.61	60	0	0	0	87.05	0	34.63	0.00	0.02	1.79	97.73	44.54
8	4	733	18.18	4027	2921	1.68	1413	0	0	16	45.61	44	52.12	0.01	3.07	10.05	68.98	30.07	4.52	46.72	52	0
8	5	4	0.17	2340	2921	1.63	49	0	0	0	70.81	0	37.41	0.00	0.06	0.00	99.86	30.07
12	6	200	6.51	3067	2921	1.18	840	0	0	6	51.28	11	38.72	0.00	3.77	17.94	72.24	38.22	8.73	44.42	52	0
12	7	60	2.00	2996	2921	1.48	194	0	0	2	62.74	3	40.77	0.00	1.95	1.15	95.02	38.23
16	8	85	3.05	2781	2921	1.23	489	0	0	2	60.02	5	47.42	0.00	2.09	7.66	87.50	24.34	4.13	66.44	56	0
16	9	55	2.11	2617	2921	1.39	263	0	0	2	64.27	3	41.39	0.01	2.16	3.01	92.85	24.34
20	10	70	2.60	2690	2921	1.00	270	0	0	3	72.36	5	40.82	0.00	0.52	2.95	94.13	4.35	2.45	89.78	51	0
20	11	8	0.23	3669	2921	2.10	25	0	0	0	40.63	1	37.40	0.00	0.00	0.04	99.82	4.35
24	12	34	1.64	2072	2921	1.04	260	0	0	1	63.76	2	48.05	0.00	0.20	7.34	90.97	5.78	91.83	0.00	56	0
25	13	43	1.61	2655	2921	1.19	151	0	0	1	52.02	2	69.10	0.00	0.12	2.41	95.97	1.70	96.58	0.00	56	0
26	14	41	1.71	2422	2921	1.18	246	0	0	1	48.14	2	49.01	0.00	0.12	6.78	91.52	6.30	91.84	0.00	56	0
27	15	38	1.69	2214	2921	1.35	194	0	0	1	59.15	2	56.09	0.00	0.10	4.50	93.83	3.51	94.26	0.00	56	0
Core	CPU	Avg_MHz	Busy%	Bzy_MHz	TSC_MHz	IPC	IRQ	NMI	SMI	LLCMRPS	LLC%hit	L2MRPS	L2%hit	POLL%	C1ACPI%	C2ACPI%	C3ACPI%	CPU%c1	CPU%c6	CPU%c7	CoreTmp	CoreThr	PkgTmp	GFX%rc6	GFXMHz	GFXAMHz	Totl%C0	Any%C0	GFX%C0	CPUGFX%	Pkg%pc2	Pkg%pc3	Pkg%pc6	Pkg%pc8	Pk%pc10	CPU%LPI	SYS%LPI	PkgWatt	CorWatt	GFXWatt	RAMWatt	PKG_%	RAM_%	UncMHz	SysWatt
-	-	67	2.26	2941	2921	0.98	4077	0	0	28	57.44	55	37.89	0.00	0.71	4.30	92.92	14.69	42.18	41.67	53	0	54	92.07	300	300	40.80	28.86	7.04	2.98	8.26	0.11	5.24	1.30	0.00	0.00	0.00	7.64	3.88	0.03	0.00	0.00	0.00	4000	2.89
0	0	24	1.83	1328	2921	0.74	186	0	0	1	89.23	2	23.19	0.00	0.40	4.70	93.39	8.65	4.32	82.35	51	0	54	92.07	300	300	40.80	28.86	7.04	2.98	8.26	0.11	5.24	1.30	0.00	0.00	0.00	7.64	3.88	0.03	0.00	0.00	0.00	4000
0	1	8	1.03	814	2921	0.33	336	0	0	1	85.51	1	22.20	0.00	0.11	1.34	97.71	8.65
4	2	103	3.80	2696	2921	1.02	423	0	0	3	58.69	6	32.69	0.01	2.64	4.38	89.50	22.92	3.30	68.13	49	0
4	3	4	0.61	607	2921	0.41	40	0	0	0	94.22	0	26.90	0.00	0.00	1.51	98.03	22.92
8	4	286	8.08	3535	2921	1.16	823	0	0	7	47.47	15	41.02	0.00	2.28	14.65	75.41	37.56	9.17	44.10	50	0
8	5	14	0.76	1784	2921	0.38	179	0	0	0	78.90	1	34.08	0.00	0.08	5.54	93.78	37.56
12	6	421	10.65	3946	2921	0.91	897	0	0	8	45.37	17	40.80	0.02	2.90	12.58	74.23	30.94	6.94	50.22	52	0
12	7	35	1.13	3072	2921	1.12	106	0	0	1	65.98	2	37.41	0.01	1.02	0.34	97.63	30.94
16	8	51	1.91	2657	2921	1.00	230	0	0	2	62.62	3	32.84	0.00	0.76	3.03	94.52	10.41	3.33	82.41	53	0
16	9	19	0.99	1943	2921	1.04	121	0	0	1	82.74	1	29.39	0.00	0.23	1.86	97.06	10.41
20	10	41	1.85	2192	2921	0.99	187	0	0	2	74.20	3	32.17	0.00	0.44	3.35	94.56	5.60	2.55	89.44	51	0
20	11	1	0.05	1827	2921	0.40	18	0	0	0	85.76	0	28.71	0.00	0.00	0.06	99.98	5.60
24	12	13	0.77	1735	2921	0.95	127	0	0	0	68.26	1	45.86	0.00	0.07	3.61	95.69	0.08	98.97	0.00	53	0
25	13	17	0.94	1761	2921	0.79	103	0	0	0	71.00	1	49.36	0.00	0.07	2.64	96.48	1.42	97.18	0.00	53	0
26	14	22	1.45	1522	2921	0.61	240	0	0	1	65.59	1	46.80	0.00	0.26	7.52	90.95	0.26	97.11	0.00	53	0
27	15	9	0.38	2390	2921	0.76	61	0	0	0	53.08	0	39.90	0.00	0.04	1.74	97.95	1.08	98.90	0.00	53	0
Core	CPU	Avg_MHz	Busy%	Bzy_MHz	TSC_MHz	IPC	IRQ	NMI	SMI	LLCMRPS	LLC%hit	L2MRPS	L2%hit	POLL%	C1ACPI%	C2ACPI%	C3ACPI%	CPU%c1	CPU%c6	CPU%c7	CoreTmp	CoreThr	PkgTmp	GFX%rc6	GFXMHz	GFXAMHz	Totl%C0	Any%C0	GFX%C0	CPUGFX%	Pkg%pc2	Pkg%pc3	Pkg%pc6	Pkg%pc8	Pk%pc10	CPU%LPI	SYS%LPI	PkgWatt	CorWatt	GFXWatt	RAMWatt	PKG_%	RAM_%	UncMHz	SysWatt
-	-	85	2.85	2985	2919	1.17	3010	0	0	38	56.30	84	45.42	0.00	0.91	5.02	91.36	16.99	41.36	39.66	59	0	59	92.17	300	300	49.04	30.63	6.84	3.08	7.34	0.14	6.50	3.57	0.00	0.00	0.00	8.05	4.36	0.03	0.00	0.00	0.00	3000	2.97
0	0	55	2.92	1871	2921	1.19	228	0	0	2	81.76	5	56.45	0.00	1.38	8.28	87.81	22.28	4.87	67.45	51	0	59	92.26	300	300	49.05	30.63	6.84	3.08	7.34	0.14	6.50	3.57	0.00	0.00	0.00	8.06	4.36	0.03	0.00	0.00	0.00	3000
0	1	9	0.95	918	2921	0.33	200	0	0	1	83.51	1	25.37	0.01	0.05	0.99	98.18	22.28
4	2	52	2.49	2104	2921	0.44	257	0	0	2	79.98	2	28.94	0.03	1.22	6.57	90.02	20.37	3.48	72.14	49	0
4	3	3	0.51	581	2921	0.45	6	0	0	0	94.10	0	30.54	0.00	0.00	0.43	99.20	20.37
8	4	251	7.67	3267	2921	1.51	524	0	0	7	50.38	18	48.59	0.00	3.59	15.72	73.52	52.82	6.33	31.55	59	0
8	5	25	1.48	1669	2921	0.26	233	0	0	1	79.87	1	35.70	0.01	0.78	12.28	85.67	52.82
12	6	577	14.21	4059	2921	1.31	598	0	0	16	43.22	34	42.18	0.00	3.31	8.73	74.05	21.36	5.54	57.91	51	0
12	7	49	1.50	3279	2921	0.99	100	0	0	1	62.09	3	39.22	0.00	1.80	0.95	95.86	21.36
16	8	51	2.20	2336	2921	0.94	165	0	0	2	74.04	3	31.73	0.01	1.45	4.32	92.28	14.94	2.66	79.01	52	0
16	9	5	0.28	1921	2921	0.66	27	0	0	0	78.45	0	30.69	0.00	0.04	0.15	99.63	14.94
20	10	97	3.52	2740	2921	0.86	187	0	0	3	68.61	6	40.93	0.00	0.33	4.71	91.66	1.97	4.77	88.53	55	0
20	11	13	0.34	3915	2921	1.32	12	0	0	0	51.30	1	48.98	0.00	0.00	0.21	99.54	1.97
24	12	21	1.09	1920	2921	0.75	123	0	0	0	70.43	1	50.65	0.00	0.18	4.31	94.55	1.83	96.52	0.00	58	0
25	13	26	1.00	2576	2921	1.03	52	0	0	1	62.16	1	55.26	0.00	0.14	1.48	97.48	0.14	98.93	0.00	58	0
26	14	55	2.60	2116	2921	0.83	182	0	0	1	59.88	3	61.81	0.01	0.22	7.50	89.85	2.36	93.81	0.00	58	0
27	15	71	2.78	2553	2921	1.02	116	0	0	1	74.53	4	67.30	0.00	0.04	3.81	93.50	0.11	96.62	0.00	57	0
