Core	CPU	Avg_MHz	Busy%	Bzy_MHz	TSC_MHz	IPC	IRQ	NMI	SMI	LLCMRPS	LLC%hit	L2MRPS	L2%hit	POLL%	C1ACPI%	C2ACPI%	C3ACPI%	CPU%c1	CPU%c6	CPU%c7	CoreTmp	CoreThr	PkgTmp	GFX%rc6	GFXMHz	GFXAMHz	Totl%C0	Any%C0	GFX%C0	CPUGFX%	Pkg%pc2	Pkg%pc3	Pkg%pc6	Pkg%pc8	Pk%pc10	CPU%LPI	SYS%LPI	PkgWatt	CorWatt	GFXWatt	RAMWatt	PKG_%	RAM_%	UncMHz	SysWatt
-	-	691	22.36	3088	2918	1.11	273465	0	0	184	39.47	381	38.52	0.03	8.73	8.57	60.65	44.08	10.35	14.71	69	0	69	95.80	300	300	324.62	97.43	3.61	3.56	0.00	0.00	0.00	0.00	0.00	0.00	0.00	21.89	15.50	0.02	0.00	0.00	0.00	3200	1.50
0	0	467	14.04	3324	2918	1.09	15639	0	0	5	72.18	17	64.29	0.08	13.19	15.52	57.75	58.64	0.07	0.22	61	0	69	95.83	300	300	324.71	97.46	3.61	3.57	0.00	0.00	0.00	0.00	0.00	0.00	0.00	21.90	15.50	0.02	0.00	0.00	0.00	3200
0	1	1214	34.25	3544	2918	1.57	11454	0	0	29	37.70	60	29.56	0.03	8.39	5.69	51.88	58.64
4	2	553	16.03	3447	2918	1.35	15269	0	0	9	46.08	23	51.82	0.05	9.81	8.22	66.39	49.42	1.26	28.89	57	0
4	3	374	10.97	3406	2918	0.62	10982	0	0	6	33.51	12	24.09	0.03	5.39	3.07	80.87	49.42
8	4	586	17.16	3416	2918	1.32	13401	0	0	10	34.70	21	40.28	0.05	8.25	9.71	65.21	14.43	3.44	45.18	69	0
8	5	947	26.45	3582	2918	1.62	10326	0	0	13	36.82	27	40.57	0.01	1.65	1.38	70.52	14.43
12	6	662	18.69	3542	2918	1.31	25382	0	0	11	40.25	27	45.65	0.03	20.29	11.05	50.75	55.03	1.48	7.21	67	0
12	7	891	24.51	3635	2918	0.98	16007	0	0	17	37.17	37	34.02	0.00	4.63	4.08	67.01	55.03
16	8	625	18.41	3393	2918	1.13	15986	0	0	10	41.01	28	49.87	0.07	11.23	9.59	61.34	50.09	2.42	28.40	66	0
16	9	216	5.98	3605	2918	0.55	9198	0	0	1	47.56	2	40.35	0.01	2.26	0.94	91.03	50.09
20	10	341	10.02	3399	2918	0.90	17561	0	0	3	53.43	7	53.91	0.07	10.39	5.52	74.57	49.42	0.24	37.18	59	0
20	11	299	8.56	3496	2918	0.74	13120	0	0	4	43.86	8	35.77	0.02	6.42	1.89	83.47	49.42
24	12	674	27.39	2460	2918	0.58	28309	0	0	10	38.11	18	39.66	0.04	22.08	20.41	30.49	52.73	19.59	0.00	63	0
25	13	1676	64.61	2595	2918	1.29	22459	0	0	37	41.20	60	31.20	0.00	3.07	6.59	25.75	20.00	14.72	0.00	63	0
26	14	505	20.93	2414	2918	0.56	22447	0	0	3	52.02	7	50.95	0.02	8.82	19.80	50.66	49.29	29.58	0.00	62	0
27	15	1023	39.85	2568	2918	0.61	25925	0	0	16	27.37	28	30.80	0.00	3.75	13.73	42.66	29.16	30.75	0.00	62	0
Core	CPU	Avg_MHz	Busy%	Bzy_MHz	TSC_MHz	IPC	IRQ	NMI	SMI	LLCMRPS	LLC%hit	L2MRPS	L2%hit	POLL%	C1ACPI%	C2ACPI%	C3ACPI%	CPU%c1	CPU%c6	CPU%c7	CoreTmp	CoreThr	PkgTmp	GFX%rc6	GFXMHz	GFXAMHz	Totl%C0	Any%C0	GFX%C0	CPUGFX%	Pkg%pc2	Pkg%pc3	Pkg%pc6	Pkg%pc8	Pk%pc10	CPU%LPI	SYS%LPI	PkgWatt	CorWatt	GFXWatt	RAMWatt	PKG_%	RAM_%	UncMHz	SysWatt
-	-	1184	41.78	2836	2916	1.17	1471374	1	0	102	43.75	427	69.15	0.23	14.31	9.87	34.80	42.73	0.13	1.04	67	0	66	95.07	300	300	653.35	100.65	4.16	4.16	0.00	0.00	0.00	0.00	0.00	0.00	0.00	28.91	22.92	0.03	0.00	0.00	0.00	3200	2.52
0	0	158	6.54	2417	2918	0.99	27396	0	0	2	51.77	7	63.59	0.22	26.79	25.57	41.66	88.90	0.00	0.00	60	0	66	95.14	300	300	653.28	100.63	4.16	4.16	0.00	0.00	0.00	0.00	0.00	0.00	0.00	28.93	22.93	0.03	0.00	0.00	0.00	3200
0	1	188	6.40	2942	2918	0.67	83512	0	0	2	52.52	4	53.20	0.70	26.19	26.20	42.62	88.90
4	2	190	6.03	3150	2918	0.60	42048	0	0	2	47.49	6	53.65	0.56	25.01	31.69	37.99	87.52	0.01	0.01	55	0
4	3	265	8.13	3259	2918	0.70	127082	0	0	3	47.06	7	42.16	0.18	27.92	5.01	61.36	87.52
8	4	1928	50.99	3781	2918	2.17	149290	0	0	21	43.71	83	67.49	0.97	22.58	3.25	25.12	0.50	0.10	0.02	67	0
8	5	2215	58.73	3772	2918	2.26	55429	1	0	28	43.25	88	59.26	0.01	4.24	2.53	35.03	0.50
12	6	1347	35.74	3771	2918	2.33	96213	0	0	9	45.63	64	82.47	0.06	16.26	6.10	43.45	1.38	0.10	3.80	59	0
12	7	2455	64.84	3786	2918	2.91	39530	0	0	10	54.26	113	88.00	0.02	1.54	3.23	30.44	1.38
16	8	460	13.71	3354	2918	1.56	137668	0	0	10	34.04	22	39.32	0.45	31.61	20.61	35.98	83.79	0.00	0.35	60	0
16	9	101	3.36	3011	2918	0.61	30405	0	0	1	62.66	2	53.70	0.14	12.10	9.44	75.83	83.79
20	10	368	11.58	3176	2918	1.67	80824	0	0	10	33.93	21	35.84	0.22	25.98	21.24	42.56	79.75	1.11	6.26	57	0
20	11	98	3.25	3019	2918	0.79	30790	0	0	1	57.59	2	53.61	0.07	8.99	3.19	85.40	79.75
24	12	2296	99.77	2301	2918	0.08	131177	0	0	1	48.89	2	45.86	0.00	0.00	0.00	0.00	0.00	0.00	0.00	64	0
25	13	2296	99.77	2301	2918	0.08	184438	0	0	1	51.01	2	42.16	0.00	0.00	0.00	0.00	0.00	0.00	0.00	64	0
26	14	2296	99.77	2301	2918	0.08	125738	0	0	1	43.24	2	42.09	0.00	0.00	0.00	0.00	0.00	0.00	0.00	64	0
27	15	2296	99.77	2301	2918	0.08	129834	0	0	1	42.83	2	45.25	0.00	0.00	0.00	0.00	0.00	0.00	0.00	64	0
Core	CPU	Avg_MHz	Busy%	Bzy_MHz	TSC_MHz	IPC	IRQ	NMI	SMI	LLCMRPS	LLC%hit	L2MRPS	L2%hit	POLL%	C1ACPI%	C2ACPI%	C3ACPI%	CPU%c1	CPU%c6	CPU%c7	CoreTmp	CoreThr	PkgTmp	GFX%rc6	GFXMHz	GFXAMHz	Totl%C0	Any%C0	GFX%C0	CPUGFX%	Pkg%pc2	Pkg%pc3	Pkg%pc6	Pkg%pc8	Pk%pc10	CPU%LPI	SYS%LPI	PkgWatt	CorWatt	GFXWatt	RAMWatt	PKG_%	RAM_%	UncMHz	SysWatt
-	-	1962	64.82	3028	2918	1.29	36437	2	0	495	15.82	997	45.43	0.09	4.46	7.22	23.42	9.38	0.32	1.38	80	0	80	94.77	300	300	913.57	100.58	4.41	4.41	0.00	0.00	0.00	0.00	0.00	0.00	0.00	44.39	37.24	0.03	0.00	0.00	0.00	3100	6.21
0	0	2062	58.65	3516	2918	1.85	2972	0	0	47	14.18	90	43.33	0.17	8.38	14.00	19.00	14.72	0.58	0.19	80	0	80	94.85	300	300	914.10	100.64	4.41	4.41	0.00	0.00	0.00	0.00	0.00	0.00	0.00	44.43	37.27	0.03	0.00	0.00	0.00	3100
0	1	1670	47.31	3531	2918	1.62	2439	0	0	35	18.07	71	44.69	0.10	5.77	20.34	26.58	14.71
4	2	1689	48.69	3468	2918	2.13	2111	0	0	36	17.84	75	46.32	0.15	6.75	14.01	30.57	22.90	0.70	0.76	70	0
4	3	1265	36.07	3506	2918	1.67	1767	0	0	34	12.96	62	39.53	0.12	6.49	12.45	45.02	22.90
8	4	1587	43.83	3622	2918	1.27	1592	0	0	28	19.08	63	49.75	0.09	5.00	7.57	43.58	5.46	0.23	0.37	79	0
8	5	3132	87.98	3560	2918	1.82	2235	0	0	68	13.67	135	45.58	0.17	3.16	2.19	6.58	5.45
12	6	2405	68.25	3524	2918	1.79	2054	0	0	54	13.86	108	45.28	0.16	5.50	6.53	19.68	8.37	0.40	4.85	72	0
12	7	1631	45.97	3548	2918	1.60	1591	0	0	31	18.08	67	47.17	0.06	6.01	5.93	42.05	8.37
16	8	1940	55.09	3521	2918	1.72	1826	0	0	39	18.27	84	49.17	0.12	5.20	9.07	30.60	9.22	0.66	3.64	80	0
16	9	1916	54.20	3535	2918	1.83	1489	0	0	43	15.47	90	47.53	0.11	5.11	5.47	35.20	9.22
20	10	1900	54.67	3476	2918	2.25	1855	1	0	38	19.96	86	49.55	0.08	7.53	8.37	29.40	14.38	0.68	3.98	66	0
20	11	1329	37.26	3567	2918	1.48	1402	0	0	38	12.06	61	33.89	0.09	6.52	9.69	46.54	14.38
24	12	2219	99.77	2224	2918	0.08	5872	0	0	1	27.91	1	46.82	0.00	0.00	0.00	0.00	0.00	0.00	0.00	72	0
25	13	2219	99.77	2224	2918	0.07	2965	1	0	1	26.63	1	48.64	0.00	0.00	0.00	0.00	0.00	0.00	0.00	73	0
26	14	2219	99.77	2224	2918	0.08	2229	0	0	1	19.91	1	36.80	0.00	0.00	0.00	0.00	0.00	0.00	0.00	72	0
27	15	2219	99.77	2224	2918	0.07	2038	0	0	1	22.01	1	41.86	0.00	0.00	0.00	0.00	0.00	0.00	0.00	72	0
Core	CPU	Avg_MHz	Busy%	Bzy_MHz	TSC_MHz	IPC	IRQ	NMI	SMI	LLCMRPS	LLC%hit	L2MRPS	L2%hit	POLL%	C1ACPI%	C2ACPI%	C3ACPI%	CPU%c1	CPU%c6	CPU%c7	CoreTmp	CoreThr	PkgTmp	GFX%rc6	GFXMHz	GFXAMHz	Totl%C0	Any%C0	GFX%C0	CPUGFX%	Pkg%pc2	Pkg%pc3	Pkg%pc6	Pkg%pc8	Pk%pc10	CPU%LPI	SYS%LPI	PkgWatt	CorWatt	GFXWatt	RAMWatt	PKG_%	RAM_%	UncMHz	SysWatt
-	-	2034	66.04	3079	2919	0.90	29962	4	0	628	8.97	938	31.39	0.10	3.51	6.10	24.29	5.71	0.42	0.96	82	0	82	95.36	300	300	947.54	100.71	4.06	4.06	0.00	0.00	0.00	0.00	0.00	0.00	0.00	45.10	37.32	0.03	0.00	0.00	0.00	3100	6.33
0	0	1213	33.96	3573	2918	0.96	2217	0	0	24	15.17	41	39.42	0.09	4.57	26.22	35.28	2.95	0.00	0.00	81	0	82	95.27	300	300	946.83	100.63	4.06	4.06	0.00	0.00	0.00	0.00	0.00	0.00	0.00	45.06	37.29	0.03	0.00	0.00	0.00	3100
0	1	3277	91.21	3593	2918	1.25	2282	0	0	93	7.49	135	29.96	0.20	2.80	1.21	4.71	2.95
4	2	1628	45.55	3574	2918	1.15	1891	1	0	42	9.73	62	31.57	0.10	6.53	14.03	33.90	9.30	0.55	0.59	73	0
4	3	2317	64.19	3609	2918	1.22	1682	1	0	63	7.82	92	29.92	0.19	3.67	4.40	27.70	9.30
8	4	1974	55.54	3555	2918	1.25	1731	0	0	55	8.61	81	30.26	0.14	5.02	5.90	33.53	10.68	0.58	1.79	82	0
8	5	1571	44.12	3562	2918	1.22	1461	0	0	43	9.30	63	30.38	0.08	5.14	8.12	42.62	10.68
12	6	2418	68.02	3555	2918	1.31	1774	1	0	72	7.89	105	29.49	0.16	4.52	3.85	23.58	5.98	0.89	2.79	73	0
12	7	1208	34.08	3543	2918	1.14	1244	0	0	29	10.41	45	33.61	0.07	5.90	7.24	52.78	5.98
16	8	2681	74.59	3594	2918	1.18	1997	1	0	71	8.28	105	30.73	0.18	3.26	1.60	20.48	2.95	0.09	0.40	80	0
16	9	1924	53.48	3598	2918	1.04	1570	0	0	43	9.64	67	32.97	0.11	4.50	5.26	36.72	2.95
20	10	1941	55.24	3514	2918	1.27	1843	0	0	54	9.28	79	30.49	0.17	5.41	9.67	29.68	13.69	1.99	4.03	70	0
20	11	1345	38.01	3539	2918	1.14	1314	0	0	34	9.75	51	31.39	0.07	4.46	10.01	47.53	13.69
24	12	2260	99.73	2266	2918	0.13	2729	0	0	1	27.33	3	56.54	0.00	0.04	0.00	0.00	0.04	0.00	0.00	73	0
25	13	2257	99.62	2266	2918	0.14	2174	0	0	1	21.89	3	56.54	0.00	0.14	0.01	0.00	0.14	0.01	0.00	73	0
26	14	2259	99.67	2266	2918	0.13	2015	0	0	1	21.00	2	53.43	0.00	0.10	0.00	0.00	0.10	0.00	0.00	73	0
27	15	2259	99.67	2266	2918	0.14	2038	0	0	1	20.62	4	54.39	0.00	0.00	0.04	0.06	0.00	0.10	0.00	72	0
Core	CPU	Avg_MHz	Busy%	Bzy_MHz	TSC_MHz	IPC	IRQ	NMI	SMI	LLCMRPS	LLC%hit	L2MRPS	L2%hit	POLL%	C1ACPI%	C2ACPI%	C3ACPI%	CPU%c1	CPU%c6	CPU%c7	CoreTmp	CoreThr	PkgTmp	GFX%rc6	GFXMHz	GFXAMHz	Totl%C0	Any%C0	GFX%C0	CPUGFX%	Pkg%pc2	Pkg%pc3	Pkg%pc6	Pkg%pc8	Pk%pc10	CPU%LPI	SYS%LPI	PkgWatt	CorWatt	GFXWatt	RAMWatt	PKG_%	RAM_%	UncMHz	SysWatt
-	-	1973	64.93	3040	2917	0.91	29140	3	0	640	8.94	935	30.14	0.10	3.79	6.01	25.17	3.14	0.44	1.31	86	0	86	95.02	300	300	963.22	100.59	4.14	4.14	0.00	0.00	0.00	0.00	0.00	0.00	0.00	45.03	37.25	0.03	0.00	0.00	0.00	3100	6.36
0	0	2013	56.16	3585	2918	1.12	2346	1	0	52	9.36	76	30.71	0.15	5.56	11.79	26.49	2.29	0.04	0.01	84	0	86	95.11	300	300	963.65	100.64	4.14	4.14	0.00	0.00	0.00	0.00	0.00	0.00	0.00	45.07	37.29	0.03	0.00	0.00	0.00	3100
0	1	2400	66.46	3611	2918	1.21	2180	0	0	66	8.47	96	29.89	0.17	3.15	7.65	22.71	2.29
4	2	2727	76.72	3554	2918	1.34	2030	0	0	83	8.03	118	28.76	0.21	4.10	3.16	15.98	5.67	0.61	2.96	74	0
4	3	859	24.33	3530	2918	1.06	1348	0	0	21	11.86	31	32.37	0.05	5.82	15.54	54.34	5.67
8	4	844	23.75	3555	2918	0.99	1297	0	0	19	14.10	30	35.66	0.07	7.78	14.58	53.94	4.31	2.45	6.68	85	0
8	5	2787	78.03	3571	2918	1.29	1917	0	0	82	7.99	118	29.11	0.20	3.40	1.65	16.86	4.31
12	6	1347	37.89	3554	2918	1.18	1492	0	0	35	10.38	53	31.92	0.09	5.69	13.60	42.84	3.56	0.91	1.60	71	0
12	7	2432	68.93	3528	2918	1.23	1781	0	0	68	8.25	99	29.77	0.17	4.13	4.49	22.39	3.56
16	8	3117	87.65	3556	2918	1.33	2079	0	0	95	8.01	135	28.89	0.25	3.93	1.17	7.19	4.78	0.30	1.26	86	0
16	9	630	17.66	3569	2918	0.93	1072	1	0	12	17.16	22	41.59	0.05	5.85	11.96	64.55	4.78
20	10	2409	67.86	3550	2918	1.32	1771	0	0	73	8.43	104	28.77	0.19	4.71	4.26	23.13	4.54	0.13	0.64	74	0
20	11	1221	34.33	3556	2918	1.26	1540	0	0	35	9.33	50	30.29	0.07	6.61	6.46	52.61	4.54
24	12	2198	99.77	2203	2918	0.07	2201	1	0	0	20.89	1	41.95	0.00	0.00	0.00	0.00	0.00	0.00	0.00	77	0
25	13	2198	99.77	2203	2918	0.07	2021	0	0	0	10.93	1	33.41	0.00	0.00	0.00	0.00	0.00	0.00	0.00	77	0
26	14	2198	99.77	2203	2918	0.07	2019	0	0	0	13.73	1	34.33	0.00	0.00	0.00	0.00	0.00	0.00	0.00	76	0
27	15	2198	99.77	2203	2918	0.08	2046	0	0	1	16.40	1	40.76	0.00	0.00	0.00	0.00	0.00	0.00	0.00	76	0
Core	CPU	Avg_MHz	Busy%	Bzy_MHz	TSC_MHz	IPC	IRQ	NMI	SMI	LLCMRPS	LLC%hit	L2MRPS	L2%hit	POLL%	C1ACPI%	C2ACPI%	C3ACPI%	CPU%c1	CPU%c6	CPU%c7	CoreTmp	CoreThr	PkgTmp	GFX%rc6	GFXMHz	GFXAMHz	Totl%C0	Any%C0	GFX%C0	CPUGFX%	Pkg%pc2	Pkg%pc3	Pkg%pc6	Pkg%pc8	Pk%pc10	CPU%LPI	SYS%LPI	PkgWatt	CorWatt	GFXWatt	RAMWatt	PKG_%	RAM_%	UncMHz	SysWatt
-	-	1969	64.59	3048	2919	0.91	28069	2	0	641	8.89	937	30.16	0.10	3.20	6.19	25.96	2.76	1.35	2.32	83	0	83	94.97	300	300	947.97	100.66	4.28	4.28	0.00	0.00	0.00	0.00	0.00	0.00	0.00	45.01	37.27	0.03	0.00	0.00	0.00	3000	6.35
0	0	2131	59.05	3609	2918	1.19	1896	0	0	58	9.25	85	30.36	0.16	4.24	8.71	27.98	2.10	0.46	0.05	82	0	83	94.93	300	300	947.69	100.63	4.28	4.28	0.00	0.00	0.00	0.00	0.00	0.00	0.00	44.99	37.26	0.03	0.00	0.00	0.00	3000
0	1	2247	62.07	3620	2918	1.21	2025	1	0	62	8.64	90	29.99	0.14	2.63	10.73	24.55	2.10
4	2	2383	67.24	3543	2918	1.36	1853	0	0	75	8.53	106	28.52	0.16	4.17	5.87	22.73	5.79	6.24	10.34	75	0
4	3	561	16.24	3455	2918	0.99	1461	0	0	13	17.24	21	34.39	0.07	6.43	24.39	53.03	5.79
8	4	878	25.54	3439	2918	1.00	1458	0	0	20	13.68	32	33.25	0.09	6.29	17.78	50.48	6.10	6.65	12.57	82	0
8	5	2236	62.85	3557	2918	1.26	1595	0	0	64	8.38	93	29.59	0.15	3.32	5.04	28.77	6.10
12	6	1114	30.85	3611	2918	1.05	1236	0	0	26	11.38	40	33.53	0.10	5.18	8.01	55.96	2.11	0.00	0.02	76	0
12	7	3109	86.20	3607	2918	1.31	2017	1	0	92	7.60	133	29.07	0.21	3.01	1.12	9.60	2.11
16	8	1931	54.22	3562	2918	1.19	1554	0	0	52	8.96	77	30.95	0.14	3.37	4.49	37.88	3.28	0.12	0.27	83	0
16	9	2277	63.48	3586	2918	1.21	1685	0	0	62	8.42	91	31.03	0.14	3.92	4.07	28.48	3.28
20	10	1430	39.38	3632	2918	1.29	1179	0	0	41	8.23	61	30.53	0.09	5.00	3.67	51.93	2.73	0.00	0.00	75	0
20	11	2416	67.31	3589	2918	1.34	1744	0	0	74	8.03	105	28.74	0.16	3.66	5.11	23.88	2.73
24	12	2197	99.77	2202	2918	0.07	2168	0	0	0	20.38	1	41.67	0.00	0.00	0.00	0.00	0.00	0.00	0.00	77	0
25	13	2197	99.77	2202	2918	0.07	2016	0	0	0	11.46	1	34.29	0.00	0.00	0.00	0.00	0.00	0.00	0.00	76	0
26	14	2197	99.77	2202	2918	0.07	2107	0	0	0	13.72	1	34.85	0.00	0.00	0.00	0.00	0.00	0.00	0.00	77	0
27	15	2197	99.77	2202	2918	0.07	2075	0	0	0	17.19	1	40.32	0.00	0.00	0.00	0.00	0.00	0.00	0.00	76	0
Core	CPU	Avg_MHz	Busy%	Bzy_MHz	TSC_MHz	IPC	IRQ	NMI	SMI	LLCMRPS	LLC%hit	L2MRPS	L2%hit	POLL%	C1ACPI%	C2ACPI%	C3ACPI%	CPU%c1	CPU%c6	CPU%c7	CoreTmp	CoreThr	PkgTmp	GFX%rc6	GFXMHz	GFXAMHz	Totl%C0	Any%C0	GFX%C0	CPUGFX%	Pkg%pc2	Pkg%pc3	Pkg%pc6	Pkg%pc8	Pk%pc10	CPU%LPI	SYS%LPI	PkgWatt	CorWatt	GFXWatt	RAMWatt	PKG_%	RAM_%	UncMHz	SysWatt
-	-	1985	64.89	3058	2920	0.91	29111	1	0	635	9.11	939	30.54	0.10	3.66	6.25	25.15	3.46	1.15	2.16	88	18	88	95.01	300	300	945.97	100.66	4.27	4.27	0.00	0.00	0.00	0.00	0.00	0.00	0.00	45.07	37.33	0.03	0.00	0.00	0.00	3100	6.37
0	0	1293	35.91	3601	2918	1.12	1910	0	0	33	11.27	50	31.37	0.09	5.07	19.74	39.32	2.83	0.01	0.03	86	17	88	94.94	300	300	945.70	100.63	4.27	4.27	0.00	0.00	0.00	0.00	0.00	0.00	0.00	45.04	37.30	0.03	0.00	0.00	0.00	3100
0	1	2893	79.97	3617	2918	1.32	2267	0	0	87	8.12	126	29.11	0.19	4.56	3.24	12.18	2.83
4	2	1342	37.65	3563	2918	1.23	1666	0	0	37	10.67	56	30.66	0.10	7.21	13.58	41.63	5.11	4.10	6.23	72	0
4	3	2137	60.20	3551	2918	1.22	1658	0	0	59	8.67	86	29.87	0.13	3.73	5.20	30.87	5.11
8	4	1669	46.36	3601	2918	1.20	1647	0	0	45	9.39	69	32.23	0.11	5.27	10.82	37.55	4.46	0.32	0.15	88	18
8	5	2469	68.80	3589	2918	1.24	1774	0	0	69	8.03	101	30.17	0.17	4.16	3.24	23.75	4.46
12	6	1622	45.95	3529	2918	1.25	1645	0	0	46	9.45	69	30.36	0.10	5.55	11.90	36.62	6.06	2.62	4.97	79	0
12	7	1937	54.94	3526	2918	1.20	1794	0	0	52	9.27	77	30.47	0.14	4.64	7.88	32.53	6.06
16	8	2713	76.07	3567	2918	1.23	2020	0	0	76	8.53	111	30.23	0.21	4.52	3.50	15.85	4.46	0.63	0.08	86	0
16	9	1516	42.31	3582	2918	1.04	1443	0	0	35	9.84	54	32.83	0.11	4.27	7.40	46.01	4.47
20	10	2427	68.65	3535	2918	1.30	1897	0	0	72	8.59	103	29.07	0.15	4.08	5.70	21.58	4.73	3.77	10.10	80	0
20	11	788	22.41	3515	2918	1.08	997	0	0	19	12.06	29	32.55	0.05	5.49	7.80	64.33	4.73
24	12	2233	99.72	2240	2918	0.14	2180	0	0	1	18.91	3	55.89	0.00	0.05	0.00	0.00	0.05	0.00	0.00	80	0
25	13	2234	99.77	2240	2918	0.12	2083	0	0	1	10.83	2	40.07	0.00	0.00	0.00	0.00	0.00	0.00	0.00	80	0
26	14	2234	99.77	2240	2918	0.11	2057	0	0	1	12.31	1	39.78	0.00	0.00	0.00	0.00	0.00	0.00	0.00	80	0
27	15	2234	99.77	2240	2918	0.12	2073	1	0	1	15.63	2	44.86	0.00	0.00	0.00	0.00	0.00	0.00	0.00	80	0
Core	CPU	Avg_MHz	Busy%	Bzy_MHz	TSC_MHz	IPC	IRQ	NMI	SMI	LLCMRPS	LLC%hit	L2MRPS	L2%hit	POLL%	C1ACPI%	C2ACPI%	C3ACPI%	CPU%c1	CPU%c6	CPU%c7	CoreTmp	CoreThr	PkgTmp	GFX%rc6	GFXMHz	GFXAMHz	Totl%C0	Any%C0	GFX%C0	CPUGFX%	Pkg%pc2	Pkg%pc3	Pkg%pc6	Pkg%pc8	Pk%pc10	CPU%LPI	SYS%LPI	PkgWatt	CorWatt	GFXWatt	RAMWatt	PKG_%	RAM_%	UncMHz	SysWatt
-	-	1963	64.66	3038	2916	0.92	28456	2	0	640	8.85	938	30.26	0.10	3.36	6.18	25.71	3.58	0.78	2.08	90	15	91	94.87	300	300	948.48	100.56	4.18	4.18	0.00	0.00	0.00	0.00	0.00	0.00	0.00	45.00	37.26	0.03	0.00	0.00	0.00	3000	6.36
0	0	2545	70.94	3587	2918	1.30	2008	0	0	75	8.30	109	29.43	0.19	3.35	6.27	19.42	3.65	1.24	0.21	90	15	91	95.01	300	300	949.15	100.64	4.18	4.18	0.00	0.00	0.00	0.00	0.00	0.00	0.00	45.06	37.32	0.03	0.00	0.00	0.00	3000
0	1	1445	40.09	3604	2918	1.21	2093	0	0	40	10.15	58	30.35	0.13	4.39	21.51	34.05	3.65
4	2	1752	49.09	3569	2918	1.29	1554	0	0	51	8.62	75	29.50	0.16	4.22	6.16	40.54	4.69	1.59	5.05	74	0
4	3	1826	51.27	3562	2918	1.27	1538	0	0	53	8.63	76	29.39	0.12	4.96	7.09	36.68	4.69
8	4	2459	69.09	3559	2918	1.34	1963	0	0	75	8.03	108	29.41	0.15	5.23	4.76	20.89	5.67	1.06	3.11	89	7
8	5	1196	33.59	3560	2918	1.12	1393	0	0	30	10.31	46	33.61	0.07	5.29	11.67	49.47	5.67
12	6	905	25.47	3555	2918	0.96	1243	0	0	19	12.33	30	34.78	0.04	6.65	12.71	55.20	3.94	0.85	2.14	80	0
12	7	3058	85.76	3565	2918	1.29	2082	0	0	90	8.15	130	29.25	0.18	3.26	1.28	9.63	3.94
16	8	2328	65.25	3567	2918	1.22	1709	0	0	65	8.40	94	30.04	0.18	3.29	2.48	28.93	3.85	0.10	2.70	89	0
16	9	1746	48.64	3589	2918	1.16	1414	0	0	46	9.01	68	30.37	0.11	3.27	4.64	43.42	3.85
20	10	2308	65.40	3529	2918	1.29	1719	0	0	67	8.20	97	29.63	0.14	3.63	2.76	28.19	6.87	2.94	7.59	79	0
20	11	1078	30.77	3505	2918	1.09	1557	1	0	27	11.41	41	32.06	0.06	6.22	17.71	45.34	6.87
24	12	2196	99.77	2201	2918	0.08	2046	0	0	0	26.83	1	55.31	0.00	0.00	0.00	0.00	0.00	0.00	0.00	82	0
25	13	2196	99.77	2201	2918	0.08	2044	0	0	1	17.11	2	55.95	0.00	0.00	0.00	0.00	0.00	0.00	0.00	82	0
26	14	2196	99.77	2201	2918	0.08	2046	1	0	0	21.00	1	54.32	0.00	0.00	0.00	0.00	0.00	0.00	0.00	82	0
27	15	2196	99.77	2201	2918	0.08	2047	0	0	0	19.50	1	54.49	0.00	0.00	0.00	0.00	0.00	0.00	0.00	80	0
Core	CPU	Avg_MHz	Busy%	Bzy_MHz	TSC_MHz	IPC	IRQ	NMI	SMI	LLCMRPS	LLC%hit	L2MRPS	L2%hit	POLL%	C1ACPI%	C2ACPI%	C3ACPI%	CPU%c1	CPU%c6	CPU%c7	CoreTmp	CoreThr	PkgTmp	GFX%rc6	GFXMHz	GFXAMHz	Totl%C0	Any%C0	GFX%C0	CPUGFX%	Pkg%pc2	Pkg%pc3	Pkg%pc6	Pkg%pc8	Pk%pc10	CPU%LPI	SYS%LPI	PkgWatt	CorWatt	GFXWatt	RAMWatt	PKG_%	RAM_%	UncMHz	SysWatt
-	-	1966	65.00	3024	2919	0.92	30094	2	0	642	8.82	938	30.15	0.10	3.34	7.51	24.09	3.10	0.66	1.41	89	24	89	95.12	300	300	961.30	100.67	4.18	4.18	0.00	0.00	0.00	0.00	0.00	0.00	0.00	45.06	37.27	0.03	0.00	0.00	0.00	3000	6.39
0	0	2737	77.32	3540	2918	1.31	2336	0	0	82	8.45	118	29.49	0.21	4.92	9.04	8.71	6.95	1.89	0.16	89	14	89	95.07	300	300	960.97	100.63	4.17	4.17	0.00	0.00	0.00	0.00	0.00	0.00	0.00	45.04	37.25	0.03	0.00	0.00	0.00	3000
0	1	1008	28.48	3540	2918	1.04	2577	0	0	25	14.04	38	31.97	0.11	6.97	37.36	27.27	6.95
4	2	2486	69.71	3567	2918	1.35	2015	0	0	77	7.93	109	28.70	0.17	4.19	5.75	20.32	2.44	0.01	0.01	82	0
4	3	1322	37.21	3552	2918	1.25	1578	0	0	37	9.50	54	30.19	0.09	5.00	13.64	44.16	2.44
8	4	1808	50.80	3558	2918	1.20	1696	1	0	49	8.66	73	31.41	0.12	4.95	9.43	34.81	2.94	0.91	1.43	88	24
8	5	2202	61.99	3552	2918	1.24	1680	1	0	62	7.98	90	29.91	0.14	3.60	5.08	29.31	2.94
12	6	2064	58.16	3548	2918	1.28	1700	0	0	60	8.39	87	29.60	0.17	3.61	2.94	35.25	2.87	0.23	0.22	83	0
12	7	1833	52.16	3513	2918	1.22	1635	0	0	51	8.43	75	30.08	0.12	4.16	7.36	36.30	2.87
16	8	2262	64.49	3508	2918	1.24	1821	0	0	65	8.62	94	29.86	0.17	3.63	5.70	26.15	4.31	0.53	5.64	87	0
16	9	1575	44.35	3552	2918	1.13	1384	0	0	40	8.99	59	31.11	0.08	3.37	6.70	45.57	4.31
20	10	1799	51.39	3501	2918	1.22	1657	0	0	50	9.00	73	29.84	0.09	4.57	9.27	34.79	5.30	2.99	6.66	80	0
20	11	1569	44.91	3493	2918	1.21	1596	0	0	43	9.39	62	30.05	0.11	4.48	7.94	42.69	5.30
24	12	2197	99.77	2202	2918	0.08	2104	0	0	1	26.20	1	56.23	0.00	0.00	0.00	0.00	0.00	0.00	0.00	80	0
25	13	2197	99.77	2202	2918	0.08	2103	0	0	1	18.61	2	56.48	0.00	0.00	0.00	0.00	0.00	0.00	0.00	80	0
26	14	2197	99.77	2202	2918	0.08	2107	0	0	0	21.12	1	55.12	0.00	0.00	0.00	0.00	0.00	0.00	0.00	80	0
27	15	2197	99.77	2202	2918	0.08	2105	0	0	0	21.19	1	55.30	0.00	0.00	0.00	0.00	0.00	0.00	0.00	81	0
Core	CPU	Avg_MHz	Busy%	Bzy_MHz	TSC_MHz	IPC	IRQ	NMI	SMI	LLCMRPS	LLC%hit	L2MRPS	L2%hit	POLL%	C1ACPI%	C2ACPI%	C3ACPI%	CPU%c1	CPU%c6	CPU%c7	CoreTmp	CoreThr	PkgTmp	GFX%rc6	GFXMHz	GFXAMHz	Totl%C0	Any%C0	GFX%C0	CPUGFX%	Pkg%pc2	Pkg%pc3	Pkg%pc6	Pkg%pc8	Pk%pc10	CPU%LPI	SYS%LPI	PkgWatt	CorWatt	GFXWatt	RAMWatt	PKG_%	RAM_%	UncMHz	SysWatt
-	-	1977	64.90	3046	2919	0.91	33691	3	0	639	9.01	946	30.46	0.10	3.81	6.65	24.59	4.33	1.49	2.28	93	93	93	95.02	300	300	933.98	100.62	4.08	4.08	0.00	0.00	0.00	0.00	0.00	0.00	0.00	45.00	37.19	0.04	0.00	0.00	0.00	2900	6.46
0	0	1525	42.39	3597	2918	1.21	2240	0	0	41	10.67	62	31.24	0.12	5.51	17.71	34.43	3.05	0.37	0.78	93	93	93	95.02	300	300	934.14	100.63	4.08	4.08	0.00	0.00	0.00	0.00	0.00	0.00	0.00	45.00	37.19	0.04	0.00	0.00	0.00	2900
0	1	2566	71.37	3595	2918	1.31	2506	0	0	77	8.02	112	29.55	0.18	4.33	8.57	15.71	3.05
4	2	2097	59.17	3543	2918	1.29	2418	0	0	62	9.08	89	29.39	0.19	6.28	11.80	22.78	5.34	3.69	4.01	82	0
4	3	1454	40.62	3581	2918	1.26	1803	0	0	42	9.19	61	30.25	0.09	5.67	14.77	38.99	5.34
8	4	2009	56.47	3558	2918	1.27	2358	0	0	58	8.86	85	30.01	0.12	5.53	9.65	28.39	7.61	3.72	5.29	92	60
8	5	1543	43.23	3569	2918	1.19	1740	0	0	42	9.32	62	30.78	0.11	5.01	9.37	42.43	7.61
12	6	2201	61.22	3596	2918	1.21	2006	0	0	61	8.72	91	30.29	0.18	3.46	2.51	32.77	2.57	0.14	0.09	83	0
12	7	2207	61.20	3605	2918	1.20	1948	0	0	59	8.40	87	30.61	0.18	4.29	3.70	30.77	2.57
16	8	2628	73.79	3561	2918	1.28	2150	1	0	76	8.24	111	29.58	0.17	3.92	2.25	20.01	5.61	2.52	4.98	89	54
16	9	1205	33.78	3567	2918	1.03	1469	0	0	28	10.18	43	32.77	0.10	4.58	7.82	53.85	5.61
20	10	2285	64.78	3528	2918	1.26	2173	1	0	66	9.10	96	30.38	0.15	6.04	5.97	23.23	10.47	4.45	7.62	77	0
20	11	1096	31.35	3496	2918	0.95	1680	0	0	23	11.98	38	36.06	0.08	6.36	12.32	50.01	10.47
24	12	2202	99.77	2207	2918	0.09	2297	0	0	1	16.46	2	34.56	0.00	0.00	0.00	0.00	0.00	0.00	0.00	82	0
25	13	2202	99.77	2207	2918	0.09	2362	1	0	1	6.33	3	27.52	0.00	0.00	0.00	0.00	0.00	0.00	0.00	82	0
26	14	2202	99.77	2207	2918	0.09	2267	0	0	1	5.96	2	24.80	0.00	0.00	0.00	0.00	0.00	0.00	0.00	82	0
27	15	2202	99.77	2207	2918	0.09	2274	0	0	1	5.97	2	24.19	0.00	0.00	0.00	0.00	0.00	0.00	0.00	82	0
Core	CPU	Avg_MHz	Busy%	Bzy_MHz	TSC_MHz	IPC	IRQ	NMI	SMI	LLCMRPS	LLC%hit	L2MRPS	L2%hit	POLL%	C1ACPI%	C2ACPI%	C3ACPI%	CPU%c1	CPU%c6	CPU%c7	CoreTmp	CoreThr	PkgTmp	GFX%rc6	GFXMHz	GFXAMHz	Totl%C0	Any%C0	GFX%C0	CPUGFX%	Pkg%pc2	Pkg%pc3	Pkg%pc6	Pkg%pc8	Pk%pc10	CPU%LPI	SYS%LPI	PkgWatt	CorWatt	GFXWatt	RAMWatt	PKG_%	RAM_%	UncMHz	SysWatt
-	-	1978	65.20	3034	2917	0.91	37028	2	0	640	9.13	955	31.08	0.10	4.20	7.10	23.45	4.83	1.27	1.81	89	149	89	94.93	300	300	936.42	100.57	4.13	4.13	0.00	0.00	0.00	0.00	0.00	0.00	0.00	44.96	37.09	0.04	0.00	0.00	0.00	2900	6.49
0	0	1738	50.07	3471	2918	1.18	2790	0	0	47	10.53	70	31.31	0.12	6.59	22.55	20.90	7.96	5.13	4.56	89	116	89	95.02	300	300	937.07	100.64	4.13	4.13	0.00	0.00	0.00	0.00	0.00	0.00	0.00	45.00	37.13	0.04	0.00	0.00	0.00	2900
0	1	1828	51.83	3527	2918	1.23	2503	0	0	51	9.29	76	30.78	0.12	5.30	13.84	29.08	7.96
4	2	1930	54.09	3568	2918	1.31	2646	1	0	56	9.96	85	32.23	0.14	6.93	6.83	32.16	5.61	0.24	1.30	82	0
4	3	1951	54.75	3565	2918	1.29	2155	0	0	57	8.65	84	30.25	0.12	4.74	9.53	30.99	5.61
8	4	1559	43.92	3549	2918	1.31	2165	0	0	45	9.35	71	34.63	0.10	6.59	8.84	40.69	6.55	1.10	1.81	88	149
8	5	2040	56.96	3581	2918	1.34	2206	0	0	62	8.51	90	30.07	0.14	5.52	7.25	30.28	6.55
12	6	2159	60.18	3588	2918	1.27	2202	0	0	63	8.13	93	29.51	0.16	4.82	6.11	28.87	3.15	0.81	1.14	84	0
12	7	1996	55.79	3578	2918	1.14	2052	0	0	52	9.29	76	30.57	0.14	4.09	5.45	34.65	3.15
16	8	2869	80.84	3549	2918	1.22	2518	0	0	80	8.08	117	30.04	0.23	4.28	2.38	12.46	7.44	1.21	1.62	89	106
16	9	1410	39.42	3577	2918	0.98	2047	0	0	32	10.76	49	33.45	0.13	6.48	13.38	40.74	7.44
20	10	1583	45.12	3508	2918	1.22	1954	0	0	44	9.58	66	30.77	0.12	6.13	8.35	40.45	7.94	4.16	7.66	78	0
20	11	1806	51.08	3535	2918	1.23	2074	0	0	49	9.17	73	31.62	0.12	5.76	9.10	34.08	7.94
24	12	2196	99.77	2201	2918	0.07	2424	1	0	0	18.06	1	29.99	0.00	0.00	0.00	0.00	0.00	0.00	0.00	83	0
25	13	2196	99.77	2201	2918	0.07	2455	0	0	0	9.13	1	28.19	0.00	0.00	0.00	0.00	0.00	0.00	0.00	83	0
26	14	2196	99.77	2201	2918	0.07	2418	0	0	0	8.77	1	26.67	0.00	0.00	0.00	0.00	0.00	0.00	0.00	83	0
27	15	2196	99.77	2201	2918	0.07	2419	0	0	0	9.48	1	27.20	0.00	0.00	0.00	0.00	0.00	0.00	0.00	83	0
Core	CPU	Avg_MHz	Busy%	Bzy_MHz	TSC_MHz	IPC	IRQ	NMI	SMI	LLCMRPS	LLC%hit	L2MRPS	L2%hit	POLL%	C1ACPI%	C2ACPI%	C3ACPI%	CPU%c1	CPU%c6	CPU%c7	CoreTmp	CoreThr	PkgTmp	GFX%rc6	GFXMHz	GFXAMHz	Totl%C0	Any%C0	GFX%C0	CPUGFX%	Pkg%pc2	Pkg%pc3	Pkg%pc6	Pkg%pc8	Pk%pc10	CPU%LPI	SYS%LPI	PkgWatt	CorWatt	GFXWatt	RAMWatt	PKG_%	RAM_%	UncMHz	SysWatt
-	-	1970	64.85	3037	2920	0.91	36080	2	0	639	9.05	950	30.59	0.10	3.69	6.99	24.45	4.43	1.67	2.64	92	182	92	94.97	300	300	928.49	100.71	4.30	4.30	0.00	0.00	0.00	0.00	0.00	0.00	0.00	44.84	36.98	0.04	0.00	0.00	0.00	2600	6.40
0	0	1707	48.36	3529	2918	1.27	2464	1	0	50	9.76	73	30.26	0.12	6.56	16.08	29.10	8.17	3.72	4.48	92	147	92	94.85	300	300	927.77	100.63	4.29	4.29	0.00	0.00	0.00	0.00	0.00	0.00	0.00	44.78	36.93	0.04	0.00	0.00	0.00	2600
0	1	1710	48.70	3511	2918	1.26	2452	0	0	49	9.44	72	30.50	0.09	5.87	13.61	31.89	8.17
4	2	1886	53.37	3534	2918	1.18	2594	0	0	50	10.14	76	31.69	0.15	5.55	12.06	29.07	6.09	5.31	4.49	82	0
4	3	2012	56.19	3580	2918	1.17	2083	0	0	53	8.73	80	31.65	0.13	3.79	10.06	29.98	6.08
8	4	1696	48.23	3517	2918	1.33	2628	0	0	52	9.45	75	29.22	0.12	6.23	18.24	27.37	7.07	4.32	2.98	92	182
8	5	1555	43.60	3567	2918	1.42	1934	0	0	50	8.53	72	29.59	0.10	5.42	9.20	41.82	7.07
12	6	2195	61.12	3592	2918	1.16	2079	0	0	57	9.22	87	31.85	0.15	4.07	4.30	30.49	3.41	0.64	5.08	81	0
12	7	2258	62.71	3601	2918	1.12	2142	1	0	58	9.09	88	31.60	0.16	4.15	2.69	30.42	3.41
16	8	1915	53.59	3573	2918	1.26	2155	0	0	55	8.61	81	30.08	0.12	4.80	5.92	35.70	4.93	0.59	3.49	92	166
16	9	2029	57.18	3548	2918	1.23	2207	0	0	57	8.30	83	29.93	0.15	4.06	7.02	31.73	4.93
20	10	1730	48.60	3561	2918	1.19	1960	0	0	47	9.60	70	31.18	0.13	5.31	11.01	35.11	5.74	2.09	5.92	77	0
20	11	2031	57.02	3562	2918	1.25	1879	0	0	58	8.18	85	29.92	0.15	3.15	1.59	38.23	5.74
24	12	2196	99.77	2202	2918	0.08	2392	0	0	1	11.61	2	26.73	0.00	0.00	0.00	0.00	0.00	0.00	0.00	83	0
25	13	2196	99.77	2202	2918	0.08	2369	0	0	1	5.48	2	24.09	0.00	0.00	0.00	0.00	0.00	0.00	0.00	85	0
26	14	2196	99.77	2202	2918	0.08	2372	0	0	1	5.25	2	21.08	0.00	0.00	0.00	0.00	0.00	0.00	0.00	83	0
27	15	2196	99.77	2202	2918	0.08	2370	0	0	1	5.79	2	21.00	0.00	0.00	0.00	0.00	0.00	0.00	0.00	83	0
Core	CPU	Avg_MHz	Busy%	Bzy_MHz	TSC_MHz	IPC	IRQ	NMI	SMI	LLCMRPS	LLC%hit	L2MRPS	L2%hit	POLL%	C1ACPI%	C2ACPI%	C3ACPI%	CPU%c1	CPU%c6	CPU%c7	CoreTmp	CoreThr	PkgTmp	GFX%rc6	GFXMHz	GFXAMHz	Totl%C0	Any%C0	GFX%C0	CPUGFX%	Pkg%pc2	Pkg%pc3	Pkg%pc6	Pkg%pc8	Pk%pc10	CPU%LPI	SYS%LPI	PkgWatt	CorWatt	GFXWatt	RAMWatt	PKG_%	RAM_%	UncMHz	SysWatt
-	-	1298	46.97	2764	2919	0.78	25446	3	0	345	12.72	528	31.99	0.04	2.69	7.40	42.95	9.49	4.29	19.44	75	112	76	94.87	300	300	692.80	100.66	4.29	4.29	0.00	0.00	0.00	0.00	0.00	0.00	0.00	27.10	21.04	0.04	0.00	0.00	0.00	2200	3.04
0	0	1142	34.80	3282	2918	1.35	1911	0	0	36	12.79	53	30.13	0.07	3.04	23.58	38.83	29.63	10.96	12.83	71	85	76	94.83	300	300	692.59	100.63	4.28	4.28	0.00	0.00	0.00	0.00	0.00	0.00	0.00	27.09	21.03	0.04	0.00	0.00	0.00	2200
0	1	674	20.34	3316	2918	1.25	1477	0	0	20	11.61	30	31.23	0.03	3.26	13.86	62.65	29.63
4	2	542	16.37	3311	2918	0.88	1366	0	0	12	20.84	20	34.89	0.02	4.45	18.08	61.26	12.63	11.15	34.21	68	0
4	3	1257	36.41	3454	2918	1.33	1301	1	0	38	8.99	56	29.78	0.09	3.80	6.59	53.26	12.63
8	4	865	25.67	3370	2918	1.37	1350	0	0	27	11.50	40	30.05	0.05	4.01	7.92	62.50	9.18	4.84	42.49	71	112
8	5	875	25.81	3391	2918	1.34	1148	0	0	27	9.57	40	29.32	0.06	2.74	4.12	67.39	9.18
12	6	1094	31.33	3492	2918	1.40	1359	1	0	24	32.49	45	42.58	0.04	3.44	9.56	55.69	8.03	4.44	27.51	72	0
12	7	1397	40.13	3482	2918	1.35	1358	0	0	44	10.69	65	29.97	0.08	2.72	4.76	52.41	8.03
16	8	1569	45.70	3434	2918	1.28	1576	0	0	46	10.14	68	30.59	0.09	3.44	4.06	46.84	7.46	5.91	36.67	74	88
16	9	750	22.36	3353	2918	1.00	1314	0	0	17	14.48	29	37.76	0.08	4.85	9.90	62.95	7.46
20	10	1399	40.76	3433	2918	1.41	1429	0	0	42	9.20	62	30.64	0.07	3.21	7.17	48.92	9.03	5.58	40.72	70	0
20	11	424	12.82	3310	2918	1.06	957	0	0	10	15.74	17	35.17	0.02	4.00	8.75	74.51	9.03
24	12	2195	99.77	2201	2918	0.07	2222	0	0	0	18.98	1	29.48	0.00	0.00	0.00	0.00	0.00	0.00	0.00	75	0
25	13	2195	99.77	2201	2918	0.07	2235	0	0	1	11.17	1	27.44	0.00	0.00	0.00	0.00	0.00	0.00	0.00	75	0
26	14	2195	99.77	2201	2918	0.07	2220	0	0	0	11.82	1	26.70	0.00	0.00	0.00	0.00	0.00	0.00	0.00	75	0
27	15	2195	99.77	2201	2918	0.07	2223	1	0	0	12.01	1	26.29	0.00	0.00	0.00	0.00	0.00	0.00	0.00	75	0
Core	CPU	Avg_MHz	Busy%	Bzy_MHz	TSC_MHz	IPC	IRQ	NMI	SMI	LLCMRPS	LLC%hit	L2MRPS	L2%hit	POLL%	C1ACPI%	C2ACPI%	C3ACPI%	CPU%c1	CPU%c6	CPU%c7	CoreTmp	CoreThr	PkgTmp	GFX%rc6	GFXMHz	GFXAMHz	Totl%C0	Any%C0	GFX%C0	CPUGFX%	Pkg%pc2	Pkg%pc3	Pkg%pc6	Pkg%pc8	Pk%pc10	CPU%LPI	SYS%LPI	PkgWatt	CorWatt	GFXWatt	RAMWatt	PKG_%	RAM_%	UncMHz	SysWatt
-	-	607	27.31	2224	2918	0.17	12899	1	0	34	57.59	60	34.80	0.01	1.13	5.74	65.85	12.36	5.42	40.89	73	0	74	94.82	300	300	442.47	100.63	4.39	4.39	0.00	0.00	0.00	0.00	0.00	0.00	0.00	9.47	5.60	0.04	0.00	0.00	0.00	3200	0.35
0	0	63	5.97	1049	2918	1.01	1177	0	0	3	86.81	5	37.94	0.02	3.05	31.76	59.62	56.86	10.19	25.04	69	0	74	94.82	300	300	442.48	100.63	4.39	4.39	0.00	0.00	0.00	0.00	0.00	0.00	0.00	9.47	5.60	0.04	0.00	0.00	0.00	3200
0	1	37	1.71	2174	2918	0.79	416	0	0	1	75.92	2	44.61	0.01	1.70	3.47	93.20	56.86
4	2	61	2.73	2235	2918	0.86	462	0	0	2	73.98	3	33.82	0.01	1.25	10.20	85.97	6.47	10.39	79.75	66	0
4	3	26	0.96	2752	2918	0.94	131	0	0	1	80.36	1	39.63	0.01	1.30	0.68	97.10	6.47
8	4	51	2.22	2278	2918	0.86	361	0	0	2	76.00	3	33.22	0.00	2.42	5.98	89.50	14.08	10.84	69.89	67	0
8	5	68	2.94	2310	2918	1.21	482	0	0	2	74.90	4	36.09	0.02	2.09	9.70	85.41	14.08
12	6	134	4.34	3093	2918	1.18	403	0	0	5	47.42	8	31.07	0.03	1.80	5.45	88.49	10.50	8.96	67.52	68	0
12	7	283	8.95	3162	2918	1.21	552	0	0	11	41.11	18	30.09	0.00	1.40	7.12	82.62	10.50
16	8	41	1.52	2682	2918	1.11	160	0	0	1	76.18	2	37.59	0.01	1.49	1.41	95.64	5.77	2.67	86.42	73	0
16	9	114	3.45	3312	2918	0.89	201	0	0	2	61.64	6	56.58	0.00	0.37	2.30	93.92	5.77
20	10	22	1.26	1762	2918	0.63	194	0	0	1	80.37	2	29.51	0.00	0.51	4.88	93.45	5.20	11.20	80.25	68	0
20	11	37	1.83	2001	2918	0.81	299	0	0	1	79.04	2	32.18	0.00	0.73	8.87	88.69	5.20
24	12	2195	99.77	2200	2918	0.07	2016	0	0	1	19.48	1	28.87	0.00	0.00	0.00	0.00	0.00	0.00	0.00	73	0
25	13	2195	99.77	2200	2918	0.07	2014	0	0	1	12.94	1	26.66	0.00	0.00	0.00	0.00	0.00	0.00	0.00	73	0
26	14	2195	99.77	2200	2918	0.07	2016	1	0	0	13.21	1	26.16	0.00	0.00	0.00	0.00	0.00	0.00	0.00	73	0
27	15	2195	99.77	2200	2918	0.07	2015	0	0	0	12.64	1	25.00	0.00	0.00	0.00	0.00	0.00	0.00	0.00	73	0
Core	CPU	Avg_MHz	Busy%	Bzy_MHz	TSC_MHz	IPC	IRQ	NMI	SMI	LLCMRPS	LLC%hit	L2MRPS	L2%hit	POLL%	C1ACPI%	C2ACPI%	C3ACPI%	CPU%c1	CPU%c6	CPU%c7	CoreTmp	CoreThr	PkgTmp	GFX%rc6	GFXMHz	GFXAMHz	Totl%C0	Any%C0	GFX%C0	CPUGFX%	Pkg%pc2	Pkg%pc3	Pkg%pc6	Pkg%pc8	Pk%pc10	CPU%LPI	SYS%LPI	PkgWatt	CorWatt	GFXWatt	RAMWatt	PKG_%	RAM_%	UncMHz	SysWatt
-	-	612	27.55	2223	2918	0.16	12535	0	0	38	59.54	65	30.95	0.01	0.79	5.72	65.99	2.21	7.65	46.18	71	0	71	94.92	300	300	448.11	100.64	4.27	4.27	0.00	0.00	0.00	0.00	0.00	0.00	0.00	9.34	5.41	0.03	0.00	0.00	0.00	3200	0.35
0	0	79	7.69	1026	2918	0.79	697	0	0	5	94.45	7	20.24	0.01	0.86	24.22	67.78	3.81	28.17	56.14	67	0	71	94.91	300	300	448.10	100.63	4.27	4.27	0.00	0.00	0.00	0.00	0.00	0.00	0.00	9.34	5.41	0.03	0.00	0.00	0.00	3200
0	1	36	2.21	1635	2918	0.52	467	0	0	1	87.99	2	29.79	0.01	0.87	9.47	87.61	3.81
4	2	71	3.17	2253	2918	0.84	538	0	0	2	71.15	4	34.07	0.01	1.40	12.59	83.02	2.46	16.54	74.56	65	0
4	3	77	2.75	2790	2918	1.33	252	0	0	2	66.59	4	40.35	0.01	0.76	5.44	91.14	2.46
8	4	41	1.96	2115	2918	0.49	356	0	0	2	75.48	3	26.59	0.01	0.99	6.86	90.30	2.68	11.04	81.94	65	0
8	5	34	1.83	1866	2918	0.77	418	0	0	2	88.54	3	26.86	0.01	1.21	7.65	89.42	2.68
12	6	153	4.50	3393	2918	0.39	319	0	0	2	70.47	3	39.30	0.00	0.77	5.12	89.67	1.86	7.62	76.64	66	0
12	7	342	10.33	3315	2918	1.26	534	0	0	12	35.28	21	30.40	0.00	1.40	4.11	84.21	1.86
16	8	28	1.13	2515	2918	0.85	155	0	0	1	84.49	2	33.40	0.01	0.95	1.46	96.51	3.43	4.54	87.59	69	0
16	9	100	3.27	3053	2918	0.79	248	0	0	2	63.02	5	56.79	0.02	0.69	4.07	92.03	3.43
20	10	28	1.88	1470	2918	0.72	336	0	0	1	88.44	2	29.00	0.00	1.82	8.69	87.77	3.46	8.63	84.88	65	0
20	11	22	0.97	2260	2918	0.61	152	0	0	1	76.99	1	30.82	0.00	0.94	1.83	96.31	3.46
24	12	2196	99.77	2202	2918	0.08	2019	0	0	1	14.19	2	22.33	0.00	0.00	0.00	0.00	0.00	0.00	0.00	71	0
25	13	2196	99.77	2202	2918	0.08	2013	0	0	1	10.72	2	20.55	0.00	0.00	0.00	0.00	0.00	0.00	0.00	71	0
26	14	2196	99.77	2202	2918	0.08	2016	0	0	1	9.06	2	16.62	0.00	0.00	0.00	0.00	0.00	0.00	0.00	71	0
27	15	2196	99.77	2202	2918	0.08	2015	0	0	1	8.75	2	16.78	0.00	0.00	0.00	0.00	0.00	0.00	0.00	71	0
Core	CPU	Avg_MHz	Busy%	Bzy_MHz	TSC_MHz	IPC	IRQ	NMI	SMI	LLCMRPS	LLC%hit	L2MRPS	L2%hit	POLL%	C1ACPI%	C2ACPI%	C3ACPI%	CPU%c1	CPU%c6	CPU%c7	CoreTmp	CoreThr	PkgTmp	GFX%rc6	GFXMHz	GFXAMHz	Totl%C0	Any%C0	GFX%C0	CPUGFX%	Pkg%pc2	Pkg%pc3	Pkg%pc6	Pkg%pc8	Pk%pc10	CPU%LPI	SYS%LPI	PkgWatt	CorWatt	GFXWatt	RAMWatt	PKG_%	RAM_%	UncMHz	SysWatt
-	-	604	27.32	2212	2918	0.16	12361	1	0	36	61.09	60	32.27	0.01	1.03	5.53	66.14	2.90	7.73	45.95	70	0	69	94.92	300	300	444.43	100.60	4.30	4.30	0.00	0.00	0.00	0.00	0.00	0.00	0.00	9.03	5.22	0.03	0.00	0.00	0.00	3200	0.35
0	0	81	7.70	1053	2918	0.73	830	0	0	6	90.56	8	21.13	0.01	1.26	27.07	64.52	4.03	28.41	55.94	65	0	69	94.97	300	300	444.57	100.64	4.30	4.30	0.00	0.00	0.00	0.00	0.00	0.00	0.00	9.03	5.22	0.03	0.00	0.00	0.00	3200
0	1	24	1.73	1368	2918	0.34	330	0	0	1	83.12	2	29.54	0.01	0.57	5.14	92.69	4.03
4	2	46	2.33	1984	2918	0.49	401	0	0	2	78.67	3	31.91	0.00	1.81	8.13	87.88	5.70	8.15	81.34	61	0
4	3	69	2.31	2998	2918	1.36	183	0	0	2	66.23	3	42.19	0.02	1.62	1.23	94.90	5.70
8	4	62	3.00	2062	2918	1.03	524	0	0	3	75.37	4	31.60	0.01	1.14	13.83	82.22	4.05	15.08	76.22	64	0
8	5	26	1.07	2434	2918	1.02	180	0	0	1	86.05	2	30.33	0.03	1.55	2.62	94.82	4.05
12	6	39	1.46	2675	2918	1.02	228	0	0	1	71.80	2	34.56	0.02	0.85	3.55	94.20	2.22	5.44	81.20	65	0
12	7	338	10.27	3294	2918	1.32	452	0	0	12	36.24	21	30.02	0.01	1.76	2.60	85.41	2.22
16	8	27	1.04	2599	2918	0.94	144	0	0	1	82.11	2	34.45	0.02	0.98	1.43	96.60	2.71	7.35	85.89	66	0
16	9	85	3.05	2773	2918	0.94	348	0	0	2	63.41	6	53.24	0.00	0.85	6.98	89.21	2.71
20	10	54	2.68	2036	2918	0.53	477	0	0	1	86.52	2	31.74	0.02	2.48	12.06	82.96	4.46	12.88	78.92	64	0
20	11	34	1.39	2472	2918	0.85	207	0	0	1	77.95	2	35.34	0.01	1.65	3.84	93.19	4.46
24	12	2196	99.77	2201	2918	0.07	2013	0	0	1	18.47	1	28.38	0.00	0.00	0.00	0.00	0.00	0.00	0.00	69	0
25	13	2196	99.77	2201	2918	0.07	2015	1	0	1	13.67	1	27.10	0.00	0.00	0.00	0.00	0.00	0.00	0.00	69	0
26	14	2196	99.77	2201	2918	0.07	2013	0	0	0	13.77	1	26.29	0.00	0.00	0.00	0.00	0.00	0.00	0.00	70	0
27	15	2196	99.77	2201	2918	0.07	2016	0	0	0	14.45	1	25.93	0.00	0.00	0.00	0.00	0.00	0.00	0.00	69	0
Core	CPU	Avg_MHz	Busy%	Bzy_MHz	TSC_MHz	IPC	IRQ	NMI	SMI	LLCMRPS	LLC%hit	L2MRPS	L2%hit	POLL%	C1ACPI%	C2ACPI%	C3ACPI%	CPU%c1	CPU%c6	CPU%c7	CoreTmp	CoreThr	PkgTmp	GFX%rc6	GFXMHz	GFXAMHz	Totl%C0	Any%C0	GFX%C0	CPUGFX%	Pkg%pc2	Pkg%pc3	Pkg%pc6	Pkg%pc8	Pk%pc10	CPU%LPI	SYS%LPI	PkgWatt	CorWatt	GFXWatt	RAMWatt	PKG_%	RAM_%	UncMHz	SysWatt
-	-	673	29.26	2298	2919	0.32	15200	0	0	61	56.46	123	41.89	0.02	1.96	7.29	61.55	5.57	8.53	40.16	69	0	69	94.96	300	300	472.96	100.67	4.26	4.26	0.00	0.00	0.00	0.00	0.00	0.00	0.00	11.39	7.19	0.03	0.00	0.00	0.00	3200	0.49
0	0	198	10.58	1870	2918	0.95	1197	0	0	7	78.22	13	40.38	0.03	4.86	29.74	55.35	9.09	30.40	45.43	64	0	69	94.91	300	300	472.80	100.63	4.26	4.26	0.00	0.00	0.00	0.00	0.00	0.00	0.00	11.38	7.18	0.03	0.00	0.00	0.00	3200
0	1	82	3.44	2396	2918	0.95	707	0	0	2	75.86	5	45.86	0.05	2.81	11.10	82.81	9.09
4	2	119	4.54	2613	2918	1.15	701	0	0	3	71.15	6	42.33	0.01	3.05	12.31	80.27	10.70	10.83	71.01	61	0
4	3	75	2.72	2759	2918	1.31	292	0	0	2	65.52	4	42.24	0.02	1.23	2.34	93.79	10.70
8	4	158	5.17	3058	2918	1.37	421	0	0	4	59.16	11	51.37	0.00	1.95	5.98	87.01	6.85	8.25	78.07	62	0
8	5	69	2.36	2934	2918	1.22	313	0	0	2	71.20	3	40.39	0.02	2.69	4.52	90.51	6.85
12	6	193	6.39	3016	2918	0.71	759	0	0	4	70.85	7	39.85	0.01	2.95	16.91	73.92	4.42	16.40	54.34	67	0
12	7	661	19.11	3457	2918	1.72	969	0	0	21	37.41	44	40.93	0.00	3.01	7.80	70.13	4.43
16	8	79	2.87	2742	2918	1.10	369	0	0	2	71.91	4	41.16	0.03	2.30	6.07	88.86	5.90	9.51	77.44	66	0
16	9	148	4.99	2962	2918	1.86	560	0	0	5	58.80	10	35.96	0.00	2.52	6.19	86.40	5.90
20	10	67	2.69	2503	2918	1.04	467	0	0	2	79.89	4	38.03	0.06	2.63	7.16	87.64	7.55	9.90	75.31	64	0
20	11	131	4.37	3002	2918	2.11	358	0	0	3	65.00	9	52.39	0.01	1.41	6.50	87.81	7.55
24	12	2195	99.77	2200	2918	0.07	2015	0	0	1	18.80	1	29.39	0.00	0.00	0.00	0.00	0.00	0.00	0.00	69	0
25	13	2195	99.77	2200	2918	0.07	2020	0	0	1	13.31	1	27.85	0.00	0.00	0.00	0.00	0.00	0.00	0.00	68	0
26	14	2195	99.77	2200	2918	0.07	2035	0	0	0	15.85	1	27.73	0.00	0.00	0.00	0.00	0.00	0.00	0.00	69	0
27	15	2195	99.77	2200	2918	0.07	2017	0	0	0	14.35	1	26.45	0.00	0.00	0.00	0.00	0.00	0.00	0.00	69	0
Core	CPU	Avg_MHz	Busy%	Bzy_MHz	TSC_MHz	IPC	IRQ	NMI	SMI	LLCMRPS	LLC%hit	L2MRPS	L2%hit	POLL%	C1ACPI%	C2ACPI%	C3ACPI%	CPU%c1	CPU%c6	CPU%c7	CoreTmp	CoreThr	PkgTmp	GFX%rc6	GFXMHz	GFXAMHz	Totl%C0	Any%C0	GFX%C0	CPUGFX%	Pkg%pc2	Pkg%pc3	Pkg%pc6	Pkg%pc8	Pk%pc10	CPU%LPI	SYS%LPI	PkgWatt	CorWatt	GFXWatt	RAMWatt	PKG_%	RAM_%	UncMHz	SysWatt
-	-	620	27.70	2238	2918	0.21	13543	1	0	43	59.40	75	33.65	0.00	0.98	6.33	65.03	2.91	8.60	44.36	68	0	66	94.91	300	300	451.00	100.63	4.31	4.31	0.00	0.00	0.00	0.00	0.00	0.00	0.00	9.63	5.61	0.03	0.00	0.00	0.00	3200	0.36
0	0	148	9.36	1576	2918	0.84	972	0	0	6	84.14	10	38.33	0.02	2.16	30.94	58.10	4.47	34.53	47.19	61	0	66	94.93	300	300	451.02	100.64	4.31	4.31	0.00	0.00	0.00	0.00	0.00	0.00	0.00	9.63	5.61	0.03	0.00	0.00	0.00	3200
0	1	55	2.92	1884	2918	0.48	559	0	0	2	81.69	3	29.22	0.01	1.61	11.40	84.25	4.47
4	2	141	5.78	2438	2918	0.82	919	0	0	4	76.34	7	35.20	0.01	2.32	14.25	77.88	7.70	12.19	72.65	60	0
4	3	23	0.86	2648	2918	1.00	91	0	0	1	82.24	1	36.30	0.00	1.45	0.14	97.59	7.70
8	4	73	3.02	2436	2918	1.14	379	0	0	2	74.13	4	44.00	0.00	1.77	9.26	86.11	2.57	11.64	81.72	60	0
8	5	32	1.36	2345	2918	0.88	219	0	0	1	80.41	2	36.11	0.01	0.98	3.65	94.08	2.57
12	6	419	12.66	3315	2918	1.45	657	0	0	14	37.78	26	32.98	0.00	1.20	6.48	79.74	2.00	9.11	73.99	62	0
12	7	59	2.11	2789	2918	1.23	291	0	0	2	52.96	4	29.87	0.00	0.88	4.81	92.27	2.00
16	8	30	1.60	1888	2918	0.73	231	0	0	1	81.98	2	31.64	0.00	1.00	6.10	91.42	2.19	8.12	86.00	65	0
16	9	49	1.95	2498	2918	0.67	223	0	0	2	78.41	3	28.36	0.01	0.66	2.91	94.57	2.19
20	10	20	1.34	1458	2918	0.74	408	0	0	1	92.59	2	24.25	0.01	0.92	6.68	91.18	4.35	10.45	82.02	62	0
20	11	22	1.22	1801	2918	0.46	233	0	0	1	81.36	2	25.36	0.00	0.71	4.71	93.44	4.35
24	12	2212	99.77	2217	2918	0.11	2078	1	0	1	19.63	2	35.96	0.00	0.00	0.00	0.00	0.00	0.00	0.00	66	0
25	13	2212	99.77	2217	2918	0.10	2053	0	0	1	10.71	2	23.17	0.00	0.00	0.00	0.00	0.00	0.00	0.00	68	0
26	14	2212	99.77	2217	2918	0.10	2014	0	0	1	9.70	2	20.61	0.00	0.00	0.00	0.00	0.00	0.00	0.00	68	0
27	15	2212	99.77	2217	2918	0.11	2216	0	0	1	13.60	3	42.01	0.00	0.00	0.00	0.00	0.00	0.00	0.00	68	0
Core	CPU	Avg_MHz	Busy%	Bzy_MHz	TSC_MHz	IPC	IRQ	NMI	SMI	LLCMRPS	LLC%hit	L2MRPS	L2%hit	POLL%	C1ACPI%	C2ACPI%	C3ACPI%	CPU%c1	CPU%c6	CPU%c7	CoreTmp	CoreThr	PkgTmp	GFX%rc6	GFXMHz	GFXAMHz	Totl%C0	Any%C0	GFX%C0	CPUGFX%	Pkg%pc2	Pkg%pc3	Pkg%pc6	Pkg%pc8	Pk%pc10	CPU%LPI	SYS%LPI	PkgWatt	CorWatt	GFXWatt	RAMWatt	PKG_%	RAM_%	UncMHz	SysWatt
-	-	729	30.98	2354	2918	0.45	19766	0	0	89	52.50	194	44.56	0.04	3.64	10.08	55.38	10.84	10.42	31.72	70	0	70	93.97	300	300	496.92	100.64	5.18	5.18	0.00	0.00	0.00	0.00	0.00	0.00	0.00	13.58	9.05	0.03	0.00	0.00	0.00	3100	0.54
0	0	225	11.04	2038	2918	1.30	1441	0	0	8	71.17	16	41.61	0.09	5.43	30.30	53.74	19.99	27.39	37.02	63	0	70	93.97	300	300	496.89	100.63	5.18	5.18	0.00	0.00	0.00	0.00	0.00	0.00	0.00	13.58	9.05	0.03	0.00	0.00	0.00	3100
0	1	101	4.32	2328	2918	0.95	924	0	0	3	77.62	6	48.72	0.09	5.83	11.14	78.91	19.99
4	2	189	6.94	2728	2918	1.19	1105	0	0	5	61.34	11	44.92	0.03	3.60	19.55	70.14	13.26	17.01	59.56	64	0
4	3	83	3.05	2739	2918	0.98	432	0	0	3	67.34	5	34.88	0.02	2.83	6.26	87.96	13.26
8	4	224	7.46	2998	2918	1.04	1068	0	0	6	59.25	12	46.13	0.09	7.74	16.14	68.85	16.37	15.02	52.37	64	0
8	5	349	10.53	3309	2918	2.03	953	0	0	12	46.62	25	36.71	0.01	2.45	11.56	75.56	16.37
12	6	484	13.92	3475	2918	1.86	1110	0	0	13	42.17	34	50.74	0.07	6.19	3.93	76.02	6.09	5.37	58.63	70	0
12	7	626	17.80	3519	2918	1.97	1380	0	0	19	40.88	44	46.90	0.02	4.70	4.31	73.25	6.09
16	8	182	6.73	2709	2918	1.37	944	0	0	6	52.07	12	37.95	0.08	6.99	19.24	67.28	13.76	22.64	52.66	67	0
16	9	142	4.86	2925	2918	1.50	654	0	0	4	58.07	9	47.01	0.02	3.84	9.67	81.77	13.76
20	10	191	6.35	3011	2918	1.68	698	0	0	4	65.69	9	52.15	0.05	4.19	12.60	77.03	17.28	16.74	57.00	64	0
20	11	88	3.63	2430	2918	0.85	865	0	0	3	78.21	5	40.37	0.07	4.46	16.56	75.55	17.28
24	12	2196	99.77	2201	2918	0.07	2040	0	0	1	22.94	1	32.08	0.00	0.00	0.00	0.00	0.00	0.00	0.00	68	0
25	13	2196	99.77	2201	2918	0.07	2043	0	0	0	15.51	1	28.20	0.00	0.00	0.00	0.00	0.00	0.00	0.00	68	0
26	14	2196	99.77	2201	2918	0.07	2076	0	0	0	16.60	1	28.24	0.00	0.00	0.00	0.00	0.00	0.00	0.00	68	0
27	15	2196	99.77	2201	2918	0.07	2033	0	0	1	15.20	1	28.86	0.00	0.00	0.00	0.00	0.00	0.00	0.00	69	0
Core	CPU	Avg_MHz	Busy%	Bzy_MHz	TSC_MHz	IPC	IRQ	NMI	SMI	LLCMRPS	LLC%hit	L2MRPS	L2%hit	POLL%	C1ACPI%	C2ACPI%	C3ACPI%	CPU%c1	CPU%c6	CPU%c7	CoreTmp	CoreThr	PkgTmp	GFX%rc6	GFXMHz	GFXAMHz	Totl%C0	Any%C0	GFX%C0	CPUGFX%	Pkg%pc2	Pkg%pc3	Pkg%pc6	Pkg%pc8	Pk%pc10	CPU%LPI	SYS%LPI	PkgWatt	CorWatt	GFXWatt	RAMWatt	PKG_%	RAM_%	UncMHz	SysWatt
-	-	677	29.33	2308	2920	0.34	16165	1	0	61	56.78	124	41.42	0.01	2.05	7.82	60.90	6.43	9.53	38.38	66	0	66	94.96	300	300	473.71	100.63	4.31	4.31	0.00	0.00	0.00	0.00	0.00	0.00	0.00	11.27	7.16	0.03	0.00	0.00	0.00	3200	0.51
0	0	143	9.12	1569	2918	0.86	1399	0	0	6	86.32	9	31.44	0.03	3.96	33.01	54.44	13.35	31.54	42.15	61	0	66	94.92	300	300	473.72	100.64	4.31	4.31	0.00	0.00	0.00	0.00	0.00	0.00	0.00	11.27	7.16	0.03	0.00	0.00	0.00	3200
0	1	82	3.36	2433	2918	0.98	595	0	0	2	75.31	4	39.46	0.01	3.26	7.97	85.56	13.35
4	2	156	5.73	2717	2918	0.41	1009	0	0	3	80.29	5	37.33	0.01	2.95	10.48	81.02	12.88	9.56	69.07	57	0
4	3	77	2.66	2908	2918	1.36	339	0	0	2	71.66	4	40.33	0.01	2.57	4.53	90.33	12.88
8	4	116	4.18	2772	2918	0.87	530	0	0	3	71.46	5	42.36	0.01	2.99	10.22	82.75	5.75	13.69	68.82	61	0
8	5	247	7.54	3277	2918	2.14	528	0	0	8	53.34	19	49.61	0.00	1.67	6.82	84.06	5.75
12	6	102	4.46	2294	2918	0.79	1022	0	0	3	80.59	6	36.65	0.01	3.28	19.67	72.84	4.34	20.61	58.38	60	0
12	7	432	12.46	3466	2918	1.90	536	0	0	12	38.78	28	44.92	0.00	1.48	4.88	81.24	4.34
16	8	266	8.55	3118	2918	1.31	625	0	0	9	41.48	17	33.84	0.02	3.80	6.88	80.89	7.36	9.65	71.83	65	0
16	9	91	3.09	2944	2918	1.32	631	0	0	3	71.38	6	51.24	0.05	1.80	6.28	88.91	7.36
20	10	134	4.89	2734	2918	1.17	518	0	0	4	66.03	7	43.63	0.02	2.57	9.18	83.51	7.77	10.17	73.53	61	0
20	11	133	4.20	3164	2918	0.97	362	0	0	3	65.64	7	57.31	0.02	2.37	5.12	88.39	7.77
24	12	2211	99.72	2218	2918	0.11	2019	0	0	1	14.71	2	20.68	0.00	0.00	0.04	0.00	0.00	0.04	0.00	66	0
25	13	2213	99.77	2218	2918	0.11	2017	0	0	1	9.23	2	17.81	0.00	0.00	0.00	0.00	0.00	0.00	0.00	66	0
26	14	2213	99.77	2218	2918	0.11	2016	0	0	1	8.96	2	17.77	0.00	0.00	0.00	0.00	0.00	0.00	0.00	66	0
27	15	2212	99.74	2218	2918	0.11	2019	1	0	1	9.59	2	18.98	0.00	0.00	0.00	0.03	0.00	0.03	0.00	66	0
Core	CPU	Avg_MHz	Busy%	Bzy_MHz	TSC_MHz	IPC	IRQ	NMI	SMI	LLCMRPS	LLC%hit	L2MRPS	L2%hit	POLL%	C1ACPI%	C2ACPI%	C3ACPI%	CPU%c1	CPU%c6	CPU%c7	CoreTmp	CoreThr	PkgTmp	GFX%rc6	GFXMHz	GFXAMHz	Totl%C0	Any%C0	GFX%C0	CPUGFX%	Pkg%pc2	Pkg%pc3	Pkg%pc6	Pkg%pc8	Pk%pc10	CPU%LPI	SYS%LPI	PkgWatt	CorWatt	GFXWatt	RAMWatt	PKG_%	RAM_%	UncMHz	SysWatt
-	-	54	4.61	1161	2920	1.11	5213	0	0	32	63.15	61	36.01	0.00	1.12	5.30	89.18	17.11	42.50	36.54	61	0	63	95.09	300	300	75.00	43.42	4.19	1.94	11.05	0.08	2.04	0.00	0.00	0.00	0.00	5.69	1.50	0.03	0.00	0.00	0.00	1100	0.32
0	0	30	3.58	832	2918	0.65	545	0	0	1	86.47	2	31.34	0.00	1.61	15.79	79.51	51.38	7.30	34.30	60	0	63	95.08	300	300	75.04	43.44	4.19	1.94	11.05	0.08	2.04	0.00	0.00	0.00	0.00	5.69	1.50	0.03	0.00	0.00	0.00	1100
0	1	35	3.77	937	2918	1.05	457	0	0	1	74.63	2	35.35	0.00	2.25	5.08	89.03	51.38
4	2	29	3.11	940	2918	0.72	293	0	0	1	79.67	2	37.89	0.00	1.01	4.21	91.87	15.97	3.34	75.47	56	0
4	3	33	3.51	945	2918	0.95	222	0	0	1	85.05	2	33.71	0.00	1.40	2.03	93.17	15.97
8	4	133	11.18	1192	2918	1.45	685	0	0	5	58.18	11	42.14	0.00	2.80	11.76	74.56	22.30	7.91	55.59	58	0
8	5	34	2.94	1168	2918	0.73	213	0	0	2	69.84	3	27.55	0.00	1.02	1.45	94.67	22.30
12	6	79	6.37	1235	2918	1.28	630	0	0	3	64.28	5	41.09	0.00	1.88	13.16	78.93	23.33	10.92	44.50	59	0
12	7	178	14.88	1197	2918	1.71	595	0	0	10	48.09	19	32.01	0.00	1.31	6.21	77.71	23.33
16	8	47	4.21	1106	2918	1.11	264	0	0	2	63.90	4	28.24	0.00	0.71	3.51	91.76	8.67	5.70	78.43	61	0
16	9	31	3.10	990	2918	0.89	240	0	0	1	78.93	2	29.29	0.00	0.99	3.20	92.80	8.67
20	10	28	2.86	971	2918	0.71	231	0	0	1	78.76	2	30.49	0.00	0.70	3.66	92.97	12.89	4.12	77.04	59	0
20	11	47	4.20	1125	2918	1.06	253	0	0	1	74.84	3	51.28	0.00	1.12	3.31	91.47	12.89
24	12	58	3.91	1487	2918	0.40	253	0	0	1	76.96	1	39.76	0.00	0.57	5.65	89.96	4.17	91.72	0.00	61	0
25	13	27	2.21	1230	2918	0.60	138	0	0	0	70.27	1	47.67	0.00	0.33	2.77	94.74	0.34	97.56	0.00	61	0
26	14	39	2.50	1567	2918	0.45	102	0	0	0	64.74	1	51.98	0.00	0.17	0.89	96.46	0.17	97.62	0.00	61	0
27	15	28	1.45	1913	2918	0.35	92	0	0	0	68.37	0	41.26	0.00	0.03	2.14	96.41	0.03	98.89	0.00	61	0
Core	CPU	Avg_MHz	Busy%	Bzy_MHz	TSC_MHz	IPC	IRQ	NMI	SMI	LLCMRPS	LLC%hit	L2MRPS	L2%hit	POLL%	C1ACPI%	C2ACPI%	C3ACPI%	CPU%c1	CPU%c6	CPU%c7	CoreTmp	CoreThr	PkgTmp	GFX%rc6	GFXMHz	GFXAMHz	Totl%C0	Any%C0	GFX%C0	CPUGFX%	Pkg%pc2	Pkg%pc3	Pkg%pc6	Pkg%pc8	Pk%pc10	CPU%LPI	SYS%LPI	PkgWatt	CorWatt	GFXWatt	RAMWatt	PKG_%	RAM_%	UncMHz	SysWatt
-	-	55	4.72	1169	2918	1.10	5866	0	0	33	62.24	62	36.61	0.00	1.44	6.30	87.68	18.04	41.35	36.10	60	0	62	94.84	300	300	77.38	44.54	4.42	2.13	10.98	0.07	1.38	0.00	0.00	0.00	0.00	5.89	1.60	0.03	0.00	0.00	0.00	600	0.32
0	0	49	4.91	1005	2918	1.11	464	0	0	2	80.30	4	38.22	0.01	2.23	10.16	83.10	31.79	7.14	53.46	57	0	62	94.85	300	300	77.37	44.53	4.42	2.13	10.97	0.07	1.38	0.00	0.00	0.00	0.00	5.89	1.60	0.03	0.00	0.00	0.00	600
0	1	22	2.28	974	2918	0.42	467	0	0	1	79.26	2	30.47	0.00	0.83	8.58	88.45	31.79
4	2	45	4.64	975	2918	0.93	383	0	0	2	81.87	3	30.74	0.00	1.39	6.16	88.03	19.37	3.28	72.19	56	0
4	3	4	0.44	874	2918	0.55	53	0	0	0	88.93	0	31.99	0.00	0.07	0.78	98.74	19.37
8	4	199	12.22	1629	2918	0.81	708	0	0	3	61.47	8	52.78	0.00	3.02	11.31	73.74	27.92	7.22	49.30	56	0
8	5	44	3.78	1160	2918	0.85	257	0	0	2	69.19	3	29.55	0.00	1.13	2.42	92.76	27.92
12	6	127	10.45	1213	2918	1.35	900	0	0	6	57.15	10	34.06	0.00	3.30	18.61	68.03	20.22	11.72	43.81	57	0
12	7	173	14.53	1193	2918	1.76	550	0	0	9	44.50	18	32.53	0.00	1.15	1.95	82.42	20.22
16	8	50	4.83	1043	2918	0.99	470	0	0	2	72.16	4	32.79	0.00	2.40	9.61	83.41	22.47	6.18	65.13	59	0
16	9	16	1.58	1024	2918	1.02	107	0	0	1	78.32	1	36.38	0.00	0.76	1.00	96.72	22.47
20	10	33	3.52	949	2918	0.80	354	0	0	1	77.35	2	36.77	0.01	2.36	5.36	88.95	14.74	3.15	77.16	57	0
20	11	33	3.37	965	2918	0.95	254	0	0	1	81.96	2	35.61	0.00	1.78	2.36	92.58	14.74
24	12	26	2.61	983	2918	0.87	250	0	0	1	68.95	1	42.02	0.00	0.87	5.43	91.18	6.30	91.03	0.00	60	0
25	13	19	1.88	985	2918	0.65	130	0	0	0	68.62	1	43.32	0.00	0.22	2.03	95.92	1.53	96.74	0.00	60	0
26	14	19	1.87	1020	2918	0.84	154	0	0	0	67.56	1	49.48	0.00	0.45	3.69	94.07	1.07	97.07	0.00	60	0
27	15	25	2.71	922	2918	0.59	365	0	0	1	78.21	2	36.98	0.00	1.07	11.32	85.05	6.78	89.93	0.00	60	0
Core	CPU	Avg_MHz	Busy%	Bzy_MHz	TSC_MHz	IPC	IRQ	NMI	SMI	LLCMRPS	LLC%hit	L2MRPS	L2%hit	POLL%	C1ACPI%	C2ACPI%	C3ACPI%	CPU%c1	CPU%c6	CPU%c7	CoreTmp	CoreThr	PkgTmp	GFX%rc6	GFXMHz	GFXAMHz	Totl%C0	Any%C0	GFX%C0	CPUGFX%	Pkg%pc2	Pkg%pc3	Pkg%pc6	Pkg%pc8	Pk%pc10	CPU%LPI	SYS%LPI	PkgWatt	CorWatt	GFXWatt	RAMWatt	PKG_%	RAM_%	UncMHz	SysWatt
-	-	49	4.28	1135	2919	1.22	5008	0	0	31	62.38	59	37.11	0.00	1.05	5.01	89.83	16.94	41.26	37.99	60	0	60	95.13	300	300	70.35	42.22	4.21	2.18	8.95	0.08	2.20	0.00	0.00	0.00	0.00	5.57	1.44	0.03	0.00	0.00	0.00	600	0.32
0	0	47	4.91	948	2918	1.01	506	0	0	2	79.27	3	33.70	0.00	2.98	10.27	82.29	49.78	4.97	38.08	57	0	60	95.08	300	300	70.32	42.20	4.21	2.18	8.95	0.08	2.20	0.00	0.00	0.00	0.00	5.57	1.44	0.03	0.00	0.00	0.00	600
0	1	22	2.16	999	2918	0.46	481	0	0	1	77.88	2	32.13	0.00	0.91	9.65	87.41	49.78
4	2	47	4.73	988	2918	0.87	446	0	0	2	82.11	3	29.57	0.01	1.96	5.77	87.77	17.61	2.77	74.35	56	0
4	3	2	0.22	954	2918	0.57	33	0	0	0	83.04	0	30.74	0.00	0.17	0.18	99.45	17.61
8	4	146	11.13	1309	2918	1.29	770	0	0	4	59.09	10	53.35	0.01	2.24	14.23	72.70	22.50	8.29	55.60	56	0
8	5	31	2.41	1268	2918	0.66	185	0	0	2	67.53	3	28.33	0.00	0.14	2.11	95.40	22.50
12	6	237	19.00	1248	2918	1.60	940	0	0	11	50.11	21	33.90	0.00	2.90	13.54	64.81	20.26	9.02	48.29	56	0
12	7	40	3.40	1188	2918	1.73	122	0	0	2	50.09	4	32.11	0.00	0.32	0.68	95.62	20.26
16	8	38	3.60	1054	2918	1.02	295	0	0	2	68.83	3	33.37	0.00	1.05	4.70	90.82	11.67	4.43	78.53	58	0
16	9	31	3.18	976	2918	1.03	203	0	0	1	82.87	2	33.71	0.00	1.18	1.80	93.94	11.67
20	10	32	3.03	1063	2918	1.12	183	0	0	1	63.37	2	31.06	0.00	0.40	1.56	95.13	7.86	2.19	85.02	57	0
20	11	32	3.17	1001	2918	0.97	216	0	0	1	84.10	2	33.89	0.00	1.54	1.06	94.32	7.86
24	12	20	2.04	961	2918	0.69	217	0	0	1	76.01	1	38.90	0.00	0.32	5.19	92.54	4.99	92.93	0.00	60	0
25	13	24	2.38	990	2918	0.82	183	0	0	1	66.59	1	45.39	0.00	0.23	4.12	93.33	0.23	97.38	0.00	60	0
26	14	12	1.28	907	2918	0.43	119	0	0	0	78.52	1	35.23	0.00	0.14	3.39	95.26	2.90	95.80	0.00	60	0
27	15	18	1.76	1035	2918	0.86	109	0	0	0	67.47	1	51.55	0.00	0.25	1.89	96.14	3.51	94.93	0.00	60	0
Core	CPU	Avg_MHz	Busy%	Bzy_MHz	TSC_MHz	IPC	IRQ	NMI	SMI	LLCMRPS	LLC%hit	L2MRPS	L2%hit	POLL%	C1ACPI%	C2ACPI%	C3ACPI%	CPU%c1	CPU%c6	CPU%c7	CoreTmp	CoreThr	PkgTmp	GFX%rc6	GFXMHz	GFXAMHz	Totl%C0	Any%C0	GFX%C0	CPUGFX%	Pkg%pc2	Pkg%pc3	Pkg%pc6	Pkg%pc8	Pk%pc10	CPU%LPI	SYS%LPI	PkgWatt	CorWatt	GFXWatt	RAMWatt	PKG_%	RAM_%	UncMHz	SysWatt
-	-	59	4.89	1200	2918	1.11	5991	0	0	34	61.35	65	37.68	0.00	1.39	5.79	88.08	20.61	41.33	33.71	58	0	60	94.88	300	300	80.82	44.11	4.39	2.38	10.43	0.07	2.19	0.00	0.00	0.00	0.00	5.75	1.63	0.03	0.00	0.00	0.00	600	0.32
0	0	51	5.31	967	2918	0.99	593	0	0	2	79.17	3	41.17	0.00	4.05	11.53	79.54	48.37	6.47	37.56	56	0	60	94.90	300	300	80.83	44.12	4.39	2.38	10.43	0.07	2.19	0.00	0.00	0.00	0.00	5.76	1.63	0.03	0.00	0.00	0.00	600
0	1	25	2.36	1045	2918	0.55	373	0	0	1	76.27	2	36.94	0.00	0.67	5.57	91.53	48.37
4	2	56	5.56	1011	2918	0.91	592	0	0	2	79.91	3	38.57	0.01	3.30	6.97	84.48	36.27	6.60	50.19	55	0
4	3	11	1.38	827	2918	0.45	301	0	0	0	87.80	1	34.35	0.00	0.93	9.70	88.10	36.27
8	4	178	10.38	1712	2918	0.72	789	0	0	3	65.07	6	42.46	0.00	2.85	15.95	71.16	29.74	8.77	47.50	54	0
8	5	49	3.75	1305	2918	1.12	241	0	0	2	61.95	4	32.84	0.00	0.44	2.70	93.17	29.74
12	6	83	7.02	1185	2918	1.12	639	0	0	3	62.68	6	44.51	0.00	2.07	11.72	79.53	19.18	7.82	47.54	54	0
12	7	251	19.92	1258	2918	1.74	725	0	0	13	43.93	25	32.73	0.00	1.90	3.57	74.67	19.18
16	8	47	3.29	1423	2918	0.80	331	0	0	2	69.98	3	47.52	0.00	0.96	7.11	88.83	12.92	5.85	74.09	57	0
16	9	36	3.58	991	2918	1.04	208	0	0	1	87.20	2	32.30	0.00	0.94	1.47	94.11	12.92
20	10	12	1.31	891	2918	0.56	181	0	0	1	81.98	1	28.94	0.00	0.44	3.13	95.26	10.57	4.20	80.20	53	0
20	11	37	3.79	967	2918	1.05	264	0	0	2	86.21	2	31.45	0.00	1.09	2.88	92.36	10.57
24	12	29	2.94	982	2918	0.78	231	0	0	1	70.81	2	47.12	0.00	0.83	2.82	93.49	5.64	91.38	0.00	58	0
25	13	26	2.64	990	2918	0.90	174	0	0	0	66.30	1	54.70	0.00	0.70	1.87	94.85	3.93	93.48	0.00	58	0
26	14	26	2.75	938	2918	0.82	190	0	0	0	72.73	1	49.01	0.00	0.42	3.74	93.18	2.29	94.74	0.00	58	0
27	15	24	2.25	1046	2918	1.02	159	0	0	0	68.88	1	54.50	0.00	0.73	1.93	95.14	3.88	93.98	0.00	58	0
Core	CPU	Avg_MHz	Busy%	Bzy_MHz	TSC_MHz	IPC	IRQ	NMI	SMI	LLCMRPS	LLC%hit	L2MRPS	L2%hit	POLL%	C1ACPI%	C2ACPI%	C3ACPI%	CPU%c1	CPU%c6	CPU%c7	CoreTmp	CoreThr	PkgTmp	GFX%rc6	GFXMHz	GFXAMHz	Totl%C0	Any%C0	GFX%C0	CPUGFX%	Pkg%pc2	Pkg%pc3	Pkg%pc6	Pkg%pc8	Pk%pc10	CPU%LPI	SYS%LPI	PkgWatt	CorWatt	GFXWatt	RAMWatt	PKG_%	RAM_%	UncMHz	SysWatt
-	-	337	13.66	2486	2897	1.70	5412	0	0	139	49.44	353	50.66	0.03	8.94	11.91	65.06	41.33	25.14	15.46	61	0	62	93.43	300	300	203.71	79.47	5.16	4.12	4.00	0.03	0.56	0.00	0.00	0.00	0.00	14.50	8.94	0.03	0.00	0.00	0.00	2000	0.72
0	0	584	20.81	2806	2918	1.81	268	0	0	13	59.48	34	55.31	0.04	8.65	17.80	53.15	60.09	2.76	14.54	59	0	62	93.95	300	300	203.34	79.32	5.16	4.11	3.99	0.03	0.56	0.00	0.00	0.00	0.00	14.58	8.99	0.03	0.00	0.00	0.00	2000
0	1	71	3.64	1955	2918	0.69	199	0	0	2	67.94	4	42.07	0.17	4.50	8.88	83.12	60.12
4	2	242	10.30	2347	2918	1.65	221	0	0	6	57.94	14	45.54	0.00	8.31	14.18	67.51	50.46	1.48	31.72	55	0
4	3	127	6.45	1970	2918	1.35	812	0	0	4	50.69	10	55.17	0.00	12.36	3.74	77.70	50.48
8	4	693	23.67	2927	2918	1.78	724	0	0	12	57.41	36	61.20	0.10	19.32	20.25	37.14	35.03	1.37	20.62	57	0
8	5	724	26.05	2781	2918	2.24	375	0	0	23	47.68	55	41.63	0.08	5.34	10.51	58.12	35.04
12	6	332	14.72	2257	2918	1.53	292	0	0	10	56.83	21	45.03	0.00	9.43	23.63	52.55	31.75	4.65	12.68	58	0
12	7	1265	43.14	2932	2918	1.79	274	0	0	43	38.44	105	47.36	0.00	8.00	4.68	44.15	31.76
16	8	148	7.73	1913	2918	1.52	203	0	0	2	48.84	16	83.84	0.02	7.02	14.54	70.97	42.59	0.27	40.92	61	0
16	9	209	8.93	2336	2918	1.92	172	0	0	6	60.49	11	41.29	0.00	7.76	11.00	72.43	42.61
20	10	54	3.10	1728	2918	0.96	278	0	0	1	69.83	3	51.44	0.02	4.66	5.79	86.72	48.82	4.04	34.22	57	0
20	11	266	11.16	2385	2918	1.48	241	0	0	6	54.91	15	49.68	0.06	13.65	16.82	58.54	48.83
24	12	124	6.48	1909	2918	0.75	183	0	0	1	63.46	4	57.05	0.00	5.61	13.97	74.07	24.50	68.53	0.00	61	0
25	13	188	10.02	1877	2918	1.21	249	0	0	3	48.65	8	51.13	0.00	11.33	13.34	65.44	42.71	47.10	0.00	61	0
26	14	267	14.51	1842	2918	1.34	697	0	0	5	47.38	13	55.59	0.00	11.71	9.16	64.86	30.14	54.94	0.00	61	0
27	15	138	7.77	1779	2918	1.18	224	0	0	3	48.71	7	48.25	0.02	6.43	3.73	82.15	26.40	65.96	0.00	61	0
