Core	CPU	Avg_MHz	Busy%	Bzy_MHz	TSC_MHz	IPC	IRQ	NMI	SMI	LLCMRPS	LLC%hit	L2MRPS	L2%hit	POLL%	C1ACPI%	C2ACPI%	C3ACPI%	CPU%c1	CPU%c6	CPU%c7	CoreTmp	CoreThr	PkgTmp	GFX%rc6	GFXMHz	GFXAMHz	Totl%C0	Any%C0	GFX%C0	CPUGFX%	Pkg%pc2	Pkg%pc3	Pkg%pc6	Pkg%pc8	Pk%pc10	CPU%LPI	SYS%LPI	PkgWatt	CorWatt	GFXWatt	RAMWatt	PKG_%	RAM_%	UncMHz	SysWatt
-	-	938	21.66	4332	2917	2.21	19521	0	0	289	21.62	744	44.41	0.04	2.45	8.14	67.79	24.98	30.37	12.94	96	95	96	95.12	300	300	321.90	100.39	4.14	4.14	0.00	0.00	0.00	0.00	0.00	0.00	0.00	47.05	41.28	0.03	0.00	0.00	0.00	3500	6.57
0	0	320	10.12	3158	2918	0.68	1662	0	0	2	55.44	5	52.33	0.12	5.04	29.05	56.07	82.33	0.19	1.45	72	2	96	95.17	300	300	321.99	100.43	4.14	4.14	0.00	0.00	0.00	0.00	0.00	0.00	0.00	47.08	41.31	0.03	0.00	0.00	0.00	3500
0	1	542	12.68	4273	2918	1.74	889	0	0	8	37.60	29	61.81	0.08	2.44	5.61	79.34	82.33
4	2	460	11.11	4142	2918	1.50	919	0	0	6	33.24	21	57.16	0.05	2.07	10.87	76.13	27.61	5.70	53.68	65	0
4	3	270	6.53	4136	2918	0.66	470	0	0	1	55.68	3	40.16	0.04	2.20	1.11	90.25	27.61
8	4	753	16.09	4680	2918	1.79	2917	0	0	9	74.04	20	44.41	0.01	3.00	6.64	74.30	1.43	0.54	1.12	96	95
8	5	3881	86.02	4512	2918	2.71	2318	0	0	90	14.46	227	40.63	0.07	1.33	0.71	11.80	1.43
12	6	2029	44.69	4540	2918	1.86	1672	0	0	57	16.81	157	43.48	0.09	1.89	4.22	49.17	7.80	2.80	9.15	80	0
12	7	1783	40.51	4401	2918	3.13	1112	0	0	21	25.35	54	54.59	0.02	1.25	0.69	57.48	7.80
16	8	2423	54.17	4474	2918	2.29	1790	0	0	56	17.40	149	42.95	0.10	2.24	3.17	40.38	11.57	1.41	14.44	92	17
16	9	991	22.62	4382	2918	2.91	750	0	0	9	32.81	23	57.59	0.02	0.42	0.67	76.27	11.57
20	10	747	17.34	4308	2918	1.06	987	0	0	15	18.67	29	29.64	0.05	2.32	9.87	70.60	21.61	6.46	49.58	64	0
20	11	397	9.41	4220	2918	0.83	582	0	0	7	29.77	11	29.72	0.00	1.36	3.22	86.08	21.61
24	12	166	5.88	2818	2918	0.88	1125	0	0	2	42.19	6	53.21	0.01	4.02	20.39	69.88	27.58	65.65	0.00	72	0
25	13	104	4.15	2515	2918	0.83	985	0	0	2	52.42	4	48.33	0.01	4.41	18.87	72.74	33.09	61.81	0.00	72	0
26	14	63	2.37	2664	2918	0.68	713	0	0	1	50.06	3	55.06	0.01	3.08	8.97	85.69	21.41	75.54	0.00	72	0
27	15	85	2.90	2917	2918	1.07	630	0	0	1	42.70	3	55.22	0.00	2.17	6.19	88.83	13.00	83.48	0.00	72	0
Core	CPU	Avg_MHz	Busy%	Bzy_MHz	TSC_MHz	IPC	IRQ	NMI	SMI	LLCMRPS	LLC%hit	L2MRPS	L2%hit	POLL%	C1ACPI%	C2ACPI%	C3ACPI%	CPU%c1	CPU%c6	CPU%c7	CoreTmp	CoreThr	PkgTmp	GFX%rc6	GFXMHz	GFXAMHz	Totl%C0	Any%C0	GFX%C0	CPUGFX%	Pkg%pc2	Pkg%pc3	Pkg%pc6	Pkg%pc8	Pk%pc10	CPU%LPI	SYS%LPI	PkgWatt	CorWatt	GFXWatt	RAMWatt	PKG_%	RAM_%	UncMHz	SysWatt
-	-	954	22.05	4324	2918	1.72	20094	3	0	593	9.69	1112	24.56	0.06	3.21	8.18	66.66	19.87	34.97	11.60	96	144	96	94.92	300	300	352.05	100.61	4.38	4.38	0.00	0.00	0.00	0.00	0.00	0.00	0.00	50.81	43.44	0.03	0.00	0.00	0.00	2800	7.59
0	0	138	7.13	1941	2918	0.78	1414	0	0	2	74.26	5	57.55	0.13	6.18	20.01	67.02	75.92	4.39	10.72	76	0	96	94.92	300	300	352.05	100.61	4.38	4.38	0.00	0.00	0.00	0.00	0.00	0.00	0.00	50.81	43.44	0.03	0.00	0.00	0.00	2800
0	1	101	3.39	2985	2918	0.58	1090	0	0	1	55.14	3	52.66	0.15	8.86	11.79	76.13	75.92
4	2	108	3.55	3035	2918	0.28	736	0	0	1	74.73	2	38.18	0.01	1.48	6.72	88.45	30.58	4.96	58.57	68	0
4	3	49	1.93	2525	2918	0.80	560	0	0	1	77.66	2	38.72	0.08	4.24	2.50	91.50	30.58
8	4	92	2.05	4491	2918	0.61	734	0	0	2	51.46	3	37.32	0.05	5.08	8.84	84.07	1.31	0.03	0.00	96	144
8	5	4446	98.36	4520	2918	1.88	2985	1	0	188	7.87	351	23.39	0.14	1.45	0.04	0.00	1.31
12	6	95	2.12	4495	2918	0.65	689	0	0	1	53.47	3	51.62	0.04	5.78	6.52	85.62	0.83	0.06	0.02	80	0
12	7	4465	98.77	4521	2918	1.88	3217	1	0	190	8.42	356	23.72	0.18	0.96	0.08	0.04	0.83
16	8	582	12.90	4512	2918	1.61	748	0	0	22	9.10	42	26.80	0.02	1.01	2.40	83.70	1.87	0.00	0.00	92	1
16	9	3939	87.16	4519	2918	1.87	2858	1	0	166	7.88	308	23.38	0.11	1.61	0.07	11.05	1.87
20	10	172	4.82	3561	2918	0.55	809	0	0	2	46.76	4	39.74	0.06	4.49	10.19	80.69	23.80	9.29	46.72	68	0
20	11	704	16.37	4299	2918	0.82	986	0	0	12	19.22	19	33.01	0.01	3.10	5.97	74.69	23.80
24	12	90	3.58	2516	2918	0.53	891	0	0	2	52.02	4	47.87	0.01	2.28	16.48	77.83	15.30	79.74	0.00	76	0
25	13	117	4.25	2740	2918	0.51	826	0	0	1	53.84	3	50.25	0.01	2.08	12.66	81.17	16.57	77.80	0.00	76	0
26	14	60	2.39	2517	2918	0.62	621	0	0	1	48.78	3	53.04	0.00	1.53	7.00	89.20	6.58	90.01	0.00	76	0
27	15	101	4.06	2475	2918	0.64	930	0	0	2	50.71	4	46.62	0.01	1.20	19.60	75.33	10.88	83.39	0.00	76	0
Core	CPU	Avg_MHz	Busy%	Bzy_MHz	TSC_MHz	IPC	IRQ	NMI	SMI	LLCMRPS	LLC%hit	L2MRPS	L2%hit	POLL%	C1ACPI%	C2ACPI%	C3ACPI%	CPU%c1	CPU%c6	CPU%c7	CoreTmp	CoreThr	PkgTmp	GFX%rc6	GFXMHz	GFXAMHz	Totl%C0	Any%C0	GFX%C0	CPUGFX%	Pkg%pc2	Pkg%pc3	Pkg%pc6	Pkg%pc8	Pk%pc10	CPU%LPI	SYS%LPI	PkgWatt	CorWatt	GFXWatt	RAMWatt	PKG_%	RAM_%	UncMHz	SysWatt
-	-	931	21.68	4295	2919	1.74	19817	1	0	596	10.48	1140	24.61	0.04	2.19	7.14	69.14	5.71	40.69	18.62	96	146	96	94.94	300	300	352.30	100.60	4.30	4.30	0.00	0.00	0.00	0.00	0.00	0.00	0.00	49.45	41.98	0.03	0.00	0.00	0.00	3700	7.35
0	0	552	16.05	3438	2918	1.68	1186	0	0	23	21.36	42	27.33	0.02	2.34	17.61	64.50	10.67	21.54	46.81	96	20	96	94.92	300	300	352.25	100.58	4.30	4.30	0.00	0.00	0.00	0.00	0.00	0.00	0.00	49.44	41.97	0.03	0.00	0.00	0.00	3700
0	1	87	3.32	2627	2918	0.51	987	0	0	2	75.90	3	32.39	0.05	4.63	11.34	80.94	10.67
4	2	1198	27.52	4352	2918	1.67	2104	1	0	47	11.53	91	24.08	0.05	3.10	6.14	63.46	13.00	4.46	51.38	70	0
4	3	115	3.26	3533	2918	1.42	509	0	0	4	21.72	7	26.52	0.02	1.90	0.75	94.24	13.00
8	4	1592	34.97	4553	2918	1.64	1490	0	0	59	10.85	120	26.83	0.07	2.46	3.75	58.81	2.13	0.02	3.27	93	146
8	5	2727	61.06	4466	2918	1.88	2030	0	0	117	8.08	222	23.63	0.11	1.02	0.01	37.82	2.13
12	6	4404	97.73	4506	2918	1.94	3125	0	0	195	8.31	371	23.09	0.18	1.37	0.06	0.70	1.59	0.00	0.33	80	0
12	7	8	0.18	4174	2918	0.11	342	0	0	0	78.91	0	17.26	0.00	0.00	0.25	99.58	1.59
16	8	2294	51.69	4439	2918	1.87	1960	0	0	98	8.74	185	23.85	0.08	2.33	2.72	43.26	5.20	2.32	30.89	83	13
16	9	432	9.70	4455	2918	1.88	681	0	0	19	8.38	35	23.02	0.02	0.62	0.29	89.42	5.20
20	10	548	13.44	4074	2918	1.31	1150	0	0	17	17.21	33	27.58	0.02	3.24	14.23	69.32	4.90	15.39	53.50	70	0
20	11	630	14.77	4268	2918	0.79	922	0	0	11	18.36	18	34.79	0.00	2.35	5.39	77.62	4.90
24	12	86	3.64	2374	2918	0.63	851	0	0	2	53.99	4	46.71	0.01	2.57	13.81	80.18	3.86	90.59	0.00	71	0
25	13	63	2.71	2310	2918	0.63	735	0	0	1	54.89	3	58.15	0.01	2.30	9.80	85.36	4.72	90.96	0.00	71	0
26	14	67	2.82	2379	2918	0.47	752	0	0	1	50.48	3	49.44	0.00	2.15	8.66	86.54	3.58	91.94	0.00	71	0
27	15	90	3.90	2309	2918	0.60	993	0	0	2	53.42	4	43.93	0.00	2.61	19.35	74.36	4.19	89.75	0.00	71	0
Core	CPU	Avg_MHz	Busy%	Bzy_MHz	TSC_MHz	IPC	IRQ	NMI	SMI	LLCMRPS	LLC%hit	L2MRPS	L2%hit	POLL%	C1ACPI%	C2ACPI%	C3ACPI%	CPU%c1	CPU%c6	CPU%c7	CoreTmp	CoreThr	PkgTmp	GFX%rc6	GFXMHz	GFXAMHz	Totl%C0	Any%C0	GFX%C0	CPUGFX%	Pkg%pc2	Pkg%pc3	Pkg%pc6	Pkg%pc8	Pk%pc10	CPU%LPI	SYS%LPI	PkgWatt	CorWatt	GFXWatt	RAMWatt	PKG_%	RAM_%	UncMHz	SysWatt
-	-	918	21.93	4187	2919	1.77	22968	1	0	602	10.37	1142	24.54	0.03	1.97	7.61	68.66	4.76	39.94	19.72	94	168	96	95.03	300	300	354.97	100.63	4.23	4.22	0.00	0.00	0.00	0.00	0.00	0.00	0.00	48.00	40.50	0.03	0.00	0.00	0.00	4000	7.04
0	0	1718	42.46	4047	2918	1.91	2009	1	0	77	11.01	144	23.64	0.06	2.79	10.86	44.27	8.87	13.76	30.90	77	100	96	95.00	300	300	354.89	100.61	4.23	4.22	0.00	0.00	0.00	0.00	0.00	0.00	0.00	47.98	40.48	0.03	0.00	0.00	0.00	4000
0	1	112	3.67	3043	2918	0.52	1374	0	0	3	73.67	4	28.86	0.01	3.82	15.94	76.83	8.87
4	2	273	7.85	3478	2918	0.82	1439	0	0	6	34.01	12	40.70	0.00	2.72	8.29	81.47	9.06	8.38	70.54	75	0
4	3	88	3.20	2752	2918	0.67	742	0	0	2	62.42	3	38.17	0.00	1.29	3.60	92.16	9.06
8	4	826	18.26	4522	2918	1.74	1241	0	0	32	10.84	63	25.98	0.03	1.71	2.21	77.84	1.34	1.10	1.52	94	168
8	5	3590	82.15	4370	2918	1.90	2975	0	0	156	8.42	296	24.00	0.10	1.59	2.74	13.42	1.34
12	6	1858	42.79	4342	2918	1.95	2049	0	0	83	8.74	158	23.80	0.06	1.10	9.26	46.83	2.34	0.26	1.51	89	0
12	7	2388	53.56	4458	2918	1.92	2137	0	0	105	8.04	199	23.46	0.08	0.92	0.65	44.80	2.34
16	8	1970	45.71	4311	2918	1.77	2018	0	0	80	9.22	152	24.14	0.06	2.17	4.36	47.87	4.46	3.94	44.03	83	53
16	9	46	1.60	2865	2918	0.63	671	0	0	1	55.47	2	36.12	0.00	0.29	0.88	97.37	4.46
20	10	1324	30.36	4362	2918	1.57	1655	0	0	48	10.46	91	24.57	0.04	2.36	9.61	57.88	4.58	10.95	48.74	91	0
20	11	173	4.93	3516	2918	0.77	762	0	0	3	25.21	5	32.68	0.00	1.28	4.48	89.49	4.58
24	12	163	6.04	2699	2918	0.65	1088	0	0	3	39.98	6	40.23	0.00	2.61	14.15	77.45	3.44	87.97	0.00	76	0
25	13	65	3.05	2124	2918	0.56	936	0	0	1	57.97	3	51.80	0.00	2.46	11.00	83.71	4.42	90.16	0.00	76	0
26	14	35	2.03	1724	2918	0.64	795	0	0	1	61.45	2	56.71	0.00	1.70	6.96	89.52	3.41	92.39	0.00	76	0
27	15	60	3.19	1870	2918	0.53	1077	0	0	1	58.74	3	44.86	0.00	2.79	16.77	77.51	3.58	90.52	0.00	76	0
Core	CPU	Avg_MHz	Busy%	Bzy_MHz	TSC_MHz	IPC	IRQ	NMI	SMI	LLCMRPS	LLC%hit	L2MRPS	L2%hit	POLL%	C1ACPI%	C2ACPI%	C3ACPI%	CPU%c1	CPU%c6	CPU%c7	CoreTmp	CoreThr	PkgTmp	GFX%rc6	GFXMHz	GFXAMHz	Totl%C0	Any%C0	GFX%C0	CPUGFX%	Pkg%pc2	Pkg%pc3	Pkg%pc6	Pkg%pc8	Pk%pc10	CPU%LPI	SYS%LPI	PkgWatt	CorWatt	GFXWatt	RAMWatt	PKG_%	RAM_%	UncMHz	SysWatt
-	-	900	22.13	4065	2918	1.82	23826	1	0	602	10.49	1140	24.53	0.04	2.00	8.62	67.42	4.41	40.61	18.72	96	255	94	94.85	300	300	358.82	100.56	4.30	4.30	0.00	0.00	0.00	0.00	0.00	0.00	0.00	45.45	38.01	0.03	0.00	0.00	0.00	3600	6.37
0	0	535	16.93	3158	2918	1.77	1499	0	0	24	23.80	44	23.78	0.04	2.99	18.49	62.26	8.82	20.14	48.50	79	28	94	94.92	300	300	358.98	100.61	4.30	4.30	0.00	0.00	0.00	0.00	0.00	0.00	0.00	45.48	38.03	0.03	0.00	0.00	0.00	3600
0	1	69	3.20	2163	2918	0.58	1102	0	0	2	75.36	3	32.18	0.01	2.98	8.08	86.06	8.82
4	2	378	10.22	3703	2918	1.36	1165	0	0	12	19.66	24	32.23	0.01	2.21	9.61	78.29	5.29	10.85	70.55	73	0
4	3	42	2.52	1658	2918	0.46	767	0	0	1	75.85	2	29.72	0.01	1.30	3.57	92.89	5.29
8	4	116	2.69	4330	2918	0.59	902	0	0	2	48.22	3	40.35	0.00	1.18	8.11	88.07	1.32	0.01	0.00	96	255
8	5	4237	98.38	4307	2918	1.98	3333	0	0	191	8.05	362	23.63	0.13	1.46	0.01	0.00	1.32
12	6	528	12.29	4298	2918	1.85	1108	1	0	22	9.61	42	24.32	0.05	0.74	6.01	80.99	1.36	0.00	0.00	83	0
12	7	3792	88.00	4310	2918	1.97	3230	0	0	170	8.10	323	23.67	0.17	1.65	0.11	10.13	1.36
16	8	3413	79.97	4268	2918	1.92	3111	0	0	150	8.75	284	23.96	0.11	1.68	2.17	16.14	2.79	1.84	14.50	93	91
16	9	60	1.68	3564	2918	0.27	852	0	0	1	59.00	2	30.57	0.01	0.55	3.48	94.38	2.79
20	10	427	11.24	3794	2918	1.30	1270	0	0	13	18.07	25	29.47	0.02	3.65	13.10	72.31	6.27	15.47	53.71	72	0
20	11	555	14.13	3931	2918	0.80	1164	0	0	10	19.84	16	33.72	0.00	1.18	8.77	76.14	6.27
24	12	73	3.65	2010	2918	0.57	1203	0	0	1	58.20	3	44.10	0.00	2.78	15.32	78.53	5.52	88.13	0.00	78	0
25	13	57	2.94	1946	2918	0.54	968	0	0	1	54.41	3	52.56	0.00	2.15	11.22	83.92	3.57	91.00	0.00	78	0
26	14	44	2.52	1761	2918	0.58	881	0	0	1	60.87	2	57.65	0.00	2.05	7.41	88.25	5.06	90.02	0.00	78	0
27	15	67	3.75	1794	2918	0.49	1271	0	0	1	60.18	3	42.93	0.00	3.46	22.43	70.67	4.72	88.51	0.00	78	0
Core	CPU	Avg_MHz	Busy%	Bzy_MHz	TSC_MHz	IPC	IRQ	NMI	SMI	LLCMRPS	LLC%hit	L2MRPS	L2%hit	POLL%	C1ACPI%	C2ACPI%	C3ACPI%	CPU%c1	CPU%c6	CPU%c7	CoreTmp	CoreThr	PkgTmp	GFX%rc6	GFXMHz	GFXAMHz	Totl%C0	Any%C0	GFX%C0	CPUGFX%	Pkg%pc2	Pkg%pc3	Pkg%pc6	Pkg%pc8	Pk%pc10	CPU%LPI	SYS%LPI	PkgWatt	CorWatt	GFXWatt	RAMWatt	PKG_%	RAM_%	UncMHz	SysWatt
-	-	929	21.98	4225	2919	1.76	23458	1	0	603	10.49	1138	24.60	0.04	2.12	7.77	68.31	4.85	40.67	18.53	94	289	94	94.74	300	300	357.15	100.63	4.49	4.49	0.00	0.00	0.00	0.00	0.00	0.00	0.00	50.24	42.72	0.03	0.00	0.00	0.00	3900	7.59
0	0	118	7.24	1632	2918	0.63	1363	0	0	5	91.06	6	23.72	0.02	3.75	21.19	68.51	11.63	21.40	52.88	80	0	94	94.72	300	300	357.09	100.61	4.49	4.49	0.00	0.00	0.00	0.00	0.00	0.00	0.00	50.23	42.71	0.03	0.00	0.00	0.00	3900
0	1	111	4.16	2674	2918	0.36	1017	0	0	1	74.71	2	38.97	0.01	1.99	4.83	89.33	11.63
4	2	3440	76.22	4514	2918	1.85	3019	0	0	145	8.34	275	24.06	0.12	2.34	3.31	18.09	5.64	3.12	11.69	91	0
4	3	172	4.19	4105	2918	1.40	919	0	0	6	20.12	11	26.12	0.03	2.38	6.01	87.52	5.64
8	4	54	1.33	4048	2918	0.90	750	0	0	1	40.52	3	39.88	0.00	0.68	4.03	94.01	1.14	0.00	0.02	94	289
8	5	4411	98.53	4476	2918	1.90	3438	1	0	192	8.41	364	23.91	0.12	1.27	0.01	0.04	1.14
12	6	156	3.46	4499	2918	0.95	862	0	0	4	23.10	7	29.98	0.03	2.62	3.02	90.94	1.44	0.00	0.01	92	6
12	7	4341	97.03	4474	2918	1.91	3396	0	0	188	8.11	357	23.77	0.15	1.71	0.06	1.07	1.44
16	8	769	19.58	3926	2918	1.96	1369	0	0	34	11.21	65	24.36	0.04	2.89	6.15	71.64	6.04	7.71	63.56	84	5
16	9	48	2.27	2101	2918	0.22	766	0	0	2	70.63	2	25.64	0.00	0.34	4.14	93.48	6.04
20	10	380	10.22	3718	2918	0.99	1184	0	0	9	23.76	18	33.19	0.01	2.54	10.92	76.64	4.10	14.80	57.18	75	0
20	11	629	15.23	4133	2918	0.77	1176	0	0	11	19.61	18	35.78	0.02	1.47	7.94	75.59	4.10
24	12	83	4.26	1950	2918	0.46	1329	0	0	2	62.79	4	36.22	0.00	3.38	23.66	69.03	5.09	87.35	0.00	74	0
25	13	59	3.07	1924	2918	0.53	1052	0	0	1	58.57	3	46.65	0.02	3.24	13.28	80.66	6.01	88.44	0.00	74	0
26	14	57	2.80	2032	2918	0.64	876	0	0	1	55.96	2	59.24	0.00	1.74	6.29	89.39	2.50	92.30	0.00	74	0
27	15	33	2.16	1532	2918	0.57	942	0	0	1	63.13	2	50.90	0.00	1.67	9.49	86.90	4.05	91.58	0.00	74	0
Core	CPU	Avg_MHz	Busy%	Bzy_MHz	TSC_MHz	IPC	IRQ	NMI	SMI	LLCMRPS	LLC%hit	L2MRPS	L2%hit	POLL%	C1ACPI%	C2ACPI%	C3ACPI%	CPU%c1	CPU%c6	CPU%c7	CoreTmp	CoreThr	PkgTmp	GFX%rc6	GFXMHz	GFXAMHz	Totl%C0	Any%C0	GFX%C0	CPUGFX%	Pkg%pc2	Pkg%pc3	Pkg%pc6	Pkg%pc8	Pk%pc10	CPU%LPI	SYS%LPI	PkgWatt	CorWatt	GFXWatt	RAMWatt	PKG_%	RAM_%	UncMHz	SysWatt
-	-	882	22.06	4000	2918	1.84	24485	1	0	602	10.41	1139	24.35	0.04	2.03	9.17	66.94	3.85	42.64	17.06	93	303	94	94.67	300	300	362.36	100.54	4.42	4.42	0.00	0.00	0.00	0.00	0.00	0.00	0.00	44.36	36.85	0.03	0.00	0.00	0.00	3900	6.16
0	0	271	10.71	2529	2918	1.15	1689	0	0	11	45.80	19	29.83	0.02	4.23	29.74	56.02	7.02	31.42	43.39	80	2	94	94.73	300	300	362.59	100.60	4.42	4.42	0.00	0.00	0.00	0.00	0.00	0.00	0.00	44.39	36.87	0.03	0.00	0.00	0.00	3900
0	1	166	5.73	2897	2918	0.32	1188	0	0	2	74.60	3	39.30	0.03	2.91	8.43	83.27	7.02
4	2	758	18.58	4078	2918	1.66	1477	0	0	29	11.99	55	25.28	0.04	2.41	9.03	70.25	3.66	9.46	51.74	84	0
4	3	688	16.56	4156	2918	1.82	1224	0	0	29	9.81	54	24.01	0.04	1.40	2.61	79.63	3.66
8	4	1743	42.18	4132	2918	2.03	1903	0	0	81	8.43	154	23.61	0.05	1.18	1.02	55.58	1.34	0.03	0.00	93	303
8	5	2460	56.84	4328	2918	1.96	2260	0	0	110	8.04	209	23.55	0.07	1.07	0.46	41.57	1.34
12	6	4154	97.78	4248	2918	2.00	3471	0	0	190	8.20	360	23.61	0.16	1.32	0.04	0.72	1.82	0.01	0.08	87	5
12	7	13	0.32	4152	2918	0.41	637	0	0	0	57.38	1	27.50	0.00	0.38	0.29	99.04	1.82
16	8	2689	65.43	4110	2918	2.03	2736	1	0	124	8.51	235	23.88	0.10	2.54	2.96	29.10	5.28	4.30	23.41	86	93
16	9	53	1.79	2946	2918	0.23	959	0	0	1	66.05	2	27.40	0.01	1.10	6.75	90.50	5.28
20	10	281	8.28	3396	2918	1.28	1248	0	0	9	25.37	17	27.95	0.03	2.52	12.90	76.64	4.93	19.58	51.99	73	0
20	11	597	15.49	3857	2918	0.82	1258	0	0	11	20.51	18	33.34	0.00	1.72	11.83	71.22	4.93
24	12	91	4.46	2048	2918	0.62	1294	0	0	2	57.01	4	40.84	0.01	3.01	21.67	71.18	4.07	88.31	0.00	78	0
25	13	59	3.29	1801	2918	0.48	1115	0	0	1	62.40	3	44.99	0.00	2.11	14.98	79.90	3.45	90.22	0.00	78	0
26	14	47	2.80	1670	2918	0.49	1053	0	0	1	60.83	2	52.22	0.00	2.41	13.54	81.51	2.93	91.40	0.00	78	0
27	15	48	2.72	1768	2918	0.67	973	0	0	1	56.51	2	54.81	0.00	2.14	10.45	84.93	3.12	91.65	0.00	78	0
Core	CPU	Avg_MHz	Busy%	Bzy_MHz	TSC_MHz	IPC	IRQ	NMI	SMI	LLCMRPS	LLC%hit	L2MRPS	L2%hit	POLL%	C1ACPI%	C2ACPI%	C3ACPI%	CPU%c1	CPU%c6	CPU%c7	CoreTmp	CoreThr	PkgTmp	GFX%rc6	GFXMHz	GFXAMHz	Totl%C0	Any%C0	GFX%C0	CPUGFX%	Pkg%pc2	Pkg%pc3	Pkg%pc6	Pkg%pc8	Pk%pc10	CPU%LPI	SYS%LPI	PkgWatt	CorWatt	GFXWatt	RAMWatt	PKG_%	RAM_%	UncMHz	SysWatt
-	-	888	21.87	4062	2916	1.83	24599	2	0	601	10.30	1140	24.40	0.04	2.20	8.83	67.23	5.39	41.76	16.97	96	288	94	94.81	300	300	360.18	100.61	4.33	4.33	0.00	0.00	0.00	0.00	0.00	0.00	0.00	45.75	38.20	0.03	0.00	0.00	0.00	3500	6.55
0	0	264	10.48	2515	2918	0.82	1975	0	0	7	66.23	12	36.09	0.00	5.65	36.40	48.14	14.01	33.47	36.54	80	0	94	94.88	300	300	360.17	100.61	4.33	4.33	0.00	0.00	0.00	0.00	0.00	0.00	0.00	45.78	38.23	0.03	0.00	0.00	0.00	3500
0	1	99	3.79	2607	2918	0.52	1098	0	0	2	70.61	3	37.73	0.01	2.23	6.37	87.92	14.01
4	2	2105	48.23	4365	2918	1.85	2164	0	0	89	8.63	170	24.31	0.10	2.11	3.70	46.07	5.54	3.01	37.25	75	0
4	3	225	5.69	3960	2918	1.66	893	0	0	9	14.57	16	25.27	0.03	1.93	2.42	90.12	5.54
8	4	3459	80.60	4291	2918	1.98	3072	0	0	156	8.24	296	23.66	0.12	1.47	0.94	16.89	2.08	0.88	2.31	96	288
8	5	615	14.66	4199	2918	1.94	1322	0	0	28	9.51	53	23.79	0.04	1.26	5.92	78.20	2.08
12	6	2022	46.99	4302	2918	1.93	1977	0	0	89	8.19	169	23.57	0.06	1.69	1.39	49.88	2.07	1.03	1.67	83	29
12	7	2072	48.32	4288	2918	1.99	2035	1	0	94	8.53	180	23.76	0.09	0.54	0.18	50.91	2.07
16	8	1974	48.60	4063	2918	1.94	2384	0	0	88	9.05	167	23.88	0.10	3.14	8.89	39.51	7.42	7.80	33.61	93	112
16	9	67	2.18	3076	2918	1.11	830	0	0	2	32.33	4	26.09	0.00	0.42	3.54	94.03	7.42
20	10	820	20.40	4021	2918	1.50	1505	1	0	28	12.41	53	25.17	0.04	3.59	9.39	66.90	5.56	10.72	58.30	77	7
20	11	172	4.96	3475	2918	0.80	895	0	0	3	28.73	5	33.92	0.02	1.80	3.64	89.85	5.56
24	12	96	4.35	2210	2918	0.59	1194	0	0	2	52.34	4	42.44	0.00	2.39	18.07	75.47	2.40	90.22	0.00	80	0
25	13	72	3.26	2196	2918	0.56	904	0	0	1	45.30	3	48.48	0.00	1.18	6.80	88.99	1.46	92.70	0.00	80	0
26	14	91	4.07	2229	2918	0.77	1111	0	0	1	51.11	4	51.49	0.00	2.69	13.20	80.31	4.38	88.64	0.00	80	0
27	15	68	3.48	1950	2918	0.49	1240	0	0	1	55.89	3	46.92	0.00	3.12	20.46	73.23	4.72	88.87	0.00	80	0
Core	CPU	Avg_MHz	Busy%	Bzy_MHz	TSC_MHz	IPC	IRQ	NMI	SMI	LLCMRPS	LLC%hit	L2MRPS	L2%hit	POLL%	C1ACPI%	C2ACPI%	C3ACPI%	CPU%c1	CPU%c6	CPU%c7	CoreTmp	CoreThr	PkgTmp	GFX%rc6	GFXMHz	GFXAMHz	Totl%C0	Any%C0	GFX%C0	CPUGFX%	Pkg%pc2	Pkg%pc3	Pkg%pc6	Pkg%pc8	Pk%pc10	CPU%LPI	SYS%LPI	PkgWatt	CorWatt	GFXWatt	RAMWatt	PKG_%	RAM_%	UncMHz	SysWatt
-	-	870	21.80	3987	2921	1.86	24558	0	0	600	10.33	1140	24.39	0.04	2.20	8.83	67.41	5.30	41.05	17.84	96	266	96	94.97	300	300	358.27	100.67	4.33	4.33	0.00	0.00	0.00	0.00	0.00	0.00	0.00	43.61	36.05	0.03	0.00	0.00	0.00	4000	6.03
0	0	1065	28.83	3694	2918	1.88	2112	0	0	48	13.82	91	24.08	0.05	3.88	23.04	44.72	12.03	23.95	29.94	82	52	96	94.85	300	300	358.06	100.61	4.32	4.32	0.00	0.00	0.00	0.00	0.00	0.00	0.00	43.55	36.00	0.03	0.00	0.00	0.00	4000
0	1	141	4.69	3001	2918	0.70	1443	0	0	3	53.93	5	31.44	0.03	3.78	15.27	76.55	12.03
4	2	1025	25.34	4044	2918	1.54	1662	0	0	35	11.81	67	27.13	0.05	2.56	10.53	61.84	4.60	11.55	56.18	78	0
4	3	56	2.31	2417	2918	0.67	818	0	0	1	61.50	2	39.49	0.02	1.95	3.75	92.24	4.60
8	4	648	15.31	4232	2918	1.92	1242	0	0	29	9.22	55	23.58	0.02	1.84	4.09	78.79	1.53	0.05	0.69	96	266
8	5	3487	83.08	4198	2918	2.02	3113	0	0	162	8.47	308	23.73	0.12	1.41	0.06	15.34	1.53
12	6	3745	89.05	4206	2918	1.99	3193	0	0	171	8.23	324	23.60	0.12	1.90	0.80	8.14	2.46	0.51	4.57	90	0
12	7	177	4.22	4202	2918	1.69	796	0	0	7	14.98	13	26.94	0.00	0.42	1.01	94.40	2.46
16	8	1422	35.88	3962	2918	1.88	1990	0	0	61	10.04	116	23.95	0.06	3.29	10.55	50.49	7.18	9.87	45.18	87	45
16	9	11	0.96	1187	2918	0.19	702	0	0	0	77.14	0	22.51	0.00	0.08	2.25	96.90	7.18
20	10	1778	42.53	4179	2918	1.82	2154	0	0	75	9.41	142	24.08	0.07	2.34	6.77	48.54	6.84	6.61	41.81	92	0
20	11	42	1.74	2430	2918	0.70	756	0	0	1	68.54	1	35.89	0.01	2.19	1.87	94.39	6.84
24	12	114	5.18	2202	2918	0.70	1352	0	0	2	56.61	5	46.01	0.00	3.15	21.75	70.24	4.24	87.33	0.00	78	0
25	13	81	3.83	2109	2918	0.50	1171	0	0	2	54.31	4	43.43	0.00	2.28	17.67	76.49	2.43	90.80	0.00	78	0
26	14	64	3.04	2118	2918	0.73	934	0	0	1	46.03	3	52.12	0.00	1.90	8.25	87.04	3.84	90.62	0.00	78	0
27	15	47	2.68	1748	2918	0.57	1120	0	0	1	57.23	2	52.06	0.00	2.27	13.51	81.81	5.08	89.51	0.00	78	0
Core	CPU	Avg_MHz	Busy%	Bzy_MHz	TSC_MHz	IPC	IRQ	NMI	SMI	LLCMRPS	LLC%hit	L2MRPS	L2%hit	POLL%	C1ACPI%	C2ACPI%	C3ACPI%	CPU%c1	CPU%c6	CPU%c7	CoreTmp	CoreThr	PkgTmp	GFX%rc6	GFXMHz	GFXAMHz	Totl%C0	Any%C0	GFX%C0	CPUGFX%	Pkg%pc2	Pkg%pc3	Pkg%pc6	Pkg%pc8	Pk%pc10	CPU%LPI	SYS%LPI	PkgWatt	CorWatt	GFXWatt	RAMWatt	PKG_%	RAM_%	UncMHz	SysWatt
-	-	873	22.61	3862	2917	1.88	24622	1	0	599	10.67	1143	24.80	0.04	2.37	8.96	66.22	5.90	39.24	17.82	96	257	94	94.86	300	300	367.19	100.59	4.25	4.25	0.00	0.00	0.00	0.00	0.00	0.00	0.00	41.36	33.80	0.03	0.00	0.00	0.00	3600	5.54
0	0	732	21.68	3377	2918	1.69	1647	0	0	30	19.15	55	25.12	0.02	2.90	18.13	57.82	10.78	18.00	44.84	80	38	94	94.92	300	300	367.31	100.62	4.25	4.25	0.00	0.00	0.00	0.00	0.00	0.00	0.00	41.39	33.82	0.03	0.00	0.00	0.00	3600
0	1	103	3.80	2711	2918	0.83	1188	0	0	2	71.55	4	39.21	0.00	3.15	8.93	84.40	10.78
4	2	1041	25.94	4013	2918	1.81	1637	0	0	40	11.79	78	28.23	0.03	2.00	6.12	66.15	5.56	5.45	60.24	71	0
4	3	96	3.28	2918	2918	0.77	822	0	0	2	65.93	3	39.86	0.03	2.16	2.20	92.61	5.56
8	4	3418	84.29	4055	2918	2.07	3109	1	0	161	8.29	308	23.69	0.17	2.12	2.04	11.44	1.66	0.01	0.05	96	257
8	5	636	15.65	4061	2918	1.93	1151	0	0	29	9.70	55	24.52	0.02	0.62	2.60	81.14	1.66
12	6	3861	95.11	4060	2918	2.07	3326	0	0	182	8.25	348	23.63	0.16	1.68	0.05	3.04	2.06	0.12	2.30	87	4
12	7	53	1.34	3908	2918	0.56	718	0	0	1	55.40	2	37.36	0.00	1.64	1.69	95.37	2.06
16	8	2605	65.52	3976	2918	1.92	2815	0	0	113	9.05	215	24.01	0.10	3.42	7.60	23.51	6.09	6.77	19.99	91	63
16	9	54	1.67	3229	2918	1.11	795	0	0	2	29.05	3	25.03	0.00	0.48	3.40	94.56	6.09
20	10	898	23.17	3878	2918	1.47	1693	0	0	30	14.13	55	26.90	0.01	4.02	14.89	58.20	9.58	13.27	50.84	83	1
20	11	93	3.13	2969	2918	1.07	757	0	0	2	52.65	3	43.82	0.03	1.77	2.18	93.15	9.58
24	12	133	6.05	2201	2918	0.51	1685	0	0	3	54.94	6	40.46	0.00	4.48	34.16	55.66	7.31	83.12	0.00	80	0
25	13	119	5.12	2325	2918	0.63	1435	0	0	2	51.60	5	46.96	0.00	3.54	22.15	69.46	6.36	85.56	0.00	80	0
26	14	59	2.93	2031	2918	0.66	973	0	0	1	58.57	3	55.58	0.00	2.23	10.66	84.40	4.92	89.68	0.00	80	0
27	15	70	3.09	2252	2918	0.98	871	0	0	1	51.02	2	57.76	0.02	1.65	6.62	88.85	4.41	90.32	0.00	80	0
Core	CPU	Avg_MHz	Busy%	Bzy_MHz	TSC_MHz	IPC	IRQ	NMI	SMI	LLCMRPS	LLC%hit	L2MRPS	L2%hit	POLL%	C1ACPI%	C2ACPI%	C3ACPI%	CPU%c1	CPU%c6	CPU%c7	CoreTmp	CoreThr	PkgTmp	GFX%rc6	GFXMHz	GFXAMHz	Totl%C0	Any%C0	GFX%C0	CPUGFX%	Pkg%pc2	Pkg%pc3	Pkg%pc6	Pkg%pc8	Pk%pc10	CPU%LPI	SYS%LPI	PkgWatt	CorWatt	GFXWatt	RAMWatt	PKG_%	RAM_%	UncMHz	SysWatt
-	-	873	21.77	4009	2920	1.86	23625	1	0	601	10.40	1142	24.35	0.04	1.89	8.21	68.34	5.09	40.88	18.05	96	281	96	94.85	300	300	358.07	100.65	4.34	4.34	0.00	0.00	0.00	0.00	0.00	0.00	0.00	44.10	36.54	0.03	0.00	0.00	0.00	3500	6.26
0	0	682	19.79	3448	2918	1.37	1826	0	0	23	22.78	42	25.97	0.02	2.32	26.00	52.40	11.41	25.41	38.55	81	17	96	94.75	300	300	357.91	100.60	4.34	4.33	0.00	0.00	0.00	0.00	0.00	0.00	0.00	44.05	36.50	0.03	0.00	0.00	0.00	3500
0	1	75	3.22	2322	2918	0.64	1170	0	0	2	76.12	3	31.57	0.03	2.36	9.61	85.12	11.41
4	2	476	12.80	3716	2918	1.35	1326	0	0	15	18.22	28	29.05	0.02	1.89	10.93	74.70	5.34	11.68	67.14	74	0
4	3	40	2.00	1996	2918	0.71	742	0	0	1	76.55	2	33.23	0.04	1.63	2.09	94.54	5.34
8	4	4006	95.20	4208	2918	2.00	3376	0	0	184	8.24	350	23.70	0.14	1.92	0.21	2.54	2.68	0.57	1.15	96	281
8	5	23	0.60	3869	2918	0.29	703	0	0	1	66.18	1	24.50	0.00	0.32	2.81	96.32	2.68
12	6	4124	97.75	4219	2918	2.02	3422	1	0	190	8.24	363	23.60	0.15	1.49	0.14	0.48	1.35	0.12	0.43	83	0
12	7	55	1.34	4138	2918	0.67	744	0	0	1	53.28	2	40.50	0.01	2.12	2.01	94.58	1.35
16	8	1459	36.46	4001	2918	1.85	1845	0	0	61	10.07	118	25.11	0.06	2.36	5.66	55.68	5.68	7.04	48.17	93	24
16	9	48	1.94	2492	2918	0.26	781	0	0	2	66.36	2	30.06	0.00	0.38	3.45	94.43	5.68
20	10	2675	62.68	4268	2918	1.88	2609	0	0	116	8.51	218	23.74	0.07	2.45	6.00	28.93	5.44	5.61	25.08	74	6
20	11	51	1.64	3093	2918	0.71	772	0	0	1	57.94	2	40.44	0.01	2.48	2.14	93.88	5.44
24	12	93	4.36	2142	2918	0.61	1220	0	0	2	52.28	4	38.57	0.01	2.49	19.30	74.14	4.66	88.09	0.00	80	0
25	13	79	4.10	1919	2918	0.47	1349	0	0	2	59.63	4	41.74	0.00	3.18	25.61	67.41	6.34	86.32	0.00	80	0
26	14	37	2.06	1795	2918	0.68	784	0	0	1	61.13	2	59.77	0.01	1.48	3.58	93.09	4.15	91.57	0.00	80	0
27	15	40	2.39	1697	2918	0.57	956	0	0	1	61.33	2	48.59	0.01	1.42	11.74	84.68	2.56	92.53	0.00	80	0
Core	CPU	Avg_MHz	Busy%	Bzy_MHz	TSC_MHz	IPC	IRQ	NMI	SMI	LLCMRPS	LLC%hit	L2MRPS	L2%hit	POLL%	C1ACPI%	C2ACPI%	C3ACPI%	CPU%c1	CPU%c6	CPU%c7	CoreTmp	CoreThr	PkgTmp	GFX%rc6	GFXMHz	GFXAMHz	Totl%C0	Any%C0	GFX%C0	CPUGFX%	Pkg%pc2	Pkg%pc3	Pkg%pc6	Pkg%pc8	Pk%pc10	CPU%LPI	SYS%LPI	PkgWatt	CorWatt	GFXWatt	RAMWatt	PKG_%	RAM_%	UncMHz	SysWatt
-	-	872	23.79	3670	2915	1.00	19485	0	0	314	14.39	603	26.02	0.02	2.13	8.67	65.43	8.06	24.78	29.33	80	111	82	94.79	300	300	386.46	100.63	4.31	4.31	0.00	0.00	0.00	0.00	0.00	0.00	0.00	28.95	23.17	0.03	0.00	0.00	0.00	4000	2.89
0	0	1304	35.07	3719	2918	1.84	2041	0	0	57	12.81	108	24.47	0.04	2.76	27.84	34.66	22.27	18.51	21.63	71	59	82	94.90	300	300	386.44	100.63	4.31	4.31	0.00	0.00	0.00	0.00	0.00	0.00	0.00	28.99	23.20	0.03	0.00	0.00	0.00	4000
0	1	75	2.55	2962	2918	0.73	1017	0	0	2	77.10	4	31.37	0.02	3.92	10.97	82.72	22.27
4	2	273	8.30	3284	2918	0.98	1079	0	0	5	44.32	13	58.16	0.01	3.12	18.05	70.83	10.01	17.41	62.57	68	0
4	3	36	1.51	2384	2918	0.77	482	0	0	1	72.35	2	36.92	0.00	1.65	2.90	94.09	10.01
8	4	1750	44.37	3945	2918	2.12	1816	0	0	84	9.22	162	23.95	0.08	1.76	6.39	47.51	5.32	4.49	39.24	70	111
8	5	282	6.73	4199	2918	1.73	578	0	0	10	35.55	18	23.68	0.00	0.78	2.40	90.12	5.32
12	6	917	23.45	3910	2918	2.05	1185	0	0	43	10.55	83	24.51	0.04	0.94	5.24	70.44	2.87	3.76	44.54	68	0
12	7	1055	26.66	3956	2918	2.06	1128	0	0	50	8.70	96	23.87	0.04	1.29	0.97	71.07	2.87
16	8	790	20.80	3796	2918	2.01	1228	0	0	36	11.51	70	24.97	0.04	2.47	9.74	67.16	7.16	11.06	58.95	75	21
16	9	40	1.54	2582	2918	0.31	503	0	0	2	72.76	2	26.01	0.00	0.61	3.85	94.12	7.16
20	10	553	14.26	3875	2918	1.26	1196	0	0	17	25.08	30	28.01	0.01	3.99	11.61	70.36	7.80	9.97	66.46	69	0
20	11	52	1.73	3008	2918	0.84	479	0	0	1	58.70	2	38.91	0.02	1.84	3.13	93.44	7.80
24	12	1761	49.98	3523	2918	0.12	1816	0	0	2	57.82	6	58.78	0.01	2.71	14.41	32.96	4.76	43.71	0.00	80	0
25	13	1702	48.14	3534	2918	0.09	1680	0	0	1	44.11	3	52.10	0.00	2.06	8.62	41.20	4.47	46.08	0.00	80	0
26	14	1690	47.68	3543	2918	0.09	1633	0	0	1	37.54	3	44.75	0.01	2.30	6.60	43.44	4.87	46.15	0.00	80	0
27	15	1691	47.82	3535	2918	0.09	1624	0	0	1	49.60	3	53.19	0.01	1.93	6.11	44.17	4.07	46.61	0.00	80	0
Core	CPU	Avg_MHz	Busy%	Bzy_MHz	TSC_MHz	IPC	IRQ	NMI	SMI	LLCMRPS	LLC%hit	L2MRPS	L2%hit	POLL%	C1ACPI%	C2ACPI%	C3ACPI%	CPU%c1	CPU%c6	CPU%c7	CoreTmp	CoreThr	PkgTmp	GFX%rc6	GFXMHz	GFXAMHz	Totl%C0	Any%C0	GFX%C0	CPUGFX%	Pkg%pc2	Pkg%pc3	Pkg%pc6	Pkg%pc8	Pk%pc10	CPU%LPI	SYS%LPI	PkgWatt	CorWatt	GFXWatt	RAMWatt	PKG_%	RAM_%	UncMHz	SysWatt
-	-	967	27.09	3570	2918	0.13	13117	0	0	36	57.43	60	33.71	0.03	1.04	6.76	65.12	10.36	6.83	41.44	78	0	78	94.92	300	300	439.28	100.62	4.18	4.18	0.00	0.00	0.00	0.00	0.00	0.00	0.00	18.87	14.93	0.03	0.00	0.00	0.00	4000	0.72
0	0	101	6.38	1581	2918	0.86	1370	0	0	5	84.07	8	27.45	0.04	2.77	45.60	45.75	30.28	30.58	28.81	68	0	78	94.95	300	300	439.34	100.63	4.19	4.19	0.00	0.00	0.00	0.00	0.00	0.00	0.00	18.88	14.94	0.03	0.00	0.00	0.00	4000
0	1	119	3.33	3576	2918	1.12	456	0	0	3	58.87	5	44.74	0.04	1.31	5.62	89.84	30.28
4	2	306	7.54	4064	2918	1.02	817	0	0	9	41.91	15	28.16	0.04	3.22	10.93	78.46	14.43	10.47	66.72	66	0
4	3	41	1.23	3337	2918	0.70	218	0	0	1	72.42	2	39.14	0.02	1.39	3.96	93.48	14.43
8	4	65	2.01	3242	2918	0.72	297	0	0	2	76.66	3	43.90	0.04	0.84	6.11	91.13	6.22	7.50	82.46	69	0
8	5	25	1.33	1909	2918	0.53	157	0	0	2	80.22	2	23.69	0.01	0.31	3.53	94.93	6.22
12	6	79	2.29	3461	2918	0.59	338	0	0	2	67.95	3	49.56	0.03	1.51	5.88	90.41	9.11	5.36	82.86	66	0
12	7	28	0.85	3298	2918	0.83	151	0	0	1	80.67	1	40.16	0.04	1.34	2.57	95.28	9.11
16	8	85	2.56	3332	2918	0.68	372	0	0	2	65.94	4	53.63	0.06	1.91	9.39	86.25	14.73	11.92	68.94	69	0
16	9	35	1.53	2289	2918	0.31	355	0	0	2	84.25	3	26.47	0.02	0.28	9.00	89.30	14.73
20	10	185	4.33	4270	2918	1.03	289	0	0	5	38.35	9	28.14	0.02	1.10	2.24	92.38	8.10	2.45	84.68	67	0
20	11	36	0.95	3756	2918	0.89	178	0	0	1	72.67	2	36.36	0.06	0.71	3.42	94.96	8.10
24	12	3591	99.77	3600	2918	0.07	2021	0	0	1	18.24	1	30.58	0.00	0.00	0.00	0.00	0.00	0.00	0.00	78	0
25	13	3591	99.77	3600	2918	0.07	2015	0	0	0	11.46	1	27.23	0.00	0.00	0.00	0.00	0.00	0.00	0.00	78	0
26	14	3591	99.77	3600	2918	0.07	2065	0	0	1	11.55	1	28.20	0.00	0.00	0.00	0.00	0.00	0.00	0.00	78	0
27	15	3591	99.77	3600	2918	0.07	2018	0	0	0	14.18	1	27.74	0.00	0.00	0.00	0.00	0.00	0.00	0.00	78	0
Core	CPU	Avg_MHz	Busy%	Bzy_MHz	TSC_MHz	IPC	IRQ	NMI	SMI	LLCMRPS	LLC%hit	L2MRPS	L2%hit	POLL%	C1ACPI%	C2ACPI%	C3ACPI%	CPU%c1	CPU%c6	CPU%c7	CoreTmp	CoreThr	PkgTmp	GFX%rc6	GFXMHz	GFXAMHz	Totl%C0	Any%C0	GFX%C0	CPUGFX%	Pkg%pc2	Pkg%pc3	Pkg%pc6	Pkg%pc8	Pk%pc10	CPU%LPI	SYS%LPI	PkgWatt	CorWatt	GFXWatt	RAMWatt	PKG_%	RAM_%	UncMHz	SysWatt
-	-	977	27.32	3579	2918	0.13	12745	0	0	40	59.28	65	32.39	0.01	0.97	6.79	64.97	2.73	9.15	44.76	77	0	77	94.97	300	300	443.95	100.63	4.24	4.24	0.00	0.00	0.00	0.00	0.00	0.00	0.00	18.72	14.79	0.03	0.00	0.00	0.00	4000	0.76
0	0	203	8.41	2414	2918	0.45	1170	0	0	6	87.37	9	27.31	0.00	2.11	41.20	48.82	4.84	43.23	39.18	65	0	77	94.97	300	300	443.96	100.64	4.24	4.24	0.00	0.00	0.00	0.00	0.00	0.00	0.00	18.72	14.79	0.03	0.00	0.00	0.00	4000
0	1	103	3.33	3107	2918	0.70	592	0	0	2	74.50	4	36.33	0.03	1.76	12.19	82.89	4.84
4	2	203	5.29	3835	2918	0.93	552	0	0	6	44.69	10	27.30	0.01	1.31	11.29	82.25	2.99	13.18	77.22	65	0
4	3	42	1.22	3415	2918	0.82	199	0	0	1	73.33	2	34.05	0.01	1.29	3.18	94.37	2.99
8	4	186	4.97	3741	2918	1.06	443	0	0	6	51.41	9	32.38	0.00	1.52	10.04	83.62	3.19	11.84	78.10	67	0
8	5	29	1.18	2427	2918	0.59	148	0	0	1	75.72	2	25.85	0.01	0.35	3.73	94.82	3.19
12	6	255	5.91	4322	2918	0.96	415	0	0	7	38.50	11	33.18	0.02	1.88	5.98	86.32	3.33	5.95	84.56	65	0
12	7	36	0.90	4013	2918	0.84	92	0	0	1	66.97	1	39.25	0.01	0.73	0.43	97.96	3.33
16	8	59	1.91	3111	2918	0.59	332	0	0	2	73.27	3	34.40	0.02	1.79	5.81	90.60	3.85	7.50	84.06	71	0
16	9	83	2.22	3749	2918	0.79	238	0	0	2	69.74	5	47.49	0.00	0.18	3.68	93.97	3.85
20	10	44	1.72	2576	2918	0.68	372	0	0	2	85.42	3	30.82	0.03	1.66	8.66	88.09	3.64	9.78	84.52	65	0
20	11	29	0.91	3237	2918	0.76	131	0	0	1	78.12	1	38.51	0.03	0.96	2.39	95.78	3.64
24	12	3591	99.77	3600	2918	0.07	2016	0	0	1	19.33	1	30.98	0.00	0.00	0.00	0.00	0.00	0.00	0.00	77	0
25	13	3591	99.77	3600	2918	0.07	2014	0	0	1	10.91	1	27.50	0.00	0.00	0.00	0.00	0.00	0.00	0.00	77	0
26	14	3591	99.77	3600	2918	0.07	2016	0	0	1	10.69	1	27.74	0.00	0.00	0.00	0.00	0.00	0.00	0.00	77	0
27	15	3591	99.77	3600	2918	0.07	2015	0	0	0	12.91	1	27.48	0.00	0.00	0.00	0.00	0.00	0.00	0.00	75	0
Core	CPU	Avg_MHz	Busy%	Bzy_MHz	TSC_MHz	IPC	IRQ	NMI	SMI	LLCMRPS	LLC%hit	L2MRPS	L2%hit	POLL%	C1ACPI%	C2ACPI%	C3ACPI%	CPU%c1	CPU%c6	CPU%c7	CoreTmp	CoreThr	PkgTmp	GFX%rc6	GFXMHz	GFXAMHz	Totl%C0	Any%C0	GFX%C0	CPUGFX%	Pkg%pc2	Pkg%pc3	Pkg%pc6	Pkg%pc8	Pk%pc10	CPU%LPI	SYS%LPI	PkgWatt	CorWatt	GFXWatt	RAMWatt	PKG_%	RAM_%	UncMHz	SysWatt
-	-	1014	28.18	3599	2918	0.21	15103	4	0	56	54.43	111	40.20	0.02	1.71	7.24	62.92	5.71	9.14	41.07	75	6	77	94.87	300	300	456.94	100.64	4.31	4.31	0.00	0.00	0.00	0.00	0.00	0.00	0.00	20.90	16.78	0.03	0.00	0.00	0.00	4000	1.23
0	0	342	11.24	3043	2918	2.01	1287	0	0	11	65.51	26	47.18	0.01	1.84	38.75	48.68	7.89	41.86	35.31	65	1	77	94.86	300	300	456.93	100.63	4.31	4.31	0.00	0.00	0.00	0.00	0.00	0.00	0.00	20.90	16.78	0.03	0.00	0.00	0.00	4000
0	1	79	2.97	2658	2918	0.59	1015	0	0	2	79.09	4	30.37	0.04	3.68	13.88	79.67	7.89
4	2	130	4.28	3034	2918	0.54	991	0	0	3	79.18	5	33.77	0.03	3.57	15.84	76.53	11.13	13.28	70.08	62	0
4	3	28	0.83	3373	2918	0.72	175	0	0	1	78.06	1	35.68	0.02	0.80	0.67	97.74	11.13
8	4	105	3.42	3055	2918	0.68	567	0	0	3	73.56	5	37.15	0.04	3.63	13.14	80.00	9.61	11.82	73.16	66	0
8	5	48	1.79	2691	2918	0.80	362	0	0	2	75.50	3	37.44	0.02	2.01	3.71	92.59	9.61
12	6	526	11.54	4561	2918	1.33	742	0	0	14	35.54	26	38.66	0.00	1.95	4.94	81.64	3.82	4.87	79.06	64	0
12	7	54	1.25	4305	2918	0.92	170	0	0	1	66.21	2	39.22	0.02	1.50	0.30	96.98	3.82
16	8	80	2.35	3405	2918	0.63	437	0	0	3	69.92	4	31.86	0.06	2.46	5.55	89.75	6.66	12.08	70.41	69	6
16	9	349	8.31	4203	2918	1.56	620	0	0	10	46.66	21	46.41	0.00	1.46	9.60	80.74	6.66
20	10	67	2.23	2997	2918	0.86	433	0	0	2	74.44	3	36.71	0.02	2.71	8.61	86.58	6.56	7.48	82.65	64	0
20	11	61	1.61	3781	2918	0.96	182	0	0	1	64.63	2	43.54	0.04	1.81	0.87	95.76	6.56
24	12	3590	99.77	3598	2918	0.07	2032	1	0	1	14.04	2	26.39	0.00	0.00	0.00	0.00	0.00	0.00	0.00	75	0
25	13	3590	99.77	3598	2918	0.07	2030	1	0	1	7.32	2	19.67	0.00	0.00	0.00	0.00	0.00	0.00	0.00	75	0
26	14	3590	99.77	3598	2918	0.07	2029	1	0	1	7.34	2	20.02	0.00	0.00	0.00	0.00	0.00	0.00	0.00	75	0
27	15	3590	99.77	3598	2918	0.07	2031	1	0	1	8.79	2	20.53	0.00	0.00	0.00	0.00	0.00	0.00	0.00	75	0
Core	CPU	Avg_MHz	Busy%	Bzy_MHz	TSC_MHz	IPC	IRQ	NMI	SMI	LLCMRPS	LLC%hit	L2MRPS	L2%hit	POLL%	C1ACPI%	C2ACPI%	C3ACPI%	CPU%c1	CPU%c6	CPU%c7	CoreTmp	CoreThr	PkgTmp	GFX%rc6	GFXMHz	GFXAMHz	Totl%C0	Any%C0	GFX%C0	CPUGFX%	Pkg%pc2	Pkg%pc3	Pkg%pc6	Pkg%pc8	Pk%pc10	CPU%LPI	SYS%LPI	PkgWatt	CorWatt	GFXWatt	RAMWatt	PKG_%	RAM_%	UncMHz	SysWatt
-	-	1255	34.28	3665	2916	0.67	19288	0	0	186	22.63	450	41.15	0.02	1.17	6.99	57.56	2.43	7.98	35.33	96	64	96	94.68	300	300	550.73	100.50	4.32	4.32	0.00	0.00	0.00	0.00	0.00	0.00	0.00	31.70	26.75	0.03	0.00	0.00	0.00	2500	3.60
0	0	638	18.41	3464	2918	2.25	1483	0	0	16	39.54	54	56.21	0.03	1.77	32.19	48.07	4.60	30.19	38.53	96	40	96	94.87	300	300	551.45	100.64	4.33	4.33	0.00	0.00	0.00	0.00	0.00	0.00	0.00	31.77	26.80	0.03	0.00	0.00	0.00	2500
0	1	277	7.08	3910	2918	1.83	913	0	0	12	15.80	22	23.72	0.00	0.80	10.45	81.78	4.60
4	2	656	15.99	4103	2918	2.04	1030	0	0	26	14.73	56	34.55	0.03	1.66	11.16	71.35	3.59	13.00	65.98	72	0
4	3	39	1.35	2925	2918	0.70	385	0	0	1	77.66	2	34.23	0.02	1.21	3.14	94.40	3.59
8	4	72	2.29	3132	2918	0.47	793	0	0	2	71.28	3	34.07	0.02	3.42	15.00	79.42	2.67	7.36	39.62	93	64
8	5	2155	48.85	4412	2918	2.38	1498	0	0	58	20.51	144	41.02	0.05	0.69	0.11	50.29	2.67
12	6	479	10.89	4403	2918	1.11	917	0	0	13	32.17	24	34.93	0.00	2.68	12.65	73.88	2.51	9.92	47.86	83	0
12	7	1327	31.52	4211	2918	2.36	1320	0	0	46	12.36	122	42.86	0.06	1.10	5.33	62.08	2.51
16	8	76	2.67	2835	2918	0.49	610	0	0	3	68.77	4	29.42	0.04	1.63	7.30	88.60	2.40	12.27	76.49	84	0
16	9	217	5.68	3815	2918	1.06	591	0	0	5	39.58	10	46.35	0.00	1.09	6.15	87.23	2.40
20	10	39	1.57	2500	2918	0.64	421	0	0	1	78.04	2	33.99	0.02	1.12	3.92	93.54	3.66	7.09	84.92	70	0
20	11	90	2.84	3175	2918	1.02	456	0	0	2	60.39	4	41.94	0.01	1.55	4.63	91.13	3.66
24	12	3507	99.77	3515	2918	0.07	2217	0	0	0	18.35	1	29.76	0.00	0.00	0.00	0.00	0.00	0.00	0.00	79	0
25	13	3506	99.77	3515	2918	0.07	2217	0	0	0	9.76	1	26.53	0.00	0.00	0.00	0.00	0.00	0.00	0.00	78	0
26	14	3506	99.77	3514	2918	0.07	2218	0	0	1	9.73	1	27.31	0.00	0.00	0.00	0.00	0.00	0.00	0.00	78	0
27	15	3506	99.77	3514	2918	0.07	2219	0	0	0	12.18	1	27.67	0.00	0.00	0.00	0.00	0.00	0.00	0.00	79	0
Core	CPU	Avg_MHz	Busy%	Bzy_MHz	TSC_MHz	IPC	IRQ	NMI	SMI	LLCMRPS	LLC%hit	L2MRPS	L2%hit	POLL%	C1ACPI%	C2ACPI%	C3ACPI%	CPU%c1	CPU%c6	CPU%c7	CoreTmp	CoreThr	PkgTmp	GFX%rc6	GFXMHz	GFXAMHz	Totl%C0	Any%C0	GFX%C0	CPUGFX%	Pkg%pc2	Pkg%pc3	Pkg%pc6	Pkg%pc8	Pk%pc10	CPU%LPI	SYS%LPI	PkgWatt	CorWatt	GFXWatt	RAMWatt	PKG_%	RAM_%	UncMHz	SysWatt
-	-	1619	46.59	3473	2921	1.27	31441	0	0	420	14.91	842	31.99	0.03	2.31	9.23	41.96	4.31	8.39	14.90	93	188	93	95.11	300	300	738.43	100.76	4.29	4.29	0.00	0.00	0.00	0.00	0.00	0.00	0.00	44.60	38.10	0.03	0.00	0.00	0.00	3500	6.39
0	0	609	17.35	3510	2918	1.20	1912	0	0	19	25.89	34	29.44	0.02	2.81	29.37	50.83	9.61	20.77	25.98	79	56	93	94.92	300	300	737.49	100.63	4.28	4.28	0.00	0.00	0.00	0.00	0.00	0.00	0.00	44.51	38.03	0.03	0.00	0.00	0.00	3500
0	1	1076	28.71	3749	2918	2.98	1771	0	0	23	21.63	50	41.49	0.05	4.43	10.30	56.72	9.61
4	2	172	6.68	2581	2918	0.76	1504	0	0	5	59.92	7	31.98	0.02	3.52	27.38	62.85	6.09	28.08	54.46	72	0
4	3	195	6.16	3171	2918	0.95	939	0	0	4	35.19	7	40.07	0.02	2.31	7.78	84.00	6.09
8	4	1982	49.38	4014	2918	2.02	2446	0	0	92	8.85	176	24.91	0.10	1.96	6.10	42.53	1.43	0.64	1.18	93	187
8	5	1941	49.66	3908	2918	3.20	2035	0	0	35	21.87	82	46.00	0.07	3.02	2.23	45.05	1.43
12	6	1444	36.38	3970	2918	1.96	1898	0	0	64	9.37	125	26.19	0.06	3.36	8.17	52.08	2.25	0.61	3.54	80	0
12	7	2419	61.31	3946	2918	2.98	2169	0	0	58	15.94	124	38.28	0.05	2.38	1.54	34.70	2.26
16	8	134	3.77	3566	2918	0.65	1154	0	0	2	56.99	5	43.25	0.02	3.75	11.31	81.29	3.72	5.79	15.95	93	188
16	9	2900	73.37	3953	2918	2.42	2882	0	0	104	10.67	206	29.45	0.05	2.62	4.58	19.40	3.72
20	10	235	8.04	2923	2918	0.92	1577	0	0	6	45.58	11	35.50	0.00	4.31	29.42	58.60	11.36	27.95	47.82	73	0
20	11	180	5.82	3085	2918	1.12	989	0	0	3	51.43	6	47.23	0.03	2.47	9.33	82.63	11.36
24	12	3152	99.77	3160	2918	0.08	2560	0	0	1	13.51	2	28.71	0.00	0.00	0.00	0.00	0.00	0.00	0.00	83	0
25	13	3152	99.77	3159	2918	0.07	2534	0	0	1	6.55	2	21.37	0.00	0.00	0.00	0.00	0.00	0.00	0.00	85	0
26	14	3152	99.77	3159	2918	0.07	2534	0	0	1	6.48	2	21.57	0.00	0.00	0.00	0.00	0.00	0.00	0.00	85	0
27	15	3152	99.77	3159	2918	0.07	2537	0	0	1	8.25	2	21.78	0.00	0.00	0.00	0.00	0.00	0.00	0.00	83	0
Core	CPU	Avg_MHz	Busy%	Bzy_MHz	TSC_MHz	IPC	IRQ	NMI	SMI	LLCMRPS	LLC%hit	L2MRPS	L2%hit	POLL%	C1ACPI%	C2ACPI%	C3ACPI%	CPU%c1	CPU%c6	CPU%c7	CoreTmp	CoreThr	PkgTmp	GFX%rc6	GFXMHz	GFXAMHz	Totl%C0	Any%C0	GFX%C0	CPUGFX%	Pkg%pc2	Pkg%pc3	Pkg%pc6	Pkg%pc8	Pk%pc10	CPU%LPI	SYS%LPI	PkgWatt	CorWatt	GFXWatt	RAMWatt	PKG_%	RAM_%	UncMHz	SysWatt
-	-	1697	46.72	3635	2916	0.98	29701	0	0	596	10.43	1151	25.40	0.04	2.21	7.88	43.18	4.96	7.63	15.40	94	132	94	94.72	300	300	734.92	100.56	4.33	4.33	0.00	0.00	0.00	0.00	0.00	0.00	0.00	49.59	42.07	0.03	0.00	0.00	0.00	3500	7.70
0	0	1358	36.32	3738	2918	1.86	2303	0	0	59	12.48	113	25.21	0.03	3.50	25.85	34.65	12.92	22.93	23.01	81	71	94	94.87	300	300	735.48	100.63	4.34	4.34	0.00	0.00	0.00	0.00	0.00	0.00	0.00	49.67	42.14	0.03	0.00	0.00	0.00	3500
0	1	219	6.23	3522	2918	1.18	1468	0	0	7	29.86	13	27.87	0.03	3.75	18.51	71.71	12.92
4	2	144	5.70	2516	2918	0.61	1512	0	0	4	64.10	6	35.74	0.01	4.84	31.33	58.53	11.12	27.72	53.62	74	0
4	3	63	2.52	2514	2918	0.58	729	0	0	2	70.04	3	37.54	0.02	2.29	6.33	89.05	11.12
8	4	3865	93.07	4153	2918	2.01	3299	0	0	179	8.28	344	24.27	0.14	1.83	0.32	4.66	1.79	0.00	0.01	94	132
8	5	326	7.77	4196	2918	1.70	882	0	0	13	12.85	26	26.60	0.02	2.60	1.65	88.00	1.79
12	6	89	2.15	4149	2918	0.86	743	0	0	2	38.14	4	39.11	0.03	3.34	3.72	90.82	1.17	0.00	0.01	85	0
12	7	4100	98.52	4162	2918	2.01	3443	0	0	189	8.14	365	24.31	0.16	1.31	0.02	0.01	1.16
16	8	393	11.50	3419	2918	0.95	1394	0	0	9	28.39	19	37.69	0.05	4.20	21.53	63.09	9.68	20.56	52.83	88	5
16	9	238	6.77	3509	2918	0.89	799	0	0	5	29.69	9	38.87	0.01	2.91	5.51	84.98	9.68
20	10	2742	64.93	4224	2918	1.90	2500	0	0	119	8.66	230	25.11	0.06	1.94	2.78	30.37	3.05	5.13	24.53	84	1
20	11	521	12.75	4087	2918	0.78	1009	0	0	9	25.21	17	43.34	0.02	2.91	8.76	75.69	3.05
24	12	3277	99.77	3284	2918	0.07	2404	0	0	0	17.40	1	29.48	0.00	0.00	0.00	0.00	0.00	0.00	0.00	82	0
25	13	3277	99.77	3284	2918	0.07	2404	0	0	0	8.02	1	26.18	0.00	0.00	0.00	0.00	0.00	0.00	0.00	82	0
26	14	3277	99.77	3284	2918	0.07	2404	0	0	0	7.69	1	26.12	0.00	0.00	0.00	0.00	0.00	0.00	0.00	82	0
27	15	3277	99.77	3285	2918	0.07	2408	0	0	0	12.10	1	27.72	0.00	0.00	0.00	0.00	0.00	0.00	0.00	82	0
Core	CPU	Avg_MHz	Busy%	Bzy_MHz	TSC_MHz	IPC	IRQ	NMI	SMI	LLCMRPS	LLC%hit	L2MRPS	L2%hit	POLL%	C1ACPI%	C2ACPI%	C3ACPI%	CPU%c1	CPU%c6	CPU%c7	CoreTmp	CoreThr	PkgTmp	GFX%rc6	GFXMHz	GFXAMHz	Totl%C0	Any%C0	GFX%C0	CPUGFX%	Pkg%pc2	Pkg%pc3	Pkg%pc6	Pkg%pc8	Pk%pc10	CPU%LPI	SYS%LPI	PkgWatt	CorWatt	GFXWatt	RAMWatt	PKG_%	RAM_%	UncMHz	SysWatt
-	-	1663	46.91	3544	2920	1.01	31559	3	0	598	11.04	1163	26.00	0.03	1.89	8.39	42.89	3.61	8.41	15.33	94	206	94	95.32	300	300	739.02	100.64	4.00	4.00	0.00	0.00	0.00	0.00	0.00	0.00	0.00	47.69	40.18	0.03	0.00	0.00	0.00	3300	7.20
0	0	551	16.75	3292	2918	1.21	1803	0	0	17	29.08	33	31.13	0.01	2.46	33.08	48.23	8.03	35.74	35.23	75	0	94	95.26	300	300	738.95	100.63	4.00	4.00	0.00	0.00	0.00	0.00	0.00	0.00	0.00	47.66	40.16	0.03	0.00	0.00	0.00	3300
0	1	100	3.95	2535	2918	0.59	1410	0	0	2	65.59	4	33.51	0.00	3.63	20.31	72.37	8.03
4	2	579	15.90	3642	2918	1.72	1881	0	0	24	15.77	45	25.08	0.03	3.74	26.56	54.17	8.78	25.91	45.88	83	0
4	3	133	4.42	3021	2918	0.91	904	0	0	2	56.72	5	45.28	0.00	3.23	7.31	85.28	8.78
8	4	3330	82.00	4061	2918	2.06	3227	1	0	156	8.34	302	24.52	0.12	1.57	2.71	13.63	2.33	1.12	4.90	94	206
8	5	455	12.14	3746	2918	2.00	1127	0	0	21	11.73	42	26.09	0.05	2.54	2.10	83.25	2.33
12	6	80	1.99	4029	2918	0.53	818	0	0	1	52.18	3	42.60	0.03	2.56	5.85	89.64	1.34	0.03	0.00	85	6
12	7	3986	98.31	4054	2918	2.08	3474	0	0	189	8.00	365	24.29	0.14	1.51	0.03	0.00	1.34
16	8	1630	43.24	3770	2918	2.02	2232	0	0	76	10.03	152	26.69	0.06	2.69	9.21	44.98	3.13	12.72	30.61	91	100
16	9	857	22.50	3808	2918	0.99	1569	0	0	16	34.03	36	50.34	0.01	1.49	10.46	65.65	3.13
20	10	265	7.39	3578	2918	1.46	1171	0	0	10	21.53	18	27.22	0.03	2.97	13.35	76.48	5.27	8.62	36.69	77	1
20	11	1799	43.02	4182	2918	1.94	1928	0	0	80	9.11	153	24.46	0.03	1.82	3.16	52.06	5.27
24	12	3210	99.77	3217	2918	0.07	2504	1	0	0	17.26	1	30.11	0.00	0.00	0.00	0.00	0.00	0.00	0.00	85	0
25	13	3210	99.77	3217	2918	0.07	2502	0	0	0	8.89	1	27.73	0.00	0.00	0.00	0.00	0.00	0.00	0.00	86	0
26	14	3210	99.77	3217	2918	0.07	2502	0	0	0	7.84	1	27.58	0.00	0.00	0.00	0.00	0.00	0.00	0.00	85	0
27	15	3210	99.77	3217	2918	0.07	2507	1	0	0	11.21	1	27.84	0.00	0.00	0.00	0.00	0.00	0.00	0.00	85	0
Core	CPU	Avg_MHz	Busy%	Bzy_MHz	TSC_MHz	IPC	IRQ	NMI	SMI	LLCMRPS	LLC%hit	L2MRPS	L2%hit	POLL%	C1ACPI%	C2ACPI%	C3ACPI%	CPU%c1	CPU%c6	CPU%c7	CoreTmp	CoreThr	PkgTmp	GFX%rc6	GFXMHz	GFXAMHz	Totl%C0	Any%C0	GFX%C0	CPUGFX%	Pkg%pc2	Pkg%pc3	Pkg%pc6	Pkg%pc8	Pk%pc10	CPU%LPI	SYS%LPI	PkgWatt	CorWatt	GFXWatt	RAMWatt	PKG_%	RAM_%	UncMHz	SysWatt
-	-	1866	53.64	3479	2919	1.06	60709	5	0	608	14.57	1292	35.82	0.06	4.41	9.76	32.21	7.84	5.29	7.01	94	234	94	95.71	300	300	820.85	100.67	3.61	3.61	0.00	0.00	0.00	0.00	0.00	0.00	0.00	49.88	42.27	0.03	0.00	0.00	0.00	3300	7.88
0	0	1929	52.52	3673	2918	1.86	4968	0	0	72	11.50	147	31.56	0.08	6.10	21.81	19.77	18.24	15.85	11.04	78	57	94	95.67	300	300	820.58	100.63	3.61	3.61	0.00	0.00	0.00	0.00	0.00	0.00	0.00	49.86	42.25	0.03	0.00	0.00	0.00	3300
0	1	232	6.91	3360	2918	0.77	2588	0	0	5	50.05	9	37.91	0.09	8.14	29.04	56.12	18.24
4	2	2319	60.27	3848	2918	1.85	4322	1	0	81	12.90	177	36.86	0.12	4.99	13.43	21.38	14.93	9.76	10.55	82	1
4	3	359	9.75	3687	2918	1.69	2642	0	0	5	50.72	16	65.74	0.06	7.60	12.04	70.75	14.93
8	4	1768	46.26	3823	2918	1.72	4217	0	0	63	14.63	132	33.74	0.12	5.96	11.69	36.09	3.84	0.42	2.19	94	234
8	5	2464	63.98	3851	2918	1.86	6350	1	0	104	12.22	201	28.02	0.08	3.45	3.62	28.89	3.84
12	6	2550	65.29	3905	2918	1.73	3586	0	0	77	19.21	194	46.90	0.07	4.54	7.71	22.43	8.14	2.33	3.58	92	9
12	7	1137	29.75	3821	2918	1.88	10371	1	0	31	15.39	75	43.14	0.07	5.86	7.69	56.73	8.14
16	8	1672	45.11	3706	2918	1.78	3425	0	0	63	11.00	122	30.16	0.04	5.48	12.43	37.11	8.87	11.88	24.54	92	85
16	9	501	13.66	3668	2918	1.32	2159	0	0	8	58.31	30	70.21	0.11	7.50	14.38	64.63	8.87
20	10	1854	47.99	3864	2918	1.81	3742	0	0	75	10.51	143	27.76	0.08	5.98	13.93	32.22	8.68	12.62	18.19	87	0
20	11	664	17.64	3763	2918	1.45	1888	0	0	19	17.81	40	35.98	0.02	5.01	8.28	69.19	8.67
24	12	3102	99.77	3110	2918	0.08	2597	0	0	1	13.00	2	26.10	0.00	0.00	0.00	0.00	0.00	0.00	0.00	85	0
25	13	3102	99.77	3110	2918	0.07	2666	1	0	1	6.46	2	21.71	0.00	0.00	0.00	0.00	0.00	0.00	0.00	85	0
26	14	3102	99.77	3110	2918	0.07	2594	1	0	1	5.80	2	21.80	0.00	0.00	0.00	0.00	0.00	0.00	0.00	85	0
27	15	3102	99.77	3110	2918	0.08	2594	0	0	1	8.45	2	24.70	0.00	0.00	0.00	0.00	0.00	0.00	0.00	85	0
Core	CPU	Avg_MHz	Busy%	Bzy_MHz	TSC_MHz	IPC	IRQ	NMI	SMI	LLCMRPS	LLC%hit	L2MRPS	L2%hit	POLL%	C1ACPI%	C2ACPI%	C3ACPI%	CPU%c1	CPU%c6	CPU%c7	CoreTmp	CoreThr	PkgTmp	GFX%rc6	GFXMHz	GFXAMHz	Totl%C0	Any%C0	GFX%C0	CPUGFX%	Pkg%pc2	Pkg%pc3	Pkg%pc6	Pkg%pc8	Pk%pc10	CPU%LPI	SYS%LPI	PkgWatt	CorWatt	GFXWatt	RAMWatt	PKG_%	RAM_%	UncMHz	SysWatt
-	-	1674	47.65	3512	2919	1.02	36274	0	0	595	11.02	1173	26.82	0.04	2.60	9.29	40.51	7.21	7.35	13.25	96	246	96	95.02	300	300	741.84	100.63	4.17	4.17	0.00	0.00	0.00	0.00	0.00	0.00	0.00	47.27	39.72	0.03	0.00	0.00	0.00	3500	7.11
0	0	393	13.47	2916	2918	1.35	2533	0	0	8	59.74	18	54.99	0.02	5.91	48.73	32.35	20.61	33.92	16.30	78	15	96	95.02	300	300	741.90	100.63	4.17	4.17	0.00	0.00	0.00	0.00	0.00	0.00	0.00	47.27	39.72	0.03	0.00	0.00	0.00	3500
0	1	659	17.91	3681	2918	1.39	2068	0	0	20	16.16	38	29.17	0.07	4.56	16.05	61.65	20.61
4	2	782	21.20	3690	2918	1.63	1918	0	0	29	14.13	57	26.36	0.03	4.38	21.51	53.21	16.15	18.85	39.90	79	0
4	3	142	4.90	2902	2918	0.72	1244	0	0	2	61.43	4	42.97	0.05	4.33	13.43	77.59	16.15
8	4	3609	89.91	4014	2918	2.06	3464	0	0	169	8.38	329	25.23	0.09	1.67	0.46	7.85	2.24	0.52	6.66	96	246
8	5	342	8.88	3851	2918	0.72	1223	0	0	6	27.17	11	45.25	0.02	3.46	6.22	81.49	2.24
12	6	3802	94.44	4026	2918	2.10	3490	0	0	182	8.37	356	24.71	0.13	1.83	0.36	3.25	1.49	0.68	1.13	89	0
12	7	194	5.12	3793	2918	1.60	2565	0	0	2	55.95	7	72.34	0.01	2.24	4.46	88.23	1.49
16	8	704	20.13	3500	2918	1.93	1708	0	0	32	13.79	62	26.23	0.01	3.78	12.36	64.00	12.54	15.98	48.71	93	47
16	9	117	4.27	2744	2918	0.94	1193	0	0	2	59.00	4	48.61	0.03	3.46	13.66	78.87	12.53
20	10	505	13.32	3789	2918	1.24	1558	0	0	14	23.08	33	37.68	0.04	4.23	10.91	71.67	4.66	3.55	19.82	86	19
20	11	2820	69.81	4040	2918	1.97	2997	0	0	127	8.73	249	25.50	0.08	1.80	0.53	27.83	4.66
24	12	3177	99.77	3184	2918	0.07	2581	0	0	0	18.42	1	30.74	0.00	0.00	0.00	0.00	0.00	0.00	0.00	85	0
25	13	3177	99.77	3184	2918	0.07	2577	0	0	0	9.17	1	28.25	0.00	0.00	0.00	0.00	0.00	0.00	0.00	83	0
26	14	3177	99.77	3184	2918	0.07	2577	0	0	1	8.81	1	28.03	0.00	0.00	0.00	0.00	0.00	0.00	0.00	83	0
27	15	3177	99.77	3184	2918	0.07	2578	0	0	0	12.05	1	28.30	0.00	0.00	0.00	0.00	0.00	0.00	0.00	83	0
Core	CPU	Avg_MHz	Busy%	Bzy_MHz	TSC_MHz	IPC	IRQ	NMI	SMI	LLCMRPS	LLC%hit	L2MRPS	L2%hit	POLL%	C1ACPI%	C2ACPI%	C3ACPI%	CPU%c1	CPU%c6	CPU%c7	CoreTmp	CoreThr	PkgTmp	GFX%rc6	GFXMHz	GFXAMHz	Totl%C0	Any%C0	GFX%C0	CPUGFX%	Pkg%pc2	Pkg%pc3	Pkg%pc6	Pkg%pc8	Pk%pc10	CPU%LPI	SYS%LPI	PkgWatt	CorWatt	GFXWatt	RAMWatt	PKG_%	RAM_%	UncMHz	SysWatt
-	-	1522	46.81	3253	2918	1.09	34680	1	0	593	10.69	1161	25.52	0.03	2.41	9.73	41.09	5.78	7.64	14.23	93	272	94	94.77	300	300	740.96	100.66	4.33	4.33	0.00	0.00	0.00	0.00	0.00	0.00	0.00	39.83	32.29	0.03	0.00	0.00	0.00	3100	5.24
0	0	147	6.90	2126	2918	0.66	2554	0	0	5	73.39	7	29.96	0.01	6.06	56.18	31.36	16.22	36.96	15.18	80	28	94	94.77	300	300	740.76	100.63	4.33	4.33	0.00	0.00	0.00	0.00	0.00	0.00	0.00	39.83	32.29	0.03	0.00	0.00	0.00	3100
0	1	945	26.66	3545	2918	1.76	2018	0	0	39	11.96	74	26.12	0.03	3.49	15.65	54.38	16.22
4	2	252	8.98	2803	2918	0.39	1673	0	0	3	67.46	5	40.70	0.02	4.44	22.10	64.89	16.01	19.13	52.84	74	0
4	3	75	3.46	2166	2918	0.52	1016	0	0	1	74.95	2	38.41	0.04	3.39	7.07	86.37	16.01
8	4	3627	98.51	3682	2918	2.25	3994	0	0	186	8.79	367	25.14	0.07	1.33	0.00	0.02	1.04	0.00	0.00	93	170
8	5	330	8.99	3670	2918	0.68	1401	0	0	6	25.80	12	43.78	0.01	2.19	10.92	77.95	1.04
12	6	3618	98.31	3681	2918	2.28	3459	1	0	187	8.16	367	24.45	0.13	1.49	0.01	0.06	1.34	0.00	0.04	81	0
12	7	67	1.83	3651	2918	0.66	924	0	0	1	57.63	2	42.00	0.01	3.13	2.99	92.11	1.34
16	8	1005	27.73	3623	2918	2.10	2150	0	0	49	10.53	96	25.06	0.03	4.47	14.85	53.04	3.39	3.33	9.99	93	272
16	9	2119	57.86	3663	2918	2.24	2672	0	0	108	8.52	211	24.70	0.06	2.10	2.52	37.51	3.39
20	10	197	7.34	2689	2918	0.82	1306	0	0	4	58.29	8	47.51	0.01	3.83	15.82	73.40	8.22	16.97	64.24	77	0
20	11	71	3.34	2138	2918	0.82	974	0	0	2	67.30	4	55.67	0.02	2.68	7.66	86.63	8.22
24	12	2978	99.77	2985	2918	0.07	2636	0	0	0	17.56	1	29.98	0.00	0.00	0.00	0.00	0.00	0.00	0.00	85	0
25	13	2978	99.77	2985	2918	0.07	2634	0	0	0	8.80	1	27.58	0.00	0.00	0.00	0.00	0.00	0.00	0.00	85	0
26	14	2978	99.77	2985	2918	0.07	2634	0	0	1	7.94	1	27.53	0.00	0.00	0.00	0.00	0.00	0.00	0.00	85	0
27	15	2978	99.77	2985	2918	0.07	2635	0	0	0	11.73	1	28.42	0.00	0.00	0.00	0.00	0.00	0.00	0.00	85	0
Core	CPU	Avg_MHz	Busy%	Bzy_MHz	TSC_MHz	IPC	IRQ	NMI	SMI	LLCMRPS	LLC%hit	L2MRPS	L2%hit	POLL%	C1ACPI%	C2ACPI%	C3ACPI%	CPU%c1	CPU%c6	CPU%c7	CoreTmp	CoreThr	PkgTmp	GFX%rc6	GFXMHz	GFXAMHz	Totl%C0	Any%C0	GFX%C0	CPUGFX%	Pkg%pc2	Pkg%pc3	Pkg%pc6	Pkg%pc8	Pk%pc10	CPU%LPI	SYS%LPI	PkgWatt	CorWatt	GFXWatt	RAMWatt	PKG_%	RAM_%	UncMHz	SysWatt
-	-	1603	46.50	3446	2920	1.04	31846	2	0	596	10.40	1164	25.55	0.03	2.14	7.95	43.49	6.24	6.44	15.75	97	110	97	94.87	300	300	733.11	100.61	4.29	4.29	0.00	0.00	0.00	0.00	0.00	0.00	0.00	45.18	37.58	0.03	0.00	0.00	0.00	3600	6.58
0	0	1651	44.14	3741	2918	2.09	2515	0	0	80	10.56	154	24.64	0.08	3.07	22.15	30.94	13.66	20.24	19.49	97	83	97	94.85	300	300	733.28	100.63	4.29	4.29	0.00	0.00	0.00	0.00	0.00	0.00	0.00	45.17	37.57	0.03	0.00	0.00	0.00	3600
0	1	110	3.76	2924	2918	0.43	1682	0	0	2	76.50	4	30.62	0.00	4.08	23.96	68.42	13.66
4	2	745	20.14	3699	2918	1.63	1739	0	0	29	13.74	55	25.84	0.03	4.04	14.36	61.74	11.69	13.96	49.25	81	0
4	3	189	5.70	3321	2918	1.47	970	0	0	7	20.36	13	27.45	0.01	2.72	8.07	83.73	11.69
8	4	2339	60.90	3840	2918	2.09	2631	0	0	112	9.07	223	25.66	0.08	2.27	1.94	34.90	4.12	4.31	24.63	86	110
8	5	595	15.81	3764	2918	0.75	1323	0	0	11	20.68	20	40.37	0.00	1.96	9.56	72.76	4.12
12	6	3859	98.27	3927	2918	2.16	3431	0	0	189	7.93	370	24.32	0.16	1.55	0.00	0.04	1.39	0.00	0.02	89	7
12	7	57	1.46	3923	2918	0.65	780	0	0	1	57.11	2	41.80	0.02	2.54	3.24	92.81	1.39
16	8	1385	38.02	3643	2918	2.13	2079	1	0	69	10.08	134	24.94	0.04	3.46	12.74	45.96	10.10	11.60	37.72	78	99
16	9	119	3.99	2986	2918	0.85	920	0	0	2	54.01	5	48.57	0.01	2.38	6.32	87.49	10.10
20	10	1920	48.41	3966	2918	1.98	2597	1	0	88	9.85	171	25.30	0.04	3.40	16.38	31.99	8.98	14.26	26.41	91	4
20	11	149	4.39	3399	2918	0.55	966	0	0	2	55.04	5	60.94	0.02	2.78	8.38	84.60	8.98
24	12	3130	99.77	3137	2918	0.08	2539	0	0	1	10.90	2	22.58	0.00	0.00	0.00	0.00	0.00	0.00	0.00	82	0
25	13	3130	99.77	3137	2918	0.08	2538	0	0	1	5.56	2	21.53	0.00	0.00	0.00	0.00	0.00	0.00	0.00	82	0
26	14	3130	99.77	3137	2918	0.08	2537	0	0	1	5.40	2	21.58	0.00	0.00	0.00	0.00	0.00	0.00	0.00	82	0
27	15	3130	99.77	3138	2918	0.09	2599	0	0	1	11.72	2	38.04	0.00	0.00	0.00	0.00	0.00	0.00	0.00	82	0
Core	CPU	Avg_MHz	Busy%	Bzy_MHz	TSC_MHz	IPC	IRQ	NMI	SMI	LLCMRPS	LLC%hit	L2MRPS	L2%hit	POLL%	C1ACPI%	C2ACPI%	C3ACPI%	CPU%c1	CPU%c6	CPU%c7	CoreTmp	CoreThr	PkgTmp	GFX%rc6	GFXMHz	GFXAMHz	Totl%C0	Any%C0	GFX%C0	CPUGFX%	Pkg%pc2	Pkg%pc3	Pkg%pc6	Pkg%pc8	Pk%pc10	CPU%LPI	SYS%LPI	PkgWatt	CorWatt	GFXWatt	RAMWatt	PKG_%	RAM_%	UncMHz	SysWatt
-	-	1593	46.77	3406	2919	1.04	33076	7	0	596	10.53	1167	25.57	0.03	2.42	8.40	42.50	7.11	6.52	14.95	95	213	95	94.99	300	300	733.82	100.69	4.21	4.21	0.00	0.00	0.00	0.00	0.00	0.00	0.00	44.05	36.42	0.03	0.00	0.00	0.00	3100	6.29
0	0	1483	41.55	3569	2918	2.14	2526	1	0	72	11.26	142	25.36	0.05	3.75	22.00	33.04	10.54	22.42	22.85	81	83	95	94.90	300	300	733.44	100.63	4.21	4.21	0.00	0.00	0.00	0.00	0.00	0.00	0.00	44.01	36.39	0.03	0.00	0.00	0.00	3100
0	1	90	3.36	2670	2918	0.53	1706	0	0	3	75.92	4	30.84	0.04	3.17	22.27	71.44	10.54
4	2	745	20.73	3592	2918	1.52	1951	0	0	27	14.41	52	25.80	0.02	5.25	20.19	54.13	16.50	17.88	42.22	78	0
4	3	87	3.37	2589	2918	0.81	1045	0	0	2	60.89	3	41.84	0.01	3.29	11.21	82.37	16.50
8	4	3291	85.33	3857	2918	2.13	3469	1	0	161	8.79	318	25.10	0.10	1.37	1.93	11.29	1.84	3.12	7.21	94	213
8	5	498	13.13	3793	2918	0.68	1271	0	0	9	23.46	17	42.20	0.02	2.16	8.72	76.05	1.84
12	6	3767	97.24	3874	2918	2.16	3553	0	0	185	8.18	364	24.60	0.13	1.76	0.22	0.65	1.80	0.00	0.62	87	0
12	7	260	6.44	4033	2918	0.62	997	0	0	4	27.32	8	42.47	0.00	2.79	6.84	83.97	1.80
16	8	841	24.11	3489	2918	2.06	1867	0	0	40	11.51	79	25.16	0.04	5.27	16.48	54.43	15.77	14.17	42.67	95	48
16	9	146	4.97	2933	2918	0.86	1026	0	0	3	54.75	6	49.15	0.01	2.98	7.95	84.34	15.77
20	10	1809	46.19	3916	2918	2.05	2297	0	0	85	9.04	166	24.60	0.04	3.96	8.51	41.48	10.40	7.63	33.89	76	0
20	11	78	2.78	2821	2918	0.74	954	1	0	2	59.77	3	51.27	0.00	2.87	8.01	86.52	10.40
24	12	3098	99.77	3105	2918	0.07	2602	1	0	0	17.25	1	29.96	0.00	0.00	0.00	0.00	0.00	0.00	0.00	85	0
25	13	3098	99.77	3105	2918	0.07	2602	1	0	0	8.70	1	27.41	0.00	0.00	0.00	0.00	0.00	0.00	0.00	85	0
26	14	3097	99.77	3105	2918	0.07	2602	1	0	1	8.34	1	28.05	0.00	0.00	0.00	0.00	0.00	0.00	0.00	85	0
27	15	3097	99.77	3104	2918	0.07	2608	1	0	0	12.27	1	28.55	0.00	0.00	0.00	0.00	0.00	0.00	0.00	85	0
Core	CPU	Avg_MHz	Busy%	Bzy_MHz	TSC_MHz	IPC	IRQ	NMI	SMI	LLCMRPS	LLC%hit	L2MRPS	L2%hit	POLL%	C1ACPI%	C2ACPI%	C3ACPI%	CPU%c1	CPU%c6	CPU%c7	CoreTmp	CoreThr	PkgTmp	GFX%rc6	GFXMHz	GFXAMHz	Totl%C0	Any%C0	GFX%C0	CPUGFX%	Pkg%pc2	Pkg%pc3	Pkg%pc6	Pkg%pc8	Pk%pc10	CPU%LPI	SYS%LPI	PkgWatt	CorWatt	GFXWatt	RAMWatt	PKG_%	RAM_%	UncMHz	SysWatt
-	-	1516	46.85	3237	2917	1.09	33839	0	0	594	10.91	1170	25.65	0.03	2.56	8.73	41.90	6.62	6.59	14.88	94	182	94	94.80	300	300	736.71	100.56	4.24	4.24	0.00	0.00	0.00	0.00	0.00	0.00	0.00	39.51	31.95	0.03	0.00	0.00	0.00	3100	5.18
0	0	2187	61.59	3551	2918	2.19	2901	0	0	110	9.73	220	25.44	0.07	2.70	10.89	24.98	6.65	11.32	14.89	94	102	94	94.90	300	300	737.29	100.63	4.24	4.24	0.00	0.00	0.00	0.00	0.00	0.00	0.00	39.55	31.98	0.03	0.00	0.00	0.00	3100
0	1	488	14.20	3440	2918	0.74	2423	0	0	11	32.34	18	38.29	0.01	4.08	31.61	50.28	6.65
4	2	519	16.78	3090	2918	1.47	2120	0	0	19	19.11	36	27.35	0.02	7.41	31.79	44.44	20.43	24.33	35.03	83	0
4	3	121	4.58	2644	2918	0.90	1059	0	0	2	54.98	5	45.23	0.02	3.48	9.88	82.32	20.43
8	4	3510	96.03	3655	2918	2.27	3689	0	0	182	8.57	360	24.62	0.12	1.49	0.04	2.32	1.77	0.25	1.58	93	182
8	5	66	1.83	3582	2918	0.61	1019	0	0	1	56.93	2	39.18	0.01	3.09	3.44	91.71	1.77
12	6	2644	72.14	3665	2918	2.23	2873	0	0	135	8.58	266	24.71	0.09	2.04	2.71	23.13	3.97	3.59	19.01	80	0
12	7	222	6.28	3544	2918	0.67	1006	0	0	4	31.04	7	42.21	0.00	2.59	7.28	83.97	3.97
16	8	1808	51.05	3542	2918	2.27	2448	0	0	94	8.73	185	24.50	0.06	3.44	4.10	41.51	10.35	5.27	31.54	88	151
16	9	70	2.64	2642	2918	0.53	1031	0	0	1	69.77	2	37.28	0.03	3.69	7.98	85.88	10.35
20	10	644	18.62	3456	2918	1.94	1714	0	0	28	18.97	56	28.93	0.02	3.94	19.17	58.61	9.82	21.12	46.73	84	0
20	11	123	4.71	2609	2918	0.73	1101	0	0	3	62.86	6	50.41	0.02	3.07	10.92	81.58	9.82
24	12	2964	99.77	2971	2918	0.08	2619	0	0	1	13.89	2	25.80	0.00	0.00	0.00	0.00	0.00	0.00	0.00	82	0
25	13	2964	99.77	2971	2918	0.08	2611	0	0	1	7.40	2	24.86	0.00	0.00	0.00	0.00	0.00	0.00	0.00	83	0
26	14	2964	99.77	2971	2918	0.07	2611	0	0	1	5.83	2	21.52	0.00	0.00	0.00	0.00	0.00	0.00	0.00	82	0
27	15	2964	99.77	2971	2918	0.07	2614	0	0	1	7.57	2	21.71	0.00	0.00	0.00	0.00	0.00	0.00	0.00	82	0
Core	CPU	Avg_MHz	Busy%	Bzy_MHz	TSC_MHz	IPC	IRQ	NMI	SMI	LLCMRPS	LLC%hit	L2MRPS	L2%hit	POLL%	C1ACPI%	C2ACPI%	C3ACPI%	CPU%c1	CPU%c6	CPU%c7	CoreTmp	CoreThr	PkgTmp	GFX%rc6	GFXMHz	GFXAMHz	Totl%C0	Any%C0	GFX%C0	CPUGFX%	Pkg%pc2	Pkg%pc3	Pkg%pc6	Pkg%pc8	Pk%pc10	CPU%LPI	SYS%LPI	PkgWatt	CorWatt	GFXWatt	RAMWatt	PKG_%	RAM_%	UncMHz	SysWatt
-	-	1528	46.61	3279	2918	1.07	32649	1	0	590	10.98	1168	25.68	0.03	2.45	8.09	42.91	6.08	6.67	15.84	94	185	94	95.07	300	300	731.90	100.64	4.07	4.07	0.00	0.00	0.00	0.00	0.00	0.00	0.00	40.35	32.76	0.03	0.00	0.00	0.00	3400	5.38
0	0	1639	44.95	3647	2918	2.14	2622	0	0	83	10.55	162	24.71	0.06	3.03	14.30	37.80	6.70	3.21	4.88	82	185	94	95.08	300	300	731.88	100.63	4.07	4.07	0.00	0.00	0.00	0.00	0.00	0.00	0.00	40.35	32.77	0.03	0.00	0.00	0.00	3400
0	1	1632	44.13	3698	2918	2.16	2620	0	0	81	9.82	160	24.72	0.05	3.48	11.44	40.99	6.70
4	2	520	15.47	3360	2918	1.58	1730	0	0	19	17.65	38	29.16	0.03	5.29	19.86	59.72	14.57	20.74	45.65	85	0
4	3	114	4.59	2481	2918	0.90	1109	0	0	3	58.60	5	42.98	0.00	4.10	13.35	78.25	14.57
8	4	2963	81.14	3651	2918	2.22	3256	0	0	150	8.94	302	25.57	0.12	2.39	1.18	15.24	2.97	1.67	10.68	94	155
8	5	594	16.39	3624	2918	1.03	1537	0	0	15	19.71	30	37.38	0.00	2.78	8.43	72.45	2.97
12	6	3453	92.77	3722	2918	2.20	3439	1	0	174	8.65	344	24.64	0.12	1.94	1.48	3.70	3.63	1.26	1.87	87	3
12	7	64	1.81	3543	2918	0.73	796	0	0	1	51.41	2	37.98	0.00	2.03	3.33	92.89	3.63
16	8	765	22.30	3432	2918	1.93	1727	0	0	35	12.76	68	25.35	0.04	3.72	14.16	60.10	11.19	14.57	47.97	88	26
16	9	130	4.74	2742	2918	0.78	972	0	0	3	53.99	5	39.48	0.02	3.23	8.22	84.06	11.19
20	10	520	15.16	3430	2918	1.86	1692	0	0	23	16.52	45	26.37	0.04	4.48	21.63	59.09	9.64	25.21	47.40	75	0
20	11	71	3.22	2192	2918	0.66	966	0	0	2	66.31	3	36.24	0.01	2.69	12.07	82.30	9.64
24	12	2998	99.77	3005	2918	0.07	2553	0	0	0	18.23	1	30.34	0.00	0.00	0.00	0.00	0.00	0.00	0.00	83	0
25	13	2998	99.77	3005	2918	0.07	2543	0	0	0	8.81	1	26.92	0.00	0.00	0.00	0.00	0.00	0.00	0.00	83	0
26	14	2998	99.77	3005	2918	0.07	2543	0	0	0	8.25	1	26.91	0.00	0.00	0.00	0.00	0.00	0.00	0.00	83	0
27	15	2998	99.77	3005	2918	0.07	2544	0	0	0	11.49	1	27.68	0.00	0.00	0.00	0.00	0.00	0.00	0.00	83	0
Core	CPU	Avg_MHz	Busy%	Bzy_MHz	TSC_MHz	IPC	IRQ	NMI	SMI	LLCMRPS	LLC%hit	L2MRPS	L2%hit	POLL%	C1ACPI%	C2ACPI%	C3ACPI%	CPU%c1	CPU%c6	CPU%c7	CoreTmp	CoreThr	PkgTmp	GFX%rc6	GFXMHz	GFXAMHz	Totl%C0	Any%C0	GFX%C0	CPUGFX%	Pkg%pc2	Pkg%pc3	Pkg%pc6	Pkg%pc8	Pk%pc10	CPU%LPI	SYS%LPI	PkgWatt	CorWatt	GFXWatt	RAMWatt	PKG_%	RAM_%	UncMHz	SysWatt
-	-	1538	47.16	3263	2918	1.08	32731	0	0	589	10.81	1154	25.48	0.03	3.08	8.83	40.98	5.62	6.70	14.79	92	210	92	94.92	300	300	746.48	100.66	4.19	4.19	0.00	0.00	0.00	0.00	0.00	0.00	0.00	39.90	32.33	0.03	0.00	0.00	0.00	1300	5.26
0	0	3293	90.32	3647	2918	2.22	3248	0	0	167	8.87	327	24.38	0.09	1.78	3.01	4.84	2.25	3.53	3.19	92	210	92	94.92	300	300	746.26	100.63	4.19	4.19	0.00	0.00	0.00	0.00	0.00	0.00	0.00	39.90	32.33	0.03	0.00	0.00	0.00	1300
0	1	169	4.74	3570	2918	0.65	2163	0	0	4	74.52	6	33.40	0.00	6.55	27.25	61.63	2.25
4	2	694	20.13	3446	2918	1.61	2008	0	0	23	16.38	47	31.88	0.02	6.29	21.53	52.38	16.72	18.01	43.33	75	0
4	3	101	3.85	2630	2918	0.95	998	0	0	2	59.69	3	48.13	0.01	4.55	9.26	82.58	16.72
8	4	246	6.45	3813	2918	1.04	1179	0	0	6	19.94	12	37.73	0.03	4.70	9.04	79.87	1.36	0.00	0.00	92	120
8	5	3512	95.58	3674	2918	2.25	3470	0	0	179	8.33	352	24.12	0.11	1.65	1.02	1.63	1.37
12	6	2020	55.07	3668	2918	2.21	2276	0	0	103	8.41	201	24.58	0.09	2.69	0.84	41.35	1.93	0.05	0.62	81	0
12	7	1673	45.23	3698	2918	2.15	2059	0	0	81	9.24	158	24.06	0.06	3.26	3.86	47.63	1.92
16	8	185	7.02	2640	2918	0.80	1585	0	0	4	54.05	7	38.39	0.04	6.37	22.46	64.52	12.26	23.73	48.54	86	1
16	9	299	9.49	3154	2918	1.02	1170	0	0	8	30.00	14	32.44	0.03	3.44	11.22	76.12	12.26
20	10	382	12.24	3122	2918	0.89	1456	0	0	8	33.61	14	39.06	0.01	4.16	19.86	64.08	10.46	21.72	52.20	74	0
20	11	146	5.24	2786	2918	0.92	1056	0	0	2	59.21	7	64.80	0.00	3.80	11.91	79.31	10.46
24	12	2974	99.77	2981	2918	0.07	2517	0	0	0	18.08	1	29.37	0.00	0.00	0.00	0.00	0.00	0.00	0.00	80	0
25	13	2974	99.77	2981	2918	0.07	2515	0	0	0	8.44	1	26.27	0.00	0.00	0.00	0.00	0.00	0.00	0.00	81	0
26	14	2974	99.77	2981	2918	0.07	2515	0	0	1	8.55	1	27.44	0.00	0.00	0.00	0.00	0.00	0.00	0.00	80	0
27	15	2974	99.77	2981	2918	0.07	2516	0	0	0	11.48	1	27.69	0.00	0.00	0.00	0.00	0.00	0.00	0.00	81	0
Core	CPU	Avg_MHz	Busy%	Bzy_MHz	TSC_MHz	IPC	IRQ	NMI	SMI	LLCMRPS	LLC%hit	L2MRPS	L2%hit	POLL%	C1ACPI%	C2ACPI%	C3ACPI%	CPU%c1	CPU%c6	CPU%c7	CoreTmp	CoreThr	PkgTmp	GFX%rc6	GFXMHz	GFXAMHz	Totl%C0	Any%C0	GFX%C0	CPUGFX%	Pkg%pc2	Pkg%pc3	Pkg%pc6	Pkg%pc8	Pk%pc10	CPU%LPI	SYS%LPI	PkgWatt	CorWatt	GFXWatt	RAMWatt	PKG_%	RAM_%	UncMHz	SysWatt
-	-	662	20.38	3246	2923	0.78	11707	0	0	180	20.61	344	23.63	0.01	1.60	6.60	71.63	12.21	24.94	32.76	71	0	75	95.13	300	300	328.60	64.75	4.25	2.92	6.64	0.04	1.94	0.00	0.00	0.00	0.00	18.47	13.39	0.03	0.00	0.00	0.00	4000	1.45
0	0	1150	33.53	3431	2918	2.07	1062	0	0	55	20.26	105	21.82	0.02	0.62	6.29	59.78	25.19	9.41	29.48	69	0	75	94.91	300	300	328.37	64.70	4.25	2.92	6.64	0.04	1.94	0.00	0.00	0.00	0.00	18.43	13.36	0.03	0.00	0.00	0.00	4000
0	1	91	3.31	2738	2918	0.47	986	0	0	2	78.67	3	29.75	0.05	3.20	21.48	72.19	25.19
4	2	222	6.29	3536	2918	0.46	651	0	0	3	45.98	6	32.69	0.01	2.28	12.99	78.65	19.37	10.18	61.90	68	0
4	3	70	2.39	2935	2918	0.95	341	0	0	2	67.16	3	38.98	0.04	2.63	5.13	89.94	19.37
8	4	248	6.45	3841	2918	1.00	532	0	0	6	44.16	12	42.92	0.02	3.08	8.25	82.37	14.63	4.90	48.89	71	0
8	5	934	26.91	3472	2918	2.19	867	0	0	47	10.58	92	21.45	0.02	2.02	1.88	69.19	14.64
12	6	56	1.90	2922	2918	0.80	255	0	0	2	65.49	3	35.80	0.01	1.94	4.40	91.87	9.19	4.82	57.32	70	0
12	7	918	26.70	3438	2918	2.21	810	0	0	46	10.84	90	21.25	0.01	0.66	2.13	70.53	9.19
16	8	69	2.90	2365	2918	0.80	568	0	0	2	67.49	4	32.29	0.00	1.98	12.34	83.00	10.10	15.16	69.48	70	0
16	9	56	2.32	2419	2918	0.43	420	0	0	2	73.25	3	28.69	0.01	1.75	7.89	88.16	10.10
20	10	325	9.05	3594	2918	0.88	579	0	0	8	38.83	13	33.42	0.00	2.23	8.53	80.37	17.25	11.83	60.41	67	0
20	11	49	1.68	2920	2918	0.84	342	0	0	1	66.81	2	36.10	0.03	2.46	8.59	87.37	17.25
24	12	1595	50.66	3149	2918	0.14	1108	0	0	1	27.21	2	27.91	0.00	0.38	2.11	46.77	3.30	45.90	0.00	71	0
25	13	1612	51.12	3154	2918	0.14	1107	0	0	1	23.96	2	28.04	0.00	0.10	2.44	46.25	0.41	48.27	0.00	71	0
26	14	1604	50.74	3161	2918	0.13	1055	0	0	1	7.82	1	19.83	0.00	0.05	0.97	48.13	0.05	49.26	0.00	71	0
27	15	1587	50.22	3160	2918	0.13	1024	0	0	1	8.30	1	18.08	0.00	0.10	0.05	49.52	0.10	49.87	0.00	71	0
Core	CPU	Avg_MHz	Busy%	Bzy_MHz	TSC_MHz	IPC	IRQ	NMI	SMI	LLCMRPS	LLC%hit	L2MRPS	L2%hit	POLL%	C1ACPI%	C2ACPI%	C3ACPI%	CPU%c1	CPU%c6	CPU%c7	CoreTmp	CoreThr	PkgTmp	GFX%rc6	GFXMHz	GFXAMHz	Totl%C0	Any%C0	GFX%C0	CPUGFX%	Pkg%pc2	Pkg%pc3	Pkg%pc6	Pkg%pc8	Pk%pc10	CPU%LPI	SYS%LPI	PkgWatt	CorWatt	GFXWatt	RAMWatt	PKG_%	RAM_%	UncMHz	SysWatt
-	-	64	2.08	3072	2918	0.92	4258	0	0	28	57.18	53	36.57	0.01	1.36	4.85	91.82	21.85	42.33	36.43	70	0	72	94.81	300	300	37.07	26.53	4.36	1.60	7.64	0.04	2.18	0.00	0.00	0.00	0.00	9.07	4.84	0.03	0.00	0.00	0.00	4000	0.45
0	0	16	1.16	1415	2918	0.46	95	0	0	1	83.24	1	23.56	0.00	0.10	2.92	96.08	30.60	7.29	58.12	69	0	72	94.82	300	300	37.07	26.53	4.36	1.60	7.64	0.04	2.18	0.00	0.00	0.00	0.00	9.08	4.84	0.03	0.00	0.00	0.00	4000
0	1	42	2.27	1836	2918	0.64	572	0	0	1	80.28	2	31.76	0.07	2.38	10.14	85.38	30.60
4	2	45	1.72	2648	2918	0.93	221	0	0	1	65.54	3	52.95	0.00	0.47	4.10	93.84	12.34	2.47	82.46	66	0
4	3	19	0.80	2352	2918	0.80	97	0	0	1	76.89	1	32.29	0.00	0.51	0.23	98.50	12.34
8	4	460	11.08	4153	2918	0.96	740	0	0	10	43.63	20	34.96	0.01	4.09	10.95	74.12	30.40	6.16	51.82	67	0
8	5	44	1.03	4248	2918	1.04	125	0	0	1	57.34	2	38.14	0.04	2.15	0.20	96.65	30.40
12	6	182	5.85	3119	2918	1.07	830	0	0	5	51.28	9	37.45	0.05	4.55	16.69	73.28	53.69	7.12	32.71	66	0
12	7	3	0.47	723	2918	0.47	41	0	0	0	89.48	0	38.85	0.00	0.05	1.33	98.19	53.69
16	8	38	1.76	2134	2918	1.01	362	0	0	1	77.68	2	32.14	0.03	1.76	7.24	89.44	23.61	4.71	68.85	70	0
16	9	26	0.90	2851	2918	0.62	106	0	0	1	71.85	2	32.00	0.01	0.49	1.44	97.20	23.61
20	10	72	2.79	2572	2918	0.70	410	0	0	3	60.74	5	33.24	0.00	1.60	6.80	89.00	20.63	5.23	70.33	68	0
20	11	22	0.73	2988	2918	1.05	136	0	0	1	69.99	1	35.06	0.01	1.63	2.03	95.65	20.63
24	12	18	0.97	1902	2918	0.75	205	0	0	0	75.83	1	50.92	0.00	0.76	5.56	92.78	0.77	97.97	0.00	70	0
25	13	14	0.61	2298	2918	0.78	123	0	0	0	72.55	1	60.37	0.00	0.75	2.51	96.16	3.09	96.37	0.00	69	0
26	14	14	0.76	1884	2918	0.81	145	0	0	0	70.94	1	45.62	0.00	0.47	3.99	94.84	3.20	96.03	0.00	69	0
27	15	6	0.36	1736	2918	0.63	50	0	0	0	64.57	0	43.83	0.00	0.02	1.48	98.16	0.02	99.92	0.00	69	0
Core	CPU	Avg_MHz	Busy%	Bzy_MHz	TSC_MHz	IPC	IRQ	NMI	SMI	LLCMRPS	LLC%hit	L2MRPS	L2%hit	POLL%	C1ACPI%	C2ACPI%	C3ACPI%	CPU%c1	CPU%c6	CPU%c7	CoreTmp	CoreThr	PkgTmp	GFX%rc6	GFXMHz	GFXAMHz	Totl%C0	Any%C0	GFX%C0	CPUGFX%	Pkg%pc2	Pkg%pc3	Pkg%pc6	Pkg%pc8	Pk%pc10	CPU%LPI	SYS%LPI	PkgWatt	CorWatt	GFXWatt	RAMWatt	PKG_%	RAM_%	UncMHz	SysWatt
-	-	72	2.31	3110	2918	0.86	4449	0	0	31	56.89	56	36.10	0.02	1.20	5.29	91.32	19.05	43.26	37.50	68	0	70	94.88	300	300	41.06	29.72	4.32	1.88	10.39	0.05	5.35	0.00	0.00	0.00	0.00	8.97	4.87	0.03	0.00	0.00	0.00	4000	0.45
0	0	57	2.17	2644	2918	0.77	209	0	0	2	70.49	3	34.83	0.02	1.06	3.77	93.27	31.72	6.86	56.94	65	0	70	94.88	300	300	41.06	29.72	4.32	1.88	10.39	0.05	5.35	0.00	0.00	0.00	0.00	8.97	4.87	0.03	0.00	0.00	0.00	4000
0	1	52	2.38	2200	2918	0.57	582	0	0	1	74.95	2	35.97	0.05	2.26	10.99	84.53	31.72
4	2	64	2.34	2741	2918	0.36	360	0	0	1	76.76	2	37.82	0.01	1.52	7.58	88.77	27.00	5.61	63.82	63	0
4	3	36	1.25	2909	2918	0.92	193	0	0	1	72.55	2	35.62	0.05	1.68	2.79	94.34	27.00
8	4	268	6.91	3881	2918	1.02	562	0	0	7	45.90	15	43.40	0.01	2.81	7.97	82.53	22.42	4.86	64.90	65	0
8	5	36	0.96	3771	2918	0.98	115	0	0	1	65.72	2	36.72	0.05	1.26	0.71	97.10	22.42
12	6	379	9.16	4140	2918	0.90	565	0	0	9	43.85	15	29.66	0.03	1.89	7.95	81.24	23.69	5.47	60.20	64	0
12	7	5	0.68	755	2918	0.37	59	0	0	0	91.48	1	27.72	0.00	0.28	1.29	97.81	23.69
16	8	76	3.43	2223	2918	0.99	604	0	0	3	68.67	5	31.38	0.00	1.76	13.07	81.98	14.64	10.58	70.82	66	0
16	9	2	0.17	1098	2918	0.44	37	0	0	0	80.37	0	28.41	0.00	0.03	0.76	99.05	14.64
20	10	44	2.30	1918	2918	0.39	444	0	0	2	65.69	3	32.23	0.00	2.34	10.84	84.81	31.52	6.56	58.29	65	0
20	11	32	1.02	3175	2918	1.03	165	0	0	1	72.87	2	33.51	0.05	1.77	2.47	94.79	31.52
24	12	30	1.30	2313	2918	0.45	178	0	0	1	63.22	2	37.91	0.00	0.21	4.10	94.46	1.80	96.59	0.00	68	0
25	13	48	2.00	2411	2918	1.02	251	0	0	1	58.53	2	46.91	0.00	0.41	6.65	91.02	1.01	96.46	0.00	68	0
26	14	12	0.58	2098	2918	0.95	56	0	0	0	57.96	1	39.12	0.00	0.00	1.26	98.19	0.00	99.65	0.00	68	0
27	15	7	0.35	1914	2918	0.80	69	0	0	0	60.70	0	44.33	0.00	0.00	2.40	97.27	0.00	99.97	0.00	68	0
Core	CPU	Avg_MHz	Busy%	Bzy_MHz	TSC_MHz	IPC	IRQ	NMI	SMI	LLCMRPS	LLC%hit	L2MRPS	L2%hit	POLL%	C1ACPI%	C2ACPI%	C3ACPI%	CPU%c1	CPU%c6	CPU%c7	CoreTmp	CoreThr	PkgTmp	GFX%rc6	GFXMHz	GFXAMHz	Totl%C0	Any%C0	GFX%C0	CPUGFX%	Pkg%pc2	Pkg%pc3	Pkg%pc6	Pkg%pc8	Pk%pc10	CPU%LPI	SYS%LPI	PkgWatt	CorWatt	GFXWatt	RAMWatt	PKG_%	RAM_%	UncMHz	SysWatt
-	-	62	2.06	2985	2918	0.91	4106	0	0	28	57.73	51	35.63	0.01	0.84	5.08	92.15	16.03	42.57	40.69	66	0	66	94.67	300	300	37.55	27.47	4.52	1.74	11.75	0.11	4.11	0.00	0.00	0.00	0.00	8.64	4.46	0.03	0.00	0.00	0.00	4000	0.42
0	0	32	1.42	2217	2918	0.79	104	0	0	1	74.01	2	26.09	0.00	0.49	1.53	96.74	15.07	5.60	75.02	61	0	66	94.67	300	300	37.55	27.47	4.52	1.74	11.75	0.11	4.11	0.00	0.00	0.00	0.00	8.64	4.46	0.03	0.00	0.00	0.00	4000
0	1	53	2.29	2317	2918	0.52	454	0	0	1	76.67	2	30.18	0.03	0.77	6.73	90.34	15.07
4	2	47	2.24	2120	2918	0.66	437	0	0	1	74.77	2	32.59	0.01	2.29	10.56	85.17	24.28	6.61	66.13	61	0
4	3	19	0.71	2755	2918	0.78	114	0	0	1	72.53	1	37.14	0.00	0.31	1.78	97.24	24.28
8	4	278	7.14	3897	2918	0.90	529	0	0	6	47.63	12	41.40	0.00	1.96	8.61	82.50	15.62	7.29	68.71	62	0
8	5	30	0.89	3371	2918	1.07	91	0	0	1	70.51	2	31.95	0.00	0.29	1.18	97.67	15.62
12	6	362	9.46	3828	2918	1.09	923	0	0	10	43.28	19	35.52	0.03	4.27	16.65	70.00	46.22	5.82	37.52	63	0
12	7	5	0.56	833	2918	0.44	77	0	0	0	84.74	0	35.60	0.00	0.23	1.97	97.30	46.22
16	8	44	2.83	1540	2918	0.63	574	0	0	2	77.73	3	29.02	0.02	1.59	14.20	81.65	17.65	9.90	69.22	65	0
16	9	2	0.17	1050	2918	0.49	30	0	0	0	74.15	0	32.40	0.00	0.02	0.19	99.63	17.65
20	10	20	0.96	2080	2918	0.38	107	0	0	1	78.06	2	22.31	0.00	0.21	1.83	97.10	5.61	2.04	90.33	63	0
20	11	20	0.67	2984	2918	1.03	73	0	0	1	82.18	1	28.59	0.00	0.30	0.29	98.78	5.61
24	12	25	1.08	2306	2918	0.91	163	0	0	0	62.77	1	50.25	0.00	0.48	4.18	94.32	1.97	96.77	0.00	66	0
25	13	23	1.28	1797	2918	0.74	224	0	0	1	66.14	1	39.17	0.00	0.13	6.53	92.14	1.95	96.33	0.00	66	0
26	14	16	0.85	1845	2918	0.77	112	0	0	0	63.87	1	39.42	0.00	0.02	3.52	95.65	2.07	97.07	0.00	66	0
27	15	9	0.43	2078	2918	0.62	94	0	0	0	64.03	1	37.83	0.00	0.00	1.55	98.04	1.55	98.28	0.00	66	0
Core	CPU	Avg_MHz	Busy%	Bzy_MHz	TSC_MHz	IPC	IRQ	NMI	SMI	LLCMRPS	LLC%hit	L2MRPS	L2%hit	POLL%	C1ACPI%	C2ACPI%	C3ACPI%	CPU%c1	CPU%c6	CPU%c7	CoreTmp	CoreThr	PkgTmp	GFX%rc6	GFXMHz	GFXAMHz	Totl%C0	Any%C0	GFX%C0	CPUGFX%	Pkg%pc2	Pkg%pc3	Pkg%pc6	Pkg%pc8	Pk%pc10	CPU%LPI	SYS%LPI	PkgWatt	CorWatt	GFXWatt	RAMWatt	PKG_%	RAM_%	UncMHz	SysWatt
-	-	71	2.26	3145	2918	0.84	4434	0	0	29	56.61	54	36.40	0.01	1.16	5.48	91.22	20.30	42.04	37.30	64	0	67	94.92	300	300	40.55	29.38	4.29	1.91	9.80	0.12	3.94	0.00	0.00	0.00	0.00	8.93	4.82	0.03	0.00	0.00	0.00	4000	0.42
0	0	36	1.69	2132	2918	0.85	167	0	0	2	77.22	3	25.93	0.00	0.99	2.55	94.98	17.33	3.44	75.77	62	0	67	94.92	300	300	40.55	29.38	4.29	1.91	9.80	0.12	3.94	0.00	0.00	0.00	0.00	8.93	4.82	0.03	0.00	0.00	0.00	4000
0	1	21	1.15	1804	2918	0.72	341	0	0	1	77.12	1	29.84	0.00	0.45	4.06	94.43	17.33
4	2	84	3.21	2624	2918	0.84	525	0	0	3	65.14	5	34.96	0.02	2.13	11.15	83.75	31.21	5.87	59.07	61	0
4	3	14	0.57	2375	2918	0.51	96	0	0	1	65.66	1	37.86	0.00	0.34	0.67	98.45	31.21
8	4	324	8.26	3921	2918	0.93	636	0	0	8	45.26	15	34.96	0.00	3.13	10.36	78.49	24.50	6.99	59.34	62	0
8	5	38	1.01	3773	2918	1.12	112	0	0	1	63.00	2	34.89	0.02	1.60	0.77	96.65	24.50
12	6	425	10.61	4008	2918	0.80	806	0	0	8	45.74	16	39.04	0.02	3.17	15.19	71.31	26.82	7.57	53.92	62	0
12	7	4	0.52	826	2918	0.42	44	0	0	0	89.47	0	34.21	0.00	0.04	1.31	98.18	26.82
16	8	52	2.90	1801	2918	0.63	673	0	0	2	71.63	3	32.85	0.02	2.58	18.27	76.58	35.55	7.75	53.48	64	0
16	9	2	0.13	1727	2918	0.55	28	0	0	0	76.75	0	32.61	0.00	0.01	0.00	99.87	35.55
20	10	23	1.25	1850	2918	0.48	214	0	0	1	76.20	1	28.77	0.01	0.59	6.18	92.17	20.88	5.45	71.38	62	0
20	11	26	0.86	3014	2918	1.12	157	0	0	1	78.12	2	31.15	0.00	2.12	2.15	94.93	20.88
24	12	21	0.84	2442	2918	0.84	107	0	0	0	62.84	1	47.31	0.00	0.02	1.95	97.22	0.02	99.17	0.00	64	0
25	13	26	1.25	2072	2918	0.78	196	0	0	1	60.33	1	42.37	0.00	0.50	4.42	93.89	5.69	92.88	0.00	64	0
26	14	24	1.09	2228	2918	0.93	178	0	0	0	63.61	1	51.50	0.00	0.18	5.00	93.79	3.52	95.22	0.00	64	0
27	15	17	0.83	2076	2918	0.93	154	0	0	0	68.01	1	57.11	0.00	0.73	3.63	94.85	3.00	96.08	0.00	64	0
Core	CPU	Avg_MHz	Busy%	Bzy_MHz	TSC_MHz	IPC	IRQ	NMI	SMI	LLCMRPS	LLC%hit	L2MRPS	L2%hit	POLL%	C1ACPI%	C2ACPI%	C3ACPI%	CPU%c1	CPU%c6	CPU%c7	CoreTmp	CoreThr	PkgTmp	GFX%rc6	GFXMHz	GFXAMHz	Totl%C0	Any%C0	GFX%C0	CPUGFX%	Pkg%pc2	Pkg%pc3	Pkg%pc6	Pkg%pc8	Pk%pc10	CPU%LPI	SYS%LPI	PkgWatt	CorWatt	GFXWatt	RAMWatt	PKG_%	RAM_%	UncMHz	SysWatt
-	-	64	2.11	3035	2918	0.91	4440	0	0	28	54.27	52	36.62	0.03	1.44	5.16	91.41	23.35	41.56	35.82	65	0	65	95.13	300	300	37.00	27.12	4.11	1.93	8.83	0.13	5.64	0.12	0.00	0.00	0.00	8.51	4.51	0.03	0.00	0.00	0.00	4000	0.42
0	0	54	2.03	2648	2918	1.00	218	0	0	2	70.32	4	47.23	0.02	1.55	3.69	92.97	24.18	3.33	68.91	60	0	65	95.12	300	300	37.00	27.12	4.11	1.93	8.83	0.13	5.64	0.12	0.00	0.00	0.00	8.51	4.51	0.03	0.00	0.00	0.00	4000
0	1	36	1.56	2300	2918	0.81	404	0	0	1	72.55	2	37.08	0.06	1.75	4.37	92.41	24.18
4	2	75	2.68	2814	2918	0.82	411	0	0	2	62.22	4	35.03	0.03	2.21	8.85	86.48	25.90	3.48	67.54	58	0
4	3	7	0.34	2143	2918	0.48	56	0	0	0	68.40	1	40.42	0.00	0.16	0.45	99.07	25.90
8	4	320	8.57	3740	2918	1.00	796	0	0	9	42.07	15	31.04	0.05	3.29	14.68	73.77	38.25	8.62	43.75	65	0
8	5	41	1.05	3899	2918	0.99	142	0	0	1	60.12	2	38.30	0.06	2.07	0.76	96.14	38.25
12	6	203	5.39	3775	2918	0.92	533	0	0	5	49.30	10	38.57	0.07	2.65	8.38	83.79	27.44	5.16	60.99	60	0
12	7	4	0.55	691	2918	0.42	42	0	0	0	89.86	0	31.27	0.00	0.20	0.95	98.36	27.44
16	8	60	3.14	1896	2918	0.77	660	0	0	2	68.44	3	30.37	0.05	4.10	15.57	77.53	36.00	7.41	53.21	63	0
16	9	1	0.11	1213	2918	0.50	19	0	0	0	76.79	0	37.83	0.00	0.00	0.00	99.90	36.00
20	10	44	1.81	2424	2918	0.63	316	0	0	1	70.61	2	46.11	0.01	1.69	8.56	88.16	29.66	4.03	63.78	60	0
20	11	25	0.80	3111	2918	0.90	158	0	0	1	75.44	1	37.60	0.05	2.29	0.93	96.02	29.66
24	12	62	2.30	2703	2918	0.69	248	0	0	2	46.83	3	31.39	0.00	0.19	5.52	92.05	2.24	95.19	0.00	64	0
25	13	54	2.04	2669	2918	1.03	237	0	0	1	48.56	3	45.03	0.00	0.62	5.29	92.11	3.89	93.87	0.00	64	0
26	14	22	0.85	2580	2918	1.01	133	0	0	0	52.59	1	51.27	0.02	0.27	3.06	95.86	3.65	95.73	0.00	64	0
27	15	16	0.57	2861	2918	1.00	67	0	0	0	55.90	1	48.51	0.00	0.07	1.52	97.86	1.03	98.77	0.00	64	0
Core	CPU	Avg_MHz	Busy%	Bzy_MHz	TSC_MHz	IPC	IRQ	NMI	SMI	LLCMRPS	LLC%hit	L2MRPS	L2%hit	POLL%	C1ACPI%	C2ACPI%	C3ACPI%	CPU%c1	CPU%c6	CPU%c7	CoreTmp	CoreThr	PkgTmp	GFX%rc6	GFXMHz	GFXAMHz	Totl%C0	Any%C0	GFX%C0	CPUGFX%	Pkg%pc2	Pkg%pc3	Pkg%pc6	Pkg%pc8	Pk%pc10	CPU%LPI	SYS%LPI	PkgWatt	CorWatt	GFXWatt	RAMWatt	PKG_%	RAM_%	UncMHz	SysWatt
-	-	147	3.99	3676	2918	1.31	8087	0	0	56	51.97	129	46.29	0.04	2.17	7.56	86.42	32.11	39.76	26.60	63	0	65	94.74	300	300	67.04	41.22	4.45	2.26	4.19	0.01	1.54	0.00	0.00	0.00	0.00	13.50	9.05	0.03	0.00	0.00	0.00	4000	0.97
0	0	148	4.53	3274	2918	1.02	471	0	0	3	59.04	8	50.43	0.07	2.66	9.69	83.42	42.78	4.45	46.15	60	0	65	94.73	300	300	67.05	41.22	4.45	2.26	4.19	0.01	1.54	0.00	0.00	0.00	0.00	13.50	9.05	0.03	0.00	0.00	0.00	4000
0	1	63	2.12	2972	2918	1.15	432	0	0	2	65.54	3	44.79	0.02	1.16	4.35	92.45	42.78
4	2	308	8.15	3774	2918	1.35	1148	0	0	7	48.84	16	45.77	0.10	3.22	9.32	79.58	36.97	3.45	50.20	57	0
4	3	40	1.09	3723	2918	1.54	630	0	0	1	68.80	2	46.08	0.02	0.97	1.02	96.97	36.97
8	4	539	12.54	4301	2918	1.56	818	0	0	15	46.68	40	51.53	0.02	3.41	9.24	75.01	26.48	6.10	54.10	59	0
8	5	50	1.32	3788	2918	0.90	254	0	0	1	68.07	2	40.86	0.04	2.88	2.11	93.74	26.48
12	6	619	14.51	4264	2918	1.30	1122	0	0	13	43.03	29	42.45	0.07	4.80	16.84	64.16	42.72	7.84	33.53	62	0
12	7	35	1.15	3024	2918	1.37	223	0	0	1	63.44	2	43.83	0.01	1.15	4.59	93.16	42.72
16	8	151	5.22	2896	2918	1.57	984	0	0	4	63.37	9	37.76	0.08	4.92	23.35	66.92	54.40	8.51	31.22	63	0
16	9	24	0.62	3875	2918	1.76	66	0	0	1	60.21	1	41.30	0.00	0.62	0.17	98.60	54.40
20	10	95	3.11	3066	2918	0.93	490	0	0	2	67.37	4	46.32	0.07	1.75	14.31	81.07	37.79	7.24	50.84	61	0
20	11	47	1.37	3419	2918	0.95	214	0	0	1	74.15	2	39.59	0.12	2.96	1.70	94.02	37.79
24	12	59	2.17	2713	2918	0.89	387	0	0	1	61.03	3	47.09	0.03	2.15	6.71	89.05	17.40	80.39	0.00	63	0
25	13	55	2.06	2644	2918	0.73	287	0	0	1	56.64	3	38.63	0.00	0.67	5.89	91.45	5.11	92.47	0.00	63	0
26	14	85	2.84	2992	2918	1.09	304	0	0	2	51.85	4	48.05	0.02	0.94	6.36	89.93	5.15	91.81	0.00	62	0
27	15	27	0.99	2722	2918	1.14	257	0	0	0	56.90	1	49.40	0.00	0.46	5.38	93.21	3.89	95.35	0.00	62	0
Core	CPU	Avg_MHz	Busy%	Bzy_MHz	TSC_MHz	IPC	IRQ	NMI	SMI	LLCMRPS	LLC%hit	L2MRPS	L2%hit	POLL%	C1ACPI%	C2ACPI%	C3ACPI%	CPU%c1	CPU%c6	CPU%c7	CoreTmp	CoreThr	PkgTmp	GFX%rc6	GFXMHz	GFXAMHz	Totl%C0	Any%C0	GFX%C0	CPUGFX%	Pkg%pc2	Pkg%pc3	Pkg%pc6	Pkg%pc8	Pk%pc10	CPU%LPI	SYS%LPI	PkgWatt	CorWatt	GFXWatt	RAMWatt	PKG_%	RAM_%	UncMHz	SysWatt
-	-	84	2.54	3319	2918	1.11	4743	0	0	37	53.52	72	37.99	0.02	1.25	5.45	90.88	20.75	41.47	37.23	62	0	64	95.14	300	300	43.84	29.64	4.12	1.72	9.94	0.16	2.15	0.00	0.00	0.00	0.00	9.45	5.30	0.03	0.00	0.00	0.00	4000	0.53
0	0	114	3.82	2993	2918	1.23	408	0	0	3	55.20	7	39.74	0.07	1.72	9.28	85.51	38.73	5.85	49.83	58	0	64	95.14	300	300	43.83	29.64	4.12	1.72	9.94	0.16	2.15	0.00	0.00	0.00	0.00	9.45	5.30	0.03	0.00	0.00	0.00	4000
0	1	34	1.53	2221	2918	0.89	412	0	0	1	71.70	2	33.99	0.02	1.66	4.35	92.55	38.73
4	2	78	2.83	2738	2918	0.88	425	0	0	3	72.31	5	30.15	0.01	1.77	7.93	87.67	18.31	6.12	71.81	56	0
4	3	7	0.39	1869	2918	0.47	73	0	0	0	77.39	1	35.14	0.00	0.13	1.00	98.51	18.31
8	4	549	12.61	4354	2918	1.24	701	0	0	15	39.82	30	37.16	0.01	2.83	5.83	78.89	13.21	3.85	69.02	61	0
8	5	75	1.79	4210	2918	1.26	180	0	0	2	56.07	4	40.25	0.03	2.20	0.93	95.11	13.21
12	6	175	6.04	2893	2918	1.03	920	0	0	5	55.01	9	37.80	0.05	3.99	21.50	68.88	50.06	9.38	34.13	59	0
12	7	2	0.19	1237	2918	0.53	47	0	0	0	58.74	0	41.71	0.00	0.04	0.63	99.15	50.06
16	8	108	3.42	3172	2918	0.80	425	0	0	2	66.55	5	41.72	0.07	2.40	8.18	86.19	20.97	4.31	70.98	62	0
16	9	1	0.07	1240	2918	0.50	15	0	0	0	86.88	0	32.12	0.00	0.00	0.00	99.93	20.97
20	10	57	1.76	3259	2918	1.04	233	0	0	1	69.62	3	41.98	0.05	1.14	4.70	92.53	19.14	2.17	76.54	59	0
20	11	44	1.17	3808	2918	1.30	125	0	0	1	66.01	2	43.09	0.03	1.20	1.52	96.14	19.14
24	12	49	2.12	2309	2918	1.06	280	0	0	1	60.48	2	42.38	0.00	0.34	7.14	90.49	1.72	95.60	0.00	62	0
25	13	22	1.09	2035	2918	0.79	144	0	0	1	65.01	1	43.99	0.00	0.11	4.06	94.79	2.77	96.01	0.00	62	0
26	14	17	0.84	2021	2918	1.01	187	0	0	1	55.98	1	40.23	0.00	0.30	4.65	94.25	3.49	95.76	0.00	62	0
27	15	15	0.97	1553	2918	0.35	168	0	0	0	80.41	1	34.97	0.00	0.12	5.49	93.48	3.23	95.64	0.00	62	0
Core	CPU	Avg_MHz	Busy%	Bzy_MHz	TSC_MHz	IPC	IRQ	NMI	SMI	LLCMRPS	LLC%hit	L2MRPS	L2%hit	POLL%	C1ACPI%	C2ACPI%	C3ACPI%	CPU%c1	CPU%c6	CPU%c7	CoreTmp	CoreThr	PkgTmp	GFX%rc6	GFXMHz	GFXAMHz	Totl%C0	Any%C0	GFX%C0	CPUGFX%	Pkg%pc2	Pkg%pc3	Pkg%pc6	Pkg%pc8	Pk%pc10	CPU%LPI	SYS%LPI	PkgWatt	CorWatt	GFXWatt	RAMWatt	PKG_%	RAM_%	UncMHz	SysWatt
-	-	284	6.78	4183	2918	1.63	28320	1	0	90	53.84	282	61.18	0.07	3.13	7.21	83.01	36.40	38.43	20.71	65	10	66	94.49	300	300	107.75	64.59	4.77	3.26	2.48	0.06	2.00	0.09	0.00	0.00	0.00	21.00	16.45	0.03	0.00	0.00	0.00	4000	1.79
0	0	189	5.90	3210	2918	0.93	966	0	0	5	45.73	10	42.85	0.06	4.77	20.42	69.37	70.99	2.17	18.78	64	0	66	94.48	300	300	107.75	64.59	4.77	3.26	2.48	0.06	2.00	0.09	0.00	0.00	0.00	21.00	16.45	0.03	0.00	0.00	0.00	4000
0	1	122	3.34	3644	2918	1.09	1204	0	0	3	58.74	5	43.54	0.14	4.25	5.47	87.03	70.98
4	2	210	6.11	3432	2918	1.04	1795	0	0	4	50.52	10	48.42	0.10	6.12	24.19	64.01	62.00	3.99	27.33	60	0
4	3	25	0.83	2982	2918	0.76	241	0	0	1	72.89	1	42.20	0.05	3.61	1.76	93.85	62.00
8	4	2474	51.84	4773	2918	1.91	6907	1	0	54	52.73	186	64.34	0.00	1.25	2.05	44.84	6.48	2.44	38.64	63	10
8	5	123	2.80	4384	2918	1.03	892	0	0	2	58.93	5	46.28	0.05	4.47	1.26	91.51	6.48
12	6	497	11.73	4240	2918	1.46	5342	0	0	8	52.67	23	60.43	0.06	5.15	14.47	68.90	43.51	7.19	37.22	63	0
12	7	22	0.65	3387	2918	0.63	147	0	0	0	70.98	1	46.87	0.11	1.65	0.48	97.24	43.51
16	8	371	9.02	4111	2918	2.14	6937	0	0	4	62.45	18	76.03	0.15	4.53	11.87	74.82	44.08	4.08	42.30	65	2
16	9	30	0.86	3487	2918	1.41	138	0	0	0	82.96	2	67.15	0.04	1.56	0.23	97.38	44.08
20	10	92	2.83	3247	2918	0.96	1002	0	0	2	66.36	4	45.04	0.12	3.87	9.77	83.78	51.05	1.85	42.85	61	0
20	11	107	2.66	4028	2918	1.01	880	0	0	2	58.21	4	42.75	0.13	4.59	2.38	90.43	51.05
24	12	61	2.34	2598	2918	0.88	377	0	0	1	54.65	3	43.99	0.00	1.04	6.25	90.46	3.82	93.35	0.00	65	0
25	13	86	3.00	2862	2918	0.88	403	0	0	2	49.40	4	47.40	0.02	1.07	6.38	89.63	7.85	88.75	0.00	65	0
26	14	91	3.05	2982	2918	1.10	792	0	0	2	53.34	4	47.67	0.01	1.42	4.11	91.49	9.40	87.25	0.00	65	0
27	15	38	1.53	2502	2918	0.58	297	0	0	1	60.53	2	46.32	0.00	0.76	4.30	93.47	5.08	93.26	0.00	65	0
Core	CPU	Avg_MHz	Busy%	Bzy_MHz	TSC_MHz	IPC	IRQ	NMI	SMI	LLCMRPS	LLC%hit	L2MRPS	L2%hit	POLL%	C1ACPI%	C2ACPI%	C3ACPI%	CPU%c1	CPU%c6	CPU%c7	CoreTmp	CoreThr	PkgTmp	GFX%rc6	GFXMHz	GFXAMHz	Totl%C0	Any%C0	GFX%C0	CPUGFX%	Pkg%pc2	Pkg%pc3	Pkg%pc6	Pkg%pc8	Pk%pc10	CPU%LPI	SYS%LPI	PkgWatt	CorWatt	GFXWatt	RAMWatt	PKG_%	RAM_%	UncMHz	SysWatt
-	-	216	5.47	3959	2918	1.45	5584	0	0	84	54.87	229	55.51	0.10	3.24	7.59	83.84	38.14	39.49	20.07	84	0	84	94.82	300	300	89.97	53.58	4.29	2.65	4.46	0.00	0.06	0.00	0.00	0.00	0.00	17.49	12.75	0.03	0.00	0.00	0.00	4000	1.44
0	0	195	5.78	3365	2918	1.85	275	0	0	5	57.85	12	40.37	0.16	2.95	9.74	81.92	59.74	2.67	29.67	63	0	84	94.85	300	300	89.99	53.59	4.29	2.65	4.46	0.00	0.06	0.00	0.00	0.00	0.00	17.50	12.75	0.03	0.00	0.00	0.00	4000
0	1	80	2.54	3151	2918	0.91	251	0	0	2	65.53	3	40.69	0.07	5.51	8.17	83.88	59.74
4	2	171	5.43	3150	2918	0.91	496	0	0	4	56.26	8	46.07	0.08	4.16	20.61	70.14	47.91	8.13	37.50	69	0
4	3	37	1.13	3282	2918	0.71	150	0	0	1	68.68	2	48.09	0.18	2.21	1.94	94.77	47.92
8	4	455	10.84	4201	2918	1.73	1454	0	0	12	49.84	31	49.98	0.05	4.08	9.27	76.05	49.55	6.39	31.71	71	0
8	5	76	2.03	3729	2918	0.91	172	0	0	2	64.45	3	40.38	0.21	3.77	1.60	92.66	49.55
12	6	1730	37.75	4583	2918	1.62	1340	0	0	42	54.38	133	61.72	0.06	6.10	16.45	39.92	32.05	7.70	22.02	84	0
12	7	27	0.62	4326	2918	0.62	56	0	0	0	74.86	1	53.27	0.12	2.36	0.83	96.21	32.05
16	8	301	7.56	3983	2918	1.29	558	0	0	7	46.53	17	49.06	0.10	5.39	13.64	73.70	48.62	3.40	39.42	67	0
16	9	46	1.24	3720	2918	1.48	54	0	0	1	55.59	3	36.68	0.12	1.12	1.30	96.38	48.62
20	10	59	2.43	2415	2918	0.63	181	0	0	1	79.07	3	41.20	0.26	3.93	8.65	85.31	55.10	0.76	40.33	65	0
20	11	59	1.54	3810	2918	1.04	94	0	0	1	65.94	2	42.36	0.16	4.23	0.86	93.41	55.09
24	12	54	2.25	2385	2918	0.79	151	0	0	1	68.28	3	52.03	0.05	1.95	8.21	87.68	9.65	87.69	0.00	66	0
25	13	70	2.59	2710	2918	0.74	145	0	0	2	51.72	4	42.82	0.00	0.73	10.16	86.62	5.73	91.17	0.00	66	0
26	14	62	2.13	2892	2918	0.86	100	0	0	1	62.64	3	56.23	0.00	1.35	4.90	91.67	4.61	93.10	0.00	66	0
27	15	42	1.62	2610	2918	0.87	107	0	0	1	58.01	2	53.01	0.01	1.97	5.20	91.28	4.27	93.86	0.00	67	0
