[2026-06-01T18:42:45.218532+00:00] ACTION: WORKSPACE_CREATE | DETAILS: Created root workspace at /home/arcana-novai/Documents/Xoe-NovAi/omega-engine/data/entities/flatentity
[2026-06-01T18:42:45.218672+00:00] ACTION: DIR_CREATE | DETAILS: Created knowledge directory at /home/arcana-novai/Documents/Xoe-NovAi/omega-engine/data/entities/flatentity/knowledge
[2026-06-01T18:42:45.218712+00:00] ACTION: DIR_CREATE | DETAILS: Created workspace directory at /home/arcana-novai/Documents/Xoe-NovAi/omega-engine/data/entities/flatentity/workspace
[2026-06-01T18:42:45.219698+00:00] ACTION: SOUL_CREATE | DETAILS: Scaffolded initial soul file at /home/arcana-novai/Documents/Xoe-NovAi/omega-engine/data/entities/flatentity/soul.yaml
[2026-06-01T21:25:06.105958+00:00] ACTION: WORKSPACE_CREATE | DETAILS: Created root workspace at /home/arcana-novai/Documents/Xoe-NovAi/omega-engine/data/entities/flatentity
[2026-06-01T21:25:06.106158+00:00] ACTION: DIR_CREATE | DETAILS: Created knowledge directory at /home/arcana-novai/Documents/Xoe-NovAi/omega-engine/data/entities/flatentity/knowledge
[2026-06-01T21:25:06.106180+00:00] ACTION: DIR_CREATE | DETAILS: Created workspace directory at /home/arcana-novai/Documents/Xoe-NovAi/omega-engine/data/entities/flatentity/workspace
[2026-06-01T21:36:50.085634+00:00] ACTION: WORKSPACE_CREATE | DETAILS: Created root workspace at /home/arcana-novai/Documents/Xoe-NovAi/omega-engine/data/entities/flatentity
[2026-06-01T21:36:50.085735+00:00] ACTION: DIR_CREATE | DETAILS: Created knowledge directory at /home/arcana-novai/Documents/Xoe-NovAi/omega-engine/data/entities/flatentity/knowledge
[2026-06-01T21:36:50.085763+00:00] ACTION: DIR_CREATE | DETAILS: Created workspace directory at /home/arcana-novai/Documents/Xoe-NovAi/omega-engine/data/entities/flatentity/workspace
[2026-06-01T21:59:02.425799+00:00] ACTION: WORKSPACE_CREATE | DETAILS: Created root workspace at /home/arcana-novai/Documents/Xoe-NovAi/omega-engine/data/entities/flatentity
[2026-06-01T21:59:02.425883+00:00] ACTION: DIR_CREATE | DETAILS: Created knowledge directory at /home/arcana-novai/Documents/Xoe-NovAi/omega-engine/data/entities/flatentity/knowledge
[2026-06-01T21:59:02.425920+00:00] ACTION: DIR_CREATE | DETAILS: Created workspace directory at /home/arcana-novai/Documents/Xoe-NovAi/omega-engine/data/entities/flatentity/workspace
[2026-06-01T22:37:04.562552+00:00] ACTION: WORKSPACE_CREATE | DETAILS: Created root workspace at /home/arcana-novai/Documents/Xoe-NovAi/omega-engine/data/entities/flatentity
[2026-06-01T22:37:04.562706+00:00] ACTION: DIR_CREATE | DETAILS: Created knowledge directory at /home/arcana-novai/Documents/Xoe-NovAi/omega-engine/data/entities/flatentity/knowledge
[2026-06-01T22:37:04.562793+00:00] ACTION: DIR_CREATE | DETAILS: Created workspace directory at /home/arcana-novai/Documents/Xoe-NovAi/omega-engine/data/entities/flatentity/workspace
[2026-06-01T23:05:05.667661+00:00] ACTION: WORKSPACE_CREATE | DETAILS: Created root workspace at /home/arcana-novai/Documents/Xoe-NovAi/omega-engine/data/entities/flatentity
[2026-06-01T23:05:05.667748+00:00] ACTION: DIR_CREATE | DETAILS: Created knowledge directory at /home/arcana-novai/Documents/Xoe-NovAi/omega-engine/data/entities/flatentity/knowledge
[2026-06-01T23:05:05.667781+00:00] ACTION: DIR_CREATE | DETAILS: Created workspace directory at /home/arcana-novai/Documents/Xoe-NovAi/omega-engine/data/entities/flatentity/workspace
[2026-06-01T23:32:42.231407+00:00] ACTION: WORKSPACE_CREATE | DETAILS: Created root workspace at /home/arcana-novai/Documents/Xoe-NovAi/omega-engine/data/entities/flatentity
[2026-06-01T23:32:42.231474+00:00] ACTION: DIR_CREATE | DETAILS: Created knowledge directory at /home/arcana-novai/Documents/Xoe-NovAi/omega-engine/data/entities/flatentity/knowledge
[2026-06-01T23:32:42.231507+00:00] ACTION: DIR_CREATE | DETAILS: Created workspace directory at /home/arcana-novai/Documents/Xoe-NovAi/omega-engine/data/entities/flatentity/workspace
[2026-06-01T23:39:08.070408+00:00] ACTION: WORKSPACE_CREATE | DETAILS: Created root workspace at /home/arcana-novai/Documents/Xoe-NovAi/omega-engine/data/entities/flatentity
[2026-06-01T23:39:08.070477+00:00] ACTION: DIR_CREATE | DETAILS: Created knowledge directory at /home/arcana-novai/Documents/Xoe-NovAi/omega-engine/data/entities/flatentity/knowledge
[2026-06-01T23:39:08.070506+00:00] ACTION: DIR_CREATE | DETAILS: Created workspace directory at /home/arcana-novai/Documents/Xoe-NovAi/omega-engine/data/entities/flatentity/workspace
[2026-06-01T23:43:06.465210+00:00] ACTION: WORKSPACE_CREATE | DETAILS: Created root workspace at /home/arcana-novai/Documents/Xoe-NovAi/omega-engine/data/entities/flatentity
[2026-06-01T23:43:06.465272+00:00] ACTION: DIR_CREATE | DETAILS: Created knowledge directory at /home/arcana-novai/Documents/Xoe-NovAi/omega-engine/data/entities/flatentity/knowledge
[2026-06-01T23:43:06.465304+00:00] ACTION: DIR_CREATE | DETAILS: Created workspace directory at /home/arcana-novai/Documents/Xoe-NovAi/omega-engine/data/entities/flatentity/workspace
[2026-06-01T23:45:05.567383+00:00] ACTION: WORKSPACE_CREATE | DETAILS: Created root workspace at /home/arcana-novai/Documents/Xoe-NovAi/omega-engine/data/entities/flatentity
[2026-06-01T23:45:05.567451+00:00] ACTION: DIR_CREATE | DETAILS: Created knowledge directory at /home/arcana-novai/Documents/Xoe-NovAi/omega-engine/data/entities/flatentity/knowledge
[2026-06-01T23:45:05.567473+00:00] ACTION: DIR_CREATE | DETAILS: Created workspace directory at /home/arcana-novai/Documents/Xoe-NovAi/omega-engine/data/entities/flatentity/workspace
[2026-06-01T23:46:46.333116+00:00] ACTION: WORKSPACE_CREATE | DETAILS: Created root workspace at /home/arcana-novai/Documents/Xoe-NovAi/omega-engine/data/entities/flatentity
[2026-06-01T23:46:46.333222+00:00] ACTION: DIR_CREATE | DETAILS: Created knowledge directory at /home/arcana-novai/Documents/Xoe-NovAi/omega-engine/data/entities/flatentity/knowledge
[2026-06-01T23:46:46.333281+00:00] ACTION: DIR_CREATE | DETAILS: Created workspace directory at /home/arcana-novai/Documents/Xoe-NovAi/omega-engine/data/entities/flatentity/workspace
[2026-06-01T23:48:21.150432+00:00] ACTION: WORKSPACE_CREATE | DETAILS: Created root workspace at /home/arcana-novai/Documents/Xoe-NovAi/omega-engine/data/entities/flatentity
[2026-06-01T23:48:21.150487+00:00] ACTION: DIR_CREATE | DETAILS: Created knowledge directory at /home/arcana-novai/Documents/Xoe-NovAi/omega-engine/data/entities/flatentity/knowledge
[2026-06-01T23:48:21.150517+00:00] ACTION: DIR_CREATE | DETAILS: Created workspace directory at /home/arcana-novai/Documents/Xoe-NovAi/omega-engine/data/entities/flatentity/workspace
[2026-06-01T23:49:54.844588+00:00] ACTION: WORKSPACE_CREATE | DETAILS: Created root workspace at /home/arcana-novai/Documents/Xoe-NovAi/omega-engine/data/entities/flatentity
[2026-06-01T23:49:54.844645+00:00] ACTION: DIR_CREATE | DETAILS: Created knowledge directory at /home/arcana-novai/Documents/Xoe-NovAi/omega-engine/data/entities/flatentity/knowledge
[2026-06-01T23:49:54.844675+00:00] ACTION: DIR_CREATE | DETAILS: Created workspace directory at /home/arcana-novai/Documents/Xoe-NovAi/omega-engine/data/entities/flatentity/workspace
[2026-06-01T23:51:40.105450+00:00] ACTION: WORKSPACE_CREATE | DETAILS: Created root workspace at /home/arcana-novai/Documents/Xoe-NovAi/omega-engine/data/entities/flatentity
[2026-06-01T23:51:40.105511+00:00] ACTION: DIR_CREATE | DETAILS: Created knowledge directory at /home/arcana-novai/Documents/Xoe-NovAi/omega-engine/data/entities/flatentity/knowledge
[2026-06-01T23:51:40.105532+00:00] ACTION: DIR_CREATE | DETAILS: Created workspace directory at /home/arcana-novai/Documents/Xoe-NovAi/omega-engine/data/entities/flatentity/workspace
[2026-06-01T23:53:14.942043+00:00] ACTION: WORKSPACE_CREATE | DETAILS: Created root workspace at /home/arcana-novai/Documents/Xoe-NovAi/omega-engine/data/entities/flatentity
[2026-06-01T23:53:14.942100+00:00] ACTION: DIR_CREATE | DETAILS: Created knowledge directory at /home/arcana-novai/Documents/Xoe-NovAi/omega-engine/data/entities/flatentity/knowledge
[2026-06-01T23:53:14.942123+00:00] ACTION: DIR_CREATE | DETAILS: Created workspace directory at /home/arcana-novai/Documents/Xoe-NovAi/omega-engine/data/entities/flatentity/workspace
[2026-06-01T23:55:39.951677+00:00] ACTION: WORKSPACE_CREATE | DETAILS: Created root workspace at /home/arcana-novai/Documents/Xoe-NovAi/omega-engine/data/entities/flatentity
[2026-06-01T23:55:39.951730+00:00] ACTION: DIR_CREATE | DETAILS: Created knowledge directory at /home/arcana-novai/Documents/Xoe-NovAi/omega-engine/data/entities/flatentity/knowledge
[2026-06-01T23:55:39.951752+00:00] ACTION: DIR_CREATE | DETAILS: Created workspace directory at /home/arcana-novai/Documents/Xoe-NovAi/omega-engine/data/entities/flatentity/workspace
[2026-06-02T00:07:07.564640+00:00] ACTION: WORKSPACE_CREATE | DETAILS: Created root workspace at /home/arcana-novai/Documents/Xoe-NovAi/omega-engine/data/entities/flatentity
[2026-06-02T00:07:07.564700+00:00] ACTION: DIR_CREATE | DETAILS: Created knowledge directory at /home/arcana-novai/Documents/Xoe-NovAi/omega-engine/data/entities/flatentity/knowledge
[2026-06-02T00:07:07.564721+00:00] ACTION: DIR_CREATE | DETAILS: Created workspace directory at /home/arcana-novai/Documents/Xoe-NovAi/omega-engine/data/entities/flatentity/workspace
[2026-06-02T00:09:34.201116+00:00] ACTION: WORKSPACE_CREATE | DETAILS: Created root workspace at /home/arcana-novai/Documents/Xoe-NovAi/omega-engine/data/entities/flatentity
[2026-06-02T00:09:34.201183+00:00] ACTION: DIR_CREATE | DETAILS: Created knowledge directory at /home/arcana-novai/Documents/Xoe-NovAi/omega-engine/data/entities/flatentity/knowledge
[2026-06-02T00:09:34.201202+00:00] ACTION: DIR_CREATE | DETAILS: Created workspace directory at /home/arcana-novai/Documents/Xoe-NovAi/omega-engine/data/entities/flatentity/workspace
[2026-06-02T00:30:41.783974+00:00] ACTION: WORKSPACE_CREATE | DETAILS: Created root workspace at /home/arcana-novai/Documents/Xoe-NovAi/omega-engine/data/entities/flatentity
[2026-06-02T00:30:41.784025+00:00] ACTION: DIR_CREATE | DETAILS: Created knowledge directory at /home/arcana-novai/Documents/Xoe-NovAi/omega-engine/data/entities/flatentity/knowledge
[2026-06-02T00:30:41.784044+00:00] ACTION: DIR_CREATE | DETAILS: Created workspace directory at /home/arcana-novai/Documents/Xoe-NovAi/omega-engine/data/entities/flatentity/workspace
[2026-06-02T00:36:19.807242+00:00] ACTION: WORKSPACE_CREATE | DETAILS: Created root workspace at /home/arcana-novai/Documents/Xoe-NovAi/omega-engine/data/entities/flatentity
[2026-06-02T00:36:19.807289+00:00] ACTION: DIR_CREATE | DETAILS: Created knowledge directory at /home/arcana-novai/Documents/Xoe-NovAi/omega-engine/data/entities/flatentity/knowledge
[2026-06-02T00:36:19.807306+00:00] ACTION: DIR_CREATE | DETAILS: Created workspace directory at /home/arcana-novai/Documents/Xoe-NovAi/omega-engine/data/entities/flatentity/workspace
[2026-06-02T19:55:52.651283+00:00] ACTION: WORKSPACE_CREATE | DETAILS: Created root workspace at /home/arcana-novai/Documents/Xoe-NovAi/omega-engine/data/entities/flatentity
[2026-06-02T19:55:52.651551+00:00] ACTION: DIR_CREATE | DETAILS: Created knowledge directory at /home/arcana-novai/Documents/Xoe-NovAi/omega-engine/data/entities/flatentity/knowledge
[2026-06-02T19:55:52.651618+00:00] ACTION: DIR_CREATE | DETAILS: Created workspace directory at /home/arcana-novai/Documents/Xoe-NovAi/omega-engine/data/entities/flatentity/workspace
[2026-06-02T20:00:25.125999+00:00] ACTION: WORKSPACE_CREATE | DETAILS: Created root workspace at /home/arcana-novai/Documents/Xoe-NovAi/omega-engine/data/entities/flatentity
[2026-06-02T20:00:25.126101+00:00] ACTION: DIR_CREATE | DETAILS: Created knowledge directory at /home/arcana-novai/Documents/Xoe-NovAi/omega-engine/data/entities/flatentity/knowledge
[2026-06-02T20:00:25.126151+00:00] ACTION: DIR_CREATE | DETAILS: Created workspace directory at /home/arcana-novai/Documents/Xoe-NovAi/omega-engine/data/entities/flatentity/workspace
[2026-06-02T22:09:34.498958+00:00] ACTION: WORKSPACE_CREATE | DETAILS: Created root workspace at /home/arcana-novai/Documents/Xoe-NovAi/omega-engine/data/entities/flatentity
[2026-06-02T22:09:34.499151+00:00] ACTION: DIR_CREATE | DETAILS: Created knowledge directory at /home/arcana-novai/Documents/Xoe-NovAi/omega-engine/data/entities/flatentity/knowledge
[2026-06-02T22:09:34.499209+00:00] ACTION: DIR_CREATE | DETAILS: Created workspace directory at /home/arcana-novai/Documents/Xoe-NovAi/omega-engine/data/entities/flatentity/workspace
[2026-06-02T22:13:21.872834+00:00] ACTION: WORKSPACE_CREATE | DETAILS: Created root workspace at /home/arcana-novai/Documents/Xoe-NovAi/omega-engine/data/entities/flatentity
[2026-06-02T22:13:21.872961+00:00] ACTION: DIR_CREATE | DETAILS: Created knowledge directory at /home/arcana-novai/Documents/Xoe-NovAi/omega-engine/data/entities/flatentity/knowledge
[2026-06-02T22:13:21.873016+00:00] ACTION: DIR_CREATE | DETAILS: Created workspace directory at /home/arcana-novai/Documents/Xoe-NovAi/omega-engine/data/entities/flatentity/workspace
[2026-06-02T22:18:22.757933+00:00] ACTION: WORKSPACE_CREATE | DETAILS: Created root workspace at /home/arcana-novai/Documents/Xoe-NovAi/omega-engine/data/entities/flatentity
[2026-06-02T22:18:22.758030+00:00] ACTION: DIR_CREATE | DETAILS: Created knowledge directory at /home/arcana-novai/Documents/Xoe-NovAi/omega-engine/data/entities/flatentity/knowledge
[2026-06-02T22:18:22.758069+00:00] ACTION: DIR_CREATE | DETAILS: Created workspace directory at /home/arcana-novai/Documents/Xoe-NovAi/omega-engine/data/entities/flatentity/workspace
[2026-06-03T00:00:24.824598+00:00] ACTION: WORKSPACE_CREATE | DETAILS: Created root workspace at /home/arcana-novai/Documents/Xoe-NovAi/omega-engine/data/entities/flatentity
[2026-06-03T00:00:24.824809+00:00] ACTION: DIR_CREATE | DETAILS: Created knowledge directory at /home/arcana-novai/Documents/Xoe-NovAi/omega-engine/data/entities/flatentity/knowledge
[2026-06-03T00:00:24.824913+00:00] ACTION: DIR_CREATE | DETAILS: Created workspace directory at /home/arcana-novai/Documents/Xoe-NovAi/omega-engine/data/entities/flatentity/workspace
[2026-06-03T00:13:24.710528+00:00] ACTION: WORKSPACE_CREATE | DETAILS: Created root workspace at /home/arcana-novai/Documents/Xoe-NovAi/omega-engine/data/entities/flatentity
[2026-06-03T00:13:24.710578+00:00] ACTION: DIR_CREATE | DETAILS: Created knowledge directory at /home/arcana-novai/Documents/Xoe-NovAi/omega-engine/data/entities/flatentity/knowledge
[2026-06-03T00:13:24.710597+00:00] ACTION: DIR_CREATE | DETAILS: Created workspace directory at /home/arcana-novai/Documents/Xoe-NovAi/omega-engine/data/entities/flatentity/workspace
[2026-06-03T00:16:10.080762+00:00] ACTION: WORKSPACE_CREATE | DETAILS: Created root workspace at /home/arcana-novai/Documents/Xoe-NovAi/omega-engine/data/entities/flatentity
[2026-06-03T00:16:10.080814+00:00] ACTION: DIR_CREATE | DETAILS: Created knowledge directory at /home/arcana-novai/Documents/Xoe-NovAi/omega-engine/data/entities/flatentity/knowledge
[2026-06-03T00:16:10.080833+00:00] ACTION: DIR_CREATE | DETAILS: Created workspace directory at /home/arcana-novai/Documents/Xoe-NovAi/omega-engine/data/entities/flatentity/workspace
[2026-06-03T00:20:37.471269+00:00] ACTION: WORKSPACE_CREATE | DETAILS: Created root workspace at /home/arcana-novai/Documents/Xoe-NovAi/omega-engine/data/entities/flatentity
[2026-06-03T00:20:37.471362+00:00] ACTION: DIR_CREATE | DETAILS: Created knowledge directory at /home/arcana-novai/Documents/Xoe-NovAi/omega-engine/data/entities/flatentity/knowledge
[2026-06-03T00:20:37.471401+00:00] ACTION: DIR_CREATE | DETAILS: Created workspace directory at /home/arcana-novai/Documents/Xoe-NovAi/omega-engine/data/entities/flatentity/workspace
[2026-06-03T01:05:55.094095+00:00] ACTION: WORKSPACE_CREATE | DETAILS: Created root workspace at /home/arcana-novai/Documents/Xoe-NovAi/omega-engine/data/entities/flatentity
[2026-06-03T01:05:55.094142+00:00] ACTION: DIR_CREATE | DETAILS: Created knowledge directory at /home/arcana-novai/Documents/Xoe-NovAi/omega-engine/data/entities/flatentity/knowledge
[2026-06-03T01:05:55.094160+00:00] ACTION: DIR_CREATE | DETAILS: Created workspace directory at /home/arcana-novai/Documents/Xoe-NovAi/omega-engine/data/entities/flatentity/workspace
[2026-06-03T01:30:56.888638+00:00] ACTION: WORKSPACE_CREATE | DETAILS: Created root workspace at /home/arcana-novai/Documents/Xoe-NovAi/omega-engine/data/entities/flatentity
[2026-06-03T01:30:56.888688+00:00] ACTION: DIR_CREATE | DETAILS: Created knowledge directory at /home/arcana-novai/Documents/Xoe-NovAi/omega-engine/data/entities/flatentity/knowledge
[2026-06-03T01:30:56.888707+00:00] ACTION: DIR_CREATE | DETAILS: Created workspace directory at /home/arcana-novai/Documents/Xoe-NovAi/omega-engine/data/entities/flatentity/workspace
[2026-06-03T02:01:01.187363+00:00] ACTION: WORKSPACE_CREATE | DETAILS: Created root workspace at /home/arcana-novai/Documents/Xoe-NovAi/omega-engine/data/entities/flatentity
[2026-06-03T02:01:01.187415+00:00] ACTION: DIR_CREATE | DETAILS: Created knowledge directory at /home/arcana-novai/Documents/Xoe-NovAi/omega-engine/data/entities/flatentity/knowledge
[2026-06-03T02:01:01.187434+00:00] ACTION: DIR_CREATE | DETAILS: Created workspace directory at /home/arcana-novai/Documents/Xoe-NovAi/omega-engine/data/entities/flatentity/workspace
[2026-06-03T02:18:49.851158+00:00] ACTION: WORKSPACE_CREATE | DETAILS: Created root workspace at /home/arcana-novai/Documents/Xoe-NovAi/omega-engine/data/entities/flatentity
[2026-06-03T02:18:49.851299+00:00] ACTION: DIR_CREATE | DETAILS: Created knowledge directory at /home/arcana-novai/Documents/Xoe-NovAi/omega-engine/data/entities/flatentity/knowledge
[2026-06-03T02:18:49.851331+00:00] ACTION: DIR_CREATE | DETAILS: Created workspace directory at /home/arcana-novai/Documents/Xoe-NovAi/omega-engine/data/entities/flatentity/workspace
[2026-06-03T02:44:05.352290+00:00] ACTION: WORKSPACE_CREATE | DETAILS: Created root workspace at /home/arcana-novai/Documents/Xoe-NovAi/omega-engine/data/entities/flatentity
[2026-06-03T02:44:05.352337+00:00] ACTION: DIR_CREATE | DETAILS: Created knowledge directory at /home/arcana-novai/Documents/Xoe-NovAi/omega-engine/data/entities/flatentity/knowledge
[2026-06-03T02:44:05.352355+00:00] ACTION: DIR_CREATE | DETAILS: Created workspace directory at /home/arcana-novai/Documents/Xoe-NovAi/omega-engine/data/entities/flatentity/workspace
[2026-06-03T03:16:32.642161+00:00] ACTION: WORKSPACE_CREATE | DETAILS: Created root workspace at /home/arcana-novai/Documents/Xoe-NovAi/omega-engine/data/entities/flatentity
[2026-06-03T03:16:32.642303+00:00] ACTION: DIR_CREATE | DETAILS: Created knowledge directory at /home/arcana-novai/Documents/Xoe-NovAi/omega-engine/data/entities/flatentity/knowledge
[2026-06-03T03:16:32.642335+00:00] ACTION: DIR_CREATE | DETAILS: Created workspace directory at /home/arcana-novai/Documents/Xoe-NovAi/omega-engine/data/entities/flatentity/workspace
[2026-06-03T03:31:08.084836+00:00] ACTION: WORKSPACE_CREATE | DETAILS: Created root workspace at /home/arcana-novai/Documents/Xoe-NovAi/omega-engine/data/entities/flatentity
[2026-06-03T03:31:08.084916+00:00] ACTION: DIR_CREATE | DETAILS: Created knowledge directory at /home/arcana-novai/Documents/Xoe-NovAi/omega-engine/data/entities/flatentity/knowledge
[2026-06-03T03:31:08.084935+00:00] ACTION: DIR_CREATE | DETAILS: Created workspace directory at /home/arcana-novai/Documents/Xoe-NovAi/omega-engine/data/entities/flatentity/workspace
[2026-06-03T03:40:59.543558+00:00] ACTION: WORKSPACE_CREATE | DETAILS: Created root workspace at /home/arcana-novai/Documents/Xoe-NovAi/omega-engine/data/entities/flatentity
[2026-06-03T03:40:59.543617+00:00] ACTION: DIR_CREATE | DETAILS: Created knowledge directory at /home/arcana-novai/Documents/Xoe-NovAi/omega-engine/data/entities/flatentity/knowledge
[2026-06-03T03:40:59.543636+00:00] ACTION: DIR_CREATE | DETAILS: Created workspace directory at /home/arcana-novai/Documents/Xoe-NovAi/omega-engine/data/entities/flatentity/workspace
[2026-06-04T02:41:15.814489+00:00] ACTION: WORKSPACE_CREATE | DETAILS: Created root workspace at /home/arcana-novai/Documents/Xoe-NovAi/omega-engine/data/entities/flatentity
[2026-06-04T02:41:15.814737+00:00] ACTION: DIR_CREATE | DETAILS: Created knowledge directory at /home/arcana-novai/Documents/Xoe-NovAi/omega-engine/data/entities/flatentity/knowledge
[2026-06-04T02:41:15.814768+00:00] ACTION: DIR_CREATE | DETAILS: Created workspace directory at /home/arcana-novai/Documents/Xoe-NovAi/omega-engine/data/entities/flatentity/workspace
[2026-06-04T02:41:15.815082+00:00] ACTION: INDEX_CREATE | DETAILS: Scaffolded INDEX.yaml at /home/arcana-novai/Documents/Xoe-NovAi/omega-engine/data/entities/flatentity/knowledge/INDEX.yaml
[2026-06-04T19:19:55.863578+00:00] ACTION: WORKSPACE_CREATE | DETAILS: Created root workspace at /home/arcana-novai/Documents/Xoe-NovAi/omega-engine/data/entities/flatentity
[2026-06-04T19:19:55.863888+00:00] ACTION: DIR_CREATE | DETAILS: Created knowledge directory at /home/arcana-novai/Documents/Xoe-NovAi/omega-engine/data/entities/flatentity/knowledge
[2026-06-04T19:19:55.863928+00:00] ACTION: DIR_CREATE | DETAILS: Created workspace directory at /home/arcana-novai/Documents/Xoe-NovAi/omega-engine/data/entities/flatentity/workspace
[2026-06-04T23:34:25.716089+00:00] ACTION: WORKSPACE_CREATE | DETAILS: Created root workspace at /home/arcana-novai/Documents/Xoe-NovAi/omega-engine/data/entities/flatentity
[2026-06-04T23:34:25.716389+00:00] ACTION: DIR_CREATE | DETAILS: Created knowledge directory at /home/arcana-novai/Documents/Xoe-NovAi/omega-engine/data/entities/flatentity/knowledge
[2026-06-04T23:34:25.716455+00:00] ACTION: DIR_CREATE | DETAILS: Created workspace directory at /home/arcana-novai/Documents/Xoe-NovAi/omega-engine/data/entities/flatentity/workspace
[2026-06-05T02:42:36.678364+00:00] ACTION: WORKSPACE_CREATE | DETAILS: Created root workspace at /home/arcana-novai/Documents/Xoe-NovAi/omega-engine/data/entities/flatentity
[2026-06-05T02:42:36.678653+00:00] ACTION: DIR_CREATE | DETAILS: Created knowledge directory at /home/arcana-novai/Documents/Xoe-NovAi/omega-engine/data/entities/flatentity/knowledge
[2026-06-05T02:42:36.678720+00:00] ACTION: DIR_CREATE | DETAILS: Created workspace directory at /home/arcana-novai/Documents/Xoe-NovAi/omega-engine/data/entities/flatentity/workspace
[2026-06-05T03:15:38.279862+00:00] ACTION: WORKSPACE_CREATE | DETAILS: Created root workspace at /home/arcana-novai/Documents/Xoe-NovAi/omega-engine/data/entities/flatentity
[2026-06-05T03:15:38.279936+00:00] ACTION: DIR_CREATE | DETAILS: Created knowledge directory at /home/arcana-novai/Documents/Xoe-NovAi/omega-engine/data/entities/flatentity/knowledge
[2026-06-05T03:15:38.279955+00:00] ACTION: DIR_CREATE | DETAILS: Created workspace directory at /home/arcana-novai/Documents/Xoe-NovAi/omega-engine/data/entities/flatentity/workspace
[2026-06-05T03:32:40.167502+00:00] ACTION: WORKSPACE_CREATE | DETAILS: Created root workspace at /home/arcana-novai/Documents/Xoe-NovAi/omega-engine/data/entities/flatentity
[2026-06-05T03:32:40.167556+00:00] ACTION: DIR_CREATE | DETAILS: Created knowledge directory at /home/arcana-novai/Documents/Xoe-NovAi/omega-engine/data/entities/flatentity/knowledge
[2026-06-05T03:32:40.167575+00:00] ACTION: DIR_CREATE | DETAILS: Created workspace directory at /home/arcana-novai/Documents/Xoe-NovAi/omega-engine/data/entities/flatentity/workspace
[2026-06-05T04:15:39.611690+00:00] ACTION: WORKSPACE_CREATE | DETAILS: Created root workspace at /home/arcana-novai/Documents/Xoe-NovAi/omega-engine/data/entities/flatentity
[2026-06-05T04:15:39.611922+00:00] ACTION: DIR_CREATE | DETAILS: Created knowledge directory at /home/arcana-novai/Documents/Xoe-NovAi/omega-engine/data/entities/flatentity/knowledge
[2026-06-05T04:15:39.611961+00:00] ACTION: DIR_CREATE | DETAILS: Created workspace directory at /home/arcana-novai/Documents/Xoe-NovAi/omega-engine/data/entities/flatentity/workspace
[2026-06-05T04:19:42.391902+00:00] ACTION: WORKSPACE_CREATE | DETAILS: Created root workspace at /home/arcana-novai/Documents/Xoe-NovAi/omega-engine/data/entities/flatentity
[2026-06-05T04:19:42.392149+00:00] ACTION: DIR_CREATE | DETAILS: Created knowledge directory at /home/arcana-novai/Documents/Xoe-NovAi/omega-engine/data/entities/flatentity/knowledge
[2026-06-05T04:19:42.392181+00:00] ACTION: DIR_CREATE | DETAILS: Created workspace directory at /home/arcana-novai/Documents/Xoe-NovAi/omega-engine/data/entities/flatentity/workspace
[2026-06-05T04:53:31.785762+00:00] ACTION: WORKSPACE_CREATE | DETAILS: Created root workspace at /home/arcana-novai/Documents/Xoe-NovAi/omega-engine/data/entities/flatentity
[2026-06-05T04:53:31.785832+00:00] ACTION: DIR_CREATE | DETAILS: Created knowledge directory at /home/arcana-novai/Documents/Xoe-NovAi/omega-engine/data/entities/flatentity/knowledge
[2026-06-05T04:53:31.785851+00:00] ACTION: DIR_CREATE | DETAILS: Created workspace directory at /home/arcana-novai/Documents/Xoe-NovAi/omega-engine/data/entities/flatentity/workspace
[2026-06-05T04:59:22.903249+00:00] ACTION: WORKSPACE_CREATE | DETAILS: Created root workspace at /home/arcana-novai/Documents/Xoe-NovAi/omega-engine/data/entities/flatentity
[2026-06-05T04:59:22.903303+00:00] ACTION: DIR_CREATE | DETAILS: Created knowledge directory at /home/arcana-novai/Documents/Xoe-NovAi/omega-engine/data/entities/flatentity/knowledge
[2026-06-05T04:59:22.903323+00:00] ACTION: DIR_CREATE | DETAILS: Created workspace directory at /home/arcana-novai/Documents/Xoe-NovAi/omega-engine/data/entities/flatentity/workspace
[2026-06-05T14:17:57.729763+00:00] ACTION: WORKSPACE_CREATE | DETAILS: Created root workspace at /home/arcana-novai/Documents/Xoe-NovAi/omega-engine/data/entities/flatentity
[2026-06-05T14:17:57.730030+00:00] ACTION: DIR_CREATE | DETAILS: Created knowledge directory at /home/arcana-novai/Documents/Xoe-NovAi/omega-engine/data/entities/flatentity/knowledge
[2026-06-05T14:17:57.730069+00:00] ACTION: DIR_CREATE | DETAILS: Created workspace directory at /home/arcana-novai/Documents/Xoe-NovAi/omega-engine/data/entities/flatentity/workspace
[2026-06-05T14:24:00.638120+00:00] ACTION: WORKSPACE_CREATE | DETAILS: Created root workspace at /home/arcana-novai/Documents/Xoe-NovAi/omega-engine/data/entities/flatentity
[2026-06-05T14:24:00.638186+00:00] ACTION: DIR_CREATE | DETAILS: Created knowledge directory at /home/arcana-novai/Documents/Xoe-NovAi/omega-engine/data/entities/flatentity/knowledge
[2026-06-05T14:24:00.638208+00:00] ACTION: DIR_CREATE | DETAILS: Created workspace directory at /home/arcana-novai/Documents/Xoe-NovAi/omega-engine/data/entities/flatentity/workspace
[2026-06-05T15:07:15.136374+00:00] ACTION: WORKSPACE_CREATE | DETAILS: Created root workspace at /home/arcana-novai/Documents/Xoe-NovAi/omega-engine/data/entities/flatentity
[2026-06-05T15:07:15.136444+00:00] ACTION: DIR_CREATE | DETAILS: Created knowledge directory at /home/arcana-novai/Documents/Xoe-NovAi/omega-engine/data/entities/flatentity/knowledge
[2026-06-05T15:07:15.136469+00:00] ACTION: DIR_CREATE | DETAILS: Created workspace directory at /home/arcana-novai/Documents/Xoe-NovAi/omega-engine/data/entities/flatentity/workspace
[2026-06-05T17:00:25.831342+00:00] ACTION: WORKSPACE_CREATE | DETAILS: Created root workspace at /home/arcana-novai/Documents/Xoe-NovAi/omega-engine/data/entities/flatentity
[2026-06-05T17:00:25.833438+00:00] ACTION: DIR_CREATE | DETAILS: Created knowledge directory at /home/arcana-novai/Documents/Xoe-NovAi/omega-engine/data/entities/flatentity/knowledge
[2026-06-05T17:00:25.833471+00:00] ACTION: DIR_CREATE | DETAILS: Created workspace directory at /home/arcana-novai/Documents/Xoe-NovAi/omega-engine/data/entities/flatentity/workspace
