[2026-06-08T21:14:29.100108+00:00] ACTION: WORKSPACE_CREATE | DETAILS: Created root workspace at /home/arcana-novai/Documents/Xoe-NovAi/omega-engine/data/entities/ent_45
[2026-06-08T21:14:29.100191+00:00] ACTION: DIR_CREATE | DETAILS: Created knowledge directory at /home/arcana-novai/Documents/Xoe-NovAi/omega-engine/data/entities/ent_45/knowledge
[2026-06-08T21:14:29.100212+00:00] ACTION: DIR_CREATE | DETAILS: Created workspace directory at /home/arcana-novai/Documents/Xoe-NovAi/omega-engine/data/entities/ent_45/workspace
[2026-06-08T21:14:29.100723+00:00] ACTION: SOUL_CREATE | DETAILS: Scaffolded initial soul file at /home/arcana-novai/Documents/Xoe-NovAi/omega-engine/data/entities/ent_45/soul.yaml
[2026-06-08T21:14:29.100982+00:00] ACTION: INDEX_CREATE | DETAILS: Scaffolded INDEX.yaml at /home/arcana-novai/Documents/Xoe-NovAi/omega-engine/data/entities/ent_45/knowledge/INDEX.yaml
[2026-06-08T21:54:00.653933+00:00] ACTION: WORKSPACE_CREATE | DETAILS: Created root workspace at /home/arcana-novai/Documents/Xoe-NovAi/omega-engine/data/entities/ent_45
[2026-06-08T21:54:00.654008+00:00] ACTION: DIR_CREATE | DETAILS: Created knowledge directory at /home/arcana-novai/Documents/Xoe-NovAi/omega-engine/data/entities/ent_45/knowledge
[2026-06-08T21:54:00.654030+00:00] ACTION: DIR_CREATE | DETAILS: Created workspace directory at /home/arcana-novai/Documents/Xoe-NovAi/omega-engine/data/entities/ent_45/workspace
[2026-06-08T22:03:34.757083+00:00] ACTION: WORKSPACE_CREATE | DETAILS: Created root workspace at /home/arcana-novai/Documents/Xoe-NovAi/omega-engine/data/entities/ent_45
[2026-06-08T22:03:34.757142+00:00] ACTION: DIR_CREATE | DETAILS: Created knowledge directory at /home/arcana-novai/Documents/Xoe-NovAi/omega-engine/data/entities/ent_45/knowledge
[2026-06-08T22:03:34.757161+00:00] ACTION: DIR_CREATE | DETAILS: Created workspace directory at /home/arcana-novai/Documents/Xoe-NovAi/omega-engine/data/entities/ent_45/workspace
[2026-06-08T22:11:44.171574+00:00] ACTION: WORKSPACE_CREATE | DETAILS: Created root workspace at /home/arcana-novai/Documents/Xoe-NovAi/omega-engine/data/entities/ent_45
[2026-06-08T22:11:44.171640+00:00] ACTION: DIR_CREATE | DETAILS: Created knowledge directory at /home/arcana-novai/Documents/Xoe-NovAi/omega-engine/data/entities/ent_45/knowledge
[2026-06-08T22:11:44.171661+00:00] ACTION: DIR_CREATE | DETAILS: Created workspace directory at /home/arcana-novai/Documents/Xoe-NovAi/omega-engine/data/entities/ent_45/workspace
[2026-06-09T03:36:57.093273+00:00] ACTION: WORKSPACE_CREATE | DETAILS: Created root workspace at /home/arcana-novai/Documents/Xoe-NovAi/omega-engine/data/entities/ent_45
[2026-06-09T03:36:57.093483+00:00] ACTION: DIR_CREATE | DETAILS: Created knowledge directory at /home/arcana-novai/Documents/Xoe-NovAi/omega-engine/data/entities/ent_45/knowledge
[2026-06-09T03:36:57.093523+00:00] ACTION: DIR_CREATE | DETAILS: Created workspace directory at /home/arcana-novai/Documents/Xoe-NovAi/omega-engine/data/entities/ent_45/workspace
[2026-06-09T03:55:16.964927+00:00] ACTION: WORKSPACE_CREATE | DETAILS: Created root workspace at /home/arcana-novai/Documents/Xoe-NovAi/omega-engine/data/entities/ent_45
[2026-06-09T03:55:16.965051+00:00] ACTION: DIR_CREATE | DETAILS: Created knowledge directory at /home/arcana-novai/Documents/Xoe-NovAi/omega-engine/data/entities/ent_45/knowledge
[2026-06-09T03:55:16.965083+00:00] ACTION: DIR_CREATE | DETAILS: Created workspace directory at /home/arcana-novai/Documents/Xoe-NovAi/omega-engine/data/entities/ent_45/workspace
[2026-06-09T03:56:57.273803+00:00] ACTION: WORKSPACE_CREATE | DETAILS: Created root workspace at /home/arcana-novai/Documents/Xoe-NovAi/omega-engine/data/entities/ent_45
[2026-06-09T03:56:57.273873+00:00] ACTION: DIR_CREATE | DETAILS: Created knowledge directory at /home/arcana-novai/Documents/Xoe-NovAi/omega-engine/data/entities/ent_45/knowledge
[2026-06-09T03:56:57.273896+00:00] ACTION: DIR_CREATE | DETAILS: Created workspace directory at /home/arcana-novai/Documents/Xoe-NovAi/omega-engine/data/entities/ent_45/workspace
[2026-06-09T04:07:43.114455+00:00] ACTION: WORKSPACE_CREATE | DETAILS: Created root workspace at /home/arcana-novai/Documents/Xoe-NovAi/omega-engine/data/entities/ent_45
[2026-06-09T04:07:43.114549+00:00] ACTION: DIR_CREATE | DETAILS: Created knowledge directory at /home/arcana-novai/Documents/Xoe-NovAi/omega-engine/data/entities/ent_45/knowledge
[2026-06-09T04:07:43.114576+00:00] ACTION: DIR_CREATE | DETAILS: Created workspace directory at /home/arcana-novai/Documents/Xoe-NovAi/omega-engine/data/entities/ent_45/workspace
[2026-06-09T04:22:28.866242+00:00] ACTION: WORKSPACE_CREATE | DETAILS: Created root workspace at /home/arcana-novai/Documents/Xoe-NovAi/omega-engine/data/entities/ent_45
[2026-06-09T04:22:28.866312+00:00] ACTION: DIR_CREATE | DETAILS: Created knowledge directory at /home/arcana-novai/Documents/Xoe-NovAi/omega-engine/data/entities/ent_45/knowledge
[2026-06-09T04:22:28.866333+00:00] ACTION: DIR_CREATE | DETAILS: Created workspace directory at /home/arcana-novai/Documents/Xoe-NovAi/omega-engine/data/entities/ent_45/workspace
[2026-06-09T04:25:19.597536+00:00] ACTION: WORKSPACE_CREATE | DETAILS: Created root workspace at /home/arcana-novai/Documents/Xoe-NovAi/omega-engine/data/entities/ent_45
[2026-06-09T04:25:19.597606+00:00] ACTION: DIR_CREATE | DETAILS: Created knowledge directory at /home/arcana-novai/Documents/Xoe-NovAi/omega-engine/data/entities/ent_45/knowledge
[2026-06-09T04:25:19.597629+00:00] ACTION: DIR_CREATE | DETAILS: Created workspace directory at /home/arcana-novai/Documents/Xoe-NovAi/omega-engine/data/entities/ent_45/workspace
[2026-06-09T04:31:40.995151+00:00] ACTION: WORKSPACE_CREATE | DETAILS: Created root workspace at /home/arcana-novai/Documents/Xoe-NovAi/omega-engine/data/entities/ent_45
[2026-06-09T04:31:40.995222+00:00] ACTION: DIR_CREATE | DETAILS: Created knowledge directory at /home/arcana-novai/Documents/Xoe-NovAi/omega-engine/data/entities/ent_45/knowledge
[2026-06-09T04:31:40.995244+00:00] ACTION: DIR_CREATE | DETAILS: Created workspace directory at /home/arcana-novai/Documents/Xoe-NovAi/omega-engine/data/entities/ent_45/workspace
[2026-06-09T05:28:47.799174+00:00] ACTION: WORKSPACE_CREATE | DETAILS: Created root workspace at /home/arcana-novai/Documents/Xoe-NovAi/omega-engine/data/entities/ent_45
[2026-06-09T05:28:47.799240+00:00] ACTION: DIR_CREATE | DETAILS: Created knowledge directory at /home/arcana-novai/Documents/Xoe-NovAi/omega-engine/data/entities/ent_45/knowledge
[2026-06-09T05:28:47.799260+00:00] ACTION: DIR_CREATE | DETAILS: Created workspace directory at /home/arcana-novai/Documents/Xoe-NovAi/omega-engine/data/entities/ent_45/workspace
[2026-06-09T05:29:14.465412+00:00] ACTION: WORKSPACE_CREATE | DETAILS: Created root workspace at /home/arcana-novai/Documents/Xoe-NovAi/omega-engine/data/entities/ent_45
[2026-06-09T05:29:14.465473+00:00] ACTION: DIR_CREATE | DETAILS: Created knowledge directory at /home/arcana-novai/Documents/Xoe-NovAi/omega-engine/data/entities/ent_45/knowledge
[2026-06-09T05:29:14.465492+00:00] ACTION: DIR_CREATE | DETAILS: Created workspace directory at /home/arcana-novai/Documents/Xoe-NovAi/omega-engine/data/entities/ent_45/workspace
[2026-06-09T05:29:56.977386+00:00] ACTION: WORKSPACE_CREATE | DETAILS: Created root workspace at /home/arcana-novai/Documents/Xoe-NovAi/omega-engine/data/entities/ent_45
[2026-06-09T05:29:56.977451+00:00] ACTION: DIR_CREATE | DETAILS: Created knowledge directory at /home/arcana-novai/Documents/Xoe-NovAi/omega-engine/data/entities/ent_45/knowledge
[2026-06-09T05:29:56.977471+00:00] ACTION: DIR_CREATE | DETAILS: Created workspace directory at /home/arcana-novai/Documents/Xoe-NovAi/omega-engine/data/entities/ent_45/workspace
[2026-06-09T05:31:00.308429+00:00] ACTION: WORKSPACE_CREATE | DETAILS: Created root workspace at /home/arcana-novai/Documents/Xoe-NovAi/omega-engine/data/entities/ent_45
[2026-06-09T05:31:00.308491+00:00] ACTION: DIR_CREATE | DETAILS: Created knowledge directory at /home/arcana-novai/Documents/Xoe-NovAi/omega-engine/data/entities/ent_45/knowledge
[2026-06-09T05:31:00.308510+00:00] ACTION: DIR_CREATE | DETAILS: Created workspace directory at /home/arcana-novai/Documents/Xoe-NovAi/omega-engine/data/entities/ent_45/workspace
[2026-06-09T05:40:32.445896+00:00] ACTION: WORKSPACE_CREATE | DETAILS: Created root workspace at /home/arcana-novai/Documents/Xoe-NovAi/omega-engine/data/entities/ent_45
[2026-06-09T05:40:32.445987+00:00] ACTION: DIR_CREATE | DETAILS: Created knowledge directory at /home/arcana-novai/Documents/Xoe-NovAi/omega-engine/data/entities/ent_45/knowledge
[2026-06-09T05:40:32.446007+00:00] ACTION: DIR_CREATE | DETAILS: Created workspace directory at /home/arcana-novai/Documents/Xoe-NovAi/omega-engine/data/entities/ent_45/workspace
[2026-06-09T05:42:25.832577+00:00] ACTION: WORKSPACE_CREATE | DETAILS: Created root workspace at /home/arcana-novai/Documents/Xoe-NovAi/omega-engine/data/entities/ent_45
[2026-06-09T05:42:25.832653+00:00] ACTION: DIR_CREATE | DETAILS: Created knowledge directory at /home/arcana-novai/Documents/Xoe-NovAi/omega-engine/data/entities/ent_45/knowledge
[2026-06-09T05:42:25.832672+00:00] ACTION: DIR_CREATE | DETAILS: Created workspace directory at /home/arcana-novai/Documents/Xoe-NovAi/omega-engine/data/entities/ent_45/workspace
[2026-06-09T05:44:21.923645+00:00] ACTION: WORKSPACE_CREATE | DETAILS: Created root workspace at /home/arcana-novai/Documents/Xoe-NovAi/omega-engine/data/entities/ent_45
[2026-06-09T05:44:21.923710+00:00] ACTION: DIR_CREATE | DETAILS: Created knowledge directory at /home/arcana-novai/Documents/Xoe-NovAi/omega-engine/data/entities/ent_45/knowledge
[2026-06-09T05:44:21.923731+00:00] ACTION: DIR_CREATE | DETAILS: Created workspace directory at /home/arcana-novai/Documents/Xoe-NovAi/omega-engine/data/entities/ent_45/workspace
[2026-06-09T05:49:41.246336+00:00] ACTION: WORKSPACE_CREATE | DETAILS: Created root workspace at /home/arcana-novai/Documents/Xoe-NovAi/omega-engine/data/entities/ent_45
[2026-06-09T05:49:41.246402+00:00] ACTION: DIR_CREATE | DETAILS: Created knowledge directory at /home/arcana-novai/Documents/Xoe-NovAi/omega-engine/data/entities/ent_45/knowledge
[2026-06-09T05:49:41.246421+00:00] ACTION: DIR_CREATE | DETAILS: Created workspace directory at /home/arcana-novai/Documents/Xoe-NovAi/omega-engine/data/entities/ent_45/workspace
[2026-06-09T05:53:21.132240+00:00] ACTION: WORKSPACE_CREATE | DETAILS: Created root workspace at /home/arcana-novai/Documents/Xoe-NovAi/omega-engine/data/entities/ent_45
[2026-06-09T05:53:21.132313+00:00] ACTION: DIR_CREATE | DETAILS: Created knowledge directory at /home/arcana-novai/Documents/Xoe-NovAi/omega-engine/data/entities/ent_45/knowledge
[2026-06-09T05:53:21.132333+00:00] ACTION: DIR_CREATE | DETAILS: Created workspace directory at /home/arcana-novai/Documents/Xoe-NovAi/omega-engine/data/entities/ent_45/workspace
[2026-06-09T08:18:40.816251+00:00] ACTION: WORKSPACE_CREATE | DETAILS: Created root workspace at /home/arcana-novai/Documents/Xoe-NovAi/omega-engine/data/entities/ent_45
[2026-06-09T08:18:40.816456+00:00] ACTION: DIR_CREATE | DETAILS: Created knowledge directory at /home/arcana-novai/Documents/Xoe-NovAi/omega-engine/data/entities/ent_45/knowledge
[2026-06-09T08:18:40.816490+00:00] ACTION: DIR_CREATE | DETAILS: Created workspace directory at /home/arcana-novai/Documents/Xoe-NovAi/omega-engine/data/entities/ent_45/workspace
