2026-07-03 15:35:27,599 [INFO] SovereignIngestion: Initializing Sovereign Ingestion Pipeline...
2026-07-03 15:35:27,637 [INFO] omega.memory.fts: FTS5 index initialized at /home/arcana-novai/Documents/Xoe-NovAi/omega-engine/data/memory/fts_memory.db
2026-07-03 15:35:27,651 [INFO] SovereignIngestion: Starting batch ingestion for 4 pending sources...
2026-07-03 15:35:30,539 [INFO] httpx: HTTP Request: POST https://generativelanguage.googleapis.com/v1beta/models/gemma-4-31b-it:generateContent "HTTP/1.1 200 OK"
2026-07-03 15:35:30,541 [INFO] src.omega.ingestion.guards: Sentry Probe SUCCESS for gemma-4-31b-it on attempt 1
2026-07-03 15:35:34,026 [INFO] httpx: HTTP Request: POST https://generativelanguage.googleapis.com/v1beta/models/gemma-4-31b-it:streamGenerateContent?alt=sse "HTTP/1.1 200 OK"
2026-07-03 15:35:57,107 [INFO] httpx: HTTP Request: GET http://localhost:6333/collections/omega_memory "HTTP/1.1 200 OK"
2026-07-03 15:35:58,434 [INFO] omega.memory.embeddings: LocalGGUFEmbeddingProvider: loaded embeddinggemma-300m-Q6_K.gguf (dim=768, n_ctx=512, threads=6)
2026-07-03 15:36:02,581 [INFO] httpx: HTTP Request: GET http://localhost:6333/collections "HTTP/1.1 200 OK"
2026-07-03 15:36:02,590 [INFO] httpx: HTTP Request: GET http://localhost:6333/collections/omega_memory "HTTP/1.1 200 OK"
2026-07-03 15:36:02,601 [INFO] httpx: HTTP Request: PUT http://localhost:6333/collections/omega_memory/points?wait=true "HTTP/1.1 200 OK"
2026-07-03 15:36:02,605 [INFO] src.omega.ingestion.guards: Budget Update: Current spend $0.0049 / $10.00
2026-07-03 15:36:06,082 [INFO] httpx: HTTP Request: POST https://generativelanguage.googleapis.com/v1beta/models/gemma-4-31b-it:streamGenerateContent?alt=sse "HTTP/1.1 200 OK"
2026-07-03 15:36:30,547 [INFO] httpx: HTTP Request: GET http://localhost:6333/collections/omega_memory "HTTP/1.1 200 OK"
2026-07-03 15:36:33,428 [INFO] httpx: HTTP Request: PUT http://localhost:6333/collections/omega_memory/points?wait=true "HTTP/1.1 200 OK"
2026-07-03 15:36:33,431 [INFO] src.omega.ingestion.guards: Budget Update: Current spend $0.0101 / $10.00
2026-07-03 15:36:36,145 [INFO] httpx: HTTP Request: POST https://generativelanguage.googleapis.com/v1beta/models/gemma-4-31b-it:streamGenerateContent?alt=sse "HTTP/1.1 500 Internal Server Error"
2026-07-03 15:36:40,746 [INFO] httpx: HTTP Request: POST https://generativelanguage.googleapis.com/v1beta/models/gemma-4-31b-it:streamGenerateContent?alt=sse "HTTP/1.1 200 OK"
2026-07-03 15:37:04,357 [INFO] httpx: HTTP Request: GET http://localhost:6333/collections/omega_memory "HTTP/1.1 200 OK"
2026-07-03 15:37:05,667 [INFO] httpx: HTTP Request: PUT http://localhost:6333/collections/omega_memory/points?wait=true "HTTP/1.1 200 OK"
2026-07-03 15:37:05,674 [INFO] src.omega.ingestion.guards: Budget Update: Current spend $0.0198 / $10.00
2026-07-03 15:37:05,674 [CRITICAL] SovereignIngestion: Unexpected System Failure: 'list' object has no attribute 'items'
Traceback (most recent call last):
  File "/home/arcana-novai/Documents/Xoe-NovAi/omega-engine/scripts/run_carmack_ingestion.py", line 85, in main
    for source, success in results.items():
                           ^^^^^^^^^^^^^
AttributeError: 'list' object has no attribute 'items'
